file:///Users/chengshuli/world-atlas-workspace/.worldatlas-workspaces/8c86b01772c1c827/8f37144f48568734be4c4d84e67e369ea25708759c9cd4f3ba8016200850ca79/work/coordination/engineering/selected-geography-effective-prevention-20261009/selected-neighbor-prevention.mjs:11
const demand=(v,m)=>{if(!v)throw Error(m);};
                                 ^

Error: Complete original native retained phase exceeds cap before reads
    at demand (file:///Users/chengshuli/world-atlas-workspace/.worldatlas-workspaces/8c86b01772c1c827/8f37144f48568734be4c4d84e67e369ea25708759c9cd4f3ba8016200850ca79/work/coordination/engineering/selected-geography-effective-prevention-20261009/selected-neighbor-prevention.mjs:11:34)
    at qualifyOriginalNativeAuthority (file:///Users/chengshuli/world-atlas-workspace/.worldatlas-workspaces/8c86b01772c1c827/8f37144f48568734be4c4d84e67e369ea25708759c9cd4f3ba8016200850ca79/work/coordination/engineering/selected-geography-effective-prevention-20261009/selected-neighbor-prevention.mjs:265:2)
    at readRetainedRegistryAuthority (file:///Users/chengshuli/world-atlas-workspace/.worldatlas-workspaces/8c86b01772c1c827/8f37144f48568734be4c4d84e67e369ea25708759c9cd4f3ba8016200850ca79/work/coordination/engineering/selected-geography-effective-prevention-20261009/selected-neighbor-prevention.mjs:340:62)
    at readSelectedAdditive (file:///Users/chengshuli/world-atlas-workspace/.worldatlas-workspaces/8c86b01772c1c827/8f37144f48568734be4c4d84e67e369ea25708759c9cd4f3ba8016200850ca79/work/coordination/engineering/selected-geography-effective-prevention-20261009/selected-neighbor-prevention.mjs:412:15)
    at Module.loadSelection (file:///Users/chengshuli/world-atlas-workspace/.worldatlas-workspaces/8c86b01772c1c827/8f37144f48568734be4c4d84e67e369ea25708759c9cd4f3ba8016200850ca79/work/scripts/check-effective-geographic-regression.mjs:306:23)
    at coordinateStage (file:///Users/chengshuli/world-atlas-workspace/.worldatlas-workspaces/8c86b01772c1c827/8f37144f48568734be4c4d84e67e369ea25708759c9cd4f3ba8016200850ca79/work/coordination/engineering/selected-geography-effective-prevention-20261009/selected-continuous-entry.mjs:33:24)
    at async file:///Users/chengshuli/world-atlas-workspace/.worldatlas-workspaces/8c86b01772c1c827/8f37144f48568734be4c4d84e67e369ea25708759c9cd4f3ba8016200850ca79/work/coordination/engineering/selected-geography-effective-prevention-20261009/selected-continuous-entry.mjs:113:48

Node.js v24.19.0
       18.21 real        15.06 user         2.61 sys
           297189376  maximum resident set size
                   0  average shared memory size
                   0  average unshared data size
                   0  average unshared stack size
              734776  page reclaims
                1726  page faults
                   0  swaps
                   0  block input operations
                   0  block output operations
                1643  messages sent
                1481  messages received
                   0  signals received
                 136  voluntary context switches
               11772  involuntary context switches
          7068348585  instructions retired
          2689106000  cycles elapsed
           210596480  peak memory footprint
