✔ package applicability comes only from the enforced declaration (54.757917ms)
✔ renamed or copied runtime origins cannot hide behind documentation or receipt destinations (5.67575ms)
✔ PR inventory exhausts pages and catches a relevant path on a later page (2.926541ms)
✔ PR missing pages, changed heads, unavailable lookup and malformed inventories default full (1.530583ms)
✔ push before/after comparison includes rename origins and fails full for missing or capped inventories (2.327583ms)
✔ API failures use bounded authenticated read-only requests (18.09825ms)
✔ workflow keeps trusted bootstrap fallback and runs package checks only when their inputs can change (223.170083ms)
✔ promoting research is explicit and exact, without freezing implementation bytes (3.596583ms)
✔ unavailable or altered declaration bytes conservatively require the package build (0.430208ms)
✔ quota-blocked classification fails the required package job before expensive setup (0.34225ms)
✔ only read-only superseded PR work is cancelled; main package and merge scheduling remain separate (0.209458ms)
✔ one exact-OID batch replaces blob REST reads while mutable authority remains fresh (248.976625ms)
✔ malformed inventory, wrong repository, oversized objects and conflicting sizes are rejected before fetch (24.448666ms)
✔ truncated or corrupted object bytes never become successful evidence (87.426625ms)
✔ failed fetch publishes no cache entry and never exposes credentials (28.434875ms)
✔ missing object in a partial batch fails without accepting the available prefix (114.022708ms)
✔ real evidence entry runs every selected test with no canonical namespace (430.723459ms)
✔ real full entry calls canonical preparation before selected readers (117.667ms)
✔ real full entry rejects an absent canonical helper before tests (38.290541ms)
✔ real full entry propagates canonical input rejection before tests (36.604291ms)
✔ real evidence entry preserves the zero-skips safeguard (317.812375ms)
✔ invalid profile rejects before either restoration or tests (38.2245ms)
✔ successful full and focused workflows prove exact tree and pinned current attempt (4.009042ms)
✔ head metadata without explicit reviewed-head checkout never proves tested tree (0.2155ms)
✔ different complete tree or modified approved workflow/runner always falls back (0.3965ms)
✔ wrong head/event/repository/PR/path and incomplete or failed run cannot prove coverage (0.654292ms)
✔ missing/extra shard and skipped or incomplete required steps never count as successful coverage (0.614ms)
✔ final pinned run reread rejects revoked proof (0.587334ms)
✔ explicit coordination allowlist defaults full for unknown/application/data/schema/import/deploy/rename impact (0.302792ms)
✔ final proof pins attempt and refuses a later successful rerun or missing/invalid attempt (0.90575ms)
✔ focused proof accepts complete controls without installing Node dependencies (0.486875ms)
✔ full proof refuses missing, failed, cancelled or skipped Node installation in any shard (2.36175ms)
✔ actual PR selector passes verified geography ownership and selects one evidence shard (7.416875ms)
✔ actual PR selector rejects missing claim (1.208ms)
✔ actual PR selector rejects released claim (0.249291ms)
✔ actual PR selector rejects expired claim (0.536292ms)
✔ actual PR selector rejects wrong branch (0.283417ms)
✔ actual PR selector rejects wrong issue (0.45175ms)
✔ actual PR selector rejects wrong lane (0.38575ms)
✔ actual PR selector rejects closed issue (0.332042ms)
✔ actual PR selector rejects blocked issue (0.548209ms)
✔ actual PR selector rejects changed owned scope (0.195208ms)
✔ actual PR selector rejects unsafe prefixes (0.112583ms)
✔ actual PR selector rejects stale PR head (0.183291ms)
✔ actual PR selector rejects incomplete file list (0.289917ms)
✔ actual PR selector rejects duplicate file inventory (0.254458ms)
✔ actual PR selector rejects missing issue reference (0.2215ms)
✔ actual PR selector defaults full for files and rename origins outside geography scope (0.980708ms)
✔ geography ownership read paginates canonical comments and changed files (0.599542ms)
✔ non-geography selectors preserve existing profiles without requesting geography ownership (0.261292ms)
✔ package CI coordination paths use focused tests while builders and runners stay full (0.097584ms)
✔ composed evidence keeps bulk transport, authenticates bytes and rechecks mutable authority (22.973042ms)
✔ real composed gates retain engineering focused selection without factual approval (5.5705ms)
✔ real composed gates retain geography focused selection without factual approval (3.332834ms)
✔ real composed gates retain research focused selection without factual approval (3.938333ms)
✔ new required evidence cannot succeed using the legacy fixture (2.388416ms)
✔ code head change during byte/selection work prevents a coherent success (3.532833ms)
✔ contract change during byte/selection work prevents a coherent success (2.957291ms)
✔ disposition change during byte/selection work prevents a coherent success (2.739791ms)
✔ ownership change during byte/selection work prevents a coherent success (3.234334ms)
✔ ready label change during byte/selection work prevents a coherent success (2.710166ms)
✔ PR allowance change during byte/selection work prevents a coherent success (3.775583ms)
✔ ordinary progress and same-holder renewal do not invalidate disposition (2.633958ms)
✔ authenticated conditional reads reduce paid repeats while changed authority is still read (28.06ms)
✔ a failed real gate closes transport and cannot publish profile outputs (1.377625ms)
✔ incomplete and duplicate changed-file inventories cannot produce focused success (3.638584ms)
✔ unavailable package definition retains conservative full verification (2.134083ms)
✔ a changed disposition is fetched through the real conditional client and rejected (6.711416ms)
✔ hosted gate timing charges actual setup and retains runner finalization margin (5.737125ms)
✔ exhausted actual job refuses before Git transport or PR work (1.70375ms)
✔ deadline refuses changed immutable workflow before expensive or mutable work (1.426041ms)
✔ deadline refuses missing literal budget before expensive or mutable work (1.05925ms)
✔ deadline refuses incomplete current job inventory before expensive or mutable work (1.977708ms)
✔ deadline refuses wrong run attempt before expensive or mutable work (1.905417ms)
✔ deadline refuses ambiguous phase before expensive or mutable work (1.487334ms)
✔ metadata-only engineering selection does not allocate evidence transport (3.533042ms)
✔ metadata-only geography selection does not allocate evidence transport (2.653208ms)
✔ metadata-only research selection does not allocate evidence transport (3.0075ms)
✔ independent evidence phase verifies bytes without selecting or waiting for tests (1.370834ms)
✔ independent evidence rejects unmet required evidence and changed ownership (3.838041ms)
✔ workflow starts real evidence independently, preserves test parallelism and separates edited-event cancellation (1.859792ms)
✔ parallel evidence phase binds its own actual job start and deadline (1.134791ms)
✔ real split gates reduce paid metadata repeats against independent old readers (10.801959ms)
ℹ {"fixture_only":true,"old":{"attempts":15,"paid":14,"revalidated":1},"split":{"attempts":19,"paid":11,"revalidated":8}}
✔ metadata-only draft readiness preserves code work and cannot replace its tests (1.738625ms)
✔ independent record bindings reject coherent wrong joins, incomplete and vacuous coverage (3.041834ms)
✔ new requirements preserve old scopes, enforce new declarations and permit explicit legacy adoption (1.244958ms)
✔ positive real-format ledger validates actual files and binds an independent review (2.940541ms)
✔ regressions: stale vintage, entry hash, wrong source/path and conflicting generated result fail (1.610958ms)
✔ full changes include rename/deletion originals; immutable original-source refresh cannot overwrite evidence (0.583417ms)
✔ coordinate/helper policies require positive and negative controls; generators need reproducibility (1.289959ms)
✔ generator controls bind actual positive, negative and equal two-run output bytes (0.561209ms)
✔ Washington-style generated narrative/table mismatch fails against the same numeric ledger (0.914667ms)
✔ reviews reject self approval, stale heads, omitted hashes/files and absent factual/geometry review (1.139ms)
✔ mock remote queue checks exact blobs/head/independent receipt with read-only requests (3.5285ms)
✔ incomplete remote trees cannot become a passed byte check (0.261167ms)
✔ remote decisions reject stale exact-head reviews and a later change request (4.078208ms)
✔ unchanged authored evidence survives unrelated main advance, while current metrics require refresh (0.18225ms)
✔ trusted hosted gate checks a new limited prior-evidence registry and still rejects nonancestor baselines (1.11825ms)
✔ fresh remote review, head, tree/path and reservation checks reject after immutable bytes were reused (7.115792ms)
✔ acceptance/disposition binding invalidates substantive changes but preserves JSON formatting and progress comments (0.879834ms)
✔ binding activation preserves existing PRs and rejects unknown activation timestamps (0.072875ms)
ℹ tests 101
ℹ suites 0
ℹ pass 101
ℹ fail 0
ℹ cancelled 0
ℹ skipped 0
ℹ todo 0
ℹ duration_ms 1055.158791
