{"memory_phase":"start-memberships","rss":127664128,"heapTotal":11042816,"heapUsed":6692352,"external":2901293,"arrayBuffers":521282,"maxRSS":131956736}
{"memory_phase":"start-canonical","rss":136986624,"heapTotal":50102272,"heapUsed":19279400,"external":29587758,"arrayBuffers":6239032,"maxRSS":155566080}
{"memory_phase":"start-prior","rss":529432576,"heapTotal":41713664,"heapUsed":8784512,"external":391862511,"arrayBuffers":379599042,"maxRSS":541097984}
{"memory_phase":"start-inverse","rss":471367680,"heapTotal":41926656,"heapUsed":8363392,"external":141359053,"arrayBuffers":138950259,"maxRSS":561152000}
{"memory_phase":"before-world-patch:data/geography/part-0.json","rss":471908352,"heapTotal":42418176,"heapUsed":9976584,"external":142043529,"arrayBuffers":139634735,"maxRSS":561152000}
{"memory_phase":"parsed-world-patch:data/geography/part-0.json","rss":476250112,"heapTotal":42418176,"heapUsed":15818704,"external":158771285,"arrayBuffers":150929998,"maxRSS":561152000}
{"memory_phase":"before-sources","rss":488128512,"heapTotal":82345984,"heapUsed":28684976,"external":152245976,"arrayBuffers":144404689,"maxRSS":561152000}
{"memory_phase":"captured-sources","rss":490586112,"heapTotal":82345984,"heapUsed":28754760,"external":188096473,"arrayBuffers":180255186,"maxRSS":561152000}
{"memory_phase":"allocated-target","rss":488226816,"heapTotal":82345984,"heapUsed":28651376,"external":48486944,"arrayBuffers":46078150,"maxRSS":561152000}
{"memory_phase":"verified-target","rss":484016128,"heapTotal":82345984,"heapUsed":39065728,"external":53533216,"arrayBuffers":51124422,"maxRSS":561152000}
{"memory_phase":"before-world-patch:data/geography/part-1.json","rss":433242112,"heapTotal":82345984,"heapUsed":19935808,"external":57092321,"arrayBuffers":54683527,"maxRSS":561152000}
{"memory_phase":"parsed-world-patch:data/geography/part-1.json","rss":433143808,"heapTotal":82345984,"heapUsed":26338048,"external":75354443,"arrayBuffers":67011635,"maxRSS":561152000}
{"memory_phase":"before-sources","rss":411860992,"heapTotal":82345984,"heapUsed":31528976,"external":75419979,"arrayBuffers":52639089,"maxRSS":561152000}
{"memory_phase":"captured-sources","rss":392511488,"heapTotal":82345984,"heapUsed":31652880,"external":99634005,"arrayBuffers":91291197,"maxRSS":561152000}
{"memory_phase":"allocated-target","rss":372064256,"heapTotal":85753856,"heapUsed":26602648,"external":54709918,"arrayBuffers":52301124,"maxRSS":561152000}
{"memory_phase":"verified-target","rss":366329856,"heapTotal":85753856,"heapUsed":36404272,"external":60148244,"arrayBuffers":57739450,"maxRSS":561152000}
{"memory_phase":"before-world-patch:data/geography/part-10.json","rss":356433920,"heapTotal":85753856,"heapUsed":18059408,"external":62901100,"arrayBuffers":60492306,"maxRSS":561152000}
{"memory_phase":"parsed-world-patch:data/geography/part-10.json","rss":360808448,"heapTotal":85753856,"heapUsed":23283232,"external":77780794,"arrayBuffers":70528314,"maxRSS":561152000}
{"memory_phase":"before-sources","rss":328810496,"heapTotal":85753856,"heapUsed":21825952,"external":77846330,"arrayBuffers":57618539,"maxRSS":561152000}
{"memory_phase":"captured-sources","rss":310476800,"heapTotal":85753856,"heapUsed":21867008,"external":70323781,"arrayBuffers":63071301,"maxRSS":561152000}
{"memory_phase":"allocated-target","rss":294666240,"heapTotal":85753856,"heapUsed":34721280,"external":75468352,"arrayBuffers":68215872,"maxRSS":561152000}
{"memory_phase":"verified-target","rss":281067520,"heapTotal":85753856,"heapUsed":43173712,"external":79728192,"arrayBuffers":72475712,"maxRSS":561152000}
{"memory_phase":"before-world-patch:data/geography/part-11.json","rss":282099712,"heapTotal":88637440,"heapUsed":27631440,"external":79332059,"arrayBuffers":72079579,"maxRSS":561152000}
{"memory_phase":"parsed-world-patch:data/geography/part-11.json","rss":290455552,"heapTotal":88637440,"heapUsed":32618880,"external":93453009,"arrayBuffers":81584061,"maxRSS":561152000}
{"memory_phase":"before-sources","rss":289013760,"heapTotal":85491712,"heapUsed":37890744,"external":84058391,"arrayBuffers":10466469,"maxRSS":561152000}
{"memory_phase":"captured-sources","rss":288997376,"heapTotal":85491712,"heapUsed":37993224,"external":38524646,"arrayBuffers":36115852,"maxRSS":561152000}
{"memory_phase":"allocated-target","rss":290029568,"heapTotal":85491712,"heapUsed":16959576,"external":37213115,"arrayBuffers":34804321,"maxRSS":561152000}
{"memory_phase":"verified-target","rss":288079872,"heapTotal":85491712,"heapUsed":25215608,"external":41210811,"arrayBuffers":38802017,"maxRSS":561152000}
{"memory_phase":"before-world-patch:data/geography/part-12.json","rss":285032448,"heapTotal":85491712,"heapUsed":37699288,"external":46342637,"arrayBuffers":43933843,"maxRSS":561152000}
{"memory_phase":"parsed-world-patch:data/geography/part-12.json","rss":286277632,"heapTotal":85491712,"heapUsed":42620424,"external":60245143,"arrayBuffers":53302419,"maxRSS":561152000}
{"memory_phase":"before-sources","rss":278675456,"heapTotal":85491712,"heapUsed":39742704,"external":60245143,"arrayBuffers":39716448,"maxRSS":561152000}
{"memory_phase":"captured-sources","rss":285589504,"heapTotal":149192704,"heapUsed":12621776,"external":77576049,"arrayBuffers":40273172,"maxRSS":561152000}
{"memory_phase":"allocated-target","rss":285704192,"heapTotal":149192704,"heapUsed":24999376,"external":47171459,"arrayBuffers":44762665,"maxRSS":561152000}
{"memory_phase":"verified-target","rss":277856256,"heapTotal":149192704,"heapUsed":33150080,"external":51038083,"arrayBuffers":48629289,"maxRSS":561152000}
{"memory_phase":"before-world-patch:data/geography/part-13.json","rss":273874944,"heapTotal":149192704,"heapUsed":45482208,"external":55527578,"arrayBuffers":53118784,"maxRSS":561152000}
{"memory_phase":"parsed-world-patch:data/geography/part-13.json","rss":274808832,"heapTotal":149192704,"heapUsed":50773792,"external":70613145,"arrayBuffers":63290993,"maxRSS":561152000}
{"memory_phase":"before-sources","rss":280313856,"heapTotal":149192704,"heapUsed":78590040,"external":70678681,"arrayBuffers":63356529,"maxRSS":561152000}
{"memory_phase":"captured-sources","rss":289554432,"heapTotal":149192704,"heapUsed":78688248,"external":108969836,"arrayBuffers":101647684,"maxRSS":561152000}
{"memory_phase":"allocated-target","rss":290373632,"heapTotal":149192704,"heapUsed":30153576,"external":91832498,"arrayBuffers":84510346,"maxRSS":561152000}
{"memory_phase":"verified-target","rss":291586048,"heapTotal":149192704,"heapUsed":38845000,"external":96092338,"arrayBuffers":88770186,"maxRSS":561152000}
{"memory_phase":"before-world-patch:data/geography/part-14.json","rss":288571392,"heapTotal":149192704,"heapUsed":51945056,"external":101801827,"arrayBuffers":94479675,"maxRSS":561152000}
{"memory_phase":"parsed-world-patch:data/geography/part-14.json","rss":295845888,"heapTotal":149716992,"heapUsed":17769152,"external":110791230,"arrayBuffers":10877741,"maxRSS":561152000}
{"memory_phase":"before-sources","rss":259506176,"heapTotal":149716992,"heapUsed":44005944,"external":110791230,"arrayBuffers":10877741,"maxRSS":561152000}
{"memory_phase":"captured-sources","rss":259506176,"heapTotal":149716992,"heapUsed":44049824,"external":22215415,"arrayBuffers":15254698,"maxRSS":561152000}
{"memory_phase":"allocated-target","rss":242728960,"heapTotal":149716992,"heapUsed":56376520,"external":26570613,"arrayBuffers":19609896,"maxRSS":561152000}
{"memory_phase":"verified-target","rss":245710848,"heapTotal":149716992,"heapUsed":64644624,"external":30502773,"arrayBuffers":23542056,"maxRSS":561152000}
{"memory_phase":"before-world-patch:data/geography/part-15.json","rss":245006336,"heapTotal":149716992,"heapUsed":76997384,"external":34857973,"arrayBuffers":27897256,"maxRSS":561152000}
{"memory_phase":"parsed-world-patch:data/geography/part-15.json","rss":254312448,"heapTotal":149716992,"heapUsed":23044992,"external":49281715,"arrayBuffers":23755244,"maxRSS":561152000}
{"memory_phase":"before-sources","rss":247332864,"heapTotal":149716992,"heapUsed":49973968,"external":35485971,"arrayBuffers":23820780,"maxRSS":561152000}
{"memory_phase":"captured-sources","rss":263847936,"heapTotal":149716992,"heapUsed":50071912,"external":74535098,"arrayBuffers":62869907,"maxRSS":561152000}
{"memory_phase":"allocated-target","rss":279904256,"heapTotal":149716992,"heapUsed":62681544,"external":79715524,"arrayBuffers":68050333,"maxRSS":561152000}
{"memory_phase":"verified-target","rss":286916608,"heapTotal":149716992,"heapUsed":71022048,"external":83778756,"arrayBuffers":72113565,"maxRSS":561152000}
{"memory_phase":"before-world-patch:data/geography/part-16.json","rss":288980992,"heapTotal":152076288,"heapUsed":21679864,"external":74993951,"arrayBuffers":63328760,"maxRSS":561152000}
{"memory_phase":"parsed-world-patch:data/geography/part-16.json","rss":291422208,"heapTotal":150765568,"heapUsed":17834976,"external":80582854,"arrayBuffers":10762006,"maxRSS":561152000}
{"memory_phase":"before-sources","rss":288489472,"heapTotal":150765568,"heapUsed":45045616,"external":80582854,"arrayBuffers":10762006,"maxRSS":561152000}
{"memory_phase":"captured-sources","rss":286572544,"heapTotal":150765568,"heapUsed":45127576,"external":54491529,"arrayBuffers":47263743,"maxRSS":561152000}
{"memory_phase":"allocated-target","rss":292847616,"heapTotal":150765568,"heapUsed":57962744,"external":59705375,"arrayBuffers":52477589,"maxRSS":561152000}
{"memory_phase":"verified-target","rss":288866304,"heapTotal":150765568,"heapUsed":66319944,"external":63899679,"arrayBuffers":56671893,"maxRSS":561152000}
{"memory_phase":"before-world-patch:data/geography/part-17.json","rss":289505280,"heapTotal":150765568,"heapUsed":79201872,"external":69113527,"arrayBuffers":61885741,"maxRSS":561152000}
{"memory_phase":"parsed-world-patch:data/geography/part-17.json","rss":298172416,"heapTotal":150765568,"heapUsed":23240112,"external":83770997,"arrayBuffers":48424750,"maxRSS":561152000}
{"memory_phase":"before-sources","rss":300335104,"heapTotal":150765568,"heapUsed":50356792,"external":83770997,"arrayBuffers":48424750,"maxRSS":561152000}
{"memory_phase":"captured-sources","rss":300777472,"heapTotal":150765568,"heapUsed":50416392,"external":82599000,"arrayBuffers":70593680,"maxRSS":561152000}
{"memory_phase":"allocated-target","rss":302170112,"heapTotal":150765568,"heapUsed":63201456,"external":87544828,"arrayBuffers":75539508,"maxRSS":561152000}
{"memory_phase":"verified-target","rss":302481408,"heapTotal":149716992,"heapUsed":21222584,"external":38789801,"arrayBuffers":36381007,"maxRSS":561152000}
{"memory_phase":"before-world-patch:data/geography/part-18.json","rss":302891008,"heapTotal":149716992,"heapUsed":34081376,"external":43735631,"arrayBuffers":41326837,"maxRSS":561152000}
{"memory_phase":"parsed-world-patch:data/geography/part-18.json","rss":305233920,"heapTotal":149716992,"heapUsed":39207624,"external":58302727,"arrayBuffers":51157636,"maxRSS":561152000}
{"memory_phase":"before-sources","rss":301613056,"heapTotal":149716992,"heapUsed":66241616,"external":58302727,"arrayBuffers":51157636,"maxRSS":561152000}
{"memory_phase":"captured-sources","rss":281034752,"heapTotal":149716992,"heapUsed":66320320,"external":93810320,"arrayBuffers":86665229,"maxRSS":561152000}
{"memory_phase":"allocated-target","rss":286834688,"heapTotal":149716992,"heapUsed":79044904,"external":98719383,"arrayBuffers":91574292,"maxRSS":561152000}
{"memory_phase":"verified-target","rss":286048256,"heapTotal":149716992,"heapUsed":25722584,"external":79602034,"arrayBuffers":72456943,"maxRSS":561152000}
{"memory_phase":"before-world-patch:data/geography/part-19.json","rss":291586048,"heapTotal":149716992,"heapUsed":38491512,"external":84511099,"arrayBuffers":77366008,"maxRSS":561152000}
{"memory_phase":"parsed-world-patch:data/geography/part-19.json","rss":297746432,"heapTotal":149716992,"heapUsed":43633872,"external":99118024,"arrayBuffers":87201587,"maxRSS":561152000}
{"memory_phase":"before-sources","rss":298532864,"heapTotal":149716992,"heapUsed":70859072,"external":99118024,"arrayBuffers":87201587,"maxRSS":561152000}
{"memory_phase":"captured-sources","rss":302235648,"heapTotal":149192704,"heapUsed":12858032,"external":19137595,"arrayBuffers":16728801,"maxRSS":561152000}
{"memory_phase":"allocated-target","rss":302284800,"heapTotal":149192704,"heapUsed":25729824,"external":23720617,"arrayBuffers":21311823,"maxRSS":561152000}
{"memory_phase":"verified-target","rss":302628864,"heapTotal":149192704,"heapUsed":34091944,"external":27849385,"arrayBuffers":25440591,"maxRSS":561152000}
{"memory_phase":"before-world-patch:data/geography/part-2.json","rss":302628864,"heapTotal":149192704,"heapUsed":46900408,"external":32432409,"arrayBuffers":30023615,"maxRSS":561152000}
{"memory_phase":"parsed-world-patch:data/geography/part-2.json","rss":307363840,"heapTotal":149192704,"heapUsed":52387848,"external":48165465,"arrayBuffers":40659103,"maxRSS":561152000}
{"memory_phase":"before-sources","rss":302579712,"heapTotal":149192704,"heapUsed":19267816,"external":48165465,"arrayBuffers":26966573,"maxRSS":561152000}
{"memory_phase":"captured-sources","rss":295436288,"heapTotal":149192704,"heapUsed":19384800,"external":77007724,"arrayBuffers":69501362,"maxRSS":561152000}
{"memory_phase":"allocated-target","rss":301383680,"heapTotal":149192704,"heapUsed":32934464,"external":83267031,"arrayBuffers":75760669,"maxRSS":561152000}
{"memory_phase":"verified-target","rss":300515328,"heapTotal":149979136,"heapUsed":20063992,"external":54616554,"arrayBuffers":52207760,"maxRSS":561152000}
{"memory_phase":"before-world-patch:data/geography/part-20.json","rss":303874048,"heapTotal":149979136,"heapUsed":33632832,"external":60875863,"arrayBuffers":58467069,"maxRSS":561152000}
{"memory_phase":"parsed-world-patch:data/geography/part-20.json","rss":308985856,"heapTotal":149979136,"heapUsed":38959272,"external":76089852,"arrayBuffers":68753067,"maxRSS":561152000}
{"memory_phase":"before-sources","rss":295780352,"heapTotal":149979136,"heapUsed":66141984,"external":76089852,"arrayBuffers":68753067,"maxRSS":561152000}
{"memory_phase":"captured-sources","rss":296222720,"heapTotal":149979136,"heapUsed":66240000,"external":117531270,"arrayBuffers":110194485,"maxRSS":561152000}
{"memory_phase":"allocated-target","rss":301039616,"heapTotal":149979136,"heapUsed":79374512,"external":124102037,"arrayBuffers":116765252,"maxRSS":561152000}
{"memory_phase":"verified-target","rss":300777472,"heapTotal":149192704,"heapUsed":20170664,"external":56275881,"arrayBuffers":53867087,"maxRSS":561152000}
{"memory_phase":"before-world-patch:data/geography/part-21.json","rss":300105728,"heapTotal":149192704,"heapUsed":33317328,"external":62846650,"arrayBuffers":60437856,"maxRSS":561152000}
{"memory_phase":"parsed-world-patch:data/geography/part-21.json","rss":306118656,"heapTotal":149192704,"heapUsed":38970672,"external":78957550,"arrayBuffers":71353925,"maxRSS":561152000}
{"memory_phase":"before-sources","rss":307544064,"heapTotal":149192704,"heapUsed":67589040,"external":78957550,"arrayBuffers":71353925,"maxRSS":561152000}
{"memory_phase":"captured-sources","rss":286949376,"heapTotal":149192704,"heapUsed":67687048,"external":120398968,"arrayBuffers":112795343,"maxRSS":561152000}
{"memory_phase":"allocated-target","rss":277676032,"heapTotal":149192704,"heapUsed":19518512,"external":101361482,"arrayBuffers":93757857,"maxRSS":561152000}
{"memory_phase":"verified-target","rss":282296320,"heapTotal":149192704,"heapUsed":28216248,"external":105882831,"arrayBuffers":98279206,"maxRSS":561152000}
{"memory_phase":"before-world-patch:data/geography/part-22.json","rss":287113216,"heapTotal":149192704,"heapUsed":42116120,"external":112620614,"arrayBuffers":105016989,"maxRSS":561152000}
{"memory_phase":"parsed-world-patch:data/geography/part-22.json","rss":290242560,"heapTotal":149979136,"heapUsed":18254328,"external":122054027,"arrayBuffers":12221424,"maxRSS":561152000}
{"memory_phase":"before-sources","rss":270172160,"heapTotal":149979136,"heapUsed":44873976,"external":122054027,"arrayBuffers":12221424,"maxRSS":561152000}
{"memory_phase":"captured-sources","rss":249479168,"heapTotal":149979136,"heapUsed":44955936,"external":55842664,"arrayBuffers":48668461,"maxRSS":561152000}
{"memory_phase":"allocated-target","rss":252493824,"heapTotal":149979136,"heapUsed":57719936,"external":60589049,"arrayBuffers":53414846,"maxRSS":561152000}
{"memory_phase":"verified-target","rss":255164416,"heapTotal":149979136,"heapUsed":65958000,"external":64717817,"arrayBuffers":57543614,"maxRSS":561152000}
{"memory_phase":"before-world-patch:data/geography/part-23.json","rss":256475136,"heapTotal":149979136,"heapUsed":78773808,"external":69464204,"arrayBuffers":62290001,"maxRSS":561152000}
{"memory_phase":"parsed-world-patch:data/geography/part-23.json","rss":266911744,"heapTotal":149979136,"heapUsed":23666552,"external":84242883,"arrayBuffers":49442307,"maxRSS":561152000}
{"memory_phase":"before-sources","rss":267567104,"heapTotal":149979136,"heapUsed":50342896,"external":84242883,"arrayBuffers":49442307,"maxRSS":561152000}
{"memory_phase":"captured-sources","rss":260816896,"heapTotal":149192704,"heapUsed":12874808,"external":43180305,"arrayBuffers":40771511,"maxRSS":561152000}
{"memory_phase":"allocated-target","rss":252674048,"heapTotal":149192704,"heapUsed":25806912,"external":48142715,"arrayBuffers":45733921,"maxRSS":561152000}
{"memory_phase":"verified-target","rss":256688128,"heapTotal":149192704,"heapUsed":34074552,"external":52311573,"arrayBuffers":49902779,"maxRSS":561152000}
{"memory_phase":"before-world-patch:data/geography/part-24.json","rss":259653632,"heapTotal":149192704,"heapUsed":46981904,"external":57273985,"arrayBuffers":54865191,"maxRSS":561152000}
{"memory_phase":"parsed-world-patch:data/geography/part-24.json","rss":267304960,"heapTotal":149192704,"heapUsed":52072464,"external":71712652,"arrayBuffers":64592503,"maxRSS":561152000}
{"memory_phase":"before-sources","rss":260505600,"heapTotal":149192704,"heapUsed":78505064,"external":71712652,"arrayBuffers":64592503,"maxRSS":561152000}
{"memory_phase":"captured-sources","rss":255016960,"heapTotal":149192704,"heapUsed":78545624,"external":75851509,"arrayBuffers":68731360,"maxRSS":561152000}
{"memory_phase":"allocated-target","rss":257441792,"heapTotal":149192704,"heapUsed":29225120,"external":65523317,"arrayBuffers":58403168,"maxRSS":561152000}
{"memory_phase":"verified-target","rss":250429440,"heapTotal":149192704,"heapUsed":37393816,"external":69652085,"arrayBuffers":62531936,"maxRSS":561152000}
{"memory_phase":"before-world-patch:data/geography/part-25.json","rss":234029056,"heapTotal":149192704,"heapUsed":50100832,"external":74468986,"arrayBuffers":67348837,"maxRSS":561152000}
{"memory_phase":"parsed-world-patch:data/geography/part-25.json","rss":234258432,"heapTotal":149192704,"heapUsed":55117568,"external":88730338,"arrayBuffers":76958432,"maxRSS":561152000}
{"memory_phase":"before-sources","rss":243875840,"heapTotal":149192704,"heapUsed":19377336,"external":88795874,"arrayBuffers":57845033,"maxRSS":561152000}
{"memory_phase":"captured-sources","rss":235405312,"heapTotal":149192704,"heapUsed":19475280,"external":102320937,"arrayBuffers":90549031,"maxRSS":561152000}
{"memory_phase":"allocated-target","rss":245219328,"heapTotal":149192704,"heapUsed":32023312,"external":106846176,"arrayBuffers":95074270,"maxRSS":561152000}
{"memory_phase":"verified-target","rss":250789888,"heapTotal":149192704,"heapUsed":16901888,"external":101480760,"arrayBuffers":44988633,"maxRSS":561152000}
{"memory_phase":"before-world-patch:data/geography/part-26.json","rss":251445248,"heapTotal":149192704,"heapUsed":29516048,"external":51922668,"arrayBuffers":49513874,"maxRSS":561152000}
{"memory_phase":"parsed-world-patch:data/geography/part-26.json","rss":261046272,"heapTotal":149192704,"heapUsed":34531768,"external":66190444,"arrayBuffers":59131694,"maxRSS":561152000}
{"memory_phase":"before-sources","rss":246644736,"heapTotal":149192704,"heapUsed":60535456,"external":66190444,"arrayBuffers":59131694,"maxRSS":561152000}
{"memory_phase":"captured-sources","rss":223674368,"heapTotal":149192704,"heapUsed":60615376,"external":89593788,"arrayBuffers":82535038,"maxRSS":561152000}
{"memory_phase":"allocated-target","rss":228442112,"heapTotal":149192704,"heapUsed":73114112,"external":94202771,"arrayBuffers":87144021,"maxRSS":561152000}
{"memory_phase":"verified-target","rss":231538688,"heapTotal":149192704,"heapUsed":19212288,"external":77901611,"arrayBuffers":70842861,"maxRSS":561152000}
{"memory_phase":"before-world-patch:data/geography/part-27.json","rss":231653376,"heapTotal":149192704,"heapUsed":31737712,"external":82510596,"arrayBuffers":75451846,"maxRSS":561152000}
{"memory_phase":"parsed-world-patch:data/geography/part-27.json","rss":244858880,"heapTotal":149192704,"heapUsed":36813016,"external":96963824,"arrayBuffers":85197280,"maxRSS":561152000}
{"memory_phase":"before-sources","rss":235651072,"heapTotal":149192704,"heapUsed":63093008,"external":96963824,"arrayBuffers":85197280,"maxRSS":561152000}
{"memory_phase":"captured-sources","rss":254902272,"heapTotal":148930560,"heapUsed":12790680,"external":37435745,"arrayBuffers":35026951,"maxRSS":561152000}
{"memory_phase":"allocated-target","rss":260243456,"heapTotal":148930560,"heapUsed":25508848,"external":42298907,"arrayBuffers":39890113,"maxRSS":561152000}
{"memory_phase":"verified-target","rss":261832704,"heapTotal":148930560,"heapUsed":33705496,"external":46427675,"arrayBuffers":44018881,"maxRSS":561152000}
{"memory_phase":"before-world-patch:data/geography/part-28.json","rss":256638976,"heapTotal":148930560,"heapUsed":46357544,"external":51290839,"arrayBuffers":48882045,"maxRSS":561152000}
{"memory_phase":"parsed-world-patch:data/geography/part-28.json","rss":262455296,"heapTotal":148930560,"heapUsed":51715656,"external":66689951,"arrayBuffers":59294953,"maxRSS":561152000}
{"memory_phase":"before-sources","rss":255426560,"heapTotal":148930560,"heapUsed":79080248,"external":66689951,"arrayBuffers":59294953,"maxRSS":561152000}
{"memory_phase":"captured-sources","rss":279379968,"heapTotal":149192704,"heapUsed":13050808,"external":105239284,"arrayBuffers":46772559,"maxRSS":561152000}
{"memory_phase":"allocated-target","rss":281362432,"heapTotal":149192704,"heapUsed":26326176,"external":55795316,"arrayBuffers":53386522,"maxRSS":561152000}
{"memory_phase":"verified-target","rss":281116672,"heapTotal":149192704,"heapUsed":34762480,"external":60317300,"arrayBuffers":57908506,"maxRSS":561152000}
{"memory_phase":"before-world-patch:data/geography/part-29.json","rss":285720576,"heapTotal":149192704,"heapUsed":47990272,"external":66931265,"arrayBuffers":64522471,"maxRSS":561152000}
{"memory_phase":"parsed-world-patch:data/geography/part-29.json","rss":294305792,"heapTotal":150388736,"heapUsed":57783336,"external":95184881,"arrayBuffers":83997616,"maxRSS":561152000}
{"memory_phase":"before-sources","rss":292372480,"heapTotal":152780800,"heapUsed":39334200,"external":95184881,"arrayBuffers":64210914,"maxRSS":561152000}
{"memory_phase":"captured-sources","rss":298336256,"heapTotal":153534464,"heapUsed":16864000,"external":58356078,"arrayBuffers":55947284,"maxRSS":561152000}
{"memory_phase":"allocated-target","rss":308297728,"heapTotal":155926528,"heapUsed":38185856,"external":71288245,"arrayBuffers":68879451,"maxRSS":561152000}
{"memory_phase":"verified-target","rss":311017472,"heapTotal":157122560,"heapUsed":50591392,"external":78662085,"arrayBuffers":76253291,"maxRSS":561152000}
{"memory_phase":"before-world-patch:data/geography/part-3.json","rss":314327040,"heapTotal":159514624,"heapUsed":71946648,"external":91594254,"arrayBuffers":89185460,"maxRSS":561152000}
{"memory_phase":"parsed-world-patch:data/geography/part-3.json","rss":323436544,"heapTotal":159514624,"heapUsed":77085688,"external":106198602,"arrayBuffers":99032273,"maxRSS":561152000}
{"memory_phase":"before-sources","rss":317620224,"heapTotal":153534464,"heapUsed":34047440,"external":106198602,"arrayBuffers":73120442,"maxRSS":561152000}
{"memory_phase":"captured-sources","rss":326254592,"heapTotal":153534464,"heapUsed":34147144,"external":120019949,"arrayBuffers":112853620,"maxRSS":561152000}
{"memory_phase":"allocated-target","rss":323747840,"heapTotal":153534464,"heapUsed":46941912,"external":125173067,"arrayBuffers":118006738,"maxRSS":561152000}
{"memory_phase":"verified-target","rss":324534272,"heapTotal":149454848,"heapUsed":19339248,"external":59726991,"arrayBuffers":57318197,"maxRSS":561152000}
{"memory_phase":"before-world-patch:data/geography/part-30.json","rss":325763072,"heapTotal":149454848,"heapUsed":32165896,"external":64880111,"arrayBuffers":62471317,"maxRSS":561152000}
{"memory_phase":"parsed-world-patch:data/geography/part-30.json","rss":327221248,"heapTotal":149454848,"heapUsed":36938208,"external":78314696,"arrayBuffers":71512141,"maxRSS":561152000}
{"memory_phase":"before-sources","rss":323043328,"heapTotal":149454848,"heapUsed":62173192,"external":78314696,"arrayBuffers":71512141,"maxRSS":561152000}
{"memory_phase":"captured-sources","rss":335314944,"heapTotal":149454848,"heapUsed":62232808,"external":110856913,"arrayBuffers":104054358,"maxRSS":561152000}
{"memory_phase":"allocated-target","rss":336527360,"heapTotal":149454848,"heapUsed":74274856,"external":122836350,"arrayBuffers":116033795,"maxRSS":561152000}
{"memory_phase":"verified-target","rss":336642048,"heapTotal":149192704,"heapUsed":14676520,"external":122243677,"arrayBuffers":47638258,"maxRSS":561152000}
{"memory_phase":"before-world-patch:data/geography/part-31.json","rss":328712192,"heapTotal":149192704,"heapUsed":26829664,"external":62026491,"arrayBuffers":59617697,"maxRSS":561152000}
{"memory_phase":"parsed-world-patch:data/geography/part-31.json","rss":321798144,"heapTotal":149192704,"heapUsed":31025712,"external":73760384,"arrayBuffers":67506521,"maxRSS":561152000}
{"memory_phase":"before-sources","rss":321814528,"heapTotal":149192704,"heapUsed":53901800,"external":73825920,"arrayBuffers":67572057,"maxRSS":561152000}
{"memory_phase":"captured-sources","rss":315899904,"heapTotal":149192704,"heapUsed":53942584,"external":95277059,"arrayBuffers":89023196,"maxRSS":561152000}
{"memory_phase":"allocated-target","rss":315752448,"heapTotal":149192704,"heapUsed":64882456,"external":105363544,"arrayBuffers":99109681,"maxRSS":561152000}
{"memory_phase":"verified-target","rss":310755328,"heapTotal":149192704,"heapUsed":72230896,"external":108509272,"arrayBuffers":102255409,"maxRSS":561152000}
{"memory_phase":"before-world-patch:data/geography/part-32.json","rss":303038464,"heapTotal":149192704,"heapUsed":20355504,"external":92567466,"arrayBuffers":86313603,"maxRSS":561152000}
{"memory_phase":"parsed-world-patch:data/geography/part-32.json","rss":302563328,"heapTotal":149192704,"heapUsed":24542432,"external":104342367,"arrayBuffers":94253124,"maxRSS":561152000}
{"memory_phase":"before-sources","rss":308133888,"heapTotal":149192704,"heapUsed":47390208,"external":104342367,"arrayBuffers":94253124,"maxRSS":561152000}
{"memory_phase":"captured-sources","rss":312639488,"heapTotal":148144128,"heapUsed":11911288,"external":121266829,"arrayBuffers":36023585,"maxRSS":561152000}
{"memory_phase":"allocated-target","rss":312639488,"heapTotal":148144128,"heapUsed":22926688,"external":48644118,"arrayBuffers":46235324,"maxRSS":561152000}
{"memory_phase":"verified-target","rss":311656448,"heapTotal":148144128,"heapUsed":30266088,"external":51789846,"arrayBuffers":49381052,"maxRSS":561152000}
{"memory_phase":"before-world-patch:data/geography/part-33.json","rss":312852480,"heapTotal":148144128,"heapUsed":41233224,"external":62001587,"arrayBuffers":59592793,"maxRSS":561152000}
{"memory_phase":"parsed-world-patch:data/geography/part-33.json","rss":313081856,"heapTotal":148373504,"heapUsed":41731248,"external":62509091,"arrayBuffers":60100297,"maxRSS":561152000}
{"memory_phase":"before-sources","rss":313081856,"heapTotal":148373504,"heapUsed":43092872,"external":62509091,"arrayBuffers":60100297,"maxRSS":561152000}
{"memory_phase":"captured-sources","rss":308166656,"heapTotal":148373504,"heapUsed":43114376,"external":76200657,"arrayBuffers":73791863,"maxRSS":561152000}
{"memory_phase":"allocated-target","rss":308199424,"heapTotal":148373504,"heapUsed":43769944,"external":76808641,"arrayBuffers":74399847,"maxRSS":561152000}
{"memory_phase":"verified-target","rss":308199424,"heapTotal":148373504,"heapUsed":44207624,"external":77005249,"arrayBuffers":74596455,"maxRSS":561152000}
{"memory_phase":"before-world-patch:data/geography/part-4.json","rss":308199424,"heapTotal":148373504,"heapUsed":44893872,"external":77613235,"arrayBuffers":75204441,"maxRSS":561152000}
{"memory_phase":"parsed-world-patch:data/geography/part-4.json","rss":308903936,"heapTotal":148373504,"heapUsed":50027592,"external":92150071,"arrayBuffers":84984329,"maxRSS":561152000}
{"memory_phase":"before-sources","rss":309002240,"heapTotal":148373504,"heapUsed":76574368,"external":92215607,"arrayBuffers":85049865,"maxRSS":561152000}
{"memory_phase":"captured-sources","rss":311427072,"heapTotal":148930560,"heapUsed":12832112,"external":113500271,"arrayBuffers":30084519,"maxRSS":561152000}
{"memory_phase":"allocated-target","rss":305610752,"heapTotal":148930560,"heapUsed":25638120,"external":37328792,"arrayBuffers":34919998,"maxRSS":561152000}
{"memory_phase":"verified-target","rss":307265536,"heapTotal":148930560,"heapUsed":33848776,"external":41523096,"arrayBuffers":39114302,"maxRSS":561152000}
{"memory_phase":"before-world-patch:data/geography/part-5.json","rss":305922048,"heapTotal":148930560,"heapUsed":46633608,"external":46358577,"arrayBuffers":43949783,"maxRSS":561152000}
{"memory_phase":"parsed-world-patch:data/geography/part-5.json","rss":306774016,"heapTotal":148930560,"heapUsed":51954872,"external":61513757,"arrayBuffers":54167336,"maxRSS":561152000}
{"memory_phase":"before-sources","rss":290177024,"heapTotal":148930560,"heapUsed":79009480,"external":61579293,"arrayBuffers":54232872,"maxRSS":561152000}
{"memory_phase":"captured-sources","rss":295829504,"heapTotal":148930560,"heapUsed":79090344,"external":97983874,"arrayBuffers":90637453,"maxRSS":561152000}
{"memory_phase":"allocated-target","rss":301088768,"heapTotal":148930560,"heapUsed":30452136,"external":80070799,"arrayBuffers":72724378,"maxRSS":561152000}
{"memory_phase":"verified-target","rss":295911424,"heapTotal":148930560,"heapUsed":38774384,"external":84290100,"arrayBuffers":76943679,"maxRSS":561152000}
{"memory_phase":"before-world-patch:data/geography/part-6.json","rss":295485440,"heapTotal":148930560,"heapUsed":51896048,"external":89516275,"arrayBuffers":82169854,"maxRSS":561152000}
{"memory_phase":"parsed-world-patch:data/geography/part-6.json","rss":305790976,"heapTotal":148668416,"heapUsed":12679712,"external":98718143,"arrayBuffers":86862026,"maxRSS":561152000}
{"memory_phase":"before-sources","rss":306020352,"heapTotal":148668416,"heapUsed":38684072,"external":98718143,"arrayBuffers":10505704,"maxRSS":561152000}
{"memory_phase":"captured-sources","rss":298762240,"heapTotal":148668416,"heapUsed":38776440,"external":40600640,"arrayBuffers":33580002,"maxRSS":561152000}
{"memory_phase":"allocated-target","rss":299630592,"heapTotal":148668416,"heapUsed":51256488,"external":45208593,"arrayBuffers":38187955,"maxRSS":561152000}
{"memory_phase":"verified-target","rss":301268992,"heapTotal":148668416,"heapUsed":59358432,"external":49206289,"arrayBuffers":42185651,"maxRSS":561152000}
{"memory_phase":"before-world-patch:data/geography/part-7.json","rss":302104576,"heapTotal":148668416,"heapUsed":71861496,"external":53814244,"arrayBuffers":46793606,"maxRSS":561152000}
{"memory_phase":"parsed-world-patch:data/geography/part-7.json","rss":309411840,"heapTotal":148668416,"heapUsed":76824440,"external":67828261,"arrayBuffers":56222105,"maxRSS":561152000}
{"memory_phase":"before-sources","rss":306708480,"heapTotal":148668416,"heapUsed":40657376,"external":67828261,"arrayBuffers":37371556,"maxRSS":561152000}
{"memory_phase":"captured-sources","rss":305414144,"heapTotal":148668416,"heapUsed":40737904,"external":83432948,"arrayBuffers":71826792,"maxRSS":561152000}
{"memory_phase":"allocated-target","rss":295190528,"heapTotal":148668416,"heapUsed":53146288,"external":87690350,"arrayBuffers":76084194,"maxRSS":561152000}
{"memory_phase":"verified-target","rss":294092800,"heapTotal":149454848,"heapUsed":19950784,"external":46097559,"arrayBuffers":43688765,"maxRSS":561152000}
{"memory_phase":"before-world-patch:data/geography/part-8.json","rss":295616512,"heapTotal":149454848,"heapUsed":32405848,"external":50354963,"arrayBuffers":47946169,"maxRSS":561152000}
{"memory_phase":"parsed-world-patch:data/geography/part-8.json","rss":290422784,"heapTotal":149454848,"heapUsed":37491744,"external":64802688,"arrayBuffers":57684783,"maxRSS":561152000}
{"memory_phase":"before-sources","rss":280346624,"heapTotal":149454848,"heapUsed":63736664,"external":64802688,"arrayBuffers":57684783,"maxRSS":561152000}
{"memory_phase":"captured-sources","rss":282230784,"heapTotal":149454848,"heapUsed":63796280,"external":87286456,"arrayBuffers":80168551,"maxRSS":561152000}
{"memory_phase":"allocated-target","rss":287096832,"heapTotal":149454848,"heapUsed":76436416,"external":92384195,"arrayBuffers":85266290,"maxRSS":561152000}
{"memory_phase":"verified-target","rss":288849920,"heapTotal":149454848,"heapUsed":22735816,"external":76662461,"arrayBuffers":69544556,"maxRSS":561152000}
{"memory_phase":"before-world-patch:data/geography/part-9.json","rss":291864576,"heapTotal":149454848,"heapUsed":35401496,"external":81760202,"arrayBuffers":74642297,"maxRSS":561152000}
{"memory_phase":"parsed-world-patch:data/geography/part-9.json","rss":296157184,"heapTotal":150192128,"heapUsed":41399920,"external":99053613,"arrayBuffers":86381239,"maxRSS":561152000}
{"memory_phase":"before-sources","rss":280772608,"heapTotal":153141248,"heapUsed":71056952,"external":99053613,"arrayBuffers":86381239,"maxRSS":561152000}
{"memory_phase":"captured-sources","rss":293404672,"heapTotal":150192128,"heapUsed":13662288,"external":48951587,"arrayBuffers":46542793,"maxRSS":561152000}
{"memory_phase":"allocated-target","rss":299696128,"heapTotal":151666688,"heapUsed":28151776,"external":54681219,"arrayBuffers":52272425,"maxRSS":561152000}
{"memory_phase":"verified-target","rss":298876928,"heapTotal":152403968,"heapUsed":37228880,"external":59418006,"arrayBuffers":57009212,"maxRSS":561152000}
{"memory_phase":"inverse-complete","rss":158105600,"heapTotal":20430848,"heapUsed":17471472,"external":164658934,"arrayBuffers":162250140,"maxRSS":561152000}
{"variant":"captured","elapsed_ms":29457.449875000002,"restoration_peak_rss_bytes":561152000,"before_restoration_resource":{"rss":127352832,"heapTotal":10780672,"heapUsed":6421960,"external":2851020,"arrayBuffers":511701},"after_restoration_resource":{"rss":180633600,"heapTotal":42762240,"heapUsed":7514760,"external":4942986,"arrayBuffers":2534192},"peak_rss_bytes":561152000,"current_files":642,"prior_files":122,"result_path":"coordination/engineering/setup-1543-20261009/captured-memory-diagnostic.json"}
