✔ real evidence entry runs every selected test with no canonical namespace (337.238042ms)
✔ real full entry calls canonical preparation before selected readers (110.6595ms)
✔ real full entry rejects an absent canonical helper before tests (37.30025ms)
✔ real full entry propagates canonical input rejection before tests (34.902959ms)
✔ real evidence entry preserves the zero-skips safeguard (305.17275ms)
✔ invalid profile rejects before either restoration or tests (37.213583ms)
✔ successful full and focused workflows prove exact tree and pinned current attempt (2.115375ms)
✔ head metadata without explicit reviewed-head checkout never proves tested tree (0.170458ms)
✔ different complete tree or modified approved workflow/runner always falls back (0.318125ms)
✔ wrong head/event/repository/PR/path and incomplete or failed run cannot prove coverage (0.417958ms)
✔ missing/extra shard and skipped or incomplete required steps never count as successful coverage (0.558041ms)
✔ final pinned run reread rejects revoked proof (0.150834ms)
✔ explicit coordination allowlist defaults full for unknown/application/data/schema/import/deploy/rename impact (0.316ms)
✔ final proof pins attempt and refuses a later successful rerun or missing/invalid attempt (0.257625ms)
✔ focused proof accepts complete controls without installing Node dependencies (0.13125ms)
✔ full proof refuses missing, failed, cancelled or skipped Node installation in any shard (1.139125ms)
✔ actual PR selector passes verified geography ownership and selects one evidence shard (2.255041ms)
✔ actual PR selector rejects missing claim (0.393125ms)
✔ actual PR selector rejects released claim (0.244417ms)
✔ actual PR selector rejects expired claim (0.168959ms)
✔ actual PR selector rejects wrong branch (0.147666ms)
✔ actual PR selector rejects wrong issue (0.109833ms)
✔ actual PR selector rejects wrong lane (0.117458ms)
✔ actual PR selector rejects closed issue (0.181083ms)
✔ actual PR selector rejects blocked issue (0.145334ms)
✔ actual PR selector rejects changed owned scope (0.142166ms)
✔ actual PR selector rejects unsafe prefixes (0.102459ms)
✔ actual PR selector rejects stale PR head (0.056833ms)
✔ actual PR selector rejects incomplete file list (0.055625ms)
✔ actual PR selector rejects duplicate file inventory (0.069916ms)
✔ actual PR selector rejects missing issue reference (0.069167ms)
✔ actual PR selector defaults full for files and rename origins outside geography scope (0.27625ms)
✔ geography ownership read paginates canonical comments and changed files (0.240791ms)
✔ non-geography selectors preserve existing profiles without requesting geography ownership (0.13875ms)
✔ package CI coordination paths use focused tests while builders and runners stay full (0.069834ms)
✔ real composed gates retain engineering focused selection without factual approval (8.531833ms)
✔ real composed gates retain geography focused selection without factual approval (3.185666ms)
✔ real composed gates retain research focused selection without factual approval (3.256459ms)
✔ new required evidence cannot succeed using the legacy fixture (1.671291ms)
✔ code head change during byte/selection work prevents a coherent success (2.477584ms)
✔ contract change during byte/selection work prevents a coherent success (2.325334ms)
✔ disposition change during byte/selection work prevents a coherent success (2.28625ms)
✔ ownership change during byte/selection work prevents a coherent success (2.389ms)
✔ ready label change during byte/selection work prevents a coherent success (2.288ms)
✔ PR allowance change during byte/selection work prevents a coherent success (2.427959ms)
✔ ordinary progress and same-holder renewal do not invalidate disposition (2.575458ms)
✔ authenticated conditional reads reduce paid repeats while changed authority is still read (14.962125ms)
✔ a failed real gate closes transport and cannot publish profile outputs (1.042791ms)
✔ incomplete and duplicate changed-file inventories cannot produce focused success (1.732333ms)
✔ unavailable package definition retains conservative full verification (1.018708ms)
✔ a changed disposition is fetched through the real conditional client and rejected (3.101667ms)
✔ hosted gate timing charges actual setup and retains runner finalization margin (3.698958ms)
✔ exhausted actual job refuses before Git transport or PR work (1.01975ms)
✔ deadline refuses changed immutable workflow before expensive or mutable work (2.046792ms)
✔ deadline refuses missing literal budget before expensive or mutable work (0.854125ms)
✔ deadline refuses incomplete current job inventory before expensive or mutable work (0.760334ms)
✔ deadline refuses wrong run attempt before expensive or mutable work (0.736709ms)
✔ deadline refuses ambiguous phase before expensive or mutable work (0.804625ms)
✔ metadata-only engineering selection does not allocate evidence transport (2.846791ms)
✔ metadata-only geography selection does not allocate evidence transport (1.953666ms)
✔ metadata-only research selection does not allocate evidence transport (1.24075ms)
✔ independent evidence phase verifies bytes without selecting or waiting for tests (0.660084ms)
✔ independent evidence rejects unmet required evidence and changed ownership (1.09575ms)
✔ workflow starts real evidence independently, preserves test parallelism and separates edited-event cancellation (0.87675ms)
✔ parallel evidence phase binds its own actual job start and deadline (0.769833ms)
✔ real split gates reduce paid metadata repeats against independent old readers (6.160792ms)
ℹ {"fixture_only":true,"old":{"attempts":15,"paid":14,"revalidated":1},"split":{"attempts":19,"paid":11,"revalidated":8}}
✔ metadata-only draft readiness preserves code work and cannot replace its tests (0.944291ms)
ℹ tests 67
ℹ suites 0
ℹ pass 67
ℹ fail 0
ℹ cancelled 0
ℹ skipped 0
ℹ todo 0
ℹ duration_ms 913.938125
