✔ package applicability comes only from the enforced declaration (40.235333ms)
✔ renamed or copied runtime origins cannot hide behind documentation or receipt destinations (5.5685ms)
✔ PR inventory exhausts pages and catches a relevant path on a later page (2.7575ms)
✔ PR missing pages, changed heads, unavailable lookup and malformed inventories default full (0.990792ms)
✔ push before/after comparison includes rename origins and fails full for missing or capped inventories (1.848417ms)
✔ API failures use bounded authenticated read-only requests (15.483958ms)
✔ workflow keeps trusted bootstrap fallback and runs package checks only when their inputs can change (206.778959ms)
✔ promoting research is explicit and exact, without freezing implementation bytes (3.01725ms)
✔ unavailable or altered declaration bytes conservatively require the package build (0.314125ms)
✔ quota-blocked classification fails the required package job before expensive setup (0.276375ms)
✔ only read-only superseded PR work is cancelled; main package and merge scheduling remain separate (0.209042ms)
✔ real evidence entry runs every selected test with no canonical namespace (353.493833ms)
✔ real full entry calls canonical preparation before selected readers (122.70875ms)
✔ real full entry rejects an absent canonical helper before tests (38.173667ms)
✔ real full entry propagates canonical input rejection before tests (36.809375ms)
✔ real evidence entry preserves the zero-skips safeguard (311.880917ms)
✔ invalid profile rejects before either restoration or tests (36.738666ms)
✔ successful full and focused workflows prove exact tree and pinned current attempt (3.459334ms)
✔ head metadata without explicit reviewed-head checkout never proves tested tree (0.5005ms)
✔ different complete tree or modified approved workflow/runner always falls back (0.335333ms)
✔ wrong head/event/repository/PR/path and incomplete or failed run cannot prove coverage (0.639ms)
✔ missing/extra shard and skipped or incomplete required steps never count as successful coverage (0.630708ms)
✔ final pinned run reread rejects revoked proof (0.355125ms)
✔ explicit coordination allowlist defaults full for unknown/application/data/schema/import/deploy/rename impact (0.335417ms)
✔ final proof pins attempt and refuses a later successful rerun or missing/invalid attempt (0.278959ms)
✔ focused proof accepts complete controls without installing Node dependencies (0.340875ms)
✔ full proof refuses missing, failed, cancelled or skipped Node installation in any shard (1.496083ms)
✔ actual PR selector passes verified geography ownership and selects one evidence shard (7.413667ms)
✔ actual PR selector rejects missing claim (0.817958ms)
✔ actual PR selector rejects released claim (0.210041ms)
✔ actual PR selector rejects expired claim (0.175417ms)
✔ actual PR selector rejects wrong branch (0.1645ms)
✔ actual PR selector rejects wrong issue (0.119292ms)
✔ actual PR selector rejects wrong lane (0.275ms)
✔ actual PR selector rejects closed issue (0.130791ms)
✔ actual PR selector rejects blocked issue (0.115416ms)
✔ actual PR selector rejects changed owned scope (0.150084ms)
✔ actual PR selector rejects unsafe prefixes (0.111875ms)
✔ actual PR selector rejects stale PR head (0.057ms)
✔ actual PR selector rejects incomplete file list (0.058667ms)
✔ actual PR selector rejects duplicate file inventory (0.071625ms)
✔ actual PR selector rejects missing issue reference (0.066542ms)
✔ actual PR selector defaults full for files and rename origins outside geography scope (0.31025ms)
✔ geography ownership read paginates canonical comments and changed files (0.256125ms)
✔ non-geography selectors preserve existing profiles without requesting geography ownership (0.143208ms)
✔ package CI coordination paths use focused tests while builders and runners stay full (0.070084ms)
✔ real composed gates retain engineering focused selection without factual approval (10.751958ms)
✔ real composed gates retain geography focused selection without factual approval (3.712416ms)
✔ real composed gates retain research focused selection without factual approval (2.754416ms)
✔ new required evidence cannot succeed using the legacy fixture (3.292791ms)
✔ code head change during byte/selection work prevents a coherent success (2.693208ms)
✔ contract change during byte/selection work prevents a coherent success (2.486458ms)
✔ disposition change during byte/selection work prevents a coherent success (2.536917ms)
✔ ownership change during byte/selection work prevents a coherent success (2.595375ms)
✔ ready label change during byte/selection work prevents a coherent success (2.880584ms)
✔ PR allowance change during byte/selection work prevents a coherent success (2.760083ms)
✔ ordinary progress and same-holder renewal do not invalidate disposition (2.660625ms)
✔ authenticated conditional reads reduce paid repeats while changed authority is still read (23.27525ms)
✔ a failed real gate closes transport and cannot publish profile outputs (1.348375ms)
✔ incomplete and duplicate changed-file inventories cannot produce focused success (1.959375ms)
✔ unavailable package definition retains conservative full verification (1.049166ms)
✔ a changed disposition is fetched through the real conditional client and rejected (4.873791ms)
✔ hosted gate timing charges actual setup and retains runner finalization margin (4.062333ms)
✔ exhausted actual job refuses before Git transport or PR work (1.112375ms)
✔ deadline refuses changed immutable workflow before expensive or mutable work (0.978416ms)
✔ deadline refuses missing literal budget before expensive or mutable work (2.422125ms)
✔ deadline refuses incomplete current job inventory before expensive or mutable work (0.9855ms)
✔ deadline refuses wrong run attempt before expensive or mutable work (0.896584ms)
✔ deadline refuses ambiguous phase before expensive or mutable work (1.336791ms)
✔ metadata-only engineering selection does not allocate evidence transport (3.479708ms)
✔ metadata-only geography selection does not allocate evidence transport (1.95225ms)
✔ metadata-only research selection does not allocate evidence transport (1.779041ms)
✔ independent evidence phase verifies bytes without selecting or waiting for tests (1.130708ms)
✔ independent evidence rejects unmet required evidence and changed ownership (1.32825ms)
✔ workflow starts real evidence independently, preserves test parallelism and separates edited-event cancellation (0.567708ms)
✔ parallel evidence phase binds its own actual job start and deadline (0.794041ms)
✔ real split gates reduce paid metadata repeats against independent old readers (6.226459ms)
ℹ {"fixture_only":true,"old":{"attempts":15,"paid":14,"revalidated":1},"split":{"attempts":19,"paid":11,"revalidated":8}}
✔ metadata-only draft readiness preserves code work and cannot replace its tests (0.933167ms)
ℹ tests 78
ℹ suites 0
ℹ pass 78
ℹ fail 0
ℹ cancelled 0
ℹ skipped 0
ℹ todo 0
ℹ duration_ms 957.955542
