✔ build context dispatch preserves original realm and exact two-target continuation (2.031583ms)
✔ strict ordered two-step fold retains all physical fields and both actual migration bindings (31.422625ms)
✔ memory sharing preserves exact geometry values/order and refuses signed-zero or changed inputs (0.550084ms)
✔ original replay awaits real child, retains binary output and rejects actual failures (617.006584ms)
✔ one patch authenticates one captured source and every output byte (20.706375ms)
✔ captured decoding does not observe a later external encoded-body replacement (11.02525ms)
✔ a changed declaration during reuse is rejected (1.593292ms)
✔ a changed identity during reuse is rejected (0.453916ms)
✔ wrong encoded bytes fail before producing an output (1.510292ms)
✔ a correct encoded pin cannot hide incorrect decoded custody (0.879792ms)
✔ an oversized declaration fails before the loader opens a source (0.460417ms)
✔ copy-range and complete-target checks remain active (0.653292ms)
✔ fresh invocations do not reuse old source buffers or successful verdicts (1.915792ms)
✔ complete unique input budget rejects before any source opens (0.554334ms)
✔ a malformed late command rejects before opening an earlier valid source (2.230958ms)
✔ command mutation by the source loader is rejected before output publication (1.66275ms)
✔ mixed copy/literal reconstruction agrees with the immutable original helper (1.167292ms)
✔ command accessors and custom serialization fail without executing user code (0.546ms)
✔ loader-installed accessors and command-array getters cannot execute during reconstruction (0.488666ms)
✔ setup observations separate Git command time from unobserved transport waits (0.769791ms)
✔ failed setup preserves the original error and records failure without claiming zero transport waits (2.782709ms)
✔ Git failures are counted without being retried or converted to quota waits (0.176042ms)
✔ real evidence entry runs every selected test with no canonical namespace (766.598209ms)
✔ real full entry calls canonical preparation before selected readers (194.076125ms)
✔ real full entry rejects an absent canonical helper before tests (59.872833ms)
✔ real full entry propagates canonical input rejection before tests (46.069042ms)
✔ real evidence entry preserves the zero-skips safeguard (580.401125ms)
✔ invalid profile rejects before either restoration or tests (43.376959ms)
✔ declaration uses literal paths, precise directory membership and approved outputs (55.017416ms)
✔ real original transport restores cross-part members, bytes, modes and roles (521.038333ms)
✔ changed encoded bytes and wrong decoded or whole bindings cannot create output (13.980917ms)
✔ rebound missing member index fails before destination creation (6.833083ms)
✔ rebound duplicate member index fails before destination creation (23.849084ms)
✔ rebound noncontiguous part index fails before destination creation (6.637042ms)
✔ rebound whole cap index fails before destination creation (4.850416ms)
✔ rebound invalid decoded hash index fails before destination creation (7.118583ms)
✔ rebound invalid member hash index fails before destination creation (5.807291ms)
✔ rebound invalid whole hash index fails before destination creation (12.496125ms)
✔ rebound fractional aggregate index fails before destination creation (11.705209ms)
✔ rebound directory collision index fails before destination creation (4.873333ms)
✔ rebound traversal index fails before destination creation (9.769291ms)
✔ complete aggregate admission precedes opening any part (13.179ms)
✔ empty original image stays valid (8.039292ms)
✔ existing destination and linked parts preserve original sentinels (87.200042ms)
ℹ tests 44
ℹ suites 0
ℹ pass 44
ℹ fail 0
ℹ cancelled 0
ℹ skipped 0
ℹ todo 0
ℹ duration_ms 1863.662791
