✔ build context dispatch preserves original realm and exact two-target continuation (1.437417ms)
✔ strict ordered two-step fold retains all physical fields and both actual migration bindings (21.544042ms)
✔ memory sharing preserves exact geometry values/order and refuses signed-zero or changed inputs (0.496958ms)
✔ original replay awaits real child, retains binary output and rejects actual failures (314.332833ms)
✔ one patch authenticates one captured source and every output byte (7.576542ms)
✔ captured decoding does not observe a later external encoded-body replacement (12.253334ms)
✔ a changed declaration during reuse is rejected (1.076125ms)
✔ a changed identity during reuse is rejected (0.440041ms)
✔ wrong encoded bytes fail before producing an output (0.615125ms)
✔ a correct encoded pin cannot hide incorrect decoded custody (0.437792ms)
✔ an oversized declaration fails before the loader opens a source (0.387583ms)
✔ copy-range and complete-target checks remain active (0.359125ms)
✔ fresh invocations do not reuse old source buffers or successful verdicts (0.449583ms)
✔ complete unique input budget rejects before any source opens (0.287375ms)
✔ a malformed late command rejects before opening an earlier valid source (1.640375ms)
✔ command mutation by the source loader is rejected before output publication (0.462334ms)
✔ mixed copy/literal reconstruction agrees with the immutable original helper (1.646625ms)
✔ command accessors and custom serialization fail without executing user code (0.560833ms)
✔ loader-installed accessors and command-array getters cannot execute during reconstruction (1.978417ms)
✔ setup observations separate Git command time from unobserved transport waits (1.062541ms)
✔ failed setup preserves the original error and records failure without claiming zero transport waits (1.803625ms)
✔ Git failures are counted without being retried or converted to quota waits (0.84925ms)
✔ real evidence entry runs every selected test with no canonical namespace (429.212834ms)
✔ real full entry calls canonical preparation before selected readers (116.861625ms)
✔ real full entry rejects an absent canonical helper before tests (36.800333ms)
✔ real full entry propagates canonical input rejection before tests (37.514333ms)
✔ real evidence entry preserves the zero-skips safeguard (316.679208ms)
✔ invalid profile rejects before either restoration or tests (38.1035ms)
✔ declaration uses literal paths, precise directory membership and approved outputs (23.282833ms)
✔ real original transport restores cross-part members, bytes, modes and roles (224.313417ms)
✔ changed encoded bytes and wrong decoded or whole bindings cannot create output (3.809625ms)
✔ rebound missing member index fails before destination creation (4.50225ms)
✔ rebound duplicate member index fails before destination creation (10.121125ms)
✔ rebound noncontiguous part index fails before destination creation (3.006542ms)
✔ rebound whole cap index fails before destination creation (2.977333ms)
✔ rebound invalid decoded hash index fails before destination creation (3.966625ms)
✔ rebound invalid member hash index fails before destination creation (2.996416ms)
✔ rebound invalid whole hash index fails before destination creation (3.443125ms)
✔ rebound fractional aggregate index fails before destination creation (3.089833ms)
✔ rebound directory collision index fails before destination creation (3.143417ms)
✔ rebound traversal index fails before destination creation (2.547834ms)
✔ complete aggregate admission precedes opening any part (2.157334ms)
✔ empty original image stays valid (2.06875ms)
✔ existing destination and linked parts preserve original sentinels (3.1295ms)
✔ dangling destination is rejected before reading image inputs (3.266583ms)
✔ profile refuses dangling result before input reads or output writes (43.773708ms)
✔ profile refuses dangling .initial.json before input reads or output writes (40.961333ms)
✔ profile refuses dangling .lease before input reads or output writes (45.150333ms)
ℹ tests 48
ℹ suites 0
ℹ pass 48
ℹ fail 0
ℹ cancelled 0
ℹ skipped 0
ℹ todo 0
ℹ duration_ms 1092.681875
