✔ one patch authenticates one captured source and every output byte (21.420209ms)
✔ captured decoding does not observe a later external encoded-body replacement (37.961041ms)
✔ a changed declaration during reuse is rejected (1.142625ms)
✔ a changed identity during reuse is rejected (0.735167ms)
✔ wrong encoded bytes fail before producing an output (4.970125ms)
✔ a correct encoded pin cannot hide incorrect decoded custody (2.167584ms)
✔ an oversized declaration fails before the loader opens a source (1.566958ms)
✔ copy-range and complete-target checks remain active (0.891708ms)
✔ fresh invocations do not reuse old source buffers or successful verdicts (1.78575ms)
✔ complete unique input budget rejects before any source opens (0.342583ms)
✔ a malformed late command rejects before opening an earlier valid source (2.711667ms)
✔ command mutation by the source loader is rejected before output publication (0.609292ms)
✔ mixed copy/literal reconstruction agrees with the immutable original helper (3.469833ms)
✔ command accessors and custom serialization fail without executing user code (0.464ms)
✔ loader-installed accessors and command-array getters cannot execute during reconstruction (1.370541ms)
✖ real original transport restores cross-part members, bytes, modes and roles (182.501792ms)
✖ changed encoded bytes and wrong decoded or whole bindings cannot create output (5.393125ms)
✖ rebound missing member index fails before destination creation (3.344583ms)
✖ rebound duplicate member index fails before destination creation (8.7665ms)
✖ rebound noncontiguous part index fails before destination creation (3.623791ms)
✖ rebound whole cap index fails before destination creation (8.158375ms)
✖ rebound invalid decoded hash index fails before destination creation (3.502292ms)
✖ rebound invalid member hash index fails before destination creation (2.963083ms)
✖ rebound directory collision index fails before destination creation (9.076083ms)
✖ rebound traversal index fails before destination creation (3.169833ms)
✖ complete aggregate admission precedes opening any part (3.034334ms)
✖ empty original image stays valid (1.968792ms)
✖ existing destination and linked parts preserve original sentinels (3.91ms)
ℹ tests 28
ℹ suites 0
ℹ pass 15
ℹ fail 13
ℹ cancelled 0
ℹ skipped 0
ℹ todo 0
ℹ duration_ms 360.991834

✖ failing tests:

test at test/restore-whole-image.test.mjs:23:1
✖ real original transport restores cross-part members, bytes, modes and roles (182.501792ms)
  AssertionError [ERR_ASSERTION]: The expression evaluated to a falsy value:
  
    assert(fs.realpathSync(source)===source&&path.isAbsolute(out)&&!fs.existsSync(out)&&fs.realpathSync(path.dirname(out))===path.dirname(out))
  
      at retainWholeImage (file:///Users/chengshuli/world-atlas-workspace/.worldatlas-workspaces/8c86b01772c1c827/95d1b4085772baecd05ed0b9a632eddfdf8ff0cfeea54ec7ffe4b5517bd81ca5/work/coordination/engineering/eastern-two-gap-repair-native-20261007/whole-image.mjs:19:2)
      at fixture (file:///Users/chengshuli/world-atlas-workspace/.worldatlas-workspaces/8c86b01772c1c827/95d1b4085772baecd05ed0b9a632eddfdf8ff0cfeea54ec7ffe4b5517bd81ca5/work/test/restore-whole-image.test.mjs:17:14)
      at TestContext.<anonymous> (file:///Users/chengshuli/world-atlas-workspace/.worldatlas-workspaces/8c86b01772c1c827/95d1b4085772baecd05ed0b9a632eddfdf8ff0cfeea54ec7ffe4b5517bd81ca5/work/test/restore-whole-image.test.mjs:24:10)
      at Test.runInAsyncScope (node:async_hooks:227:14)
      at Test.run (node:internal/test_runner/test:1382:25)
      at Test.start (node:internal/test_runner/test:1242:17)
      at startSubtestAfterBootstrap (node:internal/test_runner/harness:387:17) {
    generatedMessage: true,
    code: 'ERR_ASSERTION',
    actual: false,
    expected: true,
    operator: '==',
    diff: 'simple'
  }

test at test/restore-whole-image.test.mjs:29:1
✖ changed encoded bytes and wrong decoded or whole bindings cannot create output (5.393125ms)
  AssertionError [ERR_ASSERTION]: The expression evaluated to a falsy value:
  
    assert(fs.realpathSync(source)===source&&path.isAbsolute(out)&&!fs.existsSync(out)&&fs.realpathSync(path.dirname(out))===path.dirname(out))
  
      at retainWholeImage (file:///Users/chengshuli/world-atlas-workspace/.worldatlas-workspaces/8c86b01772c1c827/95d1b4085772baecd05ed0b9a632eddfdf8ff0cfeea54ec7ffe4b5517bd81ca5/work/coordination/engineering/eastern-two-gap-repair-native-20261007/whole-image.mjs:19:2)
      at fixture (file:///Users/chengshuli/world-atlas-workspace/.worldatlas-workspaces/8c86b01772c1c827/95d1b4085772baecd05ed0b9a632eddfdf8ff0cfeea54ec7ffe4b5517bd81ca5/work/test/restore-whole-image.test.mjs:17:14)
      at TestContext.<anonymous> (file:///Users/chengshuli/world-atlas-workspace/.worldatlas-workspaces/8c86b01772c1c827/95d1b4085772baecd05ed0b9a632eddfdf8ff0cfeea54ec7ffe4b5517bd81ca5/work/test/restore-whole-image.test.mjs:30:10)
      at Test.runInAsyncScope (node:async_hooks:227:14)
      at Test.run (node:internal/test_runner/test:1382:25)
      at Test.processPendingSubtests (node:internal/test_runner/test:960:18)
      at Test.postRun (node:internal/test_runner/test:1522:19)
      at Test.run (node:internal/test_runner/test:1447:12)
      at async startSubtestAfterBootstrap (node:internal/test_runner/harness:387:3) {
    generatedMessage: true,
    code: 'ERR_ASSERTION',
    actual: false,
    expected: true,
    operator: '==',
    diff: 'simple'
  }

test at test/restore-whole-image.test.mjs:42:3
✖ rebound missing member index fails before destination creation (3.344583ms)
  AssertionError [ERR_ASSERTION]: The expression evaluated to a falsy value:
  
    assert(fs.realpathSync(source)===source&&path.isAbsolute(out)&&!fs.existsSync(out)&&fs.realpathSync(path.dirname(out))===path.dirname(out))
  
      at retainWholeImage (file:///Users/chengshuli/world-atlas-workspace/.worldatlas-workspaces/8c86b01772c1c827/95d1b4085772baecd05ed0b9a632eddfdf8ff0cfeea54ec7ffe4b5517bd81ca5/work/coordination/engineering/eastern-two-gap-repair-native-20261007/whole-image.mjs:19:2)
      at fixture (file:///Users/chengshuli/world-atlas-workspace/.worldatlas-workspaces/8c86b01772c1c827/95d1b4085772baecd05ed0b9a632eddfdf8ff0cfeea54ec7ffe4b5517bd81ca5/work/test/restore-whole-image.test.mjs:17:14)
      at TestContext.<anonymous> (file:///Users/chengshuli/world-atlas-workspace/.worldatlas-workspaces/8c86b01772c1c827/95d1b4085772baecd05ed0b9a632eddfdf8ff0cfeea54ec7ffe4b5517bd81ca5/work/test/restore-whole-image.test.mjs:43:10)
      at Test.runInAsyncScope (node:async_hooks:227:14)
      at Test.run (node:internal/test_runner/test:1382:25)
      at Test.processPendingSubtests (node:internal/test_runner/test:960:18)
      at Test.postRun (node:internal/test_runner/test:1522:19)
      at Test.run (node:internal/test_runner/test:1447:12)
      at async Test.processPendingSubtests (node:internal/test_runner/test:960:7) {
    generatedMessage: true,
    code: 'ERR_ASSERTION',
    actual: false,
    expected: true,
    operator: '==',
    diff: 'simple'
  }

test at test/restore-whole-image.test.mjs:42:3
✖ rebound duplicate member index fails before destination creation (8.7665ms)
  AssertionError [ERR_ASSERTION]: The expression evaluated to a falsy value:
  
    assert(fs.realpathSync(source)===source&&path.isAbsolute(out)&&!fs.existsSync(out)&&fs.realpathSync(path.dirname(out))===path.dirname(out))
  
      at retainWholeImage (file:///Users/chengshuli/world-atlas-workspace/.worldatlas-workspaces/8c86b01772c1c827/95d1b4085772baecd05ed0b9a632eddfdf8ff0cfeea54ec7ffe4b5517bd81ca5/work/coordination/engineering/eastern-two-gap-repair-native-20261007/whole-image.mjs:19:2)
      at fixture (file:///Users/chengshuli/world-atlas-workspace/.worldatlas-workspaces/8c86b01772c1c827/95d1b4085772baecd05ed0b9a632eddfdf8ff0cfeea54ec7ffe4b5517bd81ca5/work/test/restore-whole-image.test.mjs:17:14)
      at TestContext.<anonymous> (file:///Users/chengshuli/world-atlas-workspace/.worldatlas-workspaces/8c86b01772c1c827/95d1b4085772baecd05ed0b9a632eddfdf8ff0cfeea54ec7ffe4b5517bd81ca5/work/test/restore-whole-image.test.mjs:43:10)
      at Test.runInAsyncScope (node:async_hooks:227:14)
      at Test.run (node:internal/test_runner/test:1382:25)
      at Test.processPendingSubtests (node:internal/test_runner/test:960:18)
      at Test.postRun (node:internal/test_runner/test:1522:19)
      at Test.run (node:internal/test_runner/test:1447:12)
      at async Test.processPendingSubtests (node:internal/test_runner/test:960:7) {
    generatedMessage: true,
    code: 'ERR_ASSERTION',
    actual: false,
    expected: true,
    operator: '==',
    diff: 'simple'
  }

test at test/restore-whole-image.test.mjs:42:3
✖ rebound noncontiguous part index fails before destination creation (3.623791ms)
  AssertionError [ERR_ASSERTION]: The expression evaluated to a falsy value:
  
    assert(fs.realpathSync(source)===source&&path.isAbsolute(out)&&!fs.existsSync(out)&&fs.realpathSync(path.dirname(out))===path.dirname(out))
  
      at retainWholeImage (file:///Users/chengshuli/world-atlas-workspace/.worldatlas-workspaces/8c86b01772c1c827/95d1b4085772baecd05ed0b9a632eddfdf8ff0cfeea54ec7ffe4b5517bd81ca5/work/coordination/engineering/eastern-two-gap-repair-native-20261007/whole-image.mjs:19:2)
      at fixture (file:///Users/chengshuli/world-atlas-workspace/.worldatlas-workspaces/8c86b01772c1c827/95d1b4085772baecd05ed0b9a632eddfdf8ff0cfeea54ec7ffe4b5517bd81ca5/work/test/restore-whole-image.test.mjs:17:14)
      at TestContext.<anonymous> (file:///Users/chengshuli/world-atlas-workspace/.worldatlas-workspaces/8c86b01772c1c827/95d1b4085772baecd05ed0b9a632eddfdf8ff0cfeea54ec7ffe4b5517bd81ca5/work/test/restore-whole-image.test.mjs:43:10)
      at Test.runInAsyncScope (node:async_hooks:227:14)
      at Test.run (node:internal/test_runner/test:1382:25)
      at Test.processPendingSubtests (node:internal/test_runner/test:960:18)
      at Test.postRun (node:internal/test_runner/test:1522:19)
      at Test.run (node:internal/test_runner/test:1447:12)
      at async Test.processPendingSubtests (node:internal/test_runner/test:960:7) {
    generatedMessage: true,
    code: 'ERR_ASSERTION',
    actual: false,
    expected: true,
    operator: '==',
    diff: 'simple'
  }

test at test/restore-whole-image.test.mjs:42:3
✖ rebound whole cap index fails before destination creation (8.158375ms)
  AssertionError [ERR_ASSERTION]: The expression evaluated to a falsy value:
  
    assert(fs.realpathSync(source)===source&&path.isAbsolute(out)&&!fs.existsSync(out)&&fs.realpathSync(path.dirname(out))===path.dirname(out))
  
      at retainWholeImage (file:///Users/chengshuli/world-atlas-workspace/.worldatlas-workspaces/8c86b01772c1c827/95d1b4085772baecd05ed0b9a632eddfdf8ff0cfeea54ec7ffe4b5517bd81ca5/work/coordination/engineering/eastern-two-gap-repair-native-20261007/whole-image.mjs:19:2)
      at fixture (file:///Users/chengshuli/world-atlas-workspace/.worldatlas-workspaces/8c86b01772c1c827/95d1b4085772baecd05ed0b9a632eddfdf8ff0cfeea54ec7ffe4b5517bd81ca5/work/test/restore-whole-image.test.mjs:17:14)
      at TestContext.<anonymous> (file:///Users/chengshuli/world-atlas-workspace/.worldatlas-workspaces/8c86b01772c1c827/95d1b4085772baecd05ed0b9a632eddfdf8ff0cfeea54ec7ffe4b5517bd81ca5/work/test/restore-whole-image.test.mjs:43:10)
      at Test.runInAsyncScope (node:async_hooks:227:14)
      at Test.run (node:internal/test_runner/test:1382:25)
      at Test.processPendingSubtests (node:internal/test_runner/test:960:18)
      at Test.postRun (node:internal/test_runner/test:1522:19)
      at Test.run (node:internal/test_runner/test:1447:12)
      at async Test.processPendingSubtests (node:internal/test_runner/test:960:7) {
    generatedMessage: true,
    code: 'ERR_ASSERTION',
    actual: false,
    expected: true,
    operator: '==',
    diff: 'simple'
  }

test at test/restore-whole-image.test.mjs:42:3
✖ rebound invalid decoded hash index fails before destination creation (3.502292ms)
  AssertionError [ERR_ASSERTION]: The expression evaluated to a falsy value:
  
    assert(fs.realpathSync(source)===source&&path.isAbsolute(out)&&!fs.existsSync(out)&&fs.realpathSync(path.dirname(out))===path.dirname(out))
  
      at retainWholeImage (file:///Users/chengshuli/world-atlas-workspace/.worldatlas-workspaces/8c86b01772c1c827/95d1b4085772baecd05ed0b9a632eddfdf8ff0cfeea54ec7ffe4b5517bd81ca5/work/coordination/engineering/eastern-two-gap-repair-native-20261007/whole-image.mjs:19:2)
      at fixture (file:///Users/chengshuli/world-atlas-workspace/.worldatlas-workspaces/8c86b01772c1c827/95d1b4085772baecd05ed0b9a632eddfdf8ff0cfeea54ec7ffe4b5517bd81ca5/work/test/restore-whole-image.test.mjs:17:14)
      at TestContext.<anonymous> (file:///Users/chengshuli/world-atlas-workspace/.worldatlas-workspaces/8c86b01772c1c827/95d1b4085772baecd05ed0b9a632eddfdf8ff0cfeea54ec7ffe4b5517bd81ca5/work/test/restore-whole-image.test.mjs:43:10)
      at Test.runInAsyncScope (node:async_hooks:227:14)
      at Test.run (node:internal/test_runner/test:1382:25)
      at Test.processPendingSubtests (node:internal/test_runner/test:960:18)
      at Test.postRun (node:internal/test_runner/test:1522:19)
      at Test.run (node:internal/test_runner/test:1447:12)
      at async Test.processPendingSubtests (node:internal/test_runner/test:960:7) {
    generatedMessage: true,
    code: 'ERR_ASSERTION',
    actual: false,
    expected: true,
    operator: '==',
    diff: 'simple'
  }

test at test/restore-whole-image.test.mjs:42:3
✖ rebound invalid member hash index fails before destination creation (2.963083ms)
  AssertionError [ERR_ASSERTION]: The expression evaluated to a falsy value:
  
    assert(fs.realpathSync(source)===source&&path.isAbsolute(out)&&!fs.existsSync(out)&&fs.realpathSync(path.dirname(out))===path.dirname(out))
  
      at retainWholeImage (file:///Users/chengshuli/world-atlas-workspace/.worldatlas-workspaces/8c86b01772c1c827/95d1b4085772baecd05ed0b9a632eddfdf8ff0cfeea54ec7ffe4b5517bd81ca5/work/coordination/engineering/eastern-two-gap-repair-native-20261007/whole-image.mjs:19:2)
      at fixture (file:///Users/chengshuli/world-atlas-workspace/.worldatlas-workspaces/8c86b01772c1c827/95d1b4085772baecd05ed0b9a632eddfdf8ff0cfeea54ec7ffe4b5517bd81ca5/work/test/restore-whole-image.test.mjs:17:14)
      at TestContext.<anonymous> (file:///Users/chengshuli/world-atlas-workspace/.worldatlas-workspaces/8c86b01772c1c827/95d1b4085772baecd05ed0b9a632eddfdf8ff0cfeea54ec7ffe4b5517bd81ca5/work/test/restore-whole-image.test.mjs:43:10)
      at Test.runInAsyncScope (node:async_hooks:227:14)
      at Test.run (node:internal/test_runner/test:1382:25)
      at Test.processPendingSubtests (node:internal/test_runner/test:960:18)
      at Test.postRun (node:internal/test_runner/test:1522:19)
      at Test.run (node:internal/test_runner/test:1447:12)
      at async Test.processPendingSubtests (node:internal/test_runner/test:960:7) {
    generatedMessage: true,
    code: 'ERR_ASSERTION',
    actual: false,
    expected: true,
    operator: '==',
    diff: 'simple'
  }

test at test/restore-whole-image.test.mjs:42:3
✖ rebound directory collision index fails before destination creation (9.076083ms)
  AssertionError [ERR_ASSERTION]: The expression evaluated to a falsy value:
  
    assert(fs.realpathSync(source)===source&&path.isAbsolute(out)&&!fs.existsSync(out)&&fs.realpathSync(path.dirname(out))===path.dirname(out))
  
      at retainWholeImage (file:///Users/chengshuli/world-atlas-workspace/.worldatlas-workspaces/8c86b01772c1c827/95d1b4085772baecd05ed0b9a632eddfdf8ff0cfeea54ec7ffe4b5517bd81ca5/work/coordination/engineering/eastern-two-gap-repair-native-20261007/whole-image.mjs:19:2)
      at fixture (file:///Users/chengshuli/world-atlas-workspace/.worldatlas-workspaces/8c86b01772c1c827/95d1b4085772baecd05ed0b9a632eddfdf8ff0cfeea54ec7ffe4b5517bd81ca5/work/test/restore-whole-image.test.mjs:17:14)
      at TestContext.<anonymous> (file:///Users/chengshuli/world-atlas-workspace/.worldatlas-workspaces/8c86b01772c1c827/95d1b4085772baecd05ed0b9a632eddfdf8ff0cfeea54ec7ffe4b5517bd81ca5/work/test/restore-whole-image.test.mjs:43:10)
      at Test.runInAsyncScope (node:async_hooks:227:14)
      at Test.run (node:internal/test_runner/test:1382:25)
      at Test.processPendingSubtests (node:internal/test_runner/test:960:18)
      at Test.postRun (node:internal/test_runner/test:1522:19)
      at Test.run (node:internal/test_runner/test:1447:12)
      at async Test.processPendingSubtests (node:internal/test_runner/test:960:7) {
    generatedMessage: true,
    code: 'ERR_ASSERTION',
    actual: false,
    expected: true,
    operator: '==',
    diff: 'simple'
  }

test at test/restore-whole-image.test.mjs:42:3
✖ rebound traversal index fails before destination creation (3.169833ms)
  AssertionError [ERR_ASSERTION]: The expression evaluated to a falsy value:
  
    assert(fs.realpathSync(source)===source&&path.isAbsolute(out)&&!fs.existsSync(out)&&fs.realpathSync(path.dirname(out))===path.dirname(out))
  
      at retainWholeImage (file:///Users/chengshuli/world-atlas-workspace/.worldatlas-workspaces/8c86b01772c1c827/95d1b4085772baecd05ed0b9a632eddfdf8ff0cfeea54ec7ffe4b5517bd81ca5/work/coordination/engineering/eastern-two-gap-repair-native-20261007/whole-image.mjs:19:2)
      at fixture (file:///Users/chengshuli/world-atlas-workspace/.worldatlas-workspaces/8c86b01772c1c827/95d1b4085772baecd05ed0b9a632eddfdf8ff0cfeea54ec7ffe4b5517bd81ca5/work/test/restore-whole-image.test.mjs:17:14)
      at TestContext.<anonymous> (file:///Users/chengshuli/world-atlas-workspace/.worldatlas-workspaces/8c86b01772c1c827/95d1b4085772baecd05ed0b9a632eddfdf8ff0cfeea54ec7ffe4b5517bd81ca5/work/test/restore-whole-image.test.mjs:43:10)
      at Test.runInAsyncScope (node:async_hooks:227:14)
      at Test.run (node:internal/test_runner/test:1382:25)
      at Test.processPendingSubtests (node:internal/test_runner/test:960:18)
      at Test.postRun (node:internal/test_runner/test:1522:19)
      at Test.run (node:internal/test_runner/test:1447:12)
      at async Test.processPendingSubtests (node:internal/test_runner/test:960:7) {
    generatedMessage: true,
    code: 'ERR_ASSERTION',
    actual: false,
    expected: true,
    operator: '==',
    diff: 'simple'
  }

test at test/restore-whole-image.test.mjs:46:1
✖ complete aggregate admission precedes opening any part (3.034334ms)
  AssertionError [ERR_ASSERTION]: The expression evaluated to a falsy value:
  
    assert(fs.realpathSync(source)===source&&path.isAbsolute(out)&&!fs.existsSync(out)&&fs.realpathSync(path.dirname(out))===path.dirname(out))
  
      at retainWholeImage (file:///Users/chengshuli/world-atlas-workspace/.worldatlas-workspaces/8c86b01772c1c827/95d1b4085772baecd05ed0b9a632eddfdf8ff0cfeea54ec7ffe4b5517bd81ca5/work/coordination/engineering/eastern-two-gap-repair-native-20261007/whole-image.mjs:19:2)
      at fixture (file:///Users/chengshuli/world-atlas-workspace/.worldatlas-workspaces/8c86b01772c1c827/95d1b4085772baecd05ed0b9a632eddfdf8ff0cfeea54ec7ffe4b5517bd81ca5/work/test/restore-whole-image.test.mjs:17:14)
      at TestContext.<anonymous> (file:///Users/chengshuli/world-atlas-workspace/.worldatlas-workspaces/8c86b01772c1c827/95d1b4085772baecd05ed0b9a632eddfdf8ff0cfeea54ec7ffe4b5517bd81ca5/work/test/restore-whole-image.test.mjs:47:10)
      at Test.runInAsyncScope (node:async_hooks:227:14)
      at Test.run (node:internal/test_runner/test:1382:25)
      at Test.processPendingSubtests (node:internal/test_runner/test:960:18)
      at Test.postRun (node:internal/test_runner/test:1522:19)
      at Test.run (node:internal/test_runner/test:1447:12)
      at async Test.processPendingSubtests (node:internal/test_runner/test:960:7) {
    generatedMessage: true,
    code: 'ERR_ASSERTION',
    actual: false,
    expected: true,
    operator: '==',
    diff: 'simple'
  }

test at test/restore-whole-image.test.mjs:50:1
✖ empty original image stays valid (1.968792ms)
  AssertionError [ERR_ASSERTION]: The expression evaluated to a falsy value:
  
    assert(fs.realpathSync(source)===source&&path.isAbsolute(out)&&!fs.existsSync(out)&&fs.realpathSync(path.dirname(out))===path.dirname(out))
  
      at retainWholeImage (file:///Users/chengshuli/world-atlas-workspace/.worldatlas-workspaces/8c86b01772c1c827/95d1b4085772baecd05ed0b9a632eddfdf8ff0cfeea54ec7ffe4b5517bd81ca5/work/coordination/engineering/eastern-two-gap-repair-native-20261007/whole-image.mjs:19:2)
      at TestContext.<anonymous> (file:///Users/chengshuli/world-atlas-workspace/.worldatlas-workspaces/8c86b01772c1c827/95d1b4085772baecd05ed0b9a632eddfdf8ff0cfeea54ec7ffe4b5517bd81ca5/work/test/restore-whole-image.test.mjs:52:127)
      at Test.runInAsyncScope (node:async_hooks:227:14)
      at Test.run (node:internal/test_runner/test:1382:25)
      at Test.processPendingSubtests (node:internal/test_runner/test:960:18)
      at Test.postRun (node:internal/test_runner/test:1522:19)
      at Test.run (node:internal/test_runner/test:1447:12)
      at async Test.processPendingSubtests (node:internal/test_runner/test:960:7) {
    generatedMessage: true,
    code: 'ERR_ASSERTION',
    actual: false,
    expected: true,
    operator: '==',
    diff: 'simple'
  }

test at test/restore-whole-image.test.mjs:55:1
✖ existing destination and linked parts preserve original sentinels (3.91ms)
  AssertionError [ERR_ASSERTION]: The expression evaluated to a falsy value:
  
    assert(fs.realpathSync(source)===source&&path.isAbsolute(out)&&!fs.existsSync(out)&&fs.realpathSync(path.dirname(out))===path.dirname(out))
  
      at retainWholeImage (file:///Users/chengshuli/world-atlas-workspace/.worldatlas-workspaces/8c86b01772c1c827/95d1b4085772baecd05ed0b9a632eddfdf8ff0cfeea54ec7ffe4b5517bd81ca5/work/coordination/engineering/eastern-two-gap-repair-native-20261007/whole-image.mjs:19:2)
      at fixture (file:///Users/chengshuli/world-atlas-workspace/.worldatlas-workspaces/8c86b01772c1c827/95d1b4085772baecd05ed0b9a632eddfdf8ff0cfeea54ec7ffe4b5517bd81ca5/work/test/restore-whole-image.test.mjs:17:14)
      at TestContext.<anonymous> (file:///Users/chengshuli/world-atlas-workspace/.worldatlas-workspaces/8c86b01772c1c827/95d1b4085772baecd05ed0b9a632eddfdf8ff0cfeea54ec7ffe4b5517bd81ca5/work/test/restore-whole-image.test.mjs:56:10)
      at Test.runInAsyncScope (node:async_hooks:227:14)
      at Test.run (node:internal/test_runner/test:1382:25)
      at Test.processPendingSubtests (node:internal/test_runner/test:960:18)
      at Test.postRun (node:internal/test_runner/test:1522:19)
      at Test.run (node:internal/test_runner/test:1447:12)
      at async Test.processPendingSubtests (node:internal/test_runner/test:960:7) {
    generatedMessage: true,
    code: 'ERR_ASSERTION',
    actual: false,
    expected: true,
    operator: '==',
    diff: 'simple'
  }
