{
  "version": 1,
  "run": "one",
  "completed_at": "2026-10-08T04:09:03.878930+00:00",
  "result_index_file": "worldcover-classification-index.json",
  "result_index_sha256": "27d139ec7e5eedb94d6f9e17088cfa1b6e0034cdbba0c2449903111d16e86922",
  "result_files": [
    {
      "path": "component-results/0001.json",
      "bytes": 641299,
      "sha256": "7044d0007b1f67ece7ae4c64d4df691241c2698a76571aa83af6a21a016e0c70"
    },
    {
      "path": "component-results/0002.json",
      "bytes": 2771397,
      "sha256": "552e1f824614d153fded483f27e1b81395c8b7238cdd0f6c6cc96c5b3e1a1383"
    },
    {
      "path": "component-results/0003.json",
      "bytes": 231964,
      "sha256": "894c808eb8559549c524a6ae64ffb62729a5fcce256c8c908b13b573484a8dc4"
    },
    {
      "path": "component-results/0004.json",
      "bytes": 455188,
      "sha256": "c87aab7fea0692172e90f6c6c596a0cc13fa278cecf3a7b52ac26d2258b99b6c"
    },
    {
      "path": "component-results/0005.json",
      "bytes": 655555,
      "sha256": "df732293dad673a28338440495f3a5eb8450ee004355c1647f76fb7cd2a20c14"
    },
    {
      "path": "component-results/0006.json",
      "bytes": 1737158,
      "sha256": "b2aac0aeac823648fb8f3ca79834174f2cd0c01f06c0f7be9d7381af565ead61"
    },
    {
      "path": "component-results/0007.json",
      "bytes": 927805,
      "sha256": "43cc62e3f5408d8e3384767749213774bd11f86e1462dccefa3c519be596caf7"
    },
    {
      "path": "component-results/0008.json",
      "bytes": 5075881,
      "sha256": "efa1d21dc84aa0a357a0fae1fcffcb57c8b292bded805f4bc10a208cbb4027fa"
    },
    {
      "path": "component-results/0009.json",
      "bytes": 392699,
      "sha256": "d2ab7e930d33a0bbdbceea569c9500cc22dac2a15acc8ca58ab7e844ccad2875"
    },
    {
      "path": "component-results/0010.json",
      "bytes": 62677,
      "sha256": "6619bd96f41e6bf052dff75d928ac76c49de255d0a8e5a4334df39d5025e20e0"
    },
    {
      "path": "contact-fragments/0001.json",
      "bytes": 1446,
      "sha256": "1b5e8d5c5a7234deb320664f9bc200c15a405ef7356e3b7018a8593555847fda"
    },
    {
      "path": "contact-fragments/0002.json",
      "bytes": 640913,
      "sha256": "036005f8cc4b924600d0418860837ed4ad2839edc7b40da405f0360517532b51"
    },
    {
      "path": "worldcover-classification-index.json",
      "bytes": 2018335,
      "sha256": "27d139ec7e5eedb94d6f9e17088cfa1b6e0034cdbba0c2449903111d16e86922"
    }
  ],
  "result_file_count": 13,
  "result_bytes": 15612317,
  "producer_sha256": "295bac565ab3ca42b8c00ab2c5bcab2942ff011e0813ed8344f9e682d9f99e1a",
  "selected_original_block_count": 60,
  "selected_original_block_decoded_bytes": 62914560,
  "components": 10,
  "controls": "passed",
  "process_peak_rss_mib": 201.7,
  "bundle_bytes_including_receipt": 15615087
}
