✔ package applicability comes only from the enforced declaration (55.132542ms)
✔ renamed or copied runtime origins cannot hide behind documentation or receipt destinations (11.316667ms)
✔ PR inventory exhausts pages and catches a relevant path on a later page (2.655292ms)
✔ PR missing pages, changed heads, unavailable lookup and malformed inventories default full (1.016ms)
✔ push before/after comparison includes rename origins and fails full for missing or capped inventories (1.697916ms)
✔ API failures use bounded authenticated read-only requests (24.332708ms)
✔ workflow keeps trusted bootstrap fallback and runs package checks only when their inputs can change (662.689542ms)
✔ promoting research is explicit and exact, without freezing implementation bytes (6.448917ms)
✔ unavailable or altered declaration bytes conservatively require the package build (1.292ms)
✔ quota-blocked classification fails the required package job before expensive setup (5.87625ms)
✔ only read-only superseded PR work is cancelled; main package and merge scheduling remain separate (0.998792ms)
✔ observed reset and early capacity progress without swapping token or accepting timing (1.357ms)
✔ no deficit causes no sleep and observed nondefault core limit owns admission (0.291125ms)
✔ invalid/null/rate denial data and disagreeing windows fail closed (0.3815ms)
✔ monotonic deadline bounds delayed reset despite wall-clock movement (0.183709ms)
✔ final bound includes declared and original blobs, fresh guards and source gates (0.220333ms)
✔ real tree/path/vintage inventory includes nonadded originals and verified OID reuse (4.574209ms)
✔ final capacity resolves each v2 historical path at its own ancestor commit and counts distinct bytes (1.173833ms)
✔ historical ancestry rejects behind (5.934083ms)
✔ historical ancestry rejects diverged (2.044458ms)
✔ historical ancestry rejects undefined (0.399041ms)
✔ historical capacity rejects unsupported-version before publication (0.331208ms)
✔ historical capacity rejects missing-commit before publication (0.216292ms)
✔ historical capacity rejects v1-per-file before publication (0.22525ms)
✔ historical capacity rejects duplicate before publication (0.211709ms)
✔ historical capacity rejects too-many-commits before publication (0.303375ms)
✔ historical capacity rejects truncated before publication (0.236458ms)
✔ historical capacity rejects symlink before publication (1.898333ms)
✔ historical capacity rejects missing-path before publication (1.298833ms)
✔ historical capacity rejects large-file before publication (0.329ms)
✔ same-path historical vintages retain the aggregate remote-byte limit (1.8265ms)
✔ costly evidence inventory requires current issue and disposition bindings after activation (2.528375ms)
✔ capacity wait preserves same live ticket and invokes fresh FIFO authority (1.95725ms)
✔ changed claim while waiting rejects before costly output blobs (0.518583ms)
✔ changed claim-id while waiting rejects before costly output blobs (1.344583ms)
✔ changed review while waiting rejects before costly output blobs (0.735334ms)
✔ changed head while waiting rejects before costly output blobs (1.986083ms)
✔ changed base while waiting rejects before costly output blobs (0.652708ms)
✔ changed checks while waiting rejects before costly output blobs (0.916708ms)
✔ changed contract while waiting rejects before costly output blobs (1.257833ms)
✔ changed tree-mode while waiting rejects before costly output blobs (1.488209ms)
✔ changed tree-path while waiting rejects before costly output blobs (1.173792ms)
✔ paid-call bound sits below immutable reuse and reserves writes instead of charging cached passes (1.119333ms)
✔ planning retries retain original monotonic deadline and finite attempt bound: 100000 (1.530708ms)
✔ planning retries retain original monotonic deadline and finite attempt bound: 1000 (0.578292ms)
✔ complete final still validates every evidence byte after waiting and rejects changed authority (8.762167ms)
✔ modest planning capacity restarts the entire fresh inventory after observed reset in the same ticket (1.734417ms)
✔ competing consumption after probe and inventory growth never bypass calls or original denial (0.164ms)
✔ same-token success capacity metadata never logs arbitrary bodies or headers (20.371667ms)
✔ real geographic artifact adapter cannot grow pagination outside final paid-call guard (2.0805ms)
✔ capacity excludes blob REST requests only after exact transport proves the entire bound inventory (0.375417ms)
✔ actual ZIP records: method 0, descriptor false (1.455417ms)
✔ actual ZIP records: method 0, descriptor true (0.160042ms)
✔ actual ZIP records: method 8, descriptor false (0.502917ms)
✔ actual ZIP records: method 8, descriptor true (0.154417ms)
✔ different valid report bytes cannot impersonate trusted job output (0.341709ms)
✔ path traversal, alternate names, symlinks and directories are rejected without extraction (0.295584ms)
✔ corrupt CRC, inconsistent directory, missing data and multiple entries fail closed (0.314166ms)
✔ inflation is bounded even when claimed uncompressed size is small (128.466833ms)
✔ bounded actual ZIP download authenticates only fixed API host, retains exact report digest (24.957375ms)
✔ missing trusted digest and poisoned same-name artifact are blocked (1.79275ms)
✔ duplicate, expired and incomplete artifact inventories are blocked (0.27125ms)
✔ foreign or credential-bearing delivery addresses never receive a fetch (1.310416ms)
✔ real shared client accounts inventory and redirect, signed delivery remains token-free (1.832959ms)
✔ shared admission refusal stops artifact download before credential-free delivery (0.746292ms)
✔ only named no-data activation branch can report bootstrap absence (117.659375ms)
✔ bootstrap rejects another branch (100.797875ms)
✔ bootstrap rejects stale head (89.19075ms)
✔ bootstrap rejects fork head (163.377875ms)
✔ bootstrap rejects live data change (269.576708ms)
✔ bootstrap rejects renamed live data (153.297167ms)
✔ bootstrap rejects incomplete inventory (138.176208ms)
✔ bootstrap rejects duplicate inventory (127.638208ms)
✔ bootstrap rejects oversized inventory (148.190417ms)
✔ bootstrap job explicitly grants only the read permissions its API calls require (0.455667ms)
✔ one exact-OID batch replaces blob REST reads while mutable authority remains fresh (515.389375ms)
✔ malformed inventory, wrong repository, oversized objects and conflicting sizes are rejected before fetch (111.585458ms)
✔ truncated or corrupted object bytes never become successful evidence (190.610959ms)
✔ failed fetch publishes no cache entry and never exposes credentials (84.40375ms)
✔ missing object in a partial batch fails without accepting the available prefix (283.090916ms)
✔ a burst of launched reads drains without consuming the recovery floor (32.892667ms)
✔ higher stale counters and an early different reset cannot mint capacity (1.362875ms)
✔ later reset headers cannot perpetually postpone the first authenticated recovery window (1.269542ms)
✔ an authenticated unchanged response refunds the conservative possible paid attempt (0.846584ms)
✔ a reset timestamp never grants unobserved capacity and a fresh positive probe is required (2.210375ms)
✔ a first mutation requires positive actual capacity, never retries and preserves ambiguity (1.116208ms)
✔ missing core headers cannot support further authenticated work (0.278792ms)
✔ available capacity imposes no artificial sleeps and actual remaining deadline still binds reads/writes (1.403708ms)
✔ artifact redirect consumes shared admission and preserves fixed-host credentials (0.377916ms)
✔ artifact redirects cannot bypass a known quota floor or fetch another host (0.5815ms)
✔ protected capacity can finish exact owned cleanup and durable notification, but not new work (8.765708ms)
✔ recovery preserves original ref ownership checks and never repeats ambiguous deletes (0.380125ms)
✔ concurrent 304 refunds only its own reservation and cannot erase other in-flight paid charges (0.382791ms)
✔ quota retry only retries an explicit read rejection, and accounts every attempt (27.053541ms)
✔ ordinary permission denial, write denial, and ambiguous write never retry (0.676ms)
✔ read retry respects its finite phase deadline and repeated concurrent exhaustion (0.516ms)
✔ actual repository capacity overrides unrelated generic capacity (0.324166ms)
✔ secondary limits cannot masquerade as positive capacity (0.272458ms)
✔ invalid capacity headers fail closed and concurrent reads cannot replace probe headers (0.571958ms)
✔ capacity wait honors secondary retry-after before the next actual observation (0.229042ms)
✔ quota classifier rejects malformed or irrelevant error metadata (0.067542ms)
✔ scheduler with real zero capacity neither inventories the queue nor spends a dispatch attempt (4.144416ms)
✔ final paid-call allowance covers actual HTTP retries and preserves recovery capacity (1.370834ms)
✔ final deadline is checked before a retry actually sends HTTP (0.463ms)
✔ accounting observes real repository headers without an extra capacity poll or retained secrets (0.837875ms)
✔ unknown or wrong-resource headers cannot manufacture an observed repository quota (0.143333ms)
✔ deployment classification quota refusal does not authorize a wasteful full-build fallback (2.306709ms)
✔ deployment transport ambiguity counts its attempt without inventing quota or retrying (2.314958ms)
✔ every unchanged authority reuse makes an authenticated network recheck and returns independent data (22.809125ms)
✔ changed head, contract and revocation are consumed rather than hidden by the snapshot (0.698458ms)
✔ authorization loss and an ambiguous write do not reuse a successful read or retry mutation (1.412417ms)
✔ route, page, client and credential boundaries never borrow another response (3.766333ms)
✔ missing or mismatched conditional responses cannot produce authority (1.33975ms)
✔ entry and byte bounds retain no oversized snapshot and overflow remains freshly read (0.390208ms)
✔ capacity probes, generic quota, blobs and writes never use conditional authority (0.751791ms)
✔ missing and malformed ETags erase the old binding (0.623875ms)
✔ root-format 1479 blob requests become 474 verified immutable fetches across three authority passes (1431.545084ms)
✔ cache keeps fresh changed OIDs, repository identity, trees and authority reads (0.651542ms)
✔ failed, malformed, truncated, changed content and mismatched OID responses never populate cache (0.851375ms)
✔ bounded memory/entry overflow stays uncached without evicting useful initial scan; execution caches are separate (0.310792ms)
✔ actual API rejection preserves only sanitized message/status and allowlisted rate/request headers (20.628166ms)
✔ callers and origin objects cannot mutate cached bytes or metadata used by later checks (0.37525ms)
✔ actual failure-only workflow diagnostic uses one bounded read and redacts known token/prefix/Bearer without bypass (73.310792ms)
✔ successful full and focused workflows prove exact tree and pinned current attempt (3.119583ms)
✔ head metadata without explicit reviewed-head checkout never proves tested tree (0.820041ms)
✔ different complete tree or modified approved workflow/runner always falls back (1.317042ms)
✔ wrong head/event/repository/PR/path and incomplete or failed run cannot prove coverage (1.824125ms)
✔ missing/extra shard and skipped or incomplete required steps never count as successful coverage (3.868292ms)
✔ final pinned run reread rejects revoked proof (1.33525ms)
✔ explicit coordination allowlist defaults full for unknown/application/data/schema/import/deploy/rename impact (1.006ms)
✔ final proof pins attempt and refuses a later successful rerun or missing/invalid attempt (1.308208ms)
✔ focused proof accepts complete controls without installing Node dependencies (3.243542ms)
✔ full proof refuses missing, failed, cancelled or skipped Node installation in any shard (12.027458ms)
✔ actual PR selector passes verified geography ownership and selects one evidence shard (12.025916ms)
✔ actual PR selector rejects missing claim (0.409083ms)
✔ actual PR selector rejects released claim (0.158916ms)
✔ actual PR selector rejects expired claim (0.125292ms)
✔ actual PR selector rejects wrong branch (0.138166ms)
✔ actual PR selector rejects wrong issue (0.46625ms)
✔ actual PR selector rejects wrong lane (1.012584ms)
✔ actual PR selector rejects closed issue (0.16725ms)
✔ actual PR selector rejects blocked issue (0.121583ms)
✔ actual PR selector rejects changed owned scope (0.285167ms)
✔ actual PR selector rejects unsafe prefixes (0.130833ms)
✔ actual PR selector rejects stale PR head (0.488542ms)
✔ actual PR selector rejects incomplete file list (0.311083ms)
✔ actual PR selector rejects duplicate file inventory (0.269541ms)
✔ actual PR selector rejects missing issue reference (0.331541ms)
✔ actual PR selector defaults full for files and rename origins outside geography scope (0.391791ms)
✔ geography ownership read paginates canonical comments and changed files (0.291333ms)
✔ non-geography selectors preserve existing profiles without requesting geography ownership (0.156375ms)
✔ package CI coordination paths use focused tests while builders and runners stay full (0.075791ms)
✔ durable writer publishes complete checkpoints and serializes only its owned receipt (108.043458ms)
✔ external replacement cannot be silently overwritten by checkpoint publication (18.756542ms)
✔ dead owner lock permits resume while retaining original pending identity (164.293542ms)
✔ symlink output and invalid collisions preserve existing bytes without leaking lock (1.458875ms)
✔ nonpending JSON null is preserved (3.263416ms)
✔ nonpending JSON false is preserved (2.115375ms)
✔ nonpending JSON 0 is preserved (1.085917ms)
✔ nonpending JSON "" is preserved (1.622917ms)
✔ nonpending JSON [] is preserved (2.635041ms)
✔ nonpending JSON {} is preserved (6.296833ms)
✔ actual lease CLI accepted dispatch confirms ownership without a second write (459.420959ms)
✔ actual lease CLI uncertain dispatch confirms ownership without a second write (400.050625ms)
✔ actual cancelled lease CLI preserves checkpoint; rerunning observes the same identity without dispatch (485.470291ms)
✔ actual lease CLI rejects missing output before any HTTP (60.062667ms)
✔ actual lease CLI rejects collision output before any HTTP (56.091083ms)
✔ actual lease CLI rejects symlink output before any HTTP (51.665875ms)
✔ durable accepted result needs the current exact canonical claim and one bounded observation (2.701959ms)
✔ queued execution is discovered beyond the newest hundred and then observed by exact ID (1.947709ms)
✔ a partial canonical mutation and terminal cancelled execution never authorize work or redispatch (74.209375ms)
✔ uncertain dispatch response is reconciled through the same durable result without a second write (0.375625ms)
✔ long queued observation expires with the same request and bounded read count (0.230375ms)
✔ server rejection and pre-HTTP quota refusal do not fabricate an accepted or ambiguous dispatch (11.028041ms)
✔ changed canonical ownership and counterfeit results cannot confirm an old accepted request (1.081208ms)
✔ a temporary observation failure preserves the checkpoint without declaring execution terminal (0.389ms)
✔ actual workflow binds distinct five/ten minute budgets, with explicit finalization and attempt margins (1.305875ms)
✔ actual registration refuses a second 181-second wait inside its real remaining job budget (50.137459ms)
✔ 361-second wait is rejected before sleeping; short explicit GET retry succeeds and registers the same identity once (3.754708ms)
✔ setup, metadata and earlier requests are charged before another read or write is admitted (5.10975ms)
✔ primary reset shares the actual deadline and ordinary permission denial never retries (0.705542ms)
✔ oversleep rechecks admission and preserves the original quota cause without sending another HTTP attempt (8.579167ms)
✔ delayed body cannot turn an exhausted job into successful registration; wall clock rollback grants no extra time (5.366042ms)
✔ ambiguous write is attempted once; existing durable request replays without another POST (0.993458ms)
✔ bootstrap quota is not retried; complete unambiguous run/attempt authority is required before queue work (6.087ms)
✔ scheduler capacity refusal stays distinct and consumes no dispatch attempt (1.742584ms)
✔ a quota wait during actual scheduling cannot backdate a new dispatch/recovery discovery window (4.00525ms)
✔ existing final HTTP-admission hook composes with job timing rather than replacing it (2.287542ms)
✔ actual CLI emits a controlled quota refusal and accounting with failing exit status before registration can advance (268.707542ms)
✔ executing workflow commit rejects newer-main timeout and mixed-vintage checkout before HTTP (1.150958ms)
✔ actual trusted entry point preserves the original rejection before a denied comment (253.704084ms)
✔ actual trusted entry point retains its preparation receipt before successful notification (167.3955ms)
✔ trusted preparation has PR comment permission while candidate tests remain read-only (0.280334ms)
✔ actual entry point saves stale/head/conflict/base diagnostics even when notification fails (645.897042ms)
✔ actual final entry point cleans only its owned ref and retains successful merge on cleanup failure (269.842209ms)
✔ actual fallback prepare cleans its confirmed ref when receipt notification is denied (99.104417ms)
✔ only staging-test shards prepare the immutable migration derivative (72.614375ms)
✔ two reviewed PRs sharing a base integrate serially without changing authored head (9.298875ms)
✔ conflicts and non-conflicting changes to reviewed bytes require intervention (0.570083ms)
✔ stale merge object and truncated inventories fail closed (1.775583ms)
✔ stale head or review and expired ownership prohibit integration (1.191167ms)
✔ failed or skipped candidate tests never merge an open PR (1.047167ms)
✔ base advances before or during final validation are retryable without branch updates (0.312167ms)
✔ latest failed or pending check replaces old success (0.12375ms)
✔ workflow separates untrusted candidate tests from write credentials and serializes the lifecycle (0.3505ms)
✔ commit status changing during final review prevents the merge (0.343125ms)
✔ trusted profile uses focused invariants only for isolated evidence and docs (0.171334ms)
✔ parallel full-regression shards cover each unit file once and focused profile retains core gates (75.47375ms)
✔ prepare pins successful exact-tree run; skipped candidate job merges only after final proof reread (4.831125ms)
✔ failed proof reread and stale main prevent merge despite prior accepted proof (2.8255ms)
✔ successful rerun after preparation invalidates the pinned attempt and refuses merge (0.975166ms)
✔ late candidate fetch replaces initial stale metadata without branch writes (0.457291ms)
✔ stale parents and unavailable candidates converge with revalidated authority (0.59425ms)
✔ permanently stale candidates are bounded and retain exact IDs before tree work (0.350791ms)
✔ candidate polling stops at its deadline even before exhausting attempts (0.210125ms)
✔ head/body changes and conflicts during refresh fail without integration or writes (0.574167ms)
✔ main and evidence vintage advances are not silently adopted while refreshing (0.381ms)
✔ claim/check/review and issue authority is rechecked after waiting (2.022583ms)
✔ only candidate-object 404 is refreshable; access failures stop immediately (0.540792ms)
✔ post-wait main advance retains old expected and new observed base diagnostics (0.279375ms)
✔ post-convergence head change retains the new head in rejection diagnostics (0.230959ms)
✔ persistent automatic lag falls back to exact owned candidate without editing authored branches (0.939333ms)
✔ isolated conflict or wrong parents is rejected and only the owned ref is deleted (0.252042ms)
✔ fallback retains reviewed-byte and post-wait authority guards and cleans rejected candidates (0.638625ms)
✔ cleanup refuses another request, main/worker refs and changed owned refs (0.183541ms)
✔ failed cleanup retains its exact resource for inspection without hiding rejection (0.529083ms)
✔ isolated candidate follows the existing final tests/main/head merge guards (2.166625ms)
✔ unconfirmed ref creation identifies the resource without deleting a possible collision (0.25475ms)
✔ merged head cleanup deletes only confirmed unchanged same-repository unused worker heads (0.645584ms)
✔ unmerged, wrong head, fork, default, protected, advanced and shared heads are retained (0.639292ms)
✔ head cleanup checks paginated open PRs and fails conservatively on unknown identities or API failures (0.724208ms)
✔ successful integration records cleanup separately, including deletion failure and replay (0.798334ms)
✔ cleanup stops on time or inventory call budget without starting deletion after pending (2.769583ms)
✔ fresh geography success is required even when application proof is reusable (5.027083ms)
✔ fresh geography success is recorded against exact combined commits (0.2805ms)
✔ green geography job cannot merge without its authenticated exact-combined report (0.363291ms)
✔ raw unresolved findings cannot be relabeled as a successful geography check (0.169209ms)
✔ trusted geography outputs bind attempted artifact digest through the privileged merge job (0.255167ms)
✔ known stale tested base or head rejects before expensive evidence/tree inspection (0.335625ms)
✔ candidate waiting rechecks changed claim/check/review/head after caching immutable evidence (1.056792ms)
✔ real composed gates retain engineering focused selection without factual approval (30.2175ms)
✔ real composed gates retain geography focused selection without factual approval (43.922792ms)
✔ real composed gates retain research focused selection without factual approval (2.672208ms)
✔ new required evidence cannot succeed using the legacy fixture (1.373625ms)
✔ code head change during byte/selection work prevents a coherent success (4.7085ms)
✔ contract change during byte/selection work prevents a coherent success (2.923958ms)
✔ disposition change during byte/selection work prevents a coherent success (23.387292ms)
✔ ownership change during byte/selection work prevents a coherent success (6.765042ms)
✔ ready label change during byte/selection work prevents a coherent success (6.79825ms)
✔ PR allowance change during byte/selection work prevents a coherent success (4.221417ms)
✔ ordinary progress and same-holder renewal do not invalidate disposition (6.996666ms)
✔ authenticated conditional reads reduce paid repeats while changed authority is still read (56.98575ms)
✔ a failed real gate closes transport and cannot publish profile outputs (1.141042ms)
✔ incomplete and duplicate changed-file inventories cannot produce focused success (2.149583ms)
✔ unavailable package definition retains conservative full verification (1.149584ms)
✔ a changed disposition is fetched through the real conditional client and rejected (6.262167ms)
✔ hosted gate timing charges actual setup and retains runner finalization margin (9.968459ms)
✔ exhausted actual job refuses before Git transport or PR work (1.34775ms)
✔ deadline refuses changed immutable workflow before expensive or mutable work (1.50075ms)
✔ deadline refuses missing literal budget before expensive or mutable work (2.342542ms)
✔ deadline refuses incomplete current job inventory before expensive or mutable work (1.017167ms)
✔ deadline refuses wrong run attempt before expensive or mutable work (1.090708ms)
✔ deadline refuses ambiguous phase before expensive or mutable work (2.274584ms)
✔ metadata-only engineering selection does not allocate evidence transport (4.597917ms)
✔ metadata-only geography selection does not allocate evidence transport (2.120792ms)
✔ metadata-only research selection does not allocate evidence transport (1.536417ms)
✔ independent evidence phase verifies bytes without selecting or waiting for tests (3.72125ms)
✔ independent evidence rejects unmet required evidence and changed ownership (5.28325ms)
✔ workflow starts real evidence independently, preserves test parallelism and separates edited-event cancellation (0.397208ms)
✔ parallel evidence phase binds its own actual job start and deadline (2.421292ms)
✔ real split gates reduce paid metadata repeats against independent old readers (15.155791ms)
ℹ {"fixture_only":true,"old":{"attempts":15,"paid":14,"revalidated":1},"split":{"attempts":19,"paid":11,"revalidated":8}}
✔ issue-claims.yml: actual sparse declarations include trusted module dependencies (341.907333ms)
✔ worker-merge.yml: actual sparse declarations include trusted module dependencies (774.281042ms)
✔ merge-integration-checks.yml: actual sparse declarations include trusted module dependencies (1628.287875ms)
✔ queue-readiness-audit.yml: actual sparse declarations include trusted module dependencies (154.960875ms)
✔ merge-scheduler.yml: actual sparse declarations include trusted module dependencies (281.21425ms)
✔ negative control: old scripts-only tree cannot load relocated regional gate (123.350458ms)
✔ sparse candidate still detects changes and rename sources outside the working tree (397.319625ms)
ℹ tests 278
ℹ suites 0
ℹ pass 278
ℹ fail 0
ℹ cancelled 0
ℹ skipped 0
ℹ todo 0
ℹ duration_ms 5029.64225
