✔ package applicability comes only from the enforced declaration (170.510292ms)
✔ renamed or copied runtime origins cannot hide behind documentation or receipt destinations (13.999125ms)
✔ PR inventory exhausts pages and catches a relevant path on a later page (5.196542ms)
✔ PR missing pages, changed heads, unavailable lookup and malformed inventories default full (1.940666ms)
✔ push before/after comparison includes rename origins and fails full for missing or capped inventories (4.8495ms)
✔ API failures use bounded authenticated read-only requests (88.76925ms)
✔ workflow keeps trusted bootstrap fallback and runs package checks only when their inputs can change (402.228333ms)
✔ promoting research is explicit and exact, without freezing implementation bytes (6.498375ms)
✔ unavailable or altered declaration bytes conservatively require the package build (0.341875ms)
✔ quota-blocked classification fails the required package job before expensive setup (0.283708ms)
✔ only read-only superseded PR work is cancelled; main package and merge scheduling remain separate (0.206084ms)
✔ observed reset and early capacity progress without swapping token or accepting timing (3.59125ms)
✔ no deficit causes no sleep and observed nondefault core limit owns admission (0.677958ms)
✔ invalid/null/rate denial data and disagreeing windows fail closed (0.4285ms)
✔ monotonic deadline bounds delayed reset despite wall-clock movement (0.761917ms)
✔ final bound includes declared and original blobs, fresh guards and source gates (0.245917ms)
✔ real tree/path/vintage inventory includes nonadded originals and verified OID reuse (6.313667ms)
✔ final capacity resolves each v2 historical path at its own ancestor commit and counts distinct bytes (2.259667ms)
✔ historical ancestry rejects behind (3.455416ms)
✔ historical ancestry rejects diverged (1.232833ms)
✔ historical ancestry rejects undefined (1.08425ms)
✔ historical capacity rejects unsupported-version before publication (1.030458ms)
✔ historical capacity rejects missing-commit before publication (51.793208ms)
✔ historical capacity rejects v1-per-file before publication (2.439291ms)
✔ historical capacity rejects duplicate before publication (7.570209ms)
✔ historical capacity rejects too-many-commits before publication (0.419875ms)
✔ historical capacity rejects truncated before publication (39.329542ms)
✔ historical capacity rejects symlink before publication (13.56125ms)
✔ historical capacity rejects missing-path before publication (7.665208ms)
✔ historical capacity rejects large-file before publication (0.260625ms)
✔ same-path historical vintages retain the aggregate remote-byte limit (3.453333ms)
✔ costly evidence inventory requires current issue and disposition bindings after activation (6.970667ms)
✔ capacity wait preserves same live ticket and invokes fresh FIFO authority (5.030625ms)
✔ changed claim while waiting rejects before costly output blobs (1.875125ms)
✔ changed claim-id while waiting rejects before costly output blobs (4.376417ms)
✔ changed review while waiting rejects before costly output blobs (2.231959ms)
✔ changed head while waiting rejects before costly output blobs (15.905292ms)
✔ changed base while waiting rejects before costly output blobs (6.068125ms)
✔ changed checks while waiting rejects before costly output blobs (2.77125ms)
✔ changed contract while waiting rejects before costly output blobs (1.104958ms)
✔ changed tree-mode while waiting rejects before costly output blobs (0.526542ms)
✔ changed tree-path while waiting rejects before costly output blobs (0.451459ms)
✔ paid-call bound sits below immutable reuse and reserves writes instead of charging cached passes (0.427625ms)
✔ planning retries retain original monotonic deadline and finite attempt bound: 100000 (8.488667ms)
✔ planning retries retain original monotonic deadline and finite attempt bound: 1000 (1.694917ms)
✔ complete final still validates every evidence byte after waiting and rejects changed authority (15.737958ms)
✔ modest planning capacity restarts the entire fresh inventory after observed reset in the same ticket (5.730083ms)
✔ competing consumption after probe and inventory growth never bypass calls or original denial (0.196583ms)
✔ same-token success capacity metadata never logs arbitrary bodies or headers (73.037709ms)
✔ real geographic artifact adapter cannot grow pagination outside final paid-call guard (7.770791ms)
✔ capacity excludes blob REST requests only after exact transport proves the entire bound inventory (0.979209ms)
✔ actual ZIP records: method 0, descriptor false (16.84075ms)
✔ actual ZIP records: method 0, descriptor true (0.375792ms)
✔ actual ZIP records: method 8, descriptor false (1.760375ms)
✔ actual ZIP records: method 8, descriptor true (0.996375ms)
✔ different valid report bytes cannot impersonate trusted job output (1.334334ms)
✔ path traversal, alternate names, symlinks and directories are rejected without extraction (4.059875ms)
✔ corrupt CRC, inconsistent directory, missing data and multiple entries fail closed (0.484167ms)
✔ inflation is bounded even when claimed uncompressed size is small (473.775958ms)
✔ bounded actual ZIP download authenticates only fixed API host, retains exact report digest (31.536458ms)
✔ missing trusted digest and poisoned same-name artifact are blocked (0.904791ms)
✔ duplicate, expired and incomplete artifact inventories are blocked (0.193958ms)
✔ foreign or credential-bearing delivery addresses never receive a fetch (0.679375ms)
✔ real shared client accounts inventory and redirect, signed delivery remains token-free (1.264958ms)
✔ shared admission refusal stops artifact download before credential-free delivery (0.307583ms)
✔ one exact-OID batch replaces blob REST reads while mutable authority remains fresh (428.761042ms)
✔ malformed inventory, wrong repository, oversized objects and conflicting sizes are rejected before fetch (86.789042ms)
✔ truncated or corrupted object bytes never become successful evidence (157.812792ms)
✔ failed fetch publishes no cache entry and never exposes credentials (41.564084ms)
✔ missing object in a partial batch fails without accepting the available prefix (130.675042ms)
✔ a burst of launched reads drains without consuming the recovery floor (63.296959ms)
✔ higher stale counters and an early different reset cannot mint capacity (2.32175ms)
✔ later reset headers cannot perpetually postpone the first authenticated recovery window (1.831042ms)
✔ an authenticated unchanged response refunds the conservative possible paid attempt (84.876ms)
✔ a reset timestamp never grants unobserved capacity and a fresh positive probe is required (5.013167ms)
✔ a first mutation requires positive actual capacity, never retries and preserves ambiguity (2.297375ms)
✔ missing core headers cannot support further authenticated work (1.102625ms)
✔ available capacity imposes no artificial sleeps and actual remaining deadline still binds reads/writes (2.721333ms)
✔ artifact redirect consumes shared admission and preserves fixed-host credentials (0.482125ms)
✔ artifact redirects cannot bypass a known quota floor or fetch another host (0.337208ms)
✔ protected capacity can finish exact owned cleanup and durable notification, but not new work (12.323709ms)
✔ recovery preserves original ref ownership checks and never repeats ambiguous deletes (0.449834ms)
✔ concurrent 304 refunds only its own reservation and cannot erase other in-flight paid charges (0.940417ms)
✔ quota retry only retries an explicit read rejection, and accounts every attempt (121.962458ms)
✔ ordinary permission denial, write denial, and ambiguous write never retry (8.515ms)
✔ read retry respects its finite phase deadline and repeated concurrent exhaustion (31.440917ms)
✔ actual repository capacity overrides unrelated generic capacity (7.224375ms)
✔ secondary limits cannot masquerade as positive capacity (8.452709ms)
✔ invalid capacity headers fail closed and concurrent reads cannot replace probe headers (1.178333ms)
✔ capacity wait honors secondary retry-after before the next actual observation (0.302875ms)
✔ quota classifier rejects malformed or irrelevant error metadata (0.0765ms)
✔ scheduler with real zero capacity neither inventories the queue nor spends a dispatch attempt (5.260833ms)
✔ final paid-call allowance covers actual HTTP retries and preserves recovery capacity (4.072084ms)
✔ final deadline is checked before a retry actually sends HTTP (0.527834ms)
✔ accounting observes real repository headers without an extra capacity poll or retained secrets (11.871125ms)
✔ unknown or wrong-resource headers cannot manufacture an observed repository quota (0.240166ms)
✔ deployment classification quota refusal does not authorize a wasteful full-build fallback (2.231791ms)
✔ deployment transport ambiguity counts its attempt without inventing quota or retrying (4.388625ms)
✔ every unchanged authority reuse makes an authenticated network recheck and returns independent data (57.512541ms)
✔ changed head, contract and revocation are consumed rather than hidden by the snapshot (1.241958ms)
✔ authorization loss and an ambiguous write do not reuse a successful read or retry mutation (4.199833ms)
✔ route, page, client and credential boundaries never borrow another response (1.995167ms)
✔ missing or mismatched conditional responses cannot produce authority (3.711417ms)
✔ entry and byte bounds retain no oversized snapshot and overflow remains freshly read (0.577584ms)
✔ capacity probes, generic quota, blobs and writes never use conditional authority (39.946167ms)
✔ missing and malformed ETags erase the old binding (10.173917ms)
✔ successful full and focused workflows prove exact tree and pinned current attempt (6.0925ms)
✔ head metadata without explicit reviewed-head checkout never proves tested tree (2.061167ms)
✔ different complete tree or modified approved workflow/runner always falls back (4.245375ms)
✔ wrong head/event/repository/PR/path and incomplete or failed run cannot prove coverage (4.183833ms)
✔ missing/extra shard and skipped or incomplete required steps never count as successful coverage (15.776417ms)
✔ final pinned run reread rejects revoked proof (1.81125ms)
✔ explicit coordination allowlist defaults full for unknown/application/data/schema/import/deploy/rename impact (0.725125ms)
✔ final proof pins attempt and refuses a later successful rerun or missing/invalid attempt (5.701417ms)
✔ focused proof accepts complete controls without installing Node dependencies (2.195125ms)
✔ full proof refuses missing, failed, cancelled or skipped Node installation in any shard (7.618083ms)
✔ actual PR selector passes verified geography ownership and selects one evidence shard (6.215583ms)
✔ actual PR selector rejects missing claim (1.333125ms)
✔ actual PR selector rejects released claim (0.503208ms)
✔ actual PR selector rejects expired claim (0.552125ms)
✔ actual PR selector rejects wrong branch (0.854542ms)
✔ actual PR selector rejects wrong issue (0.207292ms)
✔ actual PR selector rejects wrong lane (0.324375ms)
✔ actual PR selector rejects closed issue (0.484167ms)
✔ actual PR selector rejects blocked issue (0.198416ms)
✔ actual PR selector rejects changed owned scope (0.164833ms)
✔ actual PR selector rejects unsafe prefixes (0.108625ms)
✔ actual PR selector rejects stale PR head (0.062ms)
✔ actual PR selector rejects incomplete file list (0.055792ms)
✔ actual PR selector rejects duplicate file inventory (0.285375ms)
✔ actual PR selector rejects missing issue reference (0.082458ms)
✔ actual PR selector defaults full for files and rename origins outside geography scope (1.430666ms)
✔ geography ownership read paginates canonical comments and changed files (0.632125ms)
✔ non-geography selectors preserve existing profiles without requesting geography ownership (0.199625ms)
✔ package CI coordination paths use focused tests while builders and runners stay full (0.08475ms)
✔ actual lease CLI accepted dispatch confirms ownership without a second write (367.223292ms)
✔ actual lease CLI uncertain dispatch confirms ownership without a second write (211.506834ms)
✔ actual cancelled lease CLI preserves checkpoint; rerunning observes the same identity without dispatch (238.96275ms)
✔ durable accepted result needs the current exact canonical claim and one bounded observation (1.763667ms)
✔ queued execution is discovered beyond the newest hundred and then observed by exact ID (0.4245ms)
✔ a partial canonical mutation and terminal cancelled execution never authorize work or redispatch (0.244ms)
✔ uncertain dispatch response is reconciled through the same durable result without a second write (0.194ms)
✔ long queued observation expires with the same request and bounded read count (0.41375ms)
✔ server rejection and pre-HTTP quota refusal do not fabricate an accepted or ambiguous dispatch (1.144959ms)
✔ changed canonical ownership and counterfeit results cannot confirm an old accepted request (0.919042ms)
✔ a temporary observation failure preserves the checkpoint without declaring execution terminal (0.287ms)
✔ actual workflow binds distinct five/ten minute budgets, with explicit finalization and attempt margins (1.80925ms)
✔ actual registration refuses a second 181-second wait inside its real remaining job budget (34.998208ms)
✔ 361-second wait is rejected before sleeping; short explicit GET retry succeeds and registers the same identity once (5.28825ms)
✔ setup, metadata and earlier requests are charged before another read or write is admitted (2.564833ms)
✔ primary reset shares the actual deadline and ordinary permission denial never retries (2.288792ms)
✔ oversleep rechecks admission and preserves the original quota cause without sending another HTTP attempt (2.526542ms)
✔ delayed body cannot turn an exhausted job into successful registration; wall clock rollback grants no extra time (3.232333ms)
✔ ambiguous write is attempted once; existing durable request replays without another POST (2.963041ms)
✔ bootstrap quota is not retried; complete unambiguous run/attempt authority is required before queue work (6.729667ms)
✔ scheduler capacity refusal stays distinct and consumes no dispatch attempt (2.749709ms)
✔ a quota wait during actual scheduling cannot backdate a new dispatch/recovery discovery window (1.240042ms)
✔ existing final HTTP-admission hook composes with job timing rather than replacing it (0.38025ms)
✔ actual CLI emits a controlled quota refusal and accounting with failing exit status before registration can advance (237.1525ms)
✔ executing workflow commit rejects newer-main timeout and mixed-vintage checkout before HTTP (0.377083ms)
✔ only staging-test shards prepare the immutable migration derivative (81.350375ms)
✔ two reviewed PRs sharing a base integrate serially without changing authored head (11.285917ms)
✔ conflicts and non-conflicting changes to reviewed bytes require intervention (2.494291ms)
✔ stale merge object and truncated inventories fail closed (0.810417ms)
✔ stale head or review and expired ownership prohibit integration (0.63725ms)
✔ failed or skipped candidate tests never merge an open PR (0.354875ms)
✔ base advances before or during final validation are retryable without branch updates (0.36275ms)
✔ latest failed or pending check replaces old success (0.115583ms)
✔ workflow separates untrusted candidate tests from write credentials and serializes the lifecycle (0.316458ms)
✔ commit status changing during final review prevents the merge (0.329042ms)
✔ trusted profile uses focused invariants only for isolated evidence and docs (0.168542ms)
✔ parallel full-regression shards cover each unit file once and focused profile retains core gates (32.454208ms)
✔ prepare pins successful exact-tree run; skipped candidate job merges only after final proof reread (3.40375ms)
✔ failed proof reread and stale main prevent merge despite prior accepted proof (3.203875ms)
✔ successful rerun after preparation invalidates the pinned attempt and refuses merge (0.638ms)
✔ late candidate fetch replaces initial stale metadata without branch writes (1.11ms)
✔ stale parents and unavailable candidates converge with revalidated authority (1.452833ms)
✔ permanently stale candidates are bounded and retain exact IDs before tree work (0.35675ms)
✔ candidate polling stops at its deadline even before exhausting attempts (0.184042ms)
✔ head/body changes and conflicts during refresh fail without integration or writes (1.96125ms)
✔ main and evidence vintage advances are not silently adopted while refreshing (1.140375ms)
✔ claim/check/review and issue authority is rechecked after waiting (2.969792ms)
✔ only candidate-object 404 is refreshable; access failures stop immediately (0.782084ms)
✔ post-wait main advance retains old expected and new observed base diagnostics (1.553042ms)
✔ post-convergence head change retains the new head in rejection diagnostics (0.27925ms)
✔ persistent automatic lag falls back to exact owned candidate without editing authored branches (0.904833ms)
✔ isolated conflict or wrong parents is rejected and only the owned ref is deleted (0.230417ms)
✔ fallback retains reviewed-byte and post-wait authority guards and cleans rejected candidates (0.527709ms)
✔ cleanup refuses another request, main/worker refs and changed owned refs (0.147625ms)
✔ failed cleanup retains its exact resource for inspection without hiding rejection (0.45175ms)
✔ isolated candidate follows the existing final tests/main/head merge guards (1.4695ms)
✔ unconfirmed ref creation identifies the resource without deleting a possible collision (0.134208ms)
✔ merged head cleanup deletes only confirmed unchanged same-repository unused worker heads (6.594917ms)
✔ unmerged, wrong head, fork, default, protected, advanced and shared heads are retained (1.755125ms)
✔ head cleanup checks paginated open PRs and fails conservatively on unknown identities or API failures (1.884709ms)
✔ successful integration records cleanup separately, including deletion failure and replay (2.526541ms)
✔ cleanup stops on time or inventory call budget without starting deletion after pending (1.796292ms)
✔ fresh geography success is required even when application proof is reusable (4.115ms)
✔ fresh geography success is recorded against exact combined commits (0.309958ms)
✔ green geography job cannot merge without its authenticated exact-combined report (0.363333ms)
✔ raw unresolved findings cannot be relabeled as a successful geography check (0.164125ms)
✔ trusted geography outputs bind attempted artifact digest through the privileged merge job (0.251958ms)
✔ known stale tested base or head rejects before expensive evidence/tree inspection (0.302458ms)
✔ candidate waiting rechecks changed claim/check/review/head after caching immutable evidence (0.997833ms)
✔ real composed gates retain engineering focused selection without factual approval (13.825917ms)
✔ real composed gates retain geography focused selection without factual approval (3.6715ms)
✔ real composed gates retain research focused selection without factual approval (7.079042ms)
✔ new required evidence cannot succeed using the legacy fixture (2.292167ms)
✔ code head change during byte/selection work prevents a coherent success (4.35475ms)
✔ contract change during byte/selection work prevents a coherent success (3.100959ms)
✔ disposition change during byte/selection work prevents a coherent success (2.516958ms)
✔ ownership change during byte/selection work prevents a coherent success (5.264208ms)
✔ ready label change during byte/selection work prevents a coherent success (4.240708ms)
✔ PR allowance change during byte/selection work prevents a coherent success (7.407667ms)
✔ ordinary progress and same-holder renewal do not invalidate disposition (2.911375ms)
✔ authenticated conditional reads reduce paid repeats while changed authority is still read (27.68825ms)
✔ a failed real gate closes transport and cannot publish profile outputs (1.161459ms)
✔ incomplete and duplicate changed-file inventories cannot produce focused success (3.157916ms)
✔ unavailable package definition retains conservative full verification (1.658417ms)
✔ a changed disposition is fetched through the real conditional client and rejected (5.480416ms)
✔ hosted gate timing charges actual setup and retains runner finalization margin (6.590583ms)
✔ exhausted actual job refuses before Git transport or PR work (1.421958ms)
✔ deadline refuses changed immutable workflow before expensive or mutable work (1.021208ms)
✔ deadline refuses missing literal budget before expensive or mutable work (0.901083ms)
✔ deadline refuses incomplete current job inventory before expensive or mutable work (2.789333ms)
✔ deadline refuses wrong run attempt before expensive or mutable work (0.880667ms)
✔ deadline refuses ambiguous phase before expensive or mutable work (3.29925ms)
✔ metadata-only engineering selection does not allocate evidence transport (3.279375ms)
✔ metadata-only geography selection does not allocate evidence transport (3.617167ms)
✔ metadata-only research selection does not allocate evidence transport (1.463042ms)
✔ independent evidence phase verifies bytes without selecting or waiting for tests (1.877958ms)
✔ independent evidence rejects unmet required evidence and changed ownership (1.240209ms)
✔ workflow starts real evidence independently, preserves test parallelism and separates edited-event cancellation (0.326041ms)
✔ parallel evidence phase binds its own actual job start and deadline (0.817208ms)
✔ real split gates reduce paid metadata repeats against independent old readers (7.22625ms)
ℹ {"fixture_only":true,"old":{"attempts":15,"paid":14,"revalidated":1},"split":{"attempts":19,"paid":11,"revalidated":8}}
✔ issue-claims.yml: actual sparse declarations include trusted module dependencies (184.986917ms)
✔ worker-merge.yml: actual sparse declarations include trusted module dependencies (825.710625ms)
✔ merge-integration-checks.yml: actual sparse declarations include trusted module dependencies (1166.745666ms)
✔ queue-readiness-audit.yml: actual sparse declarations include trusted module dependencies (160.184458ms)
✔ merge-scheduler.yml: actual sparse declarations include trusted module dependencies (299.53625ms)
✔ negative control: old scripts-only tree cannot load relocated regional gate (177.770125ms)
✔ sparse candidate still detects changes and rename sources outside the working tree (427.706875ms)
ℹ tests 242
ℹ suites 0
ℹ pass 242
ℹ fail 0
ℹ cancelled 0
ℹ skipped 0
ℹ todo 0
ℹ duration_ms 4020.793459
