✔ package applicability comes only from the enforced declaration (90.457625ms)
✔ renamed or copied runtime origins cannot hide behind documentation or receipt destinations (28.472417ms)
✔ PR inventory exhausts pages and catches a relevant path on a later page (7.736291ms)
✔ PR missing pages, changed heads, unavailable lookup and malformed inventories default full (2.679708ms)
✔ push before/after comparison includes rename origins and fails full for missing or capped inventories (6.117667ms)
✔ API failures use bounded authenticated read-only requests (28.930875ms)
✔ workflow keeps trusted bootstrap fallback and runs package checks only when their inputs can change (394.909041ms)
✔ promoting research is explicit and exact, without freezing implementation bytes (5.755458ms)
✔ unavailable or altered declaration bytes conservatively require the package build (0.386584ms)
✔ quota-blocked classification fails the required package job before expensive setup (0.328916ms)
✔ only read-only superseded PR work is cancelled; main package and merge scheduling remain separate (0.216542ms)
✔ observed reset and early capacity progress without swapping token or accepting timing (7.334459ms)
✔ no deficit causes no sleep and observed nondefault core limit owns admission (0.833875ms)
✔ invalid/null/rate denial data and disagreeing windows fail closed (1.361625ms)
✔ monotonic deadline bounds delayed reset despite wall-clock movement (12.423875ms)
✔ final bound includes declared and original blobs, fresh guards and source gates (0.667375ms)
✔ real tree/path/vintage inventory includes nonadded originals and verified OID reuse (21.906958ms)
✔ final capacity resolves each v2 historical path at its own ancestor commit and counts distinct bytes (0.727917ms)
✔ historical ancestry rejects behind (1.774583ms)
✔ historical ancestry rejects diverged (0.395583ms)
✔ historical ancestry rejects undefined (0.339333ms)
✔ historical capacity rejects unsupported-version before publication (0.342791ms)
✔ historical capacity rejects missing-commit before publication (0.218791ms)
✔ historical capacity rejects v1-per-file before publication (0.240291ms)
✔ historical capacity rejects duplicate before publication (0.223583ms)
✔ historical capacity rejects too-many-commits before publication (0.825666ms)
✔ historical capacity rejects truncated before publication (1.224333ms)
✔ historical capacity rejects symlink before publication (0.73725ms)
✔ historical capacity rejects missing-path before publication (0.709667ms)
✔ historical capacity rejects large-file before publication (0.650083ms)
✔ same-path historical vintages retain the aggregate remote-byte limit (1.197333ms)
✔ costly evidence inventory requires current issue and disposition bindings after activation (2.165709ms)
✔ capacity wait preserves same live ticket and invokes fresh FIFO authority (2.639417ms)
✔ changed claim while waiting rejects before costly output blobs (0.482833ms)
✔ changed claim-id while waiting rejects before costly output blobs (0.517292ms)
✔ changed review while waiting rejects before costly output blobs (0.457958ms)
✔ changed head while waiting rejects before costly output blobs (5.967459ms)
✔ changed base while waiting rejects before costly output blobs (0.805625ms)
✔ changed checks while waiting rejects before costly output blobs (2.727625ms)
✔ changed contract while waiting rejects before costly output blobs (0.61625ms)
✔ changed tree-mode while waiting rejects before costly output blobs (0.488458ms)
✔ changed tree-path while waiting rejects before costly output blobs (0.472875ms)
✔ paid-call bound sits below immutable reuse and reserves writes instead of charging cached passes (0.288167ms)
✔ planning retries retain original monotonic deadline and finite attempt bound: 100000 (0.952333ms)
✔ planning retries retain original monotonic deadline and finite attempt bound: 1000 (0.857833ms)
✔ complete final still validates every evidence byte after waiting and rejects changed authority (10.74025ms)
✔ modest planning capacity restarts the entire fresh inventory after observed reset in the same ticket (11.612583ms)
✔ competing consumption after probe and inventory growth never bypass calls or original denial (0.178209ms)
✔ same-token success capacity metadata never logs arbitrary bodies or headers (32.060125ms)
✔ real geographic artifact adapter cannot grow pagination outside final paid-call guard (12.867917ms)
✔ capacity excludes blob REST requests only after exact transport proves the entire bound inventory (1.829542ms)
✔ actual ZIP records: method 0, descriptor false (7.741208ms)
✔ actual ZIP records: method 0, descriptor true (0.259667ms)
✔ actual ZIP records: method 8, descriptor false (1.9095ms)
✔ actual ZIP records: method 8, descriptor true (0.189125ms)
✔ different valid report bytes cannot impersonate trusted job output (0.370958ms)
✔ path traversal, alternate names, symlinks and directories are rejected without extraction (0.314375ms)
✔ corrupt CRC, inconsistent directory, missing data and multiple entries fail closed (0.513375ms)
✔ inflation is bounded even when claimed uncompressed size is small (232.916542ms)
✔ bounded actual ZIP download authenticates only fixed API host, retains exact report digest (62.16575ms)
✔ missing trusted digest and poisoned same-name artifact are blocked (9.198167ms)
✔ duplicate, expired and incomplete artifact inventories are blocked (0.601292ms)
✔ foreign or credential-bearing delivery addresses never receive a fetch (0.812458ms)
✔ real shared client accounts inventory and redirect, signed delivery remains token-free (1.347291ms)
✔ shared admission refusal stops artifact download before credential-free delivery (0.966916ms)
✔ one exact-OID batch replaces blob REST reads while mutable authority remains fresh (356.515709ms)
✔ malformed inventory, wrong repository, oversized objects and conflicting sizes are rejected before fetch (49.714084ms)
✔ truncated or corrupted object bytes never become successful evidence (169.447ms)
✔ failed fetch publishes no cache entry and never exposes credentials (48.404125ms)
✔ missing object in a partial batch fails without accepting the available prefix (258.690459ms)
✔ a burst of launched reads drains without consuming the recovery floor (50.321083ms)
✔ higher stale counters and an early different reset cannot mint capacity (0.777208ms)
✔ later reset headers cannot perpetually postpone the first authenticated recovery window (2.077375ms)
✔ an authenticated unchanged response refunds the conservative possible paid attempt (0.879875ms)
✔ a reset timestamp never grants unobserved capacity and a fresh positive probe is required (1.096292ms)
✔ a first mutation requires positive actual capacity, never retries and preserves ambiguity (0.7165ms)
✔ missing core headers cannot support further authenticated work (0.247916ms)
✔ available capacity imposes no artificial sleeps and actual remaining deadline still binds reads/writes (0.423708ms)
✔ artifact redirect consumes shared admission and preserves fixed-host credentials (0.381958ms)
✔ artifact redirects cannot bypass a known quota floor or fetch another host (0.591291ms)
✔ protected capacity can finish exact owned cleanup and durable notification, but not new work (8.490167ms)
✔ recovery preserves original ref ownership checks and never repeats ambiguous deletes (0.380833ms)
✔ concurrent 304 refunds only its own reservation and cannot erase other in-flight paid charges (0.374541ms)
✔ quota retry only retries an explicit read rejection, and accounts every attempt (28.466417ms)
✔ ordinary permission denial, write denial, and ambiguous write never retry (3.811375ms)
✔ read retry respects its finite phase deadline and repeated concurrent exhaustion (0.601542ms)
✔ actual repository capacity overrides unrelated generic capacity (0.335459ms)
✔ secondary limits cannot masquerade as positive capacity (0.288791ms)
✔ invalid capacity headers fail closed and concurrent reads cannot replace probe headers (0.575792ms)
✔ capacity wait honors secondary retry-after before the next actual observation (0.236834ms)
✔ quota classifier rejects malformed or irrelevant error metadata (0.068792ms)
✔ scheduler with real zero capacity neither inventories the queue nor spends a dispatch attempt (2.577708ms)
✔ final paid-call allowance covers actual HTTP retries and preserves recovery capacity (0.738208ms)
✔ final deadline is checked before a retry actually sends HTTP (0.29475ms)
✔ accounting observes real repository headers without an extra capacity poll or retained secrets (0.7425ms)
✔ unknown or wrong-resource headers cannot manufacture an observed repository quota (0.135208ms)
✔ deployment classification quota refusal does not authorize a wasteful full-build fallback (4.7615ms)
✔ deployment transport ambiguity counts its attempt without inventing quota or retrying (2.316292ms)
✔ every unchanged authority reuse makes an authenticated network recheck and returns independent data (27.242792ms)
✔ changed head, contract and revocation are consumed rather than hidden by the snapshot (0.622291ms)
✔ authorization loss and an ambiguous write do not reuse a successful read or retry mutation (2.42175ms)
✔ route, page, client and credential boundaries never borrow another response (2.768334ms)
✔ missing or mismatched conditional responses cannot produce authority (0.673125ms)
✔ entry and byte bounds retain no oversized snapshot and overflow remains freshly read (0.345625ms)
✔ capacity probes, generic quota, blobs and writes never use conditional authority (0.693208ms)
✔ missing and malformed ETags erase the old binding (0.516875ms)
✔ successful full and focused workflows prove exact tree and pinned current attempt (1.965291ms)
✔ head metadata without explicit reviewed-head checkout never proves tested tree (0.193333ms)
✔ different complete tree or modified approved workflow/runner always falls back (0.302959ms)
✔ wrong head/event/repository/PR/path and incomplete or failed run cannot prove coverage (0.493541ms)
✔ missing/extra shard and skipped or incomplete required steps never count as successful coverage (0.6805ms)
✔ final pinned run reread rejects revoked proof (0.265583ms)
✔ explicit coordination allowlist defaults full for unknown/application/data/schema/import/deploy/rename impact (0.431125ms)
✔ final proof pins attempt and refuses a later successful rerun or missing/invalid attempt (0.351792ms)
✔ focused proof accepts complete controls without installing Node dependencies (0.797625ms)
✔ full proof refuses missing, failed, cancelled or skipped Node installation in any shard (1.451958ms)
✔ actual PR selector passes verified geography ownership and selects one evidence shard (7.862792ms)
✔ actual PR selector rejects missing claim (1.043542ms)
✔ actual PR selector rejects released claim (0.188166ms)
✔ actual PR selector rejects expired claim (0.129625ms)
✔ actual PR selector rejects wrong branch (0.20875ms)
✔ actual PR selector rejects wrong issue (0.123ms)
✔ actual PR selector rejects wrong lane (0.156417ms)
✔ actual PR selector rejects closed issue (0.423208ms)
✔ actual PR selector rejects blocked issue (0.2925ms)
✔ actual PR selector rejects changed owned scope (0.201041ms)
✔ actual PR selector rejects unsafe prefixes (0.125ms)
✔ actual PR selector rejects stale PR head (0.064792ms)
✔ actual PR selector rejects incomplete file list (0.061375ms)
✔ actual PR selector rejects duplicate file inventory (0.300958ms)
✔ actual PR selector rejects missing issue reference (0.117042ms)
✔ actual PR selector defaults full for files and rename origins outside geography scope (1.308125ms)
✔ geography ownership read paginates canonical comments and changed files (0.733792ms)
✔ non-geography selectors preserve existing profiles without requesting geography ownership (0.330791ms)
✔ package CI coordination paths use focused tests while builders and runners stay full (0.092333ms)
✔ durable writer publishes complete checkpoints and serializes only its owned receipt (33.274292ms)
✔ external replacement cannot be silently overwritten by checkpoint publication (16.260625ms)
✔ dead owner lock permits resume while retaining original pending identity (78.308375ms)
✔ symlink output and invalid collisions preserve existing bytes without leaking lock (4.288666ms)
✔ actual lease CLI accepted dispatch confirms ownership without a second write (376.80475ms)
✔ actual lease CLI uncertain dispatch confirms ownership without a second write (356.351416ms)
✔ actual cancelled lease CLI preserves checkpoint; rerunning observes the same identity without dispatch (320.872625ms)
✔ actual lease CLI rejects missing output before any HTTP (42.944417ms)
✔ actual lease CLI rejects collision output before any HTTP (42.250917ms)
✔ actual lease CLI rejects symlink output before any HTTP (43.5635ms)
✔ durable accepted result needs the current exact canonical claim and one bounded observation (1.195917ms)
✔ queued execution is discovered beyond the newest hundred and then observed by exact ID (0.379667ms)
✔ a partial canonical mutation and terminal cancelled execution never authorize work or redispatch (0.233416ms)
✔ uncertain dispatch response is reconciled through the same durable result without a second write (0.201625ms)
✔ long queued observation expires with the same request and bounded read count (0.222583ms)
✔ server rejection and pre-HTTP quota refusal do not fabricate an accepted or ambiguous dispatch (1.625375ms)
✔ changed canonical ownership and counterfeit results cannot confirm an old accepted request (0.350334ms)
✔ a temporary observation failure preserves the checkpoint without declaring execution terminal (0.160083ms)
✔ actual workflow binds distinct five/ten minute budgets, with explicit finalization and attempt margins (6.479583ms)
✔ actual registration refuses a second 181-second wait inside its real remaining job budget (83.381ms)
✔ 361-second wait is rejected before sleeping; short explicit GET retry succeeds and registers the same identity once (3.143ms)
✔ setup, metadata and earlier requests are charged before another read or write is admitted (1.431458ms)
✔ primary reset shares the actual deadline and ordinary permission denial never retries (1.218625ms)
✔ oversleep rechecks admission and preserves the original quota cause without sending another HTTP attempt (0.533917ms)
✔ delayed body cannot turn an exhausted job into successful registration; wall clock rollback grants no extra time (1.438917ms)
✔ ambiguous write is attempted once; existing durable request replays without another POST (2.812458ms)
✔ bootstrap quota is not retried; complete unambiguous run/attempt authority is required before queue work (6.375917ms)
✔ scheduler capacity refusal stays distinct and consumes no dispatch attempt (2.563958ms)
✔ a quota wait during actual scheduling cannot backdate a new dispatch/recovery discovery window (4.519625ms)
✔ existing final HTTP-admission hook composes with job timing rather than replacing it (0.485292ms)
✔ actual CLI emits a controlled quota refusal and accounting with failing exit status before registration can advance (227.853833ms)
✔ executing workflow commit rejects newer-main timeout and mixed-vintage checkout before HTTP (0.521ms)
✔ only staging-test shards prepare the immutable migration derivative (72.36ms)
✔ two reviewed PRs sharing a base integrate serially without changing authored head (15.445083ms)
✔ conflicts and non-conflicting changes to reviewed bytes require intervention (0.843791ms)
✔ stale merge object and truncated inventories fail closed (1.353875ms)
✔ stale head or review and expired ownership prohibit integration (0.974959ms)
✔ failed or skipped candidate tests never merge an open PR (0.536167ms)
✔ base advances before or during final validation are retryable without branch updates (0.236625ms)
✔ latest failed or pending check replaces old success (0.115958ms)
✔ workflow separates untrusted candidate tests from write credentials and serializes the lifecycle (0.348959ms)
✔ commit status changing during final review prevents the merge (0.370458ms)
✔ trusted profile uses focused invariants only for isolated evidence and docs (0.173833ms)
✔ parallel full-regression shards cover each unit file once and focused profile retains core gates (72.339292ms)
✔ prepare pins successful exact-tree run; skipped candidate job merges only after final proof reread (1.857584ms)
✔ failed proof reread and stale main prevent merge despite prior accepted proof (3.154291ms)
✔ successful rerun after preparation invalidates the pinned attempt and refuses merge (1.490875ms)
✔ late candidate fetch replaces initial stale metadata without branch writes (0.913375ms)
✔ stale parents and unavailable candidates converge with revalidated authority (0.713334ms)
✔ permanently stale candidates are bounded and retain exact IDs before tree work (0.98725ms)
✔ candidate polling stops at its deadline even before exhausting attempts (0.933709ms)
✔ head/body changes and conflicts during refresh fail without integration or writes (0.846584ms)
✔ main and evidence vintage advances are not silently adopted while refreshing (0.863458ms)
✔ claim/check/review and issue authority is rechecked after waiting (2.871625ms)
✔ only candidate-object 404 is refreshable; access failures stop immediately (0.618917ms)
✔ post-wait main advance retains old expected and new observed base diagnostics (0.287416ms)
✔ post-convergence head change retains the new head in rejection diagnostics (0.232042ms)
✔ persistent automatic lag falls back to exact owned candidate without editing authored branches (0.924583ms)
✔ isolated conflict or wrong parents is rejected and only the owned ref is deleted (0.240958ms)
✔ fallback retains reviewed-byte and post-wait authority guards and cleans rejected candidates (2.985875ms)
✔ cleanup refuses another request, main/worker refs and changed owned refs (0.653291ms)
✔ failed cleanup retains its exact resource for inspection without hiding rejection (2.610958ms)
✔ isolated candidate follows the existing final tests/main/head merge guards (2.454166ms)
✔ unconfirmed ref creation identifies the resource without deleting a possible collision (0.263833ms)
✔ merged head cleanup deletes only confirmed unchanged same-repository unused worker heads (0.491417ms)
✔ unmerged, wrong head, fork, default, protected, advanced and shared heads are retained (0.563625ms)
✔ head cleanup checks paginated open PRs and fails conservatively on unknown identities or API failures (0.556042ms)
✔ successful integration records cleanup separately, including deletion failure and replay (0.716042ms)
✔ cleanup stops on time or inventory call budget without starting deletion after pending (1.36825ms)
✔ fresh geography success is required even when application proof is reusable (4.301791ms)
✔ fresh geography success is recorded against exact combined commits (0.258291ms)
✔ green geography job cannot merge without its authenticated exact-combined report (0.396792ms)
✔ raw unresolved findings cannot be relabeled as a successful geography check (0.186667ms)
✔ trusted geography outputs bind attempted artifact digest through the privileged merge job (0.2475ms)
✔ known stale tested base or head rejects before expensive evidence/tree inspection (0.312875ms)
✔ candidate waiting rechecks changed claim/check/review/head after caching immutable evidence (2.322042ms)
✔ real composed gates retain engineering focused selection without factual approval (21.752417ms)
✔ real composed gates retain geography focused selection without factual approval (11.018542ms)
✔ real composed gates retain research focused selection without factual approval (3.968208ms)
✔ new required evidence cannot succeed using the legacy fixture (2.99375ms)
✔ code head change during byte/selection work prevents a coherent success (6.345875ms)
✔ contract change during byte/selection work prevents a coherent success (6.510791ms)
✔ disposition change during byte/selection work prevents a coherent success (3.884917ms)
✔ ownership change during byte/selection work prevents a coherent success (8.242167ms)
✔ ready label change during byte/selection work prevents a coherent success (3.583875ms)
✔ PR allowance change during byte/selection work prevents a coherent success (4.139292ms)
✔ ordinary progress and same-holder renewal do not invalidate disposition (5.266208ms)
✔ authenticated conditional reads reduce paid repeats while changed authority is still read (38.176ms)
✔ a failed real gate closes transport and cannot publish profile outputs (2.3235ms)
✔ incomplete and duplicate changed-file inventories cannot produce focused success (7.117916ms)
✔ unavailable package definition retains conservative full verification (1.839417ms)
✔ a changed disposition is fetched through the real conditional client and rejected (4.723041ms)
✔ hosted gate timing charges actual setup and retains runner finalization margin (9.258958ms)
✔ exhausted actual job refuses before Git transport or PR work (1.23325ms)
✔ deadline refuses changed immutable workflow before expensive or mutable work (1.506625ms)
✔ deadline refuses missing literal budget before expensive or mutable work (3.827541ms)
✔ deadline refuses incomplete current job inventory before expensive or mutable work (1.30175ms)
✔ deadline refuses wrong run attempt before expensive or mutable work (1.1525ms)
✔ deadline refuses ambiguous phase before expensive or mutable work (1.951416ms)
✔ metadata-only engineering selection does not allocate evidence transport (3.325875ms)
✔ metadata-only geography selection does not allocate evidence transport (3.328541ms)
✔ metadata-only research selection does not allocate evidence transport (1.401792ms)
✔ independent evidence phase verifies bytes without selecting or waiting for tests (1.123625ms)
✔ independent evidence rejects unmet required evidence and changed ownership (1.835041ms)
✔ workflow starts real evidence independently, preserves test parallelism and separates edited-event cancellation (0.84325ms)
✔ parallel evidence phase binds its own actual job start and deadline (1.331125ms)
✔ real split gates reduce paid metadata repeats against independent old readers (8.967458ms)
ℹ {"fixture_only":true,"old":{"attempts":15,"paid":14,"revalidated":1},"split":{"attempts":19,"paid":11,"revalidated":8}}
✔ issue-claims.yml: actual sparse declarations include trusted module dependencies (345.866ms)
✔ worker-merge.yml: actual sparse declarations include trusted module dependencies (741.409583ms)
✔ merge-integration-checks.yml: actual sparse declarations include trusted module dependencies (905.153541ms)
✔ queue-readiness-audit.yml: actual sparse declarations include trusted module dependencies (121.154167ms)
✔ merge-scheduler.yml: actual sparse declarations include trusted module dependencies (260.738292ms)
✔ negative control: old scripts-only tree cannot load relocated regional gate (110.290792ms)
✔ sparse candidate still detects changes and rename sources outside the working tree (388.268083ms)
ℹ tests 249
ℹ suites 0
ℹ pass 249
ℹ fail 0
ℹ cancelled 0
ℹ skipped 0
ℹ todo 0
ℹ duration_ms 3476.838417
