✔ package applicability comes only from the enforced declaration (182.731417ms)
✔ renamed or copied runtime origins cannot hide behind documentation or receipt destinations (22.105417ms)
✔ PR inventory exhausts pages and catches a relevant path on a later page (13.118083ms)
✔ PR missing pages, changed heads, unavailable lookup and malformed inventories default full (1.875584ms)
✔ push before/after comparison includes rename origins and fails full for missing or capped inventories (3.808416ms)
✔ API failures use bounded authenticated read-only requests (52.420375ms)
✔ workflow keeps trusted bootstrap fallback and runs package checks only when their inputs can change (568.153583ms)
✔ promoting research is explicit and exact, without freezing implementation bytes (4.102ms)
✔ unavailable or altered declaration bytes conservatively require the package build (0.48075ms)
✔ quota-blocked classification fails the required package job before expensive setup (0.300458ms)
✔ only read-only superseded PR work is cancelled; main package and merge scheduling remain separate (0.234791ms)
✔ observed reset and early capacity progress without swapping token or accepting timing (16.474584ms)
✔ no deficit causes no sleep and observed nondefault core limit owns admission (1.462209ms)
✔ invalid/null/rate denial data and disagreeing windows fail closed (1.25425ms)
✔ monotonic deadline bounds delayed reset despite wall-clock movement (0.300875ms)
✔ final bound includes declared and original blobs, fresh guards and source gates (0.433833ms)
✔ real tree/path/vintage inventory includes nonadded originals and verified OID reuse (22.203042ms)
✔ final capacity resolves each v2 historical path at its own ancestor commit and counts distinct bytes (1.311958ms)
✔ historical ancestry rejects behind (5.936666ms)
✔ historical ancestry rejects diverged (1.523167ms)
✔ historical ancestry rejects undefined (0.410542ms)
✔ historical capacity rejects unsupported-version before publication (0.34475ms)
✔ historical capacity rejects missing-commit before publication (0.24275ms)
✔ historical capacity rejects v1-per-file before publication (0.238292ms)
✔ historical capacity rejects duplicate before publication (0.228541ms)
✔ historical capacity rejects too-many-commits before publication (0.324375ms)
✔ historical capacity rejects truncated before publication (0.261375ms)
✔ historical capacity rejects symlink before publication (0.275ms)
✔ historical capacity rejects missing-path before publication (0.23375ms)
✔ historical capacity rejects large-file before publication (0.198583ms)
✔ same-path historical vintages retain the aggregate remote-byte limit (0.455791ms)
✔ costly evidence inventory requires current issue and disposition bindings after activation (15.149625ms)
✔ capacity wait preserves same live ticket and invokes fresh FIFO authority (23.163458ms)
✔ changed claim while waiting rejects before costly output blobs (0.797709ms)
✔ changed claim-id while waiting rejects before costly output blobs (2.391917ms)
✔ changed review while waiting rejects before costly output blobs (8.034708ms)
✔ changed head while waiting rejects before costly output blobs (3.578125ms)
✔ changed base while waiting rejects before costly output blobs (3.391375ms)
✔ changed checks while waiting rejects before costly output blobs (1.766875ms)
✔ changed contract while waiting rejects before costly output blobs (2.8135ms)
✔ changed tree-mode while waiting rejects before costly output blobs (1.152834ms)
✔ changed tree-path while waiting rejects before costly output blobs (1.060833ms)
✔ paid-call bound sits below immutable reuse and reserves writes instead of charging cached passes (0.838625ms)
✔ planning retries retain original monotonic deadline and finite attempt bound: 100000 (23.985208ms)
✔ planning retries retain original monotonic deadline and finite attempt bound: 1000 (11.289375ms)
✔ complete final still validates every evidence byte after waiting and rejects changed authority (11.925708ms)
✔ modest planning capacity restarts the entire fresh inventory after observed reset in the same ticket (32.887667ms)
✔ competing consumption after probe and inventory growth never bypass calls or original denial (0.149834ms)
✔ same-token success capacity metadata never logs arbitrary bodies or headers (38.315625ms)
✔ real geographic artifact adapter cannot grow pagination outside final paid-call guard (7.496625ms)
✔ capacity excludes blob REST requests only after exact transport proves the entire bound inventory (0.657625ms)
✔ actual ZIP records: method 0, descriptor false (6.958042ms)
✔ actual ZIP records: method 0, descriptor true (0.470667ms)
✔ actual ZIP records: method 8, descriptor false (5.5745ms)
✔ actual ZIP records: method 8, descriptor true (0.524833ms)
✔ different valid report bytes cannot impersonate trusted job output (1.108166ms)
✔ path traversal, alternate names, symlinks and directories are rejected without extraction (0.877625ms)
✔ corrupt CRC, inconsistent directory, missing data and multiple entries fail closed (1.24825ms)
✔ inflation is bounded even when claimed uncompressed size is small (310.010333ms)
✔ bounded actual ZIP download authenticates only fixed API host, retains exact report digest (42.798208ms)
✔ missing trusted digest and poisoned same-name artifact are blocked (2.722625ms)
✔ duplicate, expired and incomplete artifact inventories are blocked (0.201625ms)
✔ foreign or credential-bearing delivery addresses never receive a fetch (3.049666ms)
✔ real shared client accounts inventory and redirect, signed delivery remains token-free (1.698292ms)
✔ shared admission refusal stops artifact download before credential-free delivery (1.159583ms)
✔ one exact-OID batch replaces blob REST reads while mutable authority remains fresh (499.037167ms)
✔ malformed inventory, wrong repository, oversized objects and conflicting sizes are rejected before fetch (79.240916ms)
✔ truncated or corrupted object bytes never become successful evidence (175.680875ms)
✔ failed fetch publishes no cache entry and never exposes credentials (43.794ms)
✔ missing object in a partial batch fails without accepting the available prefix (226.449833ms)
✔ a burst of launched reads drains without consuming the recovery floor (92.500167ms)
✔ higher stale counters and an early different reset cannot mint capacity (2.37725ms)
✔ later reset headers cannot perpetually postpone the first authenticated recovery window (0.979583ms)
✔ an authenticated unchanged response refunds the conservative possible paid attempt (2.269166ms)
✔ a reset timestamp never grants unobserved capacity and a fresh positive probe is required (1.6925ms)
✔ a first mutation requires positive actual capacity, never retries and preserves ambiguity (0.945ms)
✔ missing core headers cannot support further authenticated work (0.289791ms)
✔ available capacity imposes no artificial sleeps and actual remaining deadline still binds reads/writes (32.898792ms)
✔ artifact redirect consumes shared admission and preserves fixed-host credentials (1.350083ms)
✔ artifact redirects cannot bypass a known quota floor or fetch another host (1.506667ms)
✔ protected capacity can finish exact owned cleanup and durable notification, but not new work (9.846666ms)
✔ recovery preserves original ref ownership checks and never repeats ambiguous deletes (0.409083ms)
✔ concurrent 304 refunds only its own reservation and cannot erase other in-flight paid charges (0.403167ms)
✔ quota retry only retries an explicit read rejection, and accounts every attempt (64.686375ms)
✔ ordinary permission denial, write denial, and ambiguous write never retry (2.28525ms)
✔ read retry respects its finite phase deadline and repeated concurrent exhaustion (0.636708ms)
✔ actual repository capacity overrides unrelated generic capacity (0.661333ms)
✔ secondary limits cannot masquerade as positive capacity (0.9785ms)
✔ invalid capacity headers fail closed and concurrent reads cannot replace probe headers (2.637833ms)
✔ capacity wait honors secondary retry-after before the next actual observation (0.940375ms)
✔ quota classifier rejects malformed or irrelevant error metadata (0.084375ms)
✔ scheduler with real zero capacity neither inventories the queue nor spends a dispatch attempt (14.616375ms)
✔ final paid-call allowance covers actual HTTP retries and preserves recovery capacity (2.055417ms)
✔ final deadline is checked before a retry actually sends HTTP (1.113542ms)
✔ accounting observes real repository headers without an extra capacity poll or retained secrets (2.217583ms)
✔ unknown or wrong-resource headers cannot manufacture an observed repository quota (0.385292ms)
✔ deployment classification quota refusal does not authorize a wasteful full-build fallback (10.62ms)
✔ deployment transport ambiguity counts its attempt without inventing quota or retrying (0.31225ms)
✔ every unchanged authority reuse makes an authenticated network recheck and returns independent data (77.850167ms)
✔ changed head, contract and revocation are consumed rather than hidden by the snapshot (0.66425ms)
✔ authorization loss and an ambiguous write do not reuse a successful read or retry mutation (1.048208ms)
✔ route, page, client and credential boundaries never borrow another response (4.610667ms)
✔ missing or mismatched conditional responses cannot produce authority (0.896958ms)
✔ entry and byte bounds retain no oversized snapshot and overflow remains freshly read (1.142333ms)
✔ capacity probes, generic quota, blobs and writes never use conditional authority (1.145292ms)
✔ missing and malformed ETags erase the old binding (2.900167ms)
✔ successful full and focused workflows prove exact tree and pinned current attempt (4.614084ms)
✔ head metadata without explicit reviewed-head checkout never proves tested tree (0.237875ms)
✔ different complete tree or modified approved workflow/runner always falls back (0.535667ms)
✔ wrong head/event/repository/PR/path and incomplete or failed run cannot prove coverage (0.742417ms)
✔ missing/extra shard and skipped or incomplete required steps never count as successful coverage (0.734708ms)
✔ final pinned run reread rejects revoked proof (0.366084ms)
✔ explicit coordination allowlist defaults full for unknown/application/data/schema/import/deploy/rename impact (0.322875ms)
✔ final proof pins attempt and refuses a later successful rerun or missing/invalid attempt (0.273458ms)
✔ focused proof accepts complete controls without installing Node dependencies (0.1395ms)
✔ full proof refuses missing, failed, cancelled or skipped Node installation in any shard (1.335ms)
✔ actual PR selector passes verified geography ownership and selects one evidence shard (3.006333ms)
✔ actual PR selector rejects missing claim (0.343792ms)
✔ actual PR selector rejects released claim (0.139875ms)
✔ actual PR selector rejects expired claim (0.118625ms)
✔ actual PR selector rejects wrong branch (0.13975ms)
✔ actual PR selector rejects wrong issue (0.114542ms)
✔ actual PR selector rejects wrong lane (0.108ms)
✔ actual PR selector rejects closed issue (0.114875ms)
✔ actual PR selector rejects blocked issue (0.126666ms)
✔ actual PR selector rejects changed owned scope (0.129ms)
✔ actual PR selector rejects unsafe prefixes (0.095959ms)
✔ actual PR selector rejects stale PR head (0.054375ms)
✔ actual PR selector rejects incomplete file list (0.058583ms)
✔ actual PR selector rejects duplicate file inventory (0.071375ms)
✔ actual PR selector rejects missing issue reference (0.062333ms)
✔ actual PR selector defaults full for files and rename origins outside geography scope (0.250875ms)
✔ geography ownership read paginates canonical comments and changed files (0.229958ms)
✔ non-geography selectors preserve existing profiles without requesting geography ownership (0.139875ms)
✔ package CI coordination paths use focused tests while builders and runners stay full (0.071125ms)
✔ durable writer publishes complete checkpoints and serializes only its owned receipt (56.697791ms)
✔ external replacement cannot be silently overwritten by checkpoint publication (14.576875ms)
✔ dead owner lock permits resume while retaining original pending identity (113.442625ms)
✔ symlink output and invalid collisions preserve existing bytes without leaking lock (4.316291ms)
✔ nonpending JSON null is preserved (7.860208ms)
✔ nonpending JSON false is preserved (7.966791ms)
✔ nonpending JSON 0 is preserved (3.115917ms)
✔ nonpending JSON "" is preserved (1.879ms)
✔ nonpending JSON [] is preserved (1.332417ms)
✔ nonpending JSON {} is preserved (3.303125ms)
✔ actual lease CLI accepted dispatch confirms ownership without a second write (401.541542ms)
✔ actual lease CLI uncertain dispatch confirms ownership without a second write (358.631875ms)
✔ actual cancelled lease CLI preserves checkpoint; rerunning observes the same identity without dispatch (510.021292ms)
✔ actual lease CLI rejects missing output before any HTTP (76.614916ms)
✔ actual lease CLI rejects collision output before any HTTP (64.883291ms)
✔ actual lease CLI rejects symlink output before any HTTP (61.654083ms)
✔ durable accepted result needs the current exact canonical claim and one bounded observation (2.984708ms)
✔ queued execution is discovered beyond the newest hundred and then observed by exact ID (1.092333ms)
✔ a partial canonical mutation and terminal cancelled execution never authorize work or redispatch (0.687333ms)
✔ uncertain dispatch response is reconciled through the same durable result without a second write (0.517959ms)
✔ long queued observation expires with the same request and bounded read count (0.55875ms)
✔ server rejection and pre-HTTP quota refusal do not fabricate an accepted or ambiguous dispatch (2.080708ms)
✔ changed canonical ownership and counterfeit results cannot confirm an old accepted request (0.342417ms)
✔ a temporary observation failure preserves the checkpoint without declaring execution terminal (0.151625ms)
✔ actual workflow binds distinct five/ten minute budgets, with explicit finalization and attempt margins (3.931917ms)
✔ actual registration refuses a second 181-second wait inside its real remaining job budget (30.842959ms)
✔ 361-second wait is rejected before sleeping; short explicit GET retry succeeds and registers the same identity once (38.6975ms)
✔ setup, metadata and earlier requests are charged before another read or write is admitted (1.197334ms)
✔ primary reset shares the actual deadline and ordinary permission denial never retries (1.341958ms)
✔ oversleep rechecks admission and preserves the original quota cause without sending another HTTP attempt (0.487042ms)
✔ delayed body cannot turn an exhausted job into successful registration; wall clock rollback grants no extra time (1.919209ms)
✔ ambiguous write is attempted once; existing durable request replays without another POST (2.440875ms)
✔ bootstrap quota is not retried; complete unambiguous run/attempt authority is required before queue work (10.255958ms)
✔ scheduler capacity refusal stays distinct and consumes no dispatch attempt (4.462833ms)
✔ a quota wait during actual scheduling cannot backdate a new dispatch/recovery discovery window (1.637958ms)
✔ existing final HTTP-admission hook composes with job timing rather than replacing it (0.611667ms)
✔ actual CLI emits a controlled quota refusal and accounting with failing exit status before registration can advance (273.518875ms)
✔ executing workflow commit rejects newer-main timeout and mixed-vintage checkout before HTTP (0.406667ms)
✔ only staging-test shards prepare the immutable migration derivative (51.59625ms)
✔ two reviewed PRs sharing a base integrate serially without changing authored head (10.839459ms)
✔ conflicts and non-conflicting changes to reviewed bytes require intervention (0.554917ms)
✔ stale merge object and truncated inventories fail closed (1.877541ms)
✔ stale head or review and expired ownership prohibit integration (1.397458ms)
✔ failed or skipped candidate tests never merge an open PR (0.741875ms)
✔ base advances before or during final validation are retryable without branch updates (0.237666ms)
✔ latest failed or pending check replaces old success (0.12475ms)
✔ workflow separates untrusted candidate tests from write credentials and serializes the lifecycle (1.237417ms)
✔ commit status changing during final review prevents the merge (0.438959ms)
✔ trusted profile uses focused invariants only for isolated evidence and docs (0.180584ms)
✔ parallel full-regression shards cover each unit file once and focused profile retains core gates (56.268708ms)
✔ prepare pins successful exact-tree run; skipped candidate job merges only after final proof reread (1.814125ms)
✔ failed proof reread and stale main prevent merge despite prior accepted proof (2.457167ms)
✔ successful rerun after preparation invalidates the pinned attempt and refuses merge (2.501125ms)
✔ late candidate fetch replaces initial stale metadata without branch writes (0.660167ms)
✔ stale parents and unavailable candidates converge with revalidated authority (0.703958ms)
✔ permanently stale candidates are bounded and retain exact IDs before tree work (1.090666ms)
✔ candidate polling stops at its deadline even before exhausting attempts (0.260792ms)
✔ head/body changes and conflicts during refresh fail without integration or writes (1.979583ms)
✔ main and evidence vintage advances are not silently adopted while refreshing (0.58125ms)
✔ claim/check/review and issue authority is rechecked after waiting (1.684ms)
✔ only candidate-object 404 is refreshable; access failures stop immediately (0.477958ms)
✔ post-wait main advance retains old expected and new observed base diagnostics (0.271833ms)
✔ post-convergence head change retains the new head in rejection diagnostics (0.217792ms)
✔ persistent automatic lag falls back to exact owned candidate without editing authored branches (0.897375ms)
✔ isolated conflict or wrong parents is rejected and only the owned ref is deleted (0.41675ms)
✔ fallback retains reviewed-byte and post-wait authority guards and cleans rejected candidates (0.634666ms)
✔ cleanup refuses another request, main/worker refs and changed owned refs (0.188375ms)
✔ failed cleanup retains its exact resource for inspection without hiding rejection (0.655708ms)
✔ isolated candidate follows the existing final tests/main/head merge guards (1.9175ms)
✔ unconfirmed ref creation identifies the resource without deleting a possible collision (0.192666ms)
✔ merged head cleanup deletes only confirmed unchanged same-repository unused worker heads (0.458459ms)
✔ unmerged, wrong head, fork, default, protected, advanced and shared heads are retained (1.805875ms)
✔ head cleanup checks paginated open PRs and fails conservatively on unknown identities or API failures (2.168542ms)
✔ successful integration records cleanup separately, including deletion failure and replay (3.956375ms)
✔ cleanup stops on time or inventory call budget without starting deletion after pending (2.432542ms)
✔ fresh geography success is required even when application proof is reusable (4.524708ms)
✔ fresh geography success is recorded against exact combined commits (0.329083ms)
✔ green geography job cannot merge without its authenticated exact-combined report (0.400875ms)
✔ raw unresolved findings cannot be relabeled as a successful geography check (0.175792ms)
✔ trusted geography outputs bind attempted artifact digest through the privileged merge job (0.265042ms)
✔ known stale tested base or head rejects before expensive evidence/tree inspection (0.385042ms)
✔ candidate waiting rechecks changed claim/check/review/head after caching immutable evidence (2.271417ms)
✔ real composed gates retain engineering focused selection without factual approval (22.734959ms)
✔ real composed gates retain geography focused selection without factual approval (20.84375ms)
✔ real composed gates retain research focused selection without factual approval (7.825709ms)
✔ new required evidence cannot succeed using the legacy fixture (4.647292ms)
✔ code head change during byte/selection work prevents a coherent success (5.268083ms)
✔ contract change during byte/selection work prevents a coherent success (3.335375ms)
✔ disposition change during byte/selection work prevents a coherent success (3.009916ms)
✔ ownership change during byte/selection work prevents a coherent success (84.338834ms)
✔ ready label change during byte/selection work prevents a coherent success (25.929709ms)
✔ PR allowance change during byte/selection work prevents a coherent success (6.475ms)
✔ ordinary progress and same-holder renewal do not invalidate disposition (13.230084ms)
✔ authenticated conditional reads reduce paid repeats while changed authority is still read (143.123875ms)
✔ a failed real gate closes transport and cannot publish profile outputs (1.152541ms)
✔ incomplete and duplicate changed-file inventories cannot produce focused success (2.145708ms)
✔ unavailable package definition retains conservative full verification (1.746917ms)
✔ a changed disposition is fetched through the real conditional client and rejected (11.73475ms)
✔ hosted gate timing charges actual setup and retains runner finalization margin (8.868709ms)
✔ exhausted actual job refuses before Git transport or PR work (4.240875ms)
✔ deadline refuses changed immutable workflow before expensive or mutable work (0.91225ms)
✔ deadline refuses missing literal budget before expensive or mutable work (0.876208ms)
✔ deadline refuses incomplete current job inventory before expensive or mutable work (2.106417ms)
✔ deadline refuses wrong run attempt before expensive or mutable work (0.800084ms)
✔ deadline refuses ambiguous phase before expensive or mutable work (0.851541ms)
✔ metadata-only engineering selection does not allocate evidence transport (2.976833ms)
✔ metadata-only geography selection does not allocate evidence transport (2.324708ms)
✔ metadata-only research selection does not allocate evidence transport (1.905958ms)
✔ independent evidence phase verifies bytes without selecting or waiting for tests (1.591375ms)
✔ independent evidence rejects unmet required evidence and changed ownership (4.205875ms)
✔ workflow starts real evidence independently, preserves test parallelism and separates edited-event cancellation (1.3265ms)
✔ parallel evidence phase binds its own actual job start and deadline (2.2665ms)
✔ real split gates reduce paid metadata repeats against independent old readers (14.255458ms)
ℹ {"fixture_only":true,"old":{"attempts":15,"paid":14,"revalidated":1},"split":{"attempts":19,"paid":11,"revalidated":8}}
✔ real aggregate entrypoint requires fresh output and preserves ordinary/symlink sentinels (456.846041ms)
✔ aggregate import is pure and invalid inputs create no outputs (122.932958ms)
✔ independent consumer join and missing-roster mutations reject before publishing (158.9795ms)
✔ issue-claims.yml: actual sparse declarations include trusted module dependencies (362.4735ms)
✔ worker-merge.yml: actual sparse declarations include trusted module dependencies (1255.768666ms)
✔ merge-integration-checks.yml: actual sparse declarations include trusted module dependencies (1671.714291ms)
✔ queue-readiness-audit.yml: actual sparse declarations include trusted module dependencies (191.170375ms)
✔ merge-scheduler.yml: actual sparse declarations include trusted module dependencies (420.217375ms)
✔ negative control: old scripts-only tree cannot load relocated regional gate (152.744458ms)
✔ sparse candidate still detects changes and rename sources outside the working tree (434.024875ms)
ℹ tests 258
ℹ suites 0
ℹ pass 258
ℹ fail 0
ℹ cancelled 0
ℹ skipped 0
ℹ todo 0
ℹ duration_ms 5515.467917
