✔ transport compiler changes exactly the pinned 21 guards and preserves all other raw SQL and metadata (7.746195ms)
✔ raw and derivative guards have identical original schemas and preserve all 21 conditions and error messages (11.692234ms)
✔ native workerd D1 reproduces CASE-block truncation and applies the derivative over populated retained claims (5402.071869ms)
✖ explicit legacy staging retains every original migration and metadata byte and deploys exactly 0000–0007 (3.6223ms)
✖ default staging keeps the complete derivative and opt-in retries remove old forward files (0.647666ms)
✔ all forward migration/source/journal hashes are checked before any deployment cutoff (11.341676ms)
✖ the eight staged migrations have the original eight-migration schema and no forward tables (0.529899ms)
✖ staging requires explicit valid mode, a separate real checkout and a supported CLI flag (66.146862ms)
ℹ tests 8
ℹ suites 0
ℹ pass 4
ℹ fail 4
ℹ cancelled 0
ℹ skipped 0
ℹ todo 0
ℹ duration_ms 5748.851763

✖ failing tests:

test at test/stage-site-migrations.test.mjs:20:1
✖ explicit legacy staging retains every original migration and metadata byte and deploys exactly 0000–0007 (3.6223ms)
  Error: ENOENT: no such file or directory, scandir '/workspace/worldatlas-observation-storage-20261003-7e91/dist/drizzle'
      at read (node:fs:1536:35)
      at readdirSyncRecursive (node:fs:1554:5)
      at Object.readdirSync (node:fs:1628:12)
      at snapshot (file:///workspace/worldatlas-observation-storage-20261003-7e91/test/stage-site-migrations.test.mjs:17:48)
      at TestContext.<anonymous> (file:///workspace/worldatlas-observation-storage-20261003-7e91/test/stage-site-migrations.test.mjs:21:64)
      at Test.runInAsyncScope (node:async_hooks:227:14)
      at Test.run (node:internal/test_runner/test:1382:25)
      at Test.start (node:internal/test_runner/test:1242:17)
      at startSubtestAfterBootstrap (node:internal/test_runner/harness:387:17) {
    errno: -2,
    code: 'ENOENT',
    syscall: 'scandir',
    path: '/workspace/worldatlas-observation-storage-20261003-7e91/dist/drizzle'
  }

test at test/stage-site-migrations.test.mjs:51:1
✖ default staging keeps the complete derivative and opt-in retries remove old forward files (0.647666ms)
  Error: ENOENT: no such file or directory, open '/workspace/worldatlas-observation-storage-20261003-7e91/dist/drizzle/transport-receipt.json'
      at Object.openSync (node:fs:622:18)
      at Object.readFileSync (node:fs:488:35)
      at validateSiteMigrationInputs (file:///workspace/worldatlas-observation-storage-20261003-7e91/scripts/stage-site-migrations.mjs:7:30)
      at stageSiteMigrations (file:///workspace/worldatlas-observation-storage-20261003-7e91/scripts/stage-site-migrations.mjs:27:70)
      at TestContext.<anonymous> (file:///workspace/worldatlas-observation-storage-20261003-7e91/test/stage-site-migrations.test.mjs:53:23)
      at Test.runInAsyncScope (node:async_hooks:227:14)
      at Test.run (node:internal/test_runner/test:1382:25)
      at Test.processPendingSubtests (node:internal/test_runner/test:960:18)
      at Test.postRun (node:internal/test_runner/test:1522:19)
      at Test.run (node:internal/test_runner/test:1447:12) {
    errno: -2,
    code: 'ENOENT',
    syscall: 'open',
    path: '/workspace/worldatlas-observation-storage-20261003-7e91/dist/drizzle/transport-receipt.json'
  }

test at test/stage-site-migrations.test.mjs:90:1
✖ the eight staged migrations have the original eight-migration schema and no forward tables (0.529899ms)
  Error: ENOENT: no such file or directory, open '/workspace/worldatlas-observation-storage-20261003-7e91/dist/drizzle/transport-receipt.json'
      at Object.openSync (node:fs:622:18)
      at Object.readFileSync (node:fs:488:35)
      at validateSiteMigrationInputs (file:///workspace/worldatlas-observation-storage-20261003-7e91/scripts/stage-site-migrations.mjs:7:30)
      at stageSiteMigrations (file:///workspace/worldatlas-observation-storage-20261003-7e91/scripts/stage-site-migrations.mjs:27:70)
      at TestContext.<anonymous> (file:///workspace/worldatlas-observation-storage-20261003-7e91/test/stage-site-migrations.test.mjs:93:3)
      at Test.runInAsyncScope (node:async_hooks:227:14)
      at Test.run (node:internal/test_runner/test:1382:25)
      at Test.processPendingSubtests (node:internal/test_runner/test:960:18)
      at Test.postRun (node:internal/test_runner/test:1522:19)
      at Test.run (node:internal/test_runner/test:1447:12) {
    errno: -2,
    code: 'ENOENT',
    syscall: 'open',
    path: '/workspace/worldatlas-observation-storage-20261003-7e91/dist/drizzle/transport-receipt.json'
  }

test at test/stage-site-migrations.test.mjs:106:1
✖ staging requires explicit valid mode, a separate real checkout and a supported CLI flag (66.146862ms)
  AssertionError [ERR_ASSERTION]: node:fs:622
    return binding.open(
                   ^
  
  Error: ENOENT: no such file or directory, open '/workspace/worldatlas-observation-storage-20261003-7e91/dist/drizzle/transport-receipt.json'
      at Object.openSync (node:fs:622:18)
      at Object.readFileSync (node:fs:488:35)
      at validateSiteMigrationInputs (file:///workspace/worldatlas-observation-storage-20261003-7e91/scripts/stage-site-migrations.mjs:7:30)
      at stageSiteMigrations (file:///workspace/worldatlas-observation-storage-20261003-7e91/scripts/stage-site-migrations.mjs:27:70)
      at file:///workspace/worldatlas-observation-storage-20261003-7e91/scripts/stage-site-migrations.mjs:52:374
      at ModuleJob.run (node:internal/modules/esm/module_job:439:25)
      at async node:internal/modules/esm/loader:643:26
      at async asyncRunEntryPointWithESMLoader (node:internal/modules/run_main:101:5) {
    errno: -2,
    code: 'ENOENT',
    syscall: 'open',
    path: '/workspace/worldatlas-observation-storage-20261003-7e91/dist/drizzle/transport-receipt.json'
  }
  
  Node.js v24.19.0
  
  
  1 !== 0
  
      at TestContext.<anonymous> (file:///workspace/worldatlas-observation-storage-20261003-7e91/test/stage-site-migrations.test.mjs:116:10)
      at Test.runInAsyncScope (node:async_hooks:227:14)
      at Test.run (node:internal/test_runner/test:1382:25)
      at Test.processPendingSubtests (node:internal/test_runner/test:960:18)
      at Test.postRun (node:internal/test_runner/test:1522:19)
      at Test.run (node:internal/test_runner/test:1447:12)
      at async Test.processPendingSubtests (node:internal/test_runner/test:960:7) {
    generatedMessage: false,
    code: 'ERR_ASSERTION',
    actual: 1,
    expected: 0,
    operator: 'strictEqual',
    diff: 'simple'
  }
