
> world-atlas@0.1.0 test
> node --test --test-concurrency=2 test/*.test.mjs

✔ attributes resolve independently with direct evidence ahead of spatial derivations and examples (2.387267ms)
✔ field evidence does not erase an independently supported attribute and examples do not mask modern reference (0.219301ms)
✔ typed imports reject overlapping field records and preserve stable category IDs (19.968383ms)
✔ no-year-zero resolution, exclusive interval ends and opt-in examples remain deterministic (0.737902ms)
✔ compact references preserve supported dates and field provenance (1.548914ms)
✔ reference territories resolve to their political owner without changing geographic identity (0.290648ms)
✔ dated non-example footprint fingerprints change with geometry/date and ignore examples (1151.829841ms)
✔ boundary fingerprints verify the archived executed canonical algorithm (344.212875ms)
✔ changed footprints invalidate cached values while direct evidence can still resolve the location (184.061554ms)
✔ fixed graph assignment is independent of input ordering and meets a dense categorical control (100.671627ms)
✔ concurrent names sharing the upstream ID get distinct presentation colors without new source IDs (5.203462ms)
✔ unconstrained names of the same identity retain the same preferred color (3.118179ms)
✔ invalid or incomplete category graphs are rejected (0.74334ms)
✔ the shipped palette passes all pinned historical constraints and matches the audited modern candidate (51.492161ms)
✔ map and legend presentation keys preserve source identities and distinguish concurrent names (0.83615ms)
✔ shared named modes distinguish display groups; fixed classifications and hierarchy use stable IDs (0.626394ms)
✔ published OKLab reference controls include white, black and red (1.151255ms)
✔ full-severity models preserve achromatic controls and reduce red/green separation (0.612764ms)
✔ generated HSL colors decode consistently and malformed colors are rejected (1.450946ms)
✔ source-name display distinction preserves entity identity without ambiguous concatenation (0.246642ms)
✔ older Workers negotiate the sparse limit without masking unrelated bad requests (39.099886ms)
✔ complete inline temporal streams use the existing pin and revision validator without extra HTTP reads (7.153852ms)
✔ inline temporal revision or release drift restarts the scalar snapshot rather than repinning it (6.095005ms)
✔ absent inline temporal pages retain bounded ordinary geography paging (5.472217ms)
✔ partial inline temporal pages cannot become authoritative or trigger unbounded reads (4.168231ms)
✔ compact client hydrates two atomic entity pages and retains shared source provenance (4.385659ms)
✔ oversized second page reduces its limit and retries its cursor without duplicating completed pages (7.29245ms)
✔ a first-page size retry reaches the reduced request and preserves retirement authority (3.732985ms)
✔ retryable conflicts and cross-page revision changes restart the complete compact snapshot (4.278368ms)
✔ three persistently inconsistent attempts produce unavailable evidence without cold-cache authority (5.893461ms)
✔ warm failures retain claims and withdrawals atomically only for the same year and example setting (4.100289ms)
✔ malformed compact pages, incorrect years and cursor cycles fail atomically (17.537761ms)
✔ compact client propagates aborts and passes the signal to its network request (2.726509ms)
✔ clients without a compact capability keep the original three-stream protocol (2.7738ms)
✔ the geography capability enables compact reads through the actual manifest loader (3.410299ms)
{"baselineRuns":28809329,"boundaryAndGapCells":115237316,"legacyBytes":463046592,"compactBytes":232571960}
✔ every published canonical run survives compact packing, including its boundary cells and gaps (23784.247323ms)
✔ compact full coordinate range, split high owner bits, seam cells and owner capacity are exact (105.640521ms)
✔ v1 and v2 asset loaders preserve gzip/raw words, split row chunks and reject ambiguous manifests (20.992238ms)
✔ shuffled and row-local varint transports reconstruct every packed bit across chunk and empty-row boundaries (163.979944ms)
{"results":[{"version":1,"mismatches":0,"error":0},{"version":2,"mismatches":0,"error":0}],"high":{"pixel":[193,71,29,255],"error":0,"size":262144,"maxTextureSize":8192,"navigationOwnershipUploads":0}}
✔ real WebGL framebuffer agrees for legacy/compact holes, odd runs, maximum coordinates and high IDs (1169.996124ms)
✔ backend cutover is explicit and cannot expose credentials or silently return D1 (1.002751ms)
✔ transfer maintenance blocks every API mutation before touching a database or object bucket (24.31249ms)
✔ PostgreSQL diagnostics and raw export routes use the selected backend and retain honest quota status (1829.524672ms)
✔ continent filters follow location membership for overseas and transcontinental reference owners (2.400317ms)
✔ all six continent scopes partition every prepared location and reconcile reference profiles (1290.395894ms)
✔ bounded source-policy projection is exact, reproducible, and small enough to deploy (58.050858ms)
✔ coverage corrections count selected location identities on every applicable continent (192.883714ms)
✔ coverage presents corrected roles with collapsed evidence and explicitly retained earlier descriptions (12.243742ms)
✔ duplicate role IDs and stale policy assumptions cannot silently update coverage (1.415944ms)
✔ standard envelope roundtrip uses fresh randomness, authenticated context and no plaintext fields (10.015605ms)
✔ tampered ciphertext, authentication tag, IV, wrapped key and recipient are rejected (9.699018ms)
✔ malformed or oversized envelopes, unapproved algorithms and invalid intervals fail closed (3.538112ms)
✔ owner credentials, other endpoints, missing TLS and non-RSA keys cannot be transported (1.58577ms)
✔ private delivery writes owner-only outside-Git file and refuses wrong digest, unsafe permissions, symlinks and overwrite (7.785473ms)
✔ CLI encryption/decryption returns metadata only and failures never print plaintext or key material (138.367122ms)
✔ exact upload archive accounting includes transport/config and preserves excluded sources (41.741829ms)
✔ reserve breaches fail before hard limits and diagnostics name large files/categories (0.71653ms)
✔ staged Site inventory agrees with actual archive and rejects redundant transport/linked inputs (16.198192ms)
✔ fixed environmental database guards reproduce exactly from the shared registry (1.932423ms)
✔ all fixed IDs, display labels, explicit legacy aliases and null pass raw local and hosted SQL (230.584122ms)
✔ unlisted environmental values reject every local import and raw snapshot/history/typed insertion (22.753431ms)
✔ adding local guards preserves existing unrecognized evidence byte for byte and blocks changed values (5.66649ms)
✔ hosted migration retains old claim bytes, permits exact retries and still rejects stable-ID collisions (17.000862ms)
✔ fixed environmental classifications have unique stable identities and cover every existing reference value (1.655785ms)
✔ classification API exposes the exact fixed vocabulary independently of database content (20.392043ms)
✔ aliases and stable IDs produce identical whole-location values, colors and category identities (1.336655ms)
✔ preview, both importers and raw SQL reject environmental typos while retaining explicit unknowns (38.0135ms)
✔ grandfathered free-form evidence is retained and exact hosted replays stay idempotent without admitting new text (18.214572ms)
✔ accepted aliases and canonical identities remain source evidence instead of rewriting imported records (25.862498ms)
✔ verifies bytes without claiming factual correctness (1.616386ms)
✔ schema-only validation reports unverified bytes (0.200392ms)
✔ known broken pins, stale baseline, entry hashes and contradictory summaries fail (1.378828ms)
✔ source access/license limits remain explicit; no unsafe retention (0.441896ms)
✔ research cannot grant approval; supported conclusions need known sources (0.25829ms)
✔ containing-file inventory verifies actual subject IDs, not optional properties.part (0.620515ms)
✔ compressed vs uncompressed hashes and decompression budgets are checked (1.222202ms)
✔ paths and symlinks cannot escape candidate reader (1.309023ms)
✔ unverified withdrawals suppress every attribute source and modern owner fallback without modifying content (1.740303ms)
✔ maintainer gate publishes complete signed, byte-verified products on both databases (2043.230147ms)
✔ forged signatures, altered R2 bytes and incomplete inventories cannot publish (1537.572077ms)
✔ selection corrections are source bounded, sealed, retirement-aware and preserve original bytes (1588.988093ms)
✔ manifest and streamed object limits reject arbitrary classifications, duplicate IDs and registry byte tampering (1384.380664ms)
✔ obsolete known evidence is removed before precedence while explicit unknown and sourced continuity remain eligible (0.870973ms)
✔ even a trusted signed receipt cannot publish overlapping grid runs or wrong decoded bytes (1507.922781ms)
✔ a reference correction retains exact claim bytes, original coordinates and the complete original chain (7.087662ms)
✔ all receipted predecessor identities restore without overwriting active geography or transferring evidence (421.262134ms)
✔ bounded import concurrency defaults to six and accepts only one through eight (1.059386ms)
✔ stage then finalize publishes atomically without replaying ownership batches (59.890242ms)
✔ append-only source batches import before newly registered geography and retain the original source bytes (33.147868ms)
✔ interrupted real-D1 staging resumes explicit or hidden staged releases without rewriting history (75.744597ms)
✔ a mismatched existing staged or published manifest blocks all geographic staging before writes (51.938027ms)
✔ identical archive bytes upload once with a stable first-sorted name and preserve every receipt alias across retries (2.205735ms)
✔ four retained metadata predecessors replay before a late creation and a future second addition (5.02263ms)
✔ mixed creation and metadata chronology must be explicit (1.291587ms)
✔ a creation snapshot cannot advance a previous metadata identity or alter its full source record (3.198881ms)
✔ skipped, duplicate, reordered and mutated sequence pins fail (3.111339ms)
✔ metadata archive tampering still fails at its chronological predecessor (0.787206ms)
✔ legacy noncreation order remains stable and an unused new group is rejected (1.407752ms)
✔ derived child counts must equal actual before and after immediate memberships (2.381689ms)
✔ legacy index remains unchanged; verified extension resolves new release (3.413815ms)
✔ pointer rejects traversal, wrong digest and changed predecessor bytes (1.501483ms)
✔ extension rejects altered predecessor release or batch metadata (1.259478ms)
✔ extension rejects duplicate identities, decreasing versions and repeated batch paths (1.370856ms)
✔ manifest pointers cannot load symbolic links (0.559813ms)
✔ compressed transport retains exact JSON bytes and rejects transport or payload tampering (0.394815ms)
✔ staging is invisible; publication requires complete pinned membership and preserves original registry (38.974029ms)
✔ rename/reparent releases and same-tier merge crosswalk preserve historical evidence and archived releases (34.711344ms)
✔ manifest counts, complete same-release chains, no-year-zero calendar labels and hashes are real gates (35.141082ms)
✔ bounded atomic staging rejects unknown/nongeographic/example identities and wrong-tier parents (23.47548ms)
✔ immutable staged contents and ingestion collisions reject atomically; raw SQL blocks cycles and publication bypass (20.97391ms)
✔ crosswalk evidence, tier identity and retired membership must match the published release (38.858124ms)
✔ published pages use indexed keyset queries and older releases remain inspectable (24.596119ms)
✔ streamed publication hashing matches exported UTF-8 canonical hashes across page boundaries (141.828854ms)
✔ source-backed new territory publishes with a null predecessor and no invented historical attributes (37.697254ms)
✔ live geography concurrency verifier refuses production, shared sessions and missing interactive drivers before writes (1.654934ms)
✔ geography has its own branch and exactly one matching type (1.640012ms)
✔ declared geography ownership is finite, safe and limited to source evidence namespaces (0.369107ms)
✔ geography cannot edit core, history, another packet or an undeclared proposal directory (0.35807ms)
✔ engineering consumes but preserves geography evidence while existing lanes still work (0.21283ms)
✔ geography claims retain exact ownership through renewal and rotation, without content approval (1.331757ms)
✔ claims and PRs refuse issue ownership expansion and incompatible modes (0.613124ms)
✔ actual linked GitHub issue supplies geography ownership, not a PR-controlled declaration (1.444517ms)
✔ real geography Git scope checks renamed source paths, symlinks and issue-backed CLI ownership (128.962724ms)
✔ lane IDs must be explicit and safe (2.058783ms)
✔ research owns only campaign files, excluding shared handovers and other campaigns (0.31205ms)
✔ engineering preserves research and other engineering progress (0.163787ms)
✔ partial and final PRs link one issue without needing a document tracker ID (0.494325ms)
✔ PR policy rejects ambiguous issue links and accidental additional closures (0.254183ms)
✔ GitHub issue type agrees with its lane and references an open issue (0.216036ms)
✔ real git diff checks rename source paths, not only allowed destinations (28.349927ms)
✔ another lane advancing work is not mistaken for this branch changing its files (42.654716ms)
✔ remote issue validation reads only the event repository and requires successful labeled issue metadata (9.294458ms)
✔ hosted catalog keeps active ancestor closure and categories as undated identities without ancient source coverage (44.603194ms)
{"catalog_batches_imported":438,"entities":85315,"categories":1446,"sources":374,"active_units":5810,"archived_units":10259}
✔ every generated hosted catalog batch imports through the actual service and generated D1 constraints (12387.103375ms)
✔ a failed evidence stream cannot mix live claims with an absent retirement snapshot (35.978724ms)
✔ dated geography shares scalar revision and complete same-year cache authority (9.64868ms)
✔ transport compiler changes exactly the pinned 21 guards and preserves all other raw SQL and metadata (9.696302ms)
✔ raw and derivative guards have identical original schemas and preserve all 21 conditions and error messages (12.977399ms)
✔ native workerd D1 reproduces CASE-block truncation and applies the derivative over populated retained claims (4346.646187ms)
✔ geographic pin guards the write transaction and retains exact original replay context (51.940809ms)
✔ publication between preflight and batch rejects stale pins atomically, staged/malformed pins never authorize writes (37.250521ms)
✔ unknown pinned commit outcome stays retryable and never claims a rollback (28.291047ms)
✔ profile titles prefer direct dated evidence over English reference attestations and opt-in examples (21.004946ms)
✔ hosted imports preserve whole-location raw values, precedence evidence and exact intervals (18.422414ms)
✔ stable ID collisions roll back the entire batch and identical evidence stays idempotent (19.701572ms)
✔ all tiers and nongeographic graph entities obey parent contracts (21.983562ms)
✔ source intervals, category identity, typed scalars and habitation contradictions reject imports (23.853279ms)
✔ raw SQL protects typed records, Unicode blank evidence, no-year-zero and retained identity (20.797584ms)
✔ dated names and graph claims are sourced, pageable and never silently become ancient names (25.150845ms)
✔ examples remain opt-in and bounded attribute pages preserve every location record (19.808484ms)
✔ media metadata is immutable and content-addressed with retained sourced links (22.861675ms)
✔ raw SQL rejects half-dated graph and media links (17.487616ms)
✔ dated graph assertions cannot exceed known endpoint lifetimes (18.292899ms)
✔ category IDs are shared graph identities and fictional entities remain opt-in (23.423692ms)
✔ example media on real locations stays opt-in regardless of link source (18.624288ms)
✔ reference and estimate source classes cannot masquerade as direct evidence (21.351048ms)
✔ sourced corrections supersede attributes atomically while preserving old evidence (26.173396ms)
✔ dated name corrections and habitation withdrawal update every reader and conflict check (20.823573ms)
✔ withdrawn relationships and media links disappear from profiles but remain inspectable (18.793574ms)
✔ failed replacements roll back retirements and the ingestion ledger together (23.067676ms)
✔ raw SQL keeps retirement provenance sourced, immutable, unique and atomically finalized (19.936235ms)
✔ supersession chains remain traceable and cannot form cycles (18.530997ms)
✔ evidence history keeps fictional claims opt-in after retirement (20.741419ms)
✔ map name paging excludes future graph names while default queries retain them (17.325351ms)
✔ both sparse streams complete under fixed pins/revision before legacy history becomes authoritative (4.988569ms)
✔ a source-free year makes exactly two bounded requests and retains caller-owned unrelated history (0.500625ms)
✔ identical affected rows and sources across pages deduplicate without granting conflicting claims authority (3.804524ms)
✔ permanent withdrawals apply independently and cross-stream active/withdrawn contradictions reject completion (1.327181ms)
✔ expected scalar revision never silently repins or locally retries a partial snapshot (1.137705ms)
✔ unanchored standalone reads retry both streams within the bounded attempt budget (1.007318ms)
✔ abort/cancellation preserves its reason and no completed or partial result escapes (0.457479ms)
✔ retryable oversized pages reduce only that stream limit and keep the same cursor/revision (0.698152ms)
✔ rows, cursors, response/aggregate budgets and malformed source/capability reject authority (1.789978ms)
✔ explicit unknown parents and BC/AD boundaries retain source evidence and reference context (0.831844ms)
✔ dated parent bridge preserves stable identity, source support and effective complete chains (2.665237ms)
✔ explicit unknown membership keeps the reference chain and original uncertainty rather than adopting a weaker claim (0.292511ms)
✔ existence exclusions survive adaptation, including sourced unknown and BC/AD reference exclusions without year zero (0.38515ms)
✔ bridge rejects wrong release, unsupported source/year, examples, withdrawn winners and unvetted footprints (1.11443ms)
✔ joined-source snapshots hydrate exact JSON text metadata without requiring a duplicate source dictionary (0.771062ms)
✔ shared temporal parent/existence resolution matches direct/derived/reference/example precedence independently of language and IDs (0.401175ms)
✔ complete hosted snapshot authority removes withdrawn legacy IDs and overridden fields without reviving excluded entities (1.234019ms)
✔ bounded production pages hydrate source-deduplicated winners and generate histories/exclusions without a full reference registry (0.62363ms)
✔ bounded withdrawals remain authoritative independently of selected-year claims; malformed stream/context cannot become history (0.551752ms)
✔ source IDs are ordinary stable identities even when their spelling matches JavaScript object properties (3.551723ms)
✔ import preview rejects invalid dates, scalar values and unsupported source intervals before upload (1.794765ms)
✔ import preview enforces whole-batch row and UTF-8 byte bounds (4.533422ms)
✔ import submission preserves evidence and reports database rejection without treating it as saved (22.343193ms)
✔ source-backed corrections preview withdrawal and replacement while retaining source evidence (0.427504ms)
✔ JSON projection retains original nested formatting and appends bounded one-line entries (2.503753ms)
✔ JSON projection handles changed array rows, escaped strings, empty containers and removals (0.43184ms)
✔ province projection changes only province metadata and retains canonical cell/index bounds (1.345037ms)
✔ append-only release retains original generations and drops regenerated baseline (1.120248ms)
✔ evidence composes unchanged territory while preserving original supported facts (1.026737ms)
✔ apply rejects unapproved hash and rolls back partial metadata transaction (2.578646ms)
✔ immutable bytes changing after preparation block application (0.492222ms)
✔ successful metadata install records a committed journal and retains rollback originals (0.803351ms)
✔ dry run validates a whole generation without changing any live bytes (18.695726ms)
✔ apply requires the exact dry-run hash and preserves database/catalog/history originals (13.556081ms)
✔ failure during the multi-path commit restores every original live byte (7.572853ms)
✔ stale runtime, prepared source hashes, province membership and grid counts fail before activation (15.574503ms)
✔ approved hashes prevent changes between inspection and activation (4.824101ms)
✔ unexpected predecessor files or changed historical payload block approved activation (9.674931ms)
✔ path traversal and staging symlinks cannot replace unrelated files (3.073632ms)
✔ duplicate geographic identities and empty groups cannot pass as a complete hierarchy (2.248549ms)
✔ a genuine unknown-attribute creation installs reversibly without changing original history (390.953316ms)
✔ ordered replacement then pure creation validates exact current ancestry and pinned source bytes (342.545335ms)
✔ composed installer rejects skipped or reordered manifests, changed pins and unmatched creation inventories (753.112307ms)
✔ composed installer rejects child historical transfers and changed source archive bytes (455.310259ms)
✔ geometry evidence cannot silently authorize current source-name changes (487.860915ms)
✔ source-name correction requires pinned exact metadata before/after evidence (967.219463ms)
✔ installer summary pins geometry proof members and rejects altered evidence after approval (339.013098ms)
✔ serialized contenders on one issue have exactly one holder even under the same GitHub account (2.4356ms)
✔ renewal and release require the actual worker plus ownership nonce (0.525051ms)
✔ an idempotent lost-response retry retains original ownership (0.290227ms)
✔ renewal, rotation and reassignment retain one canonical comment ID (0.356628ms)
✔ umbrella, blocked, oversized and unresolved dependency scopes cannot be claimed (0.410408ms)
✔ expired reservations cannot silently discard branches or active PR/live operations (1.130583ms)
✔ multiple PRs retain ownership and rotate branches only after previous work completes (0.303508ms)
✔ canonical comments cannot be impersonated or ambiguous (0.267153ms)
✔ PR validation uses current exact-branch ownership and rejects expired or blocked claims (0.493324ms)
✔ location-content claims wait for worldwide approval while source-only work can start (78.759629ms)
✔ the PR budget cannot be bypassed by claiming another part indefinitely (0.343408ms)
✔ pagination inspects later pages rather than assuming only the first page exists (0.234643ms)
✔ claim lock keys use canonical issue numbers so aliases cannot acquire independent locks (0.335816ms)
✔ approved research is bound to all three geographic pins and ordinary bot audit text is not authority (0.278269ms)
Traceback (most recent call last):
  File "/workspace/worldatlas-observation-storage-20261003-7e91/scripts/validate-land-creations.py", line 114, in <module>
    print(json.dumps(validate(json.load(sys.stdin)), separators=(',', ':')))
                     ^^^^^^^^^^^^^^^^^^^^^^^^^^^^^^
  File "/workspace/worldatlas-observation-storage-20261003-7e91/scripts/validate-land-creations.py", line 108, in validate
    raise ValueError('Creation overlaps existing or competing land: ' + other)
ValueError: Creation overlaps existing or competing land: original
Traceback (most recent call last):
  File "/workspace/worldatlas-observation-storage-20261003-7e91/scripts/validate-land-creations.py", line 114, in <module>
    print(json.dumps(validate(json.load(sys.stdin)), separators=(',', ':')))
                     ^^^^^^^^^^^^^^^^^^^^^^^^^^^^^^
  File "/workspace/worldatlas-observation-storage-20261003-7e91/scripts/validate-land-creations.py", line 108, in validate
    raise ValueError('Creation overlaps existing or competing land: ' + other)
ValueError: Creation overlaps existing or competing land: original
Traceback (most recent call last):
  File "/workspace/worldatlas-observation-storage-20261003-7e91/scripts/validate-land-creations.py", line 114, in <module>
    print(json.dumps(validate(json.load(sys.stdin)), separators=(',', ':')))
                     ^^^^^^^^^^^^^^^^^^^^^^^^^^^^^^
  File "/workspace/worldatlas-observation-storage-20261003-7e91/scripts/validate-land-creations.py", line 91, in validate
    raise ValueError('Ambiguous existing name requires explicit identity review')
ValueError: Ambiguous existing name requires explicit identity review
Traceback (most recent call last):
  File "/workspace/worldatlas-observation-storage-20261003-7e91/scripts/validate-land-creations.py", line 114, in <module>
    print(json.dumps(validate(json.load(sys.stdin)), separators=(',', ':')))
                     ^^^^^^^^^^^^^^^^^^^^^^^^^^^^^^
  File "/workspace/worldatlas-observation-storage-20261003-7e91/scripts/validate-land-creations.py", line 36, in validate
    raise ValueError('Creation requires source identity, URL, license and attribution')
ValueError: Creation requires source identity, URL, license and attribution
Traceback (most recent call last):
  File "/workspace/worldatlas-observation-storage-20261003-7e91/scripts/validate-land-creations.py", line 114, in <module>
    print(json.dumps(validate(json.load(sys.stdin)), separators=(',', ':')))
                     ^^^^^^^^^^^^^^^^^^^^^^^^^^^^^^
  File "/workspace/worldatlas-observation-storage-20261003-7e91/scripts/validate-land-creations.py", line 46, in validate
    raise ValueError('Creation source bytes changed')
ValueError: Creation source bytes changed
Traceback (most recent call last):
  File "/workspace/worldatlas-observation-storage-20261003-7e91/scripts/validate-land-creations.py", line 114, in <module>
    print(json.dumps(validate(json.load(sys.stdin)), separators=(',', ':')))
                     ^^^^^^^^^^^^^^^^^^^^^^^^^^^^^^
  File "/workspace/worldatlas-observation-storage-20261003-7e91/scripts/validate-land-creations.py", line 39, in validate
    raise ValueError('Invalid source support interval')
ValueError: Invalid source support interval
Traceback (most recent call last):
  File "/workspace/worldatlas-observation-storage-20261003-7e91/scripts/validate-land-creations.py", line 114, in <module>
    print(json.dumps(validate(json.load(sys.stdin)), separators=(',', ':')))
                     ^^^^^^^^^^^^^^^^^^^^^^^^^^^^^^
  File "/workspace/worldatlas-observation-storage-20261003-7e91/scripts/validate-land-creations.py", line 81, in validate
    raise ValueError('Created land differs from the exact source geometry')
ValueError: Created land differs from the exact source geometry
Traceback (most recent call last):
  File "/workspace/worldatlas-observation-storage-20261003-7e91/scripts/validate-land-creations.py", line 114, in <module>
    print(json.dumps(validate(json.load(sys.stdin)), separators=(',', ':')))
                     ^^^^^^^^^^^^^^^^^^^^^^^^^^^^^^
  File "/workspace/worldatlas-observation-storage-20261003-7e91/scripts/validate-land-creations.py", line 101, in validate
    raise ValueError('Creation parent chain differs from reviewed proof')
ValueError: Creation parent chain differs from reviewed proof
Traceback (most recent call last):
  File "/workspace/worldatlas-observation-storage-20261003-7e91/scripts/validate-land-creations.py", line 114, in <module>
    print(json.dumps(validate(json.load(sys.stdin)), separators=(',', ':')))
                     ^^^^^^^^^^^^^^^^^^^^^^^^^^^^^^
  File "/workspace/worldatlas-observation-storage-20261003-7e91/scripts/validate-land-creations.py", line 86, in validate
    raise ValueError('Source identity rename must not masquerade as new land')
ValueError: Source identity rename must not masquerade as new land
Traceback (most recent call last):
  File "/workspace/worldatlas-observation-storage-20261003-7e91/scripts/validate-land-creations.py", line 114, in <module>
    print(json.dumps(validate(json.load(sys.stdin)), separators=(',', ':')))
                     ^^^^^^^^^^^^^^^^^^^^^^^^^^^^^^
  File "/workspace/worldatlas-observation-storage-20261003-7e91/scripts/validate-land-creations.py", line 88, in validate
    raise ValueError('Existing source identity cannot be created again')
ValueError: Existing source identity cannot be created again
Traceback (most recent call last):
  File "/workspace/worldatlas-observation-storage-20261003-7e91/scripts/validate-land-creations.py", line 114, in <module>
    print(json.dumps(validate(json.load(sys.stdin)), separators=(',', ':')))
                     ^^^^^^^^^^^^^^^^^^^^^^^^^^^^^^
  File "/workspace/worldatlas-observation-storage-20261003-7e91/scripts/validate-land-creations.py", line 71, in validate
    rings(matches[0]['geometry']['coordinates'])
  File "/workspace/worldatlas-observation-storage-20261003-7e91/scripts/validate-land-creations.py", line 70, in rings
    rings(row)
  File "/workspace/worldatlas-observation-storage-20261003-7e91/scripts/validate-land-creations.py", line 67, in rings
    raise ValueError('Source polygon rings must be explicitly closed')
ValueError: Source polygon rings must be explicitly closed
✔ pure source-backed creation has a null predecessor and retains every original geometry (444.567613ms)
✔ latitude and antimeridian creation uses actual narrow land, not a world-width polygon (303.129336ms)
✔ reject existing identity, duplicate land and competing overlap without writing output (486.269598ms)
✔ reject unsupported source, altered geometry, invalid coordinates, chain gaps and disguised rename (1191.45564ms)
✔ a creation receipt cannot transfer history or add an unaccounted identity (346.092218ms)
Traceback (most recent call last):
  File "/workspace/worldatlas-observation-storage-20261003-7e91/scripts/validate-land-creations.py", line 114, in <module>
    print(json.dumps(validate(json.load(sys.stdin)), separators=(',', ':')))
                     ^^^^^^^^^^^^^^^^^^^^^^^^^^^^^^
  File "/workspace/worldatlas-observation-storage-20261003-7e91/scripts/validate-land-creations.py", line 62, in validate
    coordinates(matches[0]['geometry']['coordinates'])
  File "/workspace/worldatlas-observation-storage-20261003-7e91/scripts/validate-land-creations.py", line 61, in coordinates
    coordinates(row)
  File "/workspace/worldatlas-observation-storage-20261003-7e91/scripts/validate-land-creations.py", line 61, in coordinates
    coordinates(row)
  File "/workspace/worldatlas-observation-storage-20261003-7e91/scripts/validate-land-creations.py", line 58, in coordinates
    raise ValueError('Invalid longitude/latitude source coordinates')
ValueError: Invalid longitude/latitude source coordinates
Traceback (most recent call last):
  File "/workspace/worldatlas-observation-storage-20261003-7e91/scripts/validate-land-creations.py", line 114, in <module>
    print(json.dumps(validate(json.load(sys.stdin)), separators=(',', ':')))
                     ^^^^^^^^^^^^^^^^^^^^^^^^^^^^^^
  File "/workspace/worldatlas-observation-storage-20261003-7e91/scripts/validate-land-creations.py", line 54, in validate
    raise ValueError('Invalid raw source geometry must not be silently repaired')
ValueError: Invalid raw source geometry must not be silently repaired
Traceback (most recent call last):
  File "/workspace/worldatlas-observation-storage-20261003-7e91/scripts/validate-land-creations.py", line 114, in <module>
    print(json.dumps(validate(json.load(sys.stdin)), separators=(',', ':')))
                     ^^^^^^^^^^^^^^^^^^^^^^^^^^^^^^
  File "/workspace/worldatlas-observation-storage-20261003-7e91/scripts/validate-land-creations.py", line 108, in validate
    raise ValueError('Creation overlaps existing or competing land: ' + other)
ValueError: Creation overlaps existing or competing land: competing
✔ staged source creation compiles and publishes identical static/hosted crosswalks (546.996703ms)
✔ invalid source coordinates, competing new land and old group mutations are rejected (521.034575ms)
✔ macro partition checks separate member coherence from source completeness and descendant approval (8.998641ms)
✔ a structural pass cannot invent semantic approval or permit regional interiors (1.443185ms)
✔ each current macro identity and adjacent-tier parent must have exact decision and envelope coverage (1.149082ms)
✔ member and footprint hashes detect cross-region reassignment and geometry edits (0.55044ms)
✔ only inspected successful sources with URLs and reproducible hashes support boundary decisions (0.705864ms)
✔ named missing islands receive explicit routing without imaginary geometry (1.602725ms)
✔ supplemental boundary sources receive the same inspection and pin requirements as retained ledgers (1.204696ms)
✔ partial named-land evidence preserves existing geometry while explicitly withholding completeness (0.881538ms)
✔ large source collections retain a bounded reference to the exact archived receipt (2.21589ms)
✔ same-tier reference split preserves exact archived originals and disjoint descendant members (1.911281ms)
✔ split successors require unique explicit new-group deltas and a complete crosswalk (2.943216ms)
✔ split endpoints cannot change tier, containing parent, registry identity or source/history proof (2.884648ms)
✔ a same-count swap of unrelated territory fails exact split-member conservation (0.709139ms)
✔ explicit local-group retirement retains every descendant and exact full archive (1.649727ms)
✔ preparation emits every split pair and retains new identities, predecessor and original baseline (22.061228ms)
✔ explicit reference creation can extract a location while retaining its original populated groups (2.885779ms)
✔ sourced creations and explicit local-group retirements can share a conserving receipt (0.782759ms)
✔ release creation crosswalks retain source relationship evidence without null-old retirement collisions (4.189835ms)
✔ retained replacements archive all six exact originals without predecessor transfer (7.981589ms)
✔ an unrelated old feature mutation is rejected (0.499273ms)
✔ exact changed feature archives cannot substitute modified originals (0.215595ms)
✔ duplicate or replaced stable identities are rejected (0.291128ms)
✔ source proof cannot authorize historical transfer or missing independent validation (0.207052ms)
✔ bounded replacement subprocess writes the same exact validated receipt (75.836384ms)
✔ current projection preserves identities and keeps source inspection separate from semantic approval (1.495884ms)
✔ source-backed projection cannot change timeline facts or invent geographic review completion (0.427444ms)
✔ current pins and exact counts must describe the actual geography (0.214333ms)
✔ complete current chains cannot be reordered or silently assigned different parents (0.454585ms)
✔ every retired or created parent has exact original archive and explicit crosswalk (0.284309ms)
✔ location conservation and exact parent descendant membership remain exhaustive (0.262456ms)
✔ source-backed projection resolves exact replacements and creations while all semantic branches remain open (426.703788ms)
✔ projection preparation rejects altered source pins, wrong order and invented historical transfers (302.013567ms)
✔ projection validator exhausts added identities, retained archives and new source-assessed groups (468.050853ms)
✔ later geometry projection preserves original inspection bytes and namespaces current predecessor snapshots (2.220757ms)
✔ successive source migrations conserve earlier additions and their sourced new groups (401.833757ms)
✔ projection predecessor loading pins both gzip layers and joins exact releases (1.324176ms)
✔ raster presentation graph includes true horizontal and vertical shared cells (1.449334ms)
✔ ocean gaps and diagonal corners do not become territorial adjacency (0.297999ms)
✔ date-line screen wrap is included and same-owner contact is ignored (1.06145ms)
✔ malformed packed rows fail closed instead of emitting an incomplete graph (0.460333ms)
✔ evidence-only pages omit empty identities but retain withdrawal-only subjects and complete claims (43.611687ms)
✔ entity pages return exactly shared whole-location winners, source dictionaries and all-tier preferred names (29.943748ms)
✔ entity cursor pages never split an attribute set and preserve aliases, examples, lifetimes and end sentinels (27.906909ms)
✔ inactive archived identities stay inspectable without inflating fixed-geography map pages (24.236467ms)
✔ page withdrawals suppress prepared fallback claims for attributes and names with no wrong truncation (21.04005ms)
✔ metadata summarization preserves all no-inhabitants proof semantics and points to original evidence (22.082861ms)
✔ mid-page writes reject the entire map page with a retryable revision conflict (20.518234ms)
✔ priority ties use the shared UTF-16 identity order instead of SQLite UTF-8 collation (34.340655ms)
✔ the shared browser format rejects incomplete, duplicated, mismatched and unscoped response pages (37.629121ms)
{"fixture":"1000-locations-9000-attributes","queries":7,"page_bytes":2393036,"elapsed_ms":147.67,"attribute_index":"attributes_location_dates","name_index":"names_entity_dates"}
✔ 1000 locations and 9000 attributes use seven bounded indexed queries instead of claim pages (5262.129308ms)
✔ finite Marcus routing is independent of sovereignty and retains provisional lower-tier roles (0.78293ms)
✔ reject asymmetric Japan exclusion, alternate macro routing and invented readiness (0.759154ms)
✔ original water-masked Marcus land reconstructs from exact OSM bytes (152.507174ms)
✔ removing the source water hole or changing the coastline is rejected (180.946577ms)
Atlas request failed /api/media/upload Media ID already identifies a different immutable object
✔ media bytes and sourced provenance survive upload, metadata-only reads and identical retries (44.14419ms)
✔ invalid or oversized provenance and maintenance never write source objects (12.514761ms)
✔ frozen migration SQL and snapshots retain their published identities (6.807269ms)
✔ new source land retains unknown owners and its original source metadata (1548.317621ms)
✔ year parsing supports BC/BCE/AD/CE and rejects invalid or out-of-range dates (1.853884ms)
✔ every location has exactly all six hierarchy levels (1835.072172ms)
✔ seed is idempotent and missing history stays missing (15641.374277ms)
✔ example intervals are opt-in and end-exclusive, including ownership changes (2747.709829ms)
✔ atomic imports reject overlapping records, invalid populations, ranks, and parents (362.778631ms)
✔ real records take precedence over examples, with no population interpolation (947.605046ms)
✔ boundary versions require polygons and sources, and resolve by date (1504.667927ms)
✔ unknown, zero population, and category colors have stable, distinct semantics (1583.324766ms)
✔ historical political records are dated, sourced, and do not extend into 2025 (1550.016067ms)
✔ both Huidong counties have complete, distinct geographical parents (1723.502389ms)
✔ inserts and updates cannot skip hierarchy levels (1.226709ms)
✔ legacy hierarchy migration preserves historical records and repairs skipped parents (45909.622055ms)
✔ topology migration retires duplicate coverage while preserving its imported history (60903.55362ms)
✔ geographic regions cross ownership borders and subdivide large countries (1906.50618ms)
✔ semantic replacements preserve source history and custom locations without transferring their values (57364.293915ms)
✔ non-Latin municipalities remain distinct and city memberships contain all districts (1833.374115ms)
✔ account proof and configured quotas/compute remain typed, scoped and free of arbitrary private fields (22.987875ms)
✔ denied organization proof stays unavailable while actual project settings remain verified (1.468363ms)
✔ missing organization and quota are explicit unknowns, never inferred from public pricing (0.977683ms)
✔ wrong project and lossy quotas fail before a misleading capacity receipt can be produced (1.156362ms)
✔ actual PostgreSQL forward DDL preserves every baseline byte and sequence, grants minimum runtime access, and retries idempotently (2515.711983ms)
✔ forward failure rolls back DDL, registry and grants without changing original bytes (1694.859089ms)
✔ registered catalog tampering and unreviewed hashes reject instead of silently repairing a database (1629.223379ms)
✔ missing reviewed rehearsal operation performs no management requests or database mutation (1.763958ms)
✔ reviewed forward operation requires an actual production baseline and exact ordered files (0.469527ms)
✔ fresh hash-pinned private Site maintenance attestation rejects stale, writable and mismatched context (1.104745ms)
✔ management workflows require explicit manual dispatch and reject push selection (54.852048ms)
✔ full rehearsal restores every original table byte, authenticates restricted read-only services, and deletes only its child (2065.355088ms)
✔ production requires authenticated successful rehearsal artifact, restores once, and delivers only encrypted app credential (3418.746013ms)
✔ missing or tampered reviewed checkpoints and missing production acknowledgement cause zero network/DB calls (65.69711ms)
✔ production branch IDs and mismatched endpoint hosts are refused before connection or production deletion (2393.358225ms)
✔ rehearsal failed cleanup preserves the exact child ID without claiming validated production handoff (1729.883209ms)
✔ artifact reader accepts one bounded receipt without extracting paths and rejects malformed archive bytes (1.797549ms)
✔ authorized direct production preserves exhaustive verification and refuses a second installation (1807.759189ms)
✔ Neon metadata verification authenticates read-only requests, follows pagination, and omits secret response fields (25.688924ms)
✔ Neon verifier rejects wrong project configuration and absent credentials without requests (2.257642ms)
✔ Neon metadata failures never retain raw HTTP/network bodies, mismatched projects, or repeated pagination cursors (3.753257ms)
✔ PostgreSQL schema splitter retains command bytes while respecting nested comments, quoted identifiers, strings and dollar bodies (0.896781ms)
✔ isolated Neon verifier applies the exact schema atomically on real PostgreSQL and exercises actual hosted services (1954.651134ms)
✔ private owner connection failures remain sanitized and cleanup still deletes the validation branch (4.518199ms)
✔ isolated SQL verifier refuses production IDs and production hosts before any SQL connection (8.837578ms)
✔ SQL driver errors are sanitized and clean up only the newly created branch (2.040345ms)
✔ cleanup failures retain the exact validation branch ID and fail the verification receipt (2.292625ms)
✔ ambiguous creation persists its unique name without guessing a deletion target or SQL connection (1.709096ms)
✔ read-only metadata helper does not accept a project mismatch supplied by the API (0.539674ms)
✔ canonical screen reports actual source-land cells for a compact territorial polygon (1.310545ms)
✔ a genuine polygon smaller than a cell remains unrepresented without assigning water (0.622047ms)
✔ archived original dry land blocks a purported new identity on that land (170.78029ms)
✔ an exact-name homonym on different land does not transfer or reuse archived identity (147.082447ms)
✔ changed archive bytes fail before considering identity absence (152.979834ms)
✔ candidate preparation refuses an existing output instead of overwriting evidence (1.308301ms)
✔ ownership assets reconstruct out-of-order compressed chunks and reject truncation (29.136189ms)
✔ version-pinned ownership digests reject mixed deployments and support host-decoded gzip (6.573146ms)
✔ hosted omission accounts for all prior bytes and preserves every current/source file exactly (28.150929ms)
✔ portable static export retains the full tree without a delivery manifest (11.478328ms)
✔ existing pinned archive tampering fails before packaging (6.659566ms)
✔ verification rejects unlisted excluded files, altered retained bytes and deployed tampering (22.172104ms)
✔ symbolic links cannot silently omit archive content (6.656532ms)
✔ contrast constraints use actual half-open interval overlap, never range envelopes (26.646017ms)
✔ parent lookups and unused-unit foreign-key checks use local parent indexes (4.555525ms)
✔ opening a populated pre-index database installs parent indexes without rewriting geography or evidence (15.36748ms)
✔ pixel ownership is exclusive and adjacent locations tile without a seam (1.364417ms)
✔ holes, water and defensive overlap handling have one integer ID per cell (0.30532ms)
✔ panning and lower-detail views sample the same canonical geographic cells (0.979907ms)
✔ province borders are stronger and local borders disappear at distant zoom (0.24507ms)
✔ Canvas fallback samples near screen resolution without four-pixel blocks (0.250608ms)
✔ fixed non-power-of-two grid projects the entire world consistently (0.264288ms)
✔ dated membership changes province lookup and picking records while retaining exact grid cells and geometry (2.602713ms)
✔ metadata refresh accepts reordered identities and atomically rejects replacements, missing and duplicate locations (0.930182ms)
✔ boundary geometry cache ignores source/date/provenance changes but detects actual dated footprints (0.275054ms)
✔ compiled ownership preserves holes, shared edges, overlaps and water at every detail level (7.702989ms)
✔ ownership survives geometry disposal and alternating zoom/pan views (2.597194ms)
✔ GPU row tables and picking retain every canonical cell, including tiny features (1.885362ms)
✔ prepacked browser fallback samples the same canonical grid (4.022202ms)
✔ placeholder translation preserves quoted values, dollar bodies and nested comments exactly (2.427969ms)
✔ only reviewed inserts and index hints are adapted; SQLite metadata needs an explicit query (0.598933ms)
✔ injected driver returns D1 results with safe numeric dates and unchanged text evidence (1.737379ms)
✔ batches remain ordered, atomic and ingestion-locked before identity allocation (0.753696ms)
✔ publication and guarded imports share a lock before fresh ReadCommitted guard snapshots (0.525873ms)
✔ driver failures preserve SQLSTATE while removing credentials, payloads and server details (1.055872ms)
✔ bounded timeouts cancel network work and preserve uncertain commit status for idempotent retries (100.097357ms)
✔ Neon HTTP wrapper submits lazy ordered queries as one transaction without exposing its URL (1.232378ms)
✔ actual PostgreSQL parses translated placeholders, idempotence and rollback without touching immutable evidence text (1745.780829ms)
✔ PostgreSQL evidence-only map pages retain retirement-only subjects without enumerating empty geography (1843.94447ms)
✔ actual PostgreSQL applies all 14 tables and hosted smoke preserves original corrected evidence (1263.051908ms)
✔ PostgreSQL claim/name readers preserve JSON bytes, stable identities, half-open dates, nulls and examples (1251.957428ms)
✔ PostgreSQL guards reject interval/source/classification/owner contradictions and roll back complete failed batches (1246.538906ms)
✔ PostgreSQL atomic correction retires overlap, retains old bytes and cannot resurrect immutable evidence (1364.782332ms)
✔ PostgreSQL rank/habitation and fixed environment guards match literal-zero proof policy (1341.453499ms)
✔ PostgreSQL catalogs/graph/media paging and compact map use actual hosted SQL with whole-location parity (1321.518475ms)
✔ PostgreSQL stages and publishes complete pinned reference geography without mutating registry/evidence (1294.014546ms)
✔ actual PostgreSQL and frozen D1 produce identical evidence/source bytes and selected-year service values (1258.905059ms)
✔ PostgreSQL compact metadata summaries retain zero-population proof semantics and evidence links (1362.129685ms)
✔ PostgreSQL geographic transaction guards reject unpublished/stale hashes and retain pinned replay receipts (1408.939389ms)
✔ verified owner restore copies all fourteen original tables, legacy bytes, archives, examples, releases and rowids (1899.882949ms)
✔ nonempty target refuses restoration without replacing evidence or disabled guards (1321.358258ms)
✔ insert failure rolls back every copied table and USER-trigger state with no unsafe partial resume (1399.449123ms)
✔ read-back verification failure rolls back source rows and prevents sequence advancement (1424.286776ms)
✔ tampered source parts and unacknowledged owner restore make no target writes (1228.477163ms)
✔ sequence-reset failure rolls back transactional RESTART and preserves all original guards (1369.316925ms)
✔ lost commit acknowledgement requires read-only verification before any retry (1367.10986ms)
✔ raw row digests preserve original text and obey D1 binary key order (0.805464ms)
✔ actual restricted LOGIN runs hosted imports, corrections, idempotent retries and selected-year readers (1913.737143ms)
✔ runtime role cannot mutate facts, suppress guards, restore revisions or escalate privileges (1331.482165ms)
✔ restricted publication updates only validated status and publication columns (1380.637231ms)
✔ idempotent maintenance preserves existing password and explicit rotation safely changes it (1546.903125ms)
✔ existing inherited, privileged, owning or broadly granted role is rejected without silent downgrade (12247.251088ms)
✔ weak credentials and inherited PUBLIC schema CREATE prevent reopening without weakening PUBLIC permissions (1157.20105ms)
✔ non-superuser schema owner retains only automatic ADMIN-without-INHERIT-or-SET role management (1512.118057ms)
✔ new requirements preserve old scopes, enforce new declarations and permit explicit legacy adoption (1.727534ms)
✔ positive real-format ledger validates actual files and binds an independent review (1.69198ms)
✔ regressions: stale vintage, entry hash, wrong source/path and conflicting generated result fail (1.276043ms)
✔ full changes include rename/deletion originals; immutable original-source refresh cannot overwrite evidence (0.646054ms)
✔ coordinate/helper policies require positive and negative controls; generators need reproducibility (0.642389ms)
✔ generator controls bind actual positive, negative and equal two-run output bytes (0.641607ms)
✔ reviews reject self approval, stale heads, omitted hashes/files and absent factual/geometry review (0.733876ms)
✔ mock remote queue checks exact blobs/head/independent receipt with read-only requests (2.409692ms)
✔ incomplete remote trees cannot become a passed byte check (0.376618ms)
✔ remote decisions reject stale exact-head reviews and a later change request (1.522265ms)
✔ browser/server adapters agree, use only matching source intervals, and preserve complete provenance (21.441455ms)
✔ source bounds, producer byte hashes, current identity and geography proof failures block publication (3.379273ms)
✔ prepared producers reject free-form environmental text even when hashes and source dates match (4.545651ms)
✔ both runtime paths reject stale manifests and tampered prepared assets (3.626666ms)
✔ duplicate input identities are rejected and hosted duplicates retain imported evidence without dropping prepared metadata (2.891678ms)
✔ bounded persistent batches import through actual hosted schema/service and are idempotent (27.076358ms)
✔ prepared reference attestations retain direct historical name priority and aliases do not become preferred (2.430883ms)
✔ retirement pages prevent every prepared fallback from resurrecting withdrawn names or attributes (59.87558ms)
✔ hosted duplicate enrichment keeps prepared provenance while preserving the imported claim (8.352078ms)
✔ completed real name and census products import persistently and resolve identically without gap filling (9573.070388ms)
✔ public manifest byte pin protects source provenance as well as record parts (17.011159ms)
✔ record APIs reject pages whose ingestion revision changed during the read (41.683514ms)
✔ client retries complete map reads for mixed revisions, caps retries and obeys cancellation (11.476536ms)
✔ reference migrations revalidate immutable claims only when every corresponding footprint stays identical (4.656348ms)
✔ chained reference revalidation preserves original evidence and pins the prior receipt archive (5.353418ms)
✔ ownership codecs preserve identity, dated labels, competing evidence and the BC/AD edge (1.907936ms)
✔ actual environmental tables decode exactly at all normal-period boundaries (9902.906348ms)
✔ reference codecs preserve supported precision and do not bridge unsupported intervals (0.415477ms)
✔ actual prepared historical records match independent compact-table interpretation (15355.70399ms)
✔ static and server exports resolve every active location identically, with examples on and off (120663.981473ms)
✔ missing readiness is a review candidate, not permission (2.736198ms)
✔ explicit source access blockers survive closed dependencies; prose needs review (2.243577ms)
✔ unknown lane, invalid prefixes, umbrellas and import approval are separate (0.454985ms)
✔ same-account workers retain distinct canonical leases and live work constraints (1.088308ms)
✔ all issue pages and duplicate ownership; checkpoints deduplicate by state (20.913447ms)
✔ failed reads preserve checkpoint and never report false resolutions (0.600895ms)
✔ reference restoration preserves archived IDs, source context and exact original records idempotently (9.977207ms)
✔ existing active territory names, geometry, parents and owner context are never overwritten (4.959695ms)
✔ original record ID conflicts fail explicitly and restoration rolls back broken archives (4.548606ms)
✔ the published source archive restores every original record into a fresh reference database (4739.101909ms)
✔ environmental context can be displayed without inventing historical field evidence (1.695602ms)
✔ modern supported records and historical reference context share a category and map color (0.451509ms)
✔ dated historical observations override modern context until their exclusive interval end (0.210948ms)
✔ explicit dated uncertainty and unmapped source text cannot be replaced by a baseline (0.259941ms)
✔ only supported environmental references can supply presentation context (0.200823ms)
✔ invalidated geography cannot retain environmental context or restore a dated field (0.783329ms)
✔ reference source dates and environmental caveats survive display unchanged (0.641275ms)
✔ an evidence outage leaves historical fields unknown while immutable reference context remains available (0.142735ms)
✔ missing baselines remain unknown and non-environmental fields never acquire environmental context (0.24557ms)
✔ baseline selection is deterministic and keeps the chosen source interval rather than extending it (0.291558ms)
✔ compact and legacy context decoding preserve original supported intervals and source metadata (0.786514ms)
✔ explicit metadata parent merge conserves full descendant identities and exact relationship provenance (2.884051ms)
✔ receipts without the opt-in relationship field preserve the legacy preparation contract (0.457759ms)
✔ missing, duplicate, extra and unretired merge endpoints cannot masquerade as complete crosswalks (2.047722ms)
✔ same-tier registered identities and adjacent parent conservation are required (1.14936ms)
✔ a same-count swap of unrelated territories fails exact descendant-footprint conservation (0.494625ms)
✔ complete original unit records, explicit source proof and zero historical transfer are required (1.762813ms)
✔ the complete real candidate validates all 49,589 locations and the 55-county source-backed merge (1805.640875ms)
✔ full candidate release preparation emits the explicit merge, archived predecessor and exact unchanged baseline (11360.177709ms)
✔ current manifest is closed and no region can claim invented approvals (1.314283ms)
✔ v1 worldwide approval remains compatible (0.660827ms)
✔ regional content claims depend on macro and branch approval, not unfinished worldwide descendants (1.68327ms)
✔ macro approval and explicit complete region certificates are required (0.41742ms)
✔ pins and every location target are checked against explicitly selected regions (0.734098ms)
✔ ambiguous territorial membership fails closed (0.155084ms)
✔ all name, relationship and media targets are scoped; ancillary or geographic writes are refused (0.440534ms)
✔ verified raw batches are inspected rather than trusting caller target summaries (1.157026ms)
✔ corrections require a territorial crosswalk and cannot transfer facts to another location (0.580716ms)
✔ research compiler produces deterministic bounded batches and preserves exact input/source bytes (743.249879ms)
✔ compiler rejects unsupported classifications, unsupported dates, source classes, cycles and geographic writes (0.849693ms)
✔ parent entities precede child entities and atomic correction groups stay together at batch boundaries (88.351787ms)
✔ dry-run rejects tampering and performs zero network requests (2.634356ms)
✔ import refuses mismatched geography before writes and rejects unsafe origins (17.021748ms)
✔ partial successful receipts survive failure, resumable retry skips committed batches and never logs credentials (437.889349ms)
✔ network/transient failures retry an identical ingestion within a bounded budget (1.841559ms)
✔ compiled content imports against actual frozen hosted SQL and preserves corrected evidence immutably (42.378987ms)
✔ targets first introduced by a campaign commit before its retirement transaction (20.037891ms)
✔ shared replacements stay atomic and chained corrections respect target availability (1.100291ms)
✔ each research batch carries its geographic pin and a conflict preserves prior receipts (147.412921ms)
✔ unpinned server receipts are rejected and legacy receipts are preserved while newly pinned transactions verify them (3.619633ms)
✔ temporal campaigns retain ordinary source dependencies and route atomic sourced geography corrections separately (1.505612ms)
✔ temporal compiler bounds sources/dates/classification and rejects reference mutations/unvetted footprints (1.1065ms)
✔ temporal bundle manifests validate endpoint identity, pinned receipts and resume independently of ordinary imports (3.81658ms)
✔ discovery preserves identity/source metadata and pages every result with bounded filters (110.971034ms)
✔ relationship pages exhaust both directions beyond profile truncation with date/example/withdrawal filtering (56.335986ms)
✔ media link pages preserve every active link and omit withdrawn, pending and unsupported-year links (55.163451ms)
✔ capacity reports measured bytes and declared budgets without claiming a managed quota or prepared assets (20.044721ms)
✔ catalog and graph reads reject revision changes instead of publishing inconsistent pages (18.279497ms)
✔ media campaign dry run validates original bytes and rights without network or receipts (69.616714ms)
✔ actual Worker and registerMedia roundtrip retains provenance, immutable R2 bytes and resumable receipt hashes (48.999418ms)
✔ lost upload response rereads committed identity and full bytes without a second POST (17.73828ms)
✔ failed campaign preserves verified objects and safely resumes only missing identities (23.159992ms)
✔ source mismatches, changed claims and changed local or remote bytes stop before replacing originals (20.485166ms)
✔ tampered checkpoints, duplicate content identities and missing source dependencies are rejected (18.124934ms)
✔ redirects never forward the private credential and untrusted API errors are not persisted (17.98348ms)
✔ encoded URL bounds and escaped local paths are enforced before any upload (15.395294ms)
✔ a truncated successful POST receipt is resolved by direct immutable metadata reread (16.702637ms)
✔ optional registered source archives are checked by stable ID and digest before linking provenance (19.534501ms)
✔ older services without provenance capability stop before creating immutable incomplete metadata (16.031564ms)
✔ century transport preserves exact intervals, dated identities and contested provenance with deterministic assets (133.466352ms)
✔ six schema variants partition all IDs and preserve explicit semantic openness (4.827946ms)
✔ raw hashing preserves float lexemes, signed zero, exponent precision and Unicode policy (0.782951ms)
✔ duplicate reports, stale polygons and incomplete parent chains fail (1.376928ms)
✔ parent membership cannot overlap, omit a child or claim unsupported approval (2.209694ms)
✔ owner labels and source policy identities are exhaustively crosswalked (5.088099ms)
✔ removed/new IDs require archival receipts and migration is never inferred (3.582747ms)
✔ fresh-clone reader verifies every file pin without Python or cache access (26.489495ms)
✔ changed source bytes or missing continent ledger reject the read-only snapshot (16.360439ms)
✔ a renamed complete ledger cannot leak into website deployment assets (13.960888ms)
✔ source-parent measurements require current footprint context and actual members (26.327791ms)
✔ sourced policy overlay changes exactly the three proven roles without mutating original source policy (3.920937ms)
✔ unrelated original-policy edits and duplicate correction identities require new review (9.84678ms)
✔ every crosswalked location exposes its individually supported role and unchanged source vintage (1.7626ms)
✔ Monaco and Luxembourg remain explicit stable-ID proposals with no hierarchy mutation (45.447704ms)
✔ explicit legacy staging retains every original migration and metadata byte and deploys exactly 0000–0007 (21.131399ms)
✔ default staging keeps the complete derivative and opt-in retries remove old forward files (15.85039ms)
✔ all forward migration/source/journal hashes are checked before any deployment cutoff (10.26491ms)
✔ the eight staged migrations have the original eight-migration schema and no forward tables (22.750002ms)
✔ staging requires explicit valid mode, a separate real checkout and a supported CLI flag (82.672335ms)
✔ checkpoint packing deterministically preserves all fourteen exported tables and every original byte (175.270979ms)
✔ checkpoint rejects compressed tampering, original hashes and unsafe paths without publishing partial output (75.331081ms)
✔ a recomputed gzip hash cannot bypass the independent decompression bound (67.587575ms)
✔ symlinked checkpoint parts and changed source exports are rejected without replacing evidence (66.236076ms)
✔ existing destinations are immutable and ordinary restore validates source hashes before any database call (72.515091ms)
✔ verified existing destinations reject checkpoint identity-summary tampering (87.845256ms)
✔ v2 inventories all twenty-three tables and pins every reviewed D1/PostgreSQL migration (16.159677ms)
✔ empty forward migrations preserve every v1 marker/page byte and existing fourteen-table restore (1974.223628ms)
✔ forward owner restoration streams all twenty-three tables, original JSON bytes, deferred receipts and sequence (2043.481604ms)
✔ v2 detects changing staged publication, missing source guards and unexpected factual tables (1585.276451ms)
✔ a missing target guard or source migration/raw-row proof fails before any target writes (1820.15819ms)
✔ a deferred cross-table FK failure rolls back all twenty-three tables, guards and sequence (1728.771137ms)
✔ interrupted v2 capture resumes preserved pages and its v2 cursor cannot be sent to v1 (262.001286ms)
✔ v3 inventories all twenty-six tables and pins every reviewed D1/PostgreSQL migration (19.602822ms)
✔ empty forward migrations preserve every v1 marker/page byte and existing fourteen-table restore (2005.153955ms)
✔ forward owner restoration streams all twenty-six tables, original JSON bytes, deferred receipts and sequence (2293.961743ms)
✔ v3 detects changing staged publication, missing source guards and unexpected factual tables (1549.348235ms)
✔ a missing target guard or source migration/raw-row proof fails before any target writes (1509.58425ms)
✔ a deferred cross-table FK failure rolls back all twenty-six tables, guards and sequence (1525.028654ms)
✔ interrupted v3 capture resumes preserved pages and its v3 cursor cannot be sent to v1 (221.244197ms)
✔ typed storage on actual SQLite/PostgreSQL preserves replays and rejects unsupported evidence or incomplete corrections atomically (1767.377394ms)
✔ pure and actual SQLite/PostgreSQL contracts retain supported uncertainty/example labels, zero/false, and reject known-status null (1621.246743ms)
✔ standalone owner SQL without its ingestion journal is explicitly outside the atomic correction guarantee (1635.945077ms)
✔ complete export marker works under managed D1 compound-SELECT limits (60.764294ms)
✔ all fourteen raw tables export exhaustively with original text, rowids and archived evidence (115.026054ms)
✔ composite keyset cursors page across releases and reject foreign, malformed or injected cursors (58.916806ms)
✔ markers detect publication and media writes outside ingestion revisions and reject raced pages (34.59507ms)
✔ oversized retained evidence is reduced through explicit 413 rather than truncated (69.303095ms)
✔ CLI exporter preserves a partial ledger, resumes hashed pages and proves frozen all-table counts (79.640191ms)
✔ CLI rejects unfrozen, changed or tampered exports without mixing checkpoints (58.077028ms)
✔ CLI overlaps bounded independent collections while preserving serial cursors and journals (148.608846ms)
✔ stalled fetch times out with its forwarded signal and retries the same cursor without rewriting preserved source pages (580.367085ms)
✔ a response with stalled JSON bytes is bounded through body consumption and preserves checkpoint receipts (603.842693ms)
✔ permanent transport stalls stop after four deadlines without logging credentials or creating a false checkpoint (3545.581932ms)
✔ external cancellation aborts fetch, JSON-body reading and retry backoff without retries or checkpoint changes (142.363612ms)
✔ malformed JSON and snapshot-conflict HTTP errors remain nonretryable, and unsafe deadline settings fail before fetching (1.225089ms)
✔ stale body, state, candidate bytes and active worker/PR prevent writes (2.675398ms)
✔ unrelated scope and original prose cannot be overwritten (0.459854ms)
✔ read-only preflight issues no writes and checks the complete batch before applying (3.703149ms)
✔ bounded application reads back each correction and is idempotent (2.430068ms)
✔ failed readback retains partial receipt and stops before remaining writes (1.548528ms)
✔ unexpected issue scope cannot expand the mutation targets (0.326112ms)
✔ fresh body recheck prevents overwriting an edit after batch preflight (0.883022ms)
✔ scope property serialization order does not imply changed release or ownership (0.249667ms)
✔ a wrong hash label is rejected even when source scope is otherwise unchanged (0.273623ms)
Atlas request failed /api/geography/temporal/import Ingestion ID identifies another input
✔ Worker dated geography routes, revision, evidence and retry work on actual sqlite (91.071349ms)
Atlas request failed /api/geography/temporal/import Cross-origin writes are not permitted
Atlas request failed /api/geography/temporal/import Expected property name or '}' in JSON at position 1 (line 1 column 2)
Atlas request failed /api/geography/temporal/import Request exceeds the supported upload size
Atlas request failed /api/geography/temporal/import Dated geography import rejected; no partial changes may be used
Atlas request failed /api/geography/temporal/snapshot Year must be between 3000 BC and 2026 AD, excluding zero
Atlas request failed /api/geography/temporal/snapshot Year must be between 3000 BC and 2026 AD, excluding zero
Atlas request failed /api/geography/temporal/snapshot Year must be between 3000 BC and 2026 AD, excluding zero
Atlas request failed /api/geography/temporal/snapshot Invalid temporal snapshot stream
✔ Worker dated geography rejects unsafe writes without changing scalar/media routes on actual sqlite (46.479889ms)
Atlas request failed /api/geography/temporal/import Ingestion ID identifies another input
✔ Worker dated geography routes, revision, evidence and retry work on actual postgres (1997.253922ms)
Atlas request failed /api/geography/temporal/import Cross-origin writes are not permitted
Atlas request failed /api/geography/temporal/import Expected property name or '}' in JSON at position 1 (line 1 column 2)
Atlas request failed /api/geography/temporal/import Request exceeds the supported upload size
Atlas request failed /api/geography/temporal/import Dated geography import rejected; no partial changes may be used
Atlas request failed /api/geography/temporal/snapshot Year must be between 3000 BC and 2026 AD, excluding zero
Atlas request failed /api/geography/temporal/snapshot Year must be between 3000 BC and 2026 AD, excluding zero
Atlas request failed /api/geography/temporal/snapshot Year must be between 3000 BC and 2026 AD, excluding zero
Atlas request failed /api/geography/temporal/snapshot Invalid temporal snapshot stream
✔ Worker dated geography rejects unsafe writes without changing scalar/media routes on actual postgres (1405.295329ms)
✔ opt-in inline temporal pages retain exact standalone claims, permanent withdrawals, source and release pins (2031.557794ms)
✔ a revision change between scalar and inline temporal reads rejects the complete response (1489.263116ms)
✔ incomplete bounded temporal streams stay on the ordinary paging protocol (3675.745534ms)
✔ inline geography never widens the total scalar response byte limit (5335.97631ms)
✔ complete reference chains remain labeled fallback; BC/AD, exclusive end and province-level changes resolve identically (1455.135443ms)
✔ SQL source, tier, equal-precedence overlap, release and example guards reject atomic invalid imports (1440.709128ms)
✔ ancestor absence rejects disconnected descendants but permits atomic reparenting or existence suppression (1448.495431ms)
✔ all overlapping ancestor transitions are validated, including interior absence outside child endpoints (1439.792036ms)
✔ explicit unknown blocks weaker and opt-in examples while maintaining the complete reference chain (1404.096106ms)
✔ atomic corrections preserve original JSON text, withdrawals, stable retries and missing-replacement rollback (1518.012034ms)
✔ SQL independently prevents forged validation, dangling receipts and appending to a sealed receipt (1507.856363ms)
✔ known identity lifetimes cannot be resurrected or widened by a dated claim (1441.344238ms)
✔ paged claims retain exclusions, provenance, release and one shared revision (1381.453685ms)
✔ bounded production pages skip the reference registry in source-free years and return only winners with deduplicated sources (1473.30178ms)
✔ permanent withdrawal pages retain claims outside the selected year and share the pinned revision (1441.708989ms)
✔ legacy source metadata is byte-preflighted before materialization and oversized pages fail with a bounded retry suggestion (1619.260332ms)
✔ raw SQL cannot store fractional years or alter retained temporal facts and receipts (1378.932078ms)
✔ actual hosted winner and withdrawal streams hydrate the browser resolver without full registry reads (1530.215688ms)
✔ direct dated names precede reference attestations in any language, with stable ties and examples last (4.238747ms)
✔ unknown historical name and habitation do not imply an absent or rural settlement (5.083011ms)
✔ dated names at every level retain stable identity; aliases remain searchable outside their dates (13.710183ms)
✔ dated membership changes the hierarchy used by map colors and province borders (7.650686ms)
✔ settlement attributes and existence are separate from a location and successor links keep distinct IDs (11.995334ms)
✔ explicit uninhabited differs from unknown, and sourced states beat examples (6.067107ms)
✔ broken dated parent chains, invalid dates and interval overlaps roll back atomically (7.535392ms)
✔ future historical graph entities do not enter geographic grouping tiers (1.838495ms)
✔ registration is additive, versioned, immutable and JSON-only; conflicts fail closed (4.303735ms)
✔ serialization hooks/getters cannot replace module identity or metadata, and never execute (2.235244ms)
✔ false and literal zero remain sourced; absent, unknown and unresolved are distinct (0.853578ms)
✔ no year zero, interval extrapolation, lifetime overflow or modern-reference promotion (0.509579ms)
✔ numeric measurement rejects incompatible units, PPP, cohort, household weighting and uncertainty (1.852405ms)
✔ entity government, controlled identities and feature links preserve the existing graph (0.590472ms)
✔ direct/derived/reference/estimate/example precedence, explicit unknown and retirements are deterministic (0.8547ms)
✔ directly quoted estimates retain estimate labels and the preserved method-based priority (0.191148ms)
✔ shared pure snapshot seam round-trips all retained source, unit and derivation metadata without mutation (0.714709ms)
✔ existing eight attributes, legacy values and precedence stay unchanged (0.942092ms)
✔ retained synthetic transport fixture matches date-pinned expected results and original bytes (2.045797ms)
✔ malformed unresolved evidence resolves to the unknown fill for every attribute, including category IDs (1.746636ms)
✔ direct unresolved evidence blocks weaker assignments and modern fallback without losing its provenance (0.807359ms)
✔ API, local import, UI preview and raw SQL reject both unresolved/non-null contract violations (71.043092ms)
✔ 0006 preserves populated claims, retirements and all existing schema objects while suppressing retained malformed claims (17.003843ms)
✔ opening a populated legacy local database retains malformed historical claims and applies the new INSERT guard (8.301158ms)
✔ explicit no-inhabitant evidence produces unsettled with its supported interval and source record provenance (1.614336ms)
✔ unknown, reference, modeled, rounded and untyped legacy zeros never imply unsettled (0.552915ms)
✔ settlement contradictions obey cross-field precedence and tied evidence remains disputed (0.857694ms)
✔ local imports accept canonical unsettled, reject both orders of direct contradictions and retain unknown/model-zero behavior (12.491964ms)
✔ hosted imports and shared resolver agree; corrections exclude retired negative claims (55.976442ms)
✔ 0003 migration preserves all old claim fields, retirement pointers, indexes and triggers (14.614667ms)
✔ existing local enum migration preserves snapshots/history and enables new rank without touching geometry (16.343526ms)
✔ precision flags prevent false habitation conflicts in both local and hosted import orders (132.634969ms)
✔ 0004 precision migration preserves claims, retirements, indexes and all other triggers (17.186368ms)
✔ source classes protect literal-zero evidence and example opt-in at the SQL boundary (48.155689ms)
✔ 0005 source-class migration preserves claims and retirement-aware contracts while matching example-zero resolution (17.490087ms)
✔ results are bound to the bot, request and issue, including denial (1.124276ms)
✔ latest matching response wins, unrelated or malformed comments cannot confer ownership (0.174964ms)
✔ positive confirmations require current exact canonical ownership, not stale success (0.752336ms)
✔ bootstrap fallback requires exact request and releases require inactive state (0.262977ms)
✔ merge responses retain exact PR binding and embedded HTML cannot break the marker (0.251049ms)
ℹ tests 625
ℹ suites 0
ℹ pass 625
ℹ fail 0
ℹ cancelled 0
ℹ skipped 0
ℹ todo 0
ℹ duration_ms 327795.646851
