TAP version 13
# Subtest: accepts the full frozen 50 component, 14 contact, two-family closure
ok 1 - accepts the full frozen 50 component, 14 contact, two-family closure
  ---
  duration_ms: 8.294334
  type: 'test'
  ...
# Subtest: rejects an omitted component
ok 2 - rejects an omitted component
  ---
  duration_ms: 1.718167
  type: 'test'
  ...
# Subtest: rejects duplicate membership and a foreign component subject
ok 3 - rejects duplicate membership and a foreign component subject
  ---
  duration_ms: 3.127208
  type: 'test'
  ...
# Subtest: rejects altered original source body and hash pins
ok 4 - rejects altered original source body and hash pins
  ---
  duration_ms: 7.861458
  type: 'test'
  ...
# Subtest: rejects contact omission, duplication, and foreign subject IDs
ok 5 - rejects contact omission, duplication, and foreign subject IDs
  ---
  duration_ms: 5.449916
  type: 'test'
  ...
# Subtest: rejects re-bound contact geometry and candidate geometry
ok 6 - rejects re-bound contact geometry and candidate geometry
  ---
  duration_ms: 4.264541
  type: 'test'
  ...
# Subtest: rejects family-row and family identity rebinding
ok 7 - rejects family-row and family identity rebinding
  ---
  duration_ms: 4.148792
  type: 'test'
  ...
1..7
# tests 7
# suites 0
# pass 7
# fail 0
# cancelled 0
# skipped 0
# todo 0
# duration_ms 101.60125
