Traceback (most recent call last):
  File "/Users/chengshuli/world-atlas-workspace/.worldatlas-workspaces/8c86b01772c1c827/cf40d9d594efb1cc1cb6158e6803afea25baf2d6058a2324fe45a0b23a03fb41/work/coordination/engineering/global-gap-candidate-refresh-20261009/control-runner.py", line 3, in <module>
    import refresh
ModuleNotFoundError: No module named 'refresh'
        0.05 real         0.01 user         0.01 sys
            15548416  maximum resident set size
                   0  average shared memory size
                   0  average unshared data size
                   0  average unshared stack size
                 832  page reclaims
                 465  page faults
                   0  swaps
                   0  block input operations
                   0  block output operations
                   0  messages sent
                   0  messages received
                   0  signals received
                  33  voluntary context switches
                 125  involuntary context switches
           180738168  instructions retired
            85792167  cycles elapsed
             9339840  peak memory footprint
