full product indexed gb:AFG:ADM2 398 invalid 0
full product indexed gb:AGO:ADM2 161 invalid 0
full product indexed gb:ALB:ADM2 37 invalid 0
full product indexed gb:ARG:ADM2 525 invalid 0
full product indexed gb:ARM:ADM2 39 invalid 0
full product indexed gb:AUS:ADM2 547 invalid 0
full product indexed gb:AZE:ADM2 79 invalid 0
full product indexed gb:BDI:ADM2 119 invalid 0
full product indexed gb:BGD:ADM2 64 invalid 0
full product indexed gb:BGR:ADM2 265 invalid 0
full product indexed gb:BHS:ADM1 32 invalid 0
full product indexed gb:BOL:ADM2 110 invalid 0
full product indexed gb:BRA:ADM2 5570 invalid 0
full product indexed gb:BTN:ADM1 20 invalid 0
full product indexed gb:BWA:ADM2 25 invalid 0
full product indexed gb:CAF:ADM3 175 invalid 0
full product indexed gb:CAN:ADM3 5162 invalid 0
full product indexed gb:CHL:ADM3 345 invalid 0
full product indexed gb:CHN:ADM2 2391 invalid 0
full product indexed gb:CMR:ADM3 360 invalid 0
full product indexed gb:COD:ADM2 189 invalid 0
full product indexed gb:COG:ADM2 46 invalid 0
full product indexed gb:COL:ADM2 1122 invalid 0
full product indexed gb:CPV:ADM1 22 invalid 0
full product indexed gb:CUB:ADM2 168 invalid 0
full product indexed gb:DJI:ADM2 11 invalid 0
full product indexed gb:DNK:ADM2 98 invalid 0
full product indexed gb:ECU:ADM2 224 invalid 0
full product indexed gb:EGY:ADM2 365 invalid 0
full product indexed gb:FIN:ADM2 70 invalid 0
full product indexed gb:FJI:ADM2 15 invalid 0
full product indexed gb:GAB:ADM2 49 invalid 0
full product indexed gb:GBR:ADM2 216 invalid 0
full product indexed gb:GEO:ADM2 68 invalid 0
full product indexed gb:GMB:ADM2 48 invalid 0
full product indexed gb:GRC:ADM3 326 invalid 0
full product indexed gb:GUY:ADM2 27 invalid 0
full product indexed gb:HND:ADM2 298 invalid 0
full product indexed gb:IND:ADM2 735 invalid 0
full product indexed gb:IND:ADM3 6822 invalid 0
full product indexed gb:IRQ:ADM2 101 invalid 0
full product indexed gb:ISR:ADM2 15 invalid 0
full product indexed gb:JOR:ADM2 52 invalid 0
full product indexed gb:KEN:ADM2 290 invalid 0
full product indexed gb:KGZ:ADM2 41 invalid 0
full product indexed gb:KHM:ADM2 197 invalid 0
full product indexed gb:KIR:ADM1 3 invalid 0
full product indexed gb:KOR:ADM2 228 invalid 0
full product indexed gb:KWT:ADM1 6 invalid 0
full product indexed gb:LAO:ADM2 148 invalid 0
full product indexed gb:LBN:ADM2 26 invalid 0
full product indexed gb:LSO:ADM1 10 invalid 0
full product indexed gb:MDG:ADM2 119 invalid 0
full product indexed gb:MKD:ADM2 84 invalid 0
full product indexed gb:MMR:ADM3 330 invalid 0
full product indexed gb:MNE:ADM1 23 invalid 0
full product indexed gb:MNG:ADM2 339 invalid 0
full product indexed gb:MNP:ADM2 4 invalid 0
full product indexed gb:MOZ:ADM2 159 invalid 0
full product indexed gb:MUS:ADM1 12 invalid 0
full product indexed gb:MWI:ADM2 28 invalid 0
full product indexed gb:NAM:ADM2 109 invalid 0
full product indexed gb:NIC:ADM2 153 invalid 0
full product indexed gb:NOR:ADM2 431 invalid 0
full product indexed gb:NPL:ADM2 75 invalid 0
full product indexed gb:PAK:ADM2 126 invalid 0
full product indexed gb:PAN:ADM2 76 invalid 0
full product indexed gb:PER:ADM2 196 invalid 0
full product indexed gb:PNG:ADM3 326 invalid 0
full product indexed gb:PRK:ADM2 179 invalid 0
full product indexed gb:PRT:ADM2 311 invalid 0
full product indexed gb:PRY:ADM2 247 invalid 0
full product indexed gb:PSE:ADM2 16 invalid 0
full product indexed gb:RUS:ADM2 2327 invalid 0
full product indexed gb:RWA:ADM2 30 invalid 0
full product indexed gb:SAU:ADM2 147 invalid 0
full product indexed gb:SEN:ADM2 45 invalid 0
full product indexed gb:SOM:ADM2 118 invalid 0
full product indexed gb:SSD:ADM2 78 invalid 0
full product indexed gb:SWE:ADM2 290 invalid 0
full product indexed gb:SWZ:ADM2 53 invalid 0
full product indexed gb:SYC:ADM2 8 invalid 0
full product indexed gb:SYR:ADM2 61 invalid 0
full product indexed gb:TCD:ADM2 70 invalid 0
full product indexed gb:TJK:ADM2 58 invalid 0
full product indexed gb:TON:ADM1 5 invalid 0
full product indexed gb:TTO:ADM1 14 invalid 0
full product indexed gb:TUR:ADM2 973 invalid 0
full product indexed gb:TUV:ADM1 8 invalid 0
full product indexed gb:TZA:ADM2 170 invalid 0
full product indexed gb:UGA:ADM3 137 invalid 0
full product indexed gb:URY:ADM1 19 invalid 0
full product indexed gb:VEN:ADM2 335 invalid 0
full product indexed gb:VNM:ADM2 708 invalid 0
full product indexed gb:VUT:ADM1 6 invalid 0
full product indexed gb:XKX:ADM1 7 invalid 0
full product indexed gb:YEM:ADM2 335 invalid 0
full product indexed gb:ZAF:ADM3 213 invalid 0
full product indexed gb:ZMB:ADM2 116 invalid 0
full product indexed gb:ZWE:ADM2 91 invalid 0
processed 250 {'positive-source-coverage-mixed-partial-or-subject-unresolved': 225, 'no-source-intersection-in-literal-domain': 17, 'one-compatible-recorded-subject-uniquely-covers-component': 8} elapsed 7.1
processed 500 {'positive-source-coverage-mixed-partial-or-subject-unresolved': 455, 'no-source-intersection-in-literal-domain': 35, 'one-compatible-recorded-subject-uniquely-covers-component': 9, 'zero-area-contact-only': 1} elapsed 19.0
processed 750 {'positive-source-coverage-mixed-partial-or-subject-unresolved': 678, 'no-source-intersection-in-literal-domain': 52, 'one-compatible-recorded-subject-uniquely-covers-component': 19, 'zero-area-contact-only': 1} elapsed 24.1
processed 1000 {'positive-source-coverage-mixed-partial-or-subject-unresolved': 917, 'no-source-intersection-in-literal-domain': 61, 'one-compatible-recorded-subject-uniquely-covers-component': 21, 'zero-area-contact-only': 1} elapsed 30.0
processed 1250 {'positive-source-coverage-mixed-partial-or-subject-unresolved': 1139, 'no-source-intersection-in-literal-domain': 84, 'one-compatible-recorded-subject-uniquely-covers-component': 26, 'zero-area-contact-only': 1} elapsed 35.3
processed 1500 {'positive-source-coverage-mixed-partial-or-subject-unresolved': 1366, 'no-source-intersection-in-literal-domain': 100, 'one-compatible-recorded-subject-uniquely-covers-component': 33, 'zero-area-contact-only': 1} elapsed 39.9
processed 1750 {'positive-source-coverage-mixed-partial-or-subject-unresolved': 1589, 'no-source-intersection-in-literal-domain': 117, 'one-compatible-recorded-subject-uniquely-covers-component': 43, 'zero-area-contact-only': 1} elapsed 43.5
processed 2000 {'positive-source-coverage-mixed-partial-or-subject-unresolved': 1816, 'no-source-intersection-in-literal-domain': 131, 'one-compatible-recorded-subject-uniquely-covers-component': 51, 'zero-area-contact-only': 2} elapsed 54.5
processed 2250 {'positive-source-coverage-mixed-partial-or-subject-unresolved': 2046, 'no-source-intersection-in-literal-domain': 148, 'one-compatible-recorded-subject-uniquely-covers-component': 54, 'zero-area-contact-only': 2} elapsed 64.4
processed 2500 {'positive-source-coverage-mixed-partial-or-subject-unresolved': 2270, 'no-source-intersection-in-literal-domain': 170, 'one-compatible-recorded-subject-uniquely-covers-component': 58, 'zero-area-contact-only': 2} elapsed 69.0
processed 2750 {'positive-source-coverage-mixed-partial-or-subject-unresolved': 2505, 'no-source-intersection-in-literal-domain': 178, 'one-compatible-recorded-subject-uniquely-covers-component': 65, 'zero-area-contact-only': 2} elapsed 72.0
processed 3000 {'positive-source-coverage-mixed-partial-or-subject-unresolved': 2728, 'no-source-intersection-in-literal-domain': 199, 'one-compatible-recorded-subject-uniquely-covers-component': 70, 'zero-area-contact-only': 3} elapsed 76.1
processed 3250 {'positive-source-coverage-mixed-partial-or-subject-unresolved': 2947, 'no-source-intersection-in-literal-domain': 224, 'one-compatible-recorded-subject-uniquely-covers-component': 76, 'zero-area-contact-only': 3} elapsed 79.0
processed 3500 {'positive-source-coverage-mixed-partial-or-subject-unresolved': 3171, 'no-source-intersection-in-literal-domain': 240, 'one-compatible-recorded-subject-uniquely-covers-component': 86, 'zero-area-contact-only': 3} elapsed 82.1
processed 3750 {'positive-source-coverage-mixed-partial-or-subject-unresolved': 3398, 'no-source-intersection-in-literal-domain': 256, 'one-compatible-recorded-subject-uniquely-covers-component': 89, 'zero-area-contact-only': 7} elapsed 88.9
processed 4000 {'positive-source-coverage-mixed-partial-or-subject-unresolved': 3626, 'no-source-intersection-in-literal-domain': 272, 'one-compatible-recorded-subject-uniquely-covers-component': 95, 'zero-area-contact-only': 7} elapsed 95.4
processed 4250 {'positive-source-coverage-mixed-partial-or-subject-unresolved': 3850, 'no-source-intersection-in-literal-domain': 293, 'one-compatible-recorded-subject-uniquely-covers-component': 100, 'zero-area-contact-only': 7} elapsed 97.8
processed 4500 {'positive-source-coverage-mixed-partial-or-subject-unresolved': 4084, 'no-source-intersection-in-literal-domain': 307, 'one-compatible-recorded-subject-uniquely-covers-component': 102, 'zero-area-contact-only': 7} elapsed 105.0
processed 4750 {'positive-source-coverage-mixed-partial-or-subject-unresolved': 4309, 'no-source-intersection-in-literal-domain': 326, 'one-compatible-recorded-subject-uniquely-covers-component': 106, 'zero-area-contact-only': 9} elapsed 109.8
processed 5000 {'positive-source-coverage-mixed-partial-or-subject-unresolved': 4528, 'no-source-intersection-in-literal-domain': 347, 'one-compatible-recorded-subject-uniquely-covers-component': 115, 'zero-area-contact-only': 10} elapsed 114.0
processed 5250 {'positive-source-coverage-mixed-partial-or-subject-unresolved': 4752, 'no-source-intersection-in-literal-domain': 366, 'one-compatible-recorded-subject-uniquely-covers-component': 122, 'zero-area-contact-only': 10} elapsed 116.1
processed 5500 {'positive-source-coverage-mixed-partial-or-subject-unresolved': 4973, 'no-source-intersection-in-literal-domain': 391, 'one-compatible-recorded-subject-uniquely-covers-component': 125, 'zero-area-contact-only': 11} elapsed 121.8
processed 5750 {'positive-source-coverage-mixed-partial-or-subject-unresolved': 5201, 'no-source-intersection-in-literal-domain': 409, 'one-compatible-recorded-subject-uniquely-covers-component': 129, 'zero-area-contact-only': 11} elapsed 126.0
processed 6000 {'positive-source-coverage-mixed-partial-or-subject-unresolved': 5424, 'no-source-intersection-in-literal-domain': 430, 'one-compatible-recorded-subject-uniquely-covers-component': 135, 'zero-area-contact-only': 11} elapsed 129.2
processed 6250 {'positive-source-coverage-mixed-partial-or-subject-unresolved': 5646, 'no-source-intersection-in-literal-domain': 451, 'one-compatible-recorded-subject-uniquely-covers-component': 141, 'zero-area-contact-only': 12} elapsed 134.1
processed 6500 {'positive-source-coverage-mixed-partial-or-subject-unresolved': 5870, 'no-source-intersection-in-literal-domain': 471, 'one-compatible-recorded-subject-uniquely-covers-component': 147, 'zero-area-contact-only': 12} elapsed 139.1
processed 6750 {'positive-source-coverage-mixed-partial-or-subject-unresolved': 6102, 'no-source-intersection-in-literal-domain': 485, 'one-compatible-recorded-subject-uniquely-covers-component': 151, 'zero-area-contact-only': 12} elapsed 142.8
processed 7000 {'positive-source-coverage-mixed-partial-or-subject-unresolved': 6333, 'no-source-intersection-in-literal-domain': 501, 'one-compatible-recorded-subject-uniquely-covers-component': 154, 'zero-area-contact-only': 12} elapsed 146.6
processed 7250 {'positive-source-coverage-mixed-partial-or-subject-unresolved': 6559, 'no-source-intersection-in-literal-domain': 522, 'one-compatible-recorded-subject-uniquely-covers-component': 156, 'zero-area-contact-only': 13} elapsed 150.7
processed 7500 {'positive-source-coverage-mixed-partial-or-subject-unresolved': 6778, 'no-source-intersection-in-literal-domain': 543, 'one-compatible-recorded-subject-uniquely-covers-component': 164, 'zero-area-contact-only': 15} elapsed 153.4
processed 7750 {'positive-source-coverage-mixed-partial-or-subject-unresolved': 7000, 'no-source-intersection-in-literal-domain': 564, 'one-compatible-recorded-subject-uniquely-covers-component': 170, 'zero-area-contact-only': 16} elapsed 158.9
processed 8000 {'positive-source-coverage-mixed-partial-or-subject-unresolved': 7227, 'no-source-intersection-in-literal-domain': 580, 'one-compatible-recorded-subject-uniquely-covers-component': 175, 'zero-area-contact-only': 18} elapsed 165.4
processed 8250 {'positive-source-coverage-mixed-partial-or-subject-unresolved': 7456, 'no-source-intersection-in-literal-domain': 594, 'one-compatible-recorded-subject-uniquely-covers-component': 182, 'zero-area-contact-only': 18} elapsed 167.8
processed 8500 {'positive-source-coverage-mixed-partial-or-subject-unresolved': 7685, 'no-source-intersection-in-literal-domain': 609, 'one-compatible-recorded-subject-uniquely-covers-component': 188, 'zero-area-contact-only': 18} elapsed 171.3
processed 8750 {'positive-source-coverage-mixed-partial-or-subject-unresolved': 7907, 'no-source-intersection-in-literal-domain': 631, 'one-compatible-recorded-subject-uniquely-covers-component': 194, 'zero-area-contact-only': 18} elapsed 173.5
processed 9000 {'positive-source-coverage-mixed-partial-or-subject-unresolved': 8135, 'no-source-intersection-in-literal-domain': 647, 'one-compatible-recorded-subject-uniquely-covers-component': 199, 'zero-area-contact-only': 19} elapsed 177.5
processed 9250 {'positive-source-coverage-mixed-partial-or-subject-unresolved': 8359, 'no-source-intersection-in-literal-domain': 669, 'one-compatible-recorded-subject-uniquely-covers-component': 203, 'zero-area-contact-only': 19} elapsed 185.5
processed 9500 {'positive-source-coverage-mixed-partial-or-subject-unresolved': 8584, 'no-source-intersection-in-literal-domain': 686, 'one-compatible-recorded-subject-uniquely-covers-component': 211, 'zero-area-contact-only': 19} elapsed 189.8
processed 9750 {'positive-source-coverage-mixed-partial-or-subject-unresolved': 8810, 'no-source-intersection-in-literal-domain': 703, 'one-compatible-recorded-subject-uniquely-covers-component': 217, 'zero-area-contact-only': 20} elapsed 193.9
processed 10000 {'positive-source-coverage-mixed-partial-or-subject-unresolved': 9042, 'no-source-intersection-in-literal-domain': 716, 'one-compatible-recorded-subject-uniquely-covers-component': 222, 'zero-area-contact-only': 20} elapsed 197.2
processed 10250 {'positive-source-coverage-mixed-partial-or-subject-unresolved': 9270, 'no-source-intersection-in-literal-domain': 732, 'one-compatible-recorded-subject-uniquely-covers-component': 228, 'zero-area-contact-only': 20} elapsed 203.1
processed 10500 {'positive-source-coverage-mixed-partial-or-subject-unresolved': 9495, 'no-source-intersection-in-literal-domain': 751, 'one-compatible-recorded-subject-uniquely-covers-component': 234, 'zero-area-contact-only': 20} elapsed 208.1
processed 10750 {'positive-source-coverage-mixed-partial-or-subject-unresolved': 9723, 'no-source-intersection-in-literal-domain': 763, 'one-compatible-recorded-subject-uniquely-covers-component': 243, 'zero-area-contact-only': 21} elapsed 213.3
processed 11000 {'positive-source-coverage-mixed-partial-or-subject-unresolved': 9947, 'no-source-intersection-in-literal-domain': 785, 'one-compatible-recorded-subject-uniquely-covers-component': 247, 'zero-area-contact-only': 21} elapsed 223.3
processed 11250 {'positive-source-coverage-mixed-partial-or-subject-unresolved': 10179, 'no-source-intersection-in-literal-domain': 798, 'one-compatible-recorded-subject-uniquely-covers-component': 252, 'zero-area-contact-only': 21} elapsed 226.3
processed 11500 {'positive-source-coverage-mixed-partial-or-subject-unresolved': 10407, 'no-source-intersection-in-literal-domain': 813, 'one-compatible-recorded-subject-uniquely-covers-component': 259, 'zero-area-contact-only': 21} elapsed 229.1
processed 11750 {'positive-source-coverage-mixed-partial-or-subject-unresolved': 10636, 'no-source-intersection-in-literal-domain': 826, 'one-compatible-recorded-subject-uniquely-covers-component': 266, 'zero-area-contact-only': 22} elapsed 236.2
processed 12000 {'positive-source-coverage-mixed-partial-or-subject-unresolved': 10865, 'no-source-intersection-in-literal-domain': 844, 'one-compatible-recorded-subject-uniquely-covers-component': 268, 'zero-area-contact-only': 23} elapsed 238.5
processed 12250 {'positive-source-coverage-mixed-partial-or-subject-unresolved': 11089, 'no-source-intersection-in-literal-domain': 865, 'one-compatible-recorded-subject-uniquely-covers-component': 273, 'zero-area-contact-only': 23} elapsed 243.7
{"status": "complete-immutable-source-comparison", "components": 12427, "counts": {"positive-source-coverage-mixed-partial-or-subject-unresolved": 11252, "no-source-intersection-in-literal-domain": 876, "one-compatible-recorded-subject-uniquely-covers-component": 276, "zero-area-contact-only": 23}, "unknowns": 41}
