
> world-atlas@0.1.0 build:hosted
> node scripts/build-hosted.mjs

vite v7.3.6 building client environment for production...
transforming...
✓ 41 modules transformed.
rendering chunks...
computing gzip size...
dist/index.html                             0.46 kB │ gzip:   0.30 kB
dist/assets/pixel-gpu-worker-DOOaZKfq.js    2.33 kB
dist/assets/pixel-worker-DTOGFbAn.js        2.59 kB
dist/assets/index-bXIaIiI7.css             31.40 kB │ gzip:  10.62 kB
dist/assets/index-aTSvUuc7.js             356.79 kB │ gzip: 108.54 kB
✓ built in 1.05s
Static atlas ready: 49625 polygons and 4 dated records.
Deployment: 261817925 file bytes; tar 262164480 bytes; gzip 186141068 bytes.
Package reserve: 4194304 bytes; asset reserve: 1048576 bytes (1 MiB = 1048576 bytes).
Categories:
  hosting-config: 95 bytes (1 files)
  review-and-reference: 105366299 bytes (82 files)
  application: 393577 bytes (5 files)
  prepared-evidence: 2281899 bytes (9 files)
  geography: 39968019 bytes (88 files)
  ownership: 112225678 bytes (197 files)
  migration-transport: 1198772 bytes (42 files)
  worker: 383586 bytes (2 files)
Largest files:
  dist/client/pixel-audit.json: 14261862 bytes
  dist/client/geographic-migration-archive.json.gz: 10765139 bytes
  dist/client/atlas-geography.json: 10512456 bytes
  dist/client/granularity-audit.json: 10364470 bytes
  dist/client/ownership-history/candidate-recovery.json: 8663175 bytes
  dist/client/global-semantic-closure.json.gz: 8647580 bytes
  dist/client/world-review.json: 7715259 bytes
  dist/client/semantic-report.json: 6091596 bytes
  dist/client/ownership-history/location-identity-map.json.gz: 5087769 bytes
  dist/client/ownership/startup-runs-0.bin.gz: 3854520 bytes
Hosted atlas ready: Worker API, persistent database declarations, media storage and fixed map assets.
