
> world-atlas@0.1.0 build:hosted
> node scripts/build-hosted.mjs

vite v7.3.6 building client environment for production...
transforming...
✓ 41 modules transformed.
rendering chunks...
computing gzip size...
dist/index.html                             0.46 kB │ gzip:   0.30 kB
dist/assets/pixel-gpu-worker-DOOaZKfq.js    2.33 kB
dist/assets/pixel-worker-DTOGFbAn.js        2.59 kB
dist/assets/index-bXIaIiI7.css             31.40 kB │ gzip:  10.62 kB
dist/assets/index-aTSvUuc7.js             356.79 kB │ gzip: 108.54 kB
✓ built in 884ms
Static atlas ready: 49625 polygons and 4 dated records.
Deployment: 311297891 file bytes; tar 311756800 bytes; gzip 235573140 bytes.
Package reserve: 4194304 bytes; asset reserve: 1048576 bytes (1 MiB = 1048576 bytes).
Categories:
  hosting-config: 95 bytes (1 files)
  review-and-reference: 105366299 bytes (82 files)
  application: 393577 bytes (5 files)
  prepared-evidence: 4460047 bytes (90 files)
  geography: 39968019 bytes (88 files)
  ownership: 159527496 bytes (252 files)
  migration-transport: 1198772 bytes (42 files)
  worker: 383586 bytes (2 files)
Largest files:
  dist/client/pixel-audit.json: 14261862 bytes
  dist/client/geographic-migration-archive.json.gz: 10765139 bytes
  dist/client/atlas-geography.json: 10512456 bytes
  dist/client/granularity-audit.json: 10364470 bytes
  dist/client/ownership-history/candidate-recovery.json: 8663175 bytes
  dist/client/global-semantic-closure.json.gz: 8647580 bytes
  dist/client/world-review.json: 7715259 bytes
  dist/client/semantic-report.json: 6091596 bytes
  dist/client/ownership-history/location-identity-map.json.gz: 5087769 bytes
  dist/client/ownership/startup-runs-0.bin.gz: 3854520 bytes
FAIL: Package tar is 311756800 bytes; target 264241152, hard limit 268435456; reduce by 47515648 bytes
file:///tmp/worldatlas-startup712/scripts/build-hosted.mjs:31
if(budget.violations.length)throw Error('Deployment reserve gate failed; see .cache/deployment-budget.json and the category/file breakdown above');
                                  ^

Error: Deployment reserve gate failed; see .cache/deployment-budget.json and the category/file breakdown above
    at file:///tmp/worldatlas-startup712/scripts/build-hosted.mjs:31:35

Node.js v24.19.0
