✔ actual immutable entry rejects owner loss/reassignment with rawworld geometry unchanged (52497.486666ms)
✔ missing native selection, dishonest row partition and unsupported additive hook fail closed (26713.752583ms)
✔ changed actual asset body cannot hide behind an unchanged manifest descriptor (17408.514375ms)
✔ full stable owner identity detects coherent index relabel and boundary-sized gaps (21.376375ms)
✔ full ledger comparison retains zero-cell primitives and rejects coherent omission/source drift (2.603875ms)
✔ aggregate admission rejects before any actual body read (0.469125ms)
✔ complete bootstrap admission precedes runtime opens and trusted code reads (1.783458ms)
✔ missing original proof object uses only the exact whole same-path retained receipt (19318.81325ms)
✔ manifest-bound immutable native transport restores full cross-fragment original members (13274.659666ms)
✔ actual selected entry compares typed whole native bank against ordinary predecessor (36595.098334ms)
✔ selected continuous source consumes exact encoded override and rejects incomplete or stale maps (50558.107833ms)
✔ explicit v2 authority conservation permits append but preserves every original zero-cell primitive (9.442916ms)
✔ whole original rule custody derives actual issued preimage and refuses rebinding before selection (26086.452083ms)
✔ cold selected continuous operands preserve complete neighbors and original loss/overlap comparisons (194954.895792ms)
✔ renewed immutable artifact entry binds complete catalogue and independent authority (18695.870708ms)
✔ registered 533-role authority derives complete custody without raising actual read caps (47691.3875ms)
✔ Cloudflare fourth entry is explicit and cannot reinterpret historical profile shapes (79.002041ms)
✔ genuine Cloudflare authority retains complete 533 roles and four explicit entry profiles (50004.986667ms)
✔ renewed installer authority retains genuine complete 533-role custody (45361.707959ms)
✔ separate authenticated native stages preserve all rows and relinquish containing buffers (36424.626959ms)
✔ actual whole-part acquisition reads once for several rows and rejects incomplete or forged carry (20915.772042ms)
✔ complete side runtime and carried projection admission refuses before whole body opens (19711.322209ms)
✔ real complete side acquisition fits bounded carry where simultaneous whole-body admission cannot (21654.006708ms)
✔ one complete row spanning two whole native members uses genuine bounded member frames (24406.240167ms)
✔ actual whole encoded interval outside the original native grid refuses during projection (21570.892792ms)
✔ complete zero-interval row starts its own charged projection and carry phase (17373.433625ms)
ℹ tests 26
ℹ suites 0
ℹ pass 26
ℹ fail 0
ℹ cancelled 0
ℹ skipped 0
ℹ todo 0
ℹ duration_ms 761465.952625
