✔ actual immutable entry rejects owner loss/reassignment with rawworld geometry unchanged (18966.658291ms)
✔ missing native selection, dishonest row partition and unsupported additive hook fail closed (3397.196083ms)
✔ changed actual asset body cannot hide behind an unchanged manifest descriptor (2205.51075ms)
✔ full stable owner identity detects coherent index relabel and boundary-sized gaps (0.252667ms)
✔ full ledger comparison retains zero-cell primitives and rejects coherent omission/source drift (0.385125ms)
✔ aggregate admission rejects before any actual body read (0.14375ms)
✔ complete bootstrap admission precedes runtime opens and trusted code reads (0.4645ms)
✔ missing original proof object uses only the exact whole same-path retained receipt (2341.122375ms)
✔ manifest-bound immutable native transport restores full cross-fragment original members (1765.635375ms)
✔ actual selected entry compares typed whole native bank against ordinary predecessor (4750.779167ms)
✔ selected continuous source consumes exact encoded override and rejects incomplete or stale maps (7185.26975ms)
✔ explicit v2 authority conservation permits append but preserves every original zero-cell primitive (1.442625ms)
✔ whole original rule custody derives actual issued preimage and refuses rebinding before selection (3351.736083ms)
✔ cold selected continuous operands preserve complete neighbors and original loss/overlap comparisons (23745.670959ms)
✔ renewed immutable artifact entry binds complete catalogue and independent authority (2833.328208ms)
✔ registered 533-role authority derives complete custody without raising actual read caps (6091.598916ms)
✔ Cloudflare fourth entry is explicit and cannot reinterpret historical profile shapes (25.10525ms)
✔ genuine Cloudflare authority retains complete 533 roles and four explicit entry profiles (6446.581333ms)
✔ renewed installer authority retains genuine complete 533-role custody (6509.382375ms)
✔ separate authenticated native stages preserve all rows and relinquish containing buffers (4531.80775ms)
✔ actual whole-part acquisition reads once for several rows and rejects incomplete or forged carry (2756.735083ms)
✔ complete side runtime and carried projection admission refuses before whole body opens (2346.939084ms)
✔ real complete side acquisition fits bounded carry where simultaneous whole-body admission cannot (2841.2265ms)
✔ one complete row spanning two whole native members uses genuine bounded member frames (3495.116625ms)
ℹ tests 24
ℹ suites 0
ℹ pass 24
ℹ fail 0
ℹ cancelled 0
ℹ skipped 0
ℹ todo 0
ℹ duration_ms 105709.741875
