✔ actual immutable entry rejects owner loss/reassignment with rawworld geometry unchanged (22218.11825ms)
✔ missing native selection, dishonest row partition and unsupported additive hook fail closed (3408.687208ms)
✔ changed actual asset body cannot hide behind an unchanged manifest descriptor (2077.935ms)
✔ full stable owner identity detects coherent index relabel and boundary-sized gaps (0.315625ms)
✔ full ledger comparison retains zero-cell primitives and rejects coherent omission/source drift (0.375917ms)
✔ aggregate admission rejects before any actual body read (0.151959ms)
✔ complete bootstrap admission precedes runtime opens and trusted code reads (0.489167ms)
✔ missing original proof object uses only the exact whole same-path retained receipt (2619.692833ms)
✔ manifest-bound immutable native transport restores full cross-fragment original members (1952.450584ms)
✔ actual selected entry compares typed whole native bank against ordinary predecessor (4781.624292ms)
✔ selected continuous source consumes exact encoded override and rejects incomplete or stale maps (7315.004625ms)
✔ explicit v2 authority conservation permits append but preserves every original zero-cell primitive (1.466291ms)
✔ whole original rule custody derives actual issued preimage and refuses rebinding before selection (3593.712584ms)
✔ cold selected continuous operands preserve complete neighbors and original loss/overlap comparisons (27641.758958ms)
✔ renewed immutable artifact entry binds complete catalogue and independent authority (2660.50275ms)
✔ registered 533-role authority derives complete custody without raising actual read caps (9823.613917ms)
✔ Cloudflare fourth entry is explicit and cannot reinterpret historical profile shapes (105.800625ms)
✔ genuine Cloudflare authority retains complete 533 roles and four explicit entry profiles (6523.363875ms)
✔ renewed installer authority retains genuine complete 533-role custody (6672.177833ms)
✔ separate authenticated native stages preserve all rows and relinquish containing buffers (4340.021542ms)
✔ actual whole-part acquisition reads once for several rows and rejects incomplete or forged carry (2407.650791ms)
✔ complete side runtime and carried projection admission refuses before whole body opens (4395.140083ms)
✔ real complete side acquisition fits bounded carry where simultaneous whole-body admission cannot (2967.779542ms)
✔ one complete row spanning two whole native members uses genuine bounded member frames (3349.558084ms)
✔ actual whole encoded interval outside the original native grid refuses during projection (2954.224083ms)
ℹ tests 25
ℹ suites 0
ℹ pass 25
ℹ fail 0
ℹ cancelled 0
ℹ skipped 0
ℹ todo 0
ℹ duration_ms 121929.450709
