file:///Users/chengshuli/world-atlas-workspace/.worldatlas-workspaces/8c86b01772c1c827/8f37144f48568734be4c4d84e67e369ea25708759c9cd4f3ba8016200850ca79/work/coordination/engineering/selected-geography-effective-prevention-20261009/selected-neighbor-prevention.mjs:11
const demand=(v,m)=>{if(!v)throw Error(m);};
                                 ^

Error: Whole cold selected source body differs from independent source bank
    at demand (file:///Users/chengshuli/world-atlas-workspace/.worldatlas-workspaces/8c86b01772c1c827/8f37144f48568734be4c4d84e67e369ea25708759c9cd4f3ba8016200850ca79/work/coordination/engineering/selected-geography-effective-prevention-20261009/selected-neighbor-prevention.mjs:11:34)
    at Module.acceptColdCoordinateCertificate (file:///Users/chengshuli/world-atlas-workspace/.worldatlas-workspaces/8c86b01772c1c827/8f37144f48568734be4c4d84e67e369ea25708759c9cd4f3ba8016200850ca79/work/coordination/engineering/selected-geography-effective-prevention-20261009/selected-neighbor-prevention.mjs:128:106)
    at validatePersistedColdSide (file:///Users/chengshuli/world-atlas-workspace/.worldatlas-workspaces/8c86b01772c1c827/8f37144f48568734be4c4d84e67e369ea25708759c9cd4f3ba8016200850ca79/work/coordination/engineering/selected-geography-effective-prevention-20261009/selected-continuous-entry.mjs:90:27)
    at continuousOperandsStage (file:///Users/chengshuli/world-atlas-workspace/.worldatlas-workspaces/8c86b01772c1c827/8f37144f48568734be4c4d84e67e369ea25708759c9cd4f3ba8016200850ca79/work/coordination/engineering/selected-geography-effective-prevention-20261009/selected-continuous-entry.mjs:148:17)
    at async file:///Users/chengshuli/world-atlas-workspace/.worldatlas-workspaces/8c86b01772c1c827/8f37144f48568734be4c4d84e67e369ea25708759c9cd4f3ba8016200850ca79/work/coordination/engineering/selected-geography-effective-prevention-20261009/selected-continuous-entry.mjs:175:132

Node.js v24.19.0
       43.15 real        38.53 user         7.83 sys
           497188864  maximum resident set size
                   0  average shared memory size
                   0  average unshared data size
                   0  average unshared stack size
             1502533  page reclaims
               16930  page faults
                   0  swaps
                   0  block input operations
                   0  block output operations
               28895  messages sent
               13137  messages received
                   0  signals received
                4486  voluntary context switches
              143978  involuntary context switches
         10066739813  instructions retired
          4339348798  cycles elapsed
           286219904  peak memory footprint
