test_component_link_cannot_omit_a_pair (__main__.Controls.test_component_link_cannot_omit_a_pair) ... ok
test_edge_point_dateline_contacts_cannot_be_erased (__main__.Controls.test_edge_point_dateline_contacts_cannot_be_erased) ... ok
test_missing_fragment_with_self_consistent_reported_count (__main__.Controls.test_missing_fragment_with_self_consistent_reported_count) ... ok
test_original_blocked_tile_binding_cannot_be_redirected (__main__.Controls.test_original_blocked_tile_binding_cannot_be_redirected) ... ok
test_original_unmeasured_area_cannot_be_fabricated (__main__.Controls.test_original_unmeasured_area_cannot_be_fabricated) ... ok
test_pair_cannot_claim_another_component (__main__.Controls.test_pair_cannot_claim_another_component) ... ok
test_unlinked_component_cannot_disappear (__main__.Controls.test_unlinked_component_cannot_disappear) ... ok

----------------------------------------------------------------------
Ran 7 tests in 811.528s

OK
      811.84 real       311.62 user       152.92 sys
          1077952512  maximum resident set size
                   0  average shared memory size
                   0  average unshared data size
                   0  average unshared stack size
            29039359  page reclaims
               62967  page faults
                   0  swaps
                   0  block input operations
                   0  block output operations
                   0  messages sent
                   0  messages received
                   0  signals received
              613703  voluntary context switches
             4077516  involuntary context switches
       2464810671508  instructions retired
       1162523261174  cycles elapsed
          3285606912  peak memory footprint
