✔ standard envelope roundtrip uses fresh randomness, authenticated context and no plaintext fields (10.471977ms)
✔ tampered ciphertext, authentication tag, IV, wrapped key and recipient are rejected (13.862067ms)
✔ malformed or oversized envelopes, unapproved algorithms and invalid intervals fail closed (2.774503ms)
✔ owner credentials, other endpoints, missing TLS and non-RSA keys cannot be transported (1.63156ms)
✖ private delivery writes owner-only outside-Git file and refuses wrong digest, unsafe permissions, symlinks and overwrite (2.702013ms)
✖ CLI encryption/decryption returns metadata only and failures never print plaintext or key material (132.956206ms)
ℹ tests 6
ℹ suites 0
ℹ pass 4
ℹ fail 2
ℹ cancelled 0
ℹ skipped 0
ℹ todo 0
ℹ duration_ms 561.218806

✖ failing tests:

test at test/credential-envelope.test.mjs:33:1
✖ private delivery writes owner-only outside-Git file and refuses wrong digest, unsafe permissions, symlinks and overwrite (2.702013ms)
  Error: Credential envelope validation or private delivery failed
      at fail (file:///workspace/worldatlas-hierarchy-regeneration/scripts/credential-envelope.mjs:11:23)
      at outsideGit (file:///workspace/worldatlas-hierarchy-regeneration/scripts/credential-envelope.mjs:66:53)
      at readPrivateKey (file:///workspace/worldatlas-hierarchy-regeneration/scripts/credential-envelope.mjs:69:2)
      at deliverCredentialFile (file:///workspace/worldatlas-hierarchy-regeneration/scripts/credential-envelope.mjs:85:12)
      at TestContext.<anonymous> (file:///workspace/worldatlas-hierarchy-regeneration/test/credential-envelope.test.mjs:38:17)
      at Test.runInAsyncScope (node:async_hooks:227:14)
      at Test.run (node:internal/test_runner/test:1382:25)
      at Test.processPendingSubtests (node:internal/test_runner/test:960:18)
      at Test.postRun (node:internal/test_runner/test:1522:19)
      at Test.run (node:internal/test_runner/test:1447:12)

test at test/credential-envelope.test.mjs:41:1
✖ CLI encryption/decryption returns metadata only and failures never print plaintext or key material (132.956206ms)
  AssertionError [ERR_ASSERTION]: {"status":"failed","error_code":"credential-envelope-delivery-rejected","credential_logged":false,"private_key_logged":false}
  
  
  1 !== 0
  
      at TestContext.<anonymous> (file:///workspace/worldatlas-hierarchy-regeneration/test/credential-envelope.test.mjs:45:218)
      at Test.runInAsyncScope (node:async_hooks:227:14)
      at Test.run (node:internal/test_runner/test:1382:25)
      at Test.processPendingSubtests (node:internal/test_runner/test:960:18)
      at Test.postRun (node:internal/test_runner/test:1522:19)
      at Test.run (node:internal/test_runner/test:1447:12)
      at async Test.processPendingSubtests (node:internal/test_runner/test:960:7) {
    generatedMessage: false,
    code: 'ERR_ASSERTION',
    actual: 1,
    expected: 0,
    operator: 'strictEqual',
    diff: 'simple'
  }
