✔ exact predecessor bytes retain original claims and append migration chronology (3.025561ms)
✔ damaged archive, raw digest, current projection and previous geography reject (1.54599ms)
✔ replaced migration history and changed proof bytes reject (0.539803ms)
✔ claim, source inventory, count and territorial transfer reject (1.246559ms)
✔ escaping, absolute paths and unknown archive compression reject (0.433563ms)
✔ legacy detached terminal hash is recorded as a limit without inventing an archive (0.231198ms)
✔ JSON projection retains original nested formatting and appends bounded one-line entries (2.251634ms)
✔ JSON projection handles changed array rows, escaped strings, empty containers and removals (0.396968ms)
✔ province projection changes only province metadata and retains canonical cell/index bounds (1.630207ms)
✔ append-only release retains original generations and drops regenerated baseline (1.342633ms)
✔ evidence composes unchanged territory while preserving original supported facts (1.115511ms)
✔ apply rejects unapproved hash and rolls back partial metadata transaction (1.49254ms)
✔ immutable bytes changing after preparation block application (0.450329ms)
✔ successful metadata install records a committed journal and retains rollback originals (0.957013ms)
✔ compressed release append preserves prior descriptors and checks compressed/payload bytes (358.899249ms)
✔ reference-only metadata mode validates exact archived group and source-backed parent merge (4.287143ms)
ℹ tests 16
ℹ suites 0
ℹ pass 16
ℹ fail 0
ℹ cancelled 0
ℹ skipped 0
ℹ todo 0
ℹ duration_ms 444.617447
