✔ exact predecessor bytes retain original claims and append migration chronology (4.034713ms)
✔ damaged archive, raw digest, current projection and previous geography reject (3.005366ms)
✔ replaced migration history and changed proof bytes reject (0.598802ms)
✔ claim, source inventory, count and territorial transfer reject (3.779843ms)
✔ escaping, absolute paths and unknown archive compression reject (0.45094ms)
✔ legacy detached terminal hash is recorded as a limit without inventing an archive (0.280513ms)
✔ JSON projection retains original nested formatting and appends bounded one-line entries (2.47442ms)
✔ JSON projection handles changed array rows, escaped strings, empty containers and removals (0.471992ms)
✔ province projection changes only province metadata and retains canonical cell/index bounds (1.418449ms)
✔ append-only release retains original generations and drops regenerated baseline (1.062592ms)
✔ evidence composes unchanged territory while preserving original supported facts (1.390997ms)
✔ apply rejects unapproved hash and rolls back partial metadata transaction (2.563695ms)
✔ immutable bytes changing after preparation block application (0.509678ms)
✔ successful metadata install records a committed journal and retains rollback originals (0.87607ms)
✔ compressed release append preserves prior descriptors and checks compressed/payload bytes (310.485435ms)
✔ reference-only metadata mode validates exact archived group and source-backed parent merge (4.249506ms)
ℹ tests 16
ℹ suites 0
ℹ pass 16
ℹ fail 0
ℹ cancelled 0
ℹ skipped 0
ℹ todo 0
ℹ duration_ms 406.567608
