✔ exact predecessor bytes retain original claims and append migration chronology (2.688082ms)
✔ damaged archive, raw digest, current projection and previous geography reject (1.615976ms)
✔ replaced migration history and changed proof bytes reject (0.499744ms)
✔ claim, source inventory, count and territorial transfer reject (1.310005ms)
✔ escaping, absolute paths and unknown archive compression reject (0.442467ms)
✔ legacy detached terminal hash is recorded as a limit without inventing an archive (0.203987ms)
✔ JSON projection retains original nested formatting and appends bounded one-line entries (2.23533ms)
✔ JSON projection handles changed array rows, escaped strings, empty containers and removals (0.376497ms)
✔ province projection changes only province metadata and retains canonical cell/index bounds (1.555625ms)
✔ append-only release retains original generations and drops regenerated baseline (1.163233ms)
✔ evidence composes unchanged territory while preserving original supported facts (0.974259ms)
✔ apply rejects unapproved hash and rolls back partial metadata transaction (1.628035ms)
✔ immutable bytes changing after preparation block application (0.441756ms)
✔ successful metadata install records a committed journal and retains rollback originals (0.647617ms)
✔ compressed release append preserves prior descriptors and checks compressed/payload bytes (300.753618ms)
✔ reference-only metadata mode validates exact archived group and source-backed parent merge (4.583329ms)
ℹ tests 16
ℹ suites 0
ℹ pass 16
ℹ fail 0
ℹ cancelled 0
ℹ skipped 0
ℹ todo 0
ℹ duration_ms 395.262999
