✔ bounded root and child evidence verify complete changed-file union and baseline inventory (6.189421ms)
✔ changed child manifest and absent/unassigned changed files reject (2.986262ms)
✔ root hash cycles, duplicate assignments and changed context reject (1.584018ms)
✔ partial baseline inventory cannot replace actual byte verification (1.446441ms)
✔ empty inventory, alternate executed index and omitted preservation bytes reject (1.998422ms)
✔ trusted per-partition descriptor and individual byte budgets are not raised (5.394823ms)
✔ exact predecessor bytes retain original claims and append migration chronology (2.797637ms)
✔ damaged archive, raw digest, current projection and previous geography reject (1.587544ms)
✔ replaced migration history and changed proof bytes reject (0.502277ms)
✔ claim, source inventory, count and territorial transfer reject (1.284697ms)
✔ escaping, absolute paths and unknown archive compression reject (0.590771ms)
✔ legacy detached terminal hash is recorded as a limit without inventing an archive (0.250067ms)
✔ JSON projection retains original nested formatting and appends bounded one-line entries (2.159556ms)
✔ JSON projection handles changed array rows, escaped strings, empty containers and removals (0.537981ms)
✔ province projection changes only province metadata and retains canonical cell/index bounds (1.483727ms)
✔ append-only release retains original generations and drops regenerated baseline (1.468645ms)
✔ evidence composes unchanged territory while preserving original supported facts (1.386721ms)
✔ apply rejects unapproved hash and rolls back partial metadata transaction (1.838041ms)
✔ immutable bytes changing after preparation block application (0.590651ms)
✔ successful metadata install records a committed journal and retains rollback originals (0.688868ms)
✔ compressed release append preserves prior descriptors and checks compressed/payload bytes (396.611873ms)
✔ reference-only metadata mode validates exact archived group and source-backed parent merge (3.928433ms)
✔ metadata-only projection retains source-backed unknown-owner coverage without approving it (2.110071ms)
✔ current projection preserves identities and keeps source inspection separate from semantic approval (0.943182ms)
✔ source-backed projection cannot change timeline facts or invent geographic review completion (0.21872ms)
✔ current pins and exact counts must describe the actual geography (0.22592ms)
✔ complete current chains cannot be reordered or silently assigned different parents (0.467625ms)
✔ every retired or created parent has exact original archive and explicit crosswalk (0.374945ms)
✔ location conservation and exact parent descendant membership remain exhaustive (0.25834ms)
✔ source-backed projection resolves exact replacements and creations while all semantic branches remain open (414.233695ms)
✔ projection preparation rejects altered source pins, wrong order and invented historical transfers (185.062418ms)
✔ projection validator exhausts added identities, retained archives and new source-assessed groups (273.620938ms)
✔ later geometry projection preserves original inspection bytes and namespaces current predecessor snapshots (1.97065ms)
✔ successive source migrations conserve earlier additions and their sourced new groups (298.515939ms)
✔ projection predecessor loading pins both gzip layers and joins exact releases (1.345319ms)
✔ sourced policy overlay changes exactly the three proven roles without mutating original source policy (4.608507ms)
✔ unrelated original-policy edits and duplicate correction identities require new review (14.09506ms)
✔ every crosswalked location exposes its individually supported role and unchanged source vintage (2.542383ms)
✔ installed label corrections preserve frozen proposals and bind exact reference-only before/after records (168.46146ms)
ℹ tests 39
ℹ suites 0
ℹ pass 39
ℹ fail 0
ℹ cancelled 0
ℹ skipped 0
ℹ todo 0
ℹ duration_ms 1311.099188
