✔ exact predecessor bytes retain original claims and append migration chronology (2.864488ms)
✔ damaged archive, raw digest, current projection and previous geography reject (1.608815ms)
✔ replaced migration history and changed proof bytes reject (0.504941ms)
✔ claim, source inventory, count and territorial transfer reject (1.449856ms)
✔ escaping, absolute paths and unknown archive compression reject (0.539894ms)
✔ legacy detached terminal hash is recorded as a limit without inventing an archive (0.232601ms)
✔ JSON projection retains original nested formatting and appends bounded one-line entries (4.195941ms)
✔ JSON projection handles changed array rows, escaped strings, empty containers and removals (0.411511ms)
✔ province projection changes only province metadata and retains canonical cell/index bounds (1.263725ms)
✔ append-only release retains original generations and drops regenerated baseline (1.076623ms)
✔ evidence composes unchanged territory while preserving original supported facts (3.000784ms)
✔ apply rejects unapproved hash and rolls back partial metadata transaction (1.516927ms)
✔ immutable bytes changing after preparation block application (2.50739ms)
✔ successful metadata install records a committed journal and retains rollback originals (0.733636ms)
ℹ tests 14
ℹ suites 0
ℹ pass 14
ℹ fail 0
ℹ cancelled 0
ℹ skipped 0
ℹ todo 0
ℹ duration_ms 83.450437
