✔ aggregate selection requires actual qualified latest current-head reviewer comment (1.579762ms)
✔ unresolved current-head changes-requested review blocks, superseded and outsider comments do not (0.312921ms)
✔ subordinate review binds actual body, URL, author, exact head and same worker (1.050293ms)
✔ every subordinate manifest must have exactly one actual review binding (0.270187ms)
✔ bounded root and child evidence verify complete changed-file union and baseline inventory (6.77189ms)
✔ changed child manifest and absent/unassigned changed files reject (3.099592ms)
✔ root hash cycles, duplicate assignments and changed context reject (1.493561ms)
✔ partial baseline inventory cannot replace actual byte verification (0.992346ms)
✔ empty inventory, alternate executed index and omitted preservation bytes reject (1.681094ms)
✔ trusted per-partition descriptor and individual byte budgets are not raised (5.736078ms)
✔ exact predecessor bytes retain original claims and append migration chronology (2.682414ms)
✔ damaged archive, raw digest, current projection and previous geography reject (2.418956ms)
✔ replaced migration history and changed proof bytes reject (0.547936ms)
✔ claim, source inventory, count and territorial transfer reject (1.533982ms)
✔ escaping, absolute paths and unknown archive compression reject (0.561106ms)
✔ legacy detached terminal hash is recorded as a limit without inventing an archive (0.215194ms)
✔ JSON projection retains original nested formatting and appends bounded one-line entries (2.381911ms)
✔ JSON projection handles changed array rows, escaped strings, empty containers and removals (0.37177ms)
✔ province projection changes only province metadata and retains canonical cell/index bounds (1.228762ms)
✔ append-only release retains original generations and drops regenerated baseline (1.190465ms)
✔ evidence composes unchanged territory while preserving original supported facts (1.030204ms)
✔ apply rejects unapproved hash and rolls back partial metadata transaction (1.430016ms)
✔ immutable bytes changing after preparation block application (0.580084ms)
✔ successful metadata install records a committed journal and retains rollback originals (0.634005ms)
✔ compressed release append preserves prior descriptors and checks compressed/payload bytes (670.497088ms)
✔ reference-only metadata mode validates exact archived group and source-backed parent merge (7.76141ms)
✔ owner-profile reuse rejects stale hierarchy, catalog and footprint pins (1.837691ms)
✔ metadata-only projection retains source-backed unknown-owner coverage without approving it (1.386461ms)
✔ current projection preserves identities and keeps source inspection separate from semantic approval (1.127961ms)
✔ source-backed projection cannot change timeline facts or invent geographic review completion (0.402407ms)
✔ current pins and exact counts must describe the actual geography (0.291319ms)
✔ complete current chains cannot be reordered or silently assigned different parents (0.721628ms)
✔ every retired or created parent has exact original archive and explicit crosswalk (0.3253ms)
✔ location conservation and exact parent descendant membership remain exhaustive (0.431911ms)
✔ source-backed projection resolves exact replacements and creations while all semantic branches remain open (658.741095ms)
✔ projection preparation rejects altered source pins, wrong order and invented historical transfers (299.12544ms)
✔ projection validator exhausts added identities, retained archives and new source-assessed groups (484.090072ms)
✔ later geometry projection preserves original inspection bytes and namespaces current predecessor snapshots (2.018243ms)
✔ successive source migrations conserve earlier additions and their sourced new groups (407.891436ms)
✔ projection predecessor loading pins both gzip layers and joins exact releases (1.449194ms)
✔ candidate certificate cannot inherit successful readback or publication from its predecessor (1.219708ms)
✔ sourced policy overlay changes exactly the three proven roles without mutating original source policy (3.176008ms)
✔ unrelated original-policy edits and duplicate correction identities require new review (9.793185ms)
✔ every crosswalked location exposes its individually supported role and unchanged source vintage (2.76563ms)
✔ installed label corrections preserve frozen proposals and bind exact reference-only before/after records (314.519838ms)
ℹ tests 45
ℹ suites 0
ℹ pass 45
ℹ fail 0
ℹ cancelled 0
ℹ skipped 0
ℹ todo 0
ℹ duration_ms 2049.724895
