
> world-atlas@0.1.0 build:hosted
> node scripts/build-hosted.mjs

Traceback (most recent call last):
  File "/workspace/worldatlas-hierarchy-install/scripts/boundary-version-hash.py", line 35, in <module>
    try:print(boundary_hash(con.execute('SELECT location_id,valid_from,valid_to,geometry FROM boundaries WHERE is_example=0'),args.index.resolve()))
              ^^^^^^^^^^^^^^^^^^^^^^^^^^^^^^^^^^^^^^^^^^^^^^^^^^^^^^^^^^^^^^^^^^^^^^^^^^^^^^^^^^^^^^^^^^^^^^^^^^^^^^^^^^^^^^^^^^^^^^^^^^^^^^^^^^^^^
  File "/workspace/worldatlas-hierarchy-install/scripts/boundary-version-hash.py", line 21, in boundary_hash
    from shapely.geometry import shape
ModuleNotFoundError: No module named 'shapely'
node:internal/errors:985
  const err = new Error(message);
              ^

Error: Command failed: python3 /workspace/worldatlas-hierarchy-install/scripts/boundary-version-hash.py
Traceback (most recent call last):
  File "/workspace/worldatlas-hierarchy-install/scripts/boundary-version-hash.py", line 35, in <module>
    try:print(boundary_hash(con.execute('SELECT location_id,valid_from,valid_to,geometry FROM boundaries WHERE is_example=0'),args.index.resolve()))
              ^^^^^^^^^^^^^^^^^^^^^^^^^^^^^^^^^^^^^^^^^^^^^^^^^^^^^^^^^^^^^^^^^^^^^^^^^^^^^^^^^^^^^^^^^^^^^^^^^^^^^^^^^^^^^^^^^^^^^^^^^^^^^^^^^^^^^
  File "/workspace/worldatlas-hierarchy-install/scripts/boundary-version-hash.py", line 21, in boundary_hash
    from shapely.geometry import shape
ModuleNotFoundError: No module named 'shapely'

    at genericNodeError (node:internal/errors:985:15)
    at wrappedFn (node:internal/errors:539:14)
    at checkExecSyncError (node:child_process:942:11)
    at execFileSync (node:child_process:978:15)
    at checkPrepared (file:///workspace/worldatlas-hierarchy-install/scripts/check-prepared.mjs:26:25)
    at file:///workspace/worldatlas-hierarchy-install/scripts/build-static.mjs:31:3 {
  status: 1,
  signal: null,
  output: [
    null,
    '',
    'Traceback (most recent call last):\n' +
      '  File "/workspace/worldatlas-hierarchy-install/scripts/boundary-version-hash.py", line 35, in <module>\n' +
      "    try:print(boundary_hash(con.execute('SELECT location_id,valid_from,valid_to,geometry FROM boundaries WHERE is_example=0'),args.index.resolve()))\n" +
      '              ^^^^^^^^^^^^^^^^^^^^^^^^^^^^^^^^^^^^^^^^^^^^^^^^^^^^^^^^^^^^^^^^^^^^^^^^^^^^^^^^^^^^^^^^^^^^^^^^^^^^^^^^^^^^^^^^^^^^^^^^^^^^^^^^^^^^^\n' +
      '  File "/workspace/worldatlas-hierarchy-install/scripts/boundary-version-hash.py", line 21, in boundary_hash\n' +
      '    from shapely.geometry import shape\n' +
      "ModuleNotFoundError: No module named 'shapely'\n"
  ],
  pid: 58097,
  stdout: '',
  stderr: 'Traceback (most recent call last):\n' +
    '  File "/workspace/worldatlas-hierarchy-install/scripts/boundary-version-hash.py", line 35, in <module>\n' +
    "    try:print(boundary_hash(con.execute('SELECT location_id,valid_from,valid_to,geometry FROM boundaries WHERE is_example=0'),args.index.resolve()))\n" +
    '              ^^^^^^^^^^^^^^^^^^^^^^^^^^^^^^^^^^^^^^^^^^^^^^^^^^^^^^^^^^^^^^^^^^^^^^^^^^^^^^^^^^^^^^^^^^^^^^^^^^^^^^^^^^^^^^^^^^^^^^^^^^^^^^^^^^^^^\n' +
    '  File "/workspace/worldatlas-hierarchy-install/scripts/boundary-version-hash.py", line 21, in boundary_hash\n' +
    '    from shapely.geometry import shape\n' +
    "ModuleNotFoundError: No module named 'shapely'\n"
}

Node.js v24.19.0
npm notice
npm notice New major version of npm available! 11.9.0 -> 12.2.0
npm notice Changelog: https://github.com/npm/cli/releases/tag/v12.2.0
npm notice To update run: npm install -g npm@12.2.0
npm notice
