
> world-atlas@0.1.0 test
> node --test --test-concurrency=2 test/*.test.mjs

✔ attributes resolve independently with direct evidence ahead of spatial derivations and examples (2.174778ms)
✔ field evidence does not erase an independently supported attribute and examples do not mask modern reference (0.212019ms)
✔ typed imports reject overlapping field records and preserve stable category IDs (14.980473ms)
✔ no-year-zero resolution, exclusive interval ends and opt-in examples remain deterministic (0.495767ms)
✔ compact references preserve supported dates and field provenance (1.139338ms)
✔ reference territories resolve to their political owner without changing geographic identity (0.19264ms)
✔ dated non-example footprint fingerprints change with geometry/date and ignore examples (1096.766555ms)
✔ boundary fingerprints verify the archived executed canonical algorithm (303.865591ms)
✔ changed footprints invalidate cached values while direct evidence can still resolve the location (183.914153ms)
✔ fixed graph assignment is independent of input ordering and meets a dense categorical control (83.178488ms)
✔ concurrent names sharing the upstream ID get distinct presentation colors without new source IDs (4.786676ms)
✔ unconstrained names of the same identity retain the same preferred color (2.535773ms)
✔ invalid or incomplete category graphs are rejected (0.572302ms)
✔ the shipped palette passes all pinned historical constraints and matches the audited modern candidate (37.230846ms)
✔ map and legend presentation keys preserve source identities and distinguish concurrent names (0.715449ms)
✔ shared named modes distinguish display groups; fixed classifications and hierarchy use stable IDs (0.59739ms)
✔ published OKLab reference controls include white, black and red (1.009852ms)
✔ full-severity models preserve achromatic controls and reduce red/green separation (0.589319ms)
✔ generated HSL colors decode consistently and malformed colors are rejected (1.442355ms)
✔ source-name display distinction preserves entity identity without ambiguous concatenation (0.243798ms)
✔ older Workers negotiate the sparse limit without masking unrelated bad requests (34.085234ms)
✔ complete inline temporal streams use the existing pin and revision validator without extra HTTP reads (7.185863ms)
✔ inline temporal revision or release drift restarts the scalar snapshot rather than repinning it (4.610811ms)
✔ absent inline temporal pages retain bounded ordinary geography paging (3.260696ms)
✔ partial inline temporal pages cannot become authoritative or trigger unbounded reads (3.103749ms)
✔ compact client hydrates two atomic entity pages and retains shared source provenance (3.504814ms)
✔ oversized second page reduces its limit and retries its cursor without duplicating completed pages (3.577703ms)
✔ a first-page size retry reaches the reduced request and preserves retirement authority (3.513667ms)
✔ retryable conflicts and cross-page revision changes restart the complete compact snapshot (3.299344ms)
✔ three persistently inconsistent attempts produce unavailable evidence without cold-cache authority (3.161596ms)
✔ warm failures retain claims and withdrawals atomically only for the same year and example setting (3.606577ms)
✔ malformed compact pages, incorrect years and cursor cycles fail atomically (14.481321ms)
✔ compact client propagates aborts and passes the signal to its network request (2.315621ms)
✔ clients without a compact capability keep the original three-stream protocol (3.374507ms)
✔ the geography capability enables compact reads through the actual manifest loader (2.366658ms)
{"baselineRuns":28809329,"boundaryAndGapCells":115237316,"legacyBytes":463046592,"compactBytes":232571960}
✔ every published canonical run survives compact packing, including its boundary cells and gaps (25584.273126ms)
✔ compact full coordinate range, split high owner bits, seam cells and owner capacity are exact (117.139333ms)
✔ v1 and v2 asset loaders preserve gzip/raw words, split row chunks and reject ambiguous manifests (24.051403ms)
✔ shuffled and row-local varint transports reconstruct every packed bit across chunk and empty-row boundaries (182.666768ms)
{"results":[{"version":1,"mismatches":0,"error":0},{"version":2,"mismatches":0,"error":0}],"high":{"pixel":[193,71,29,255],"error":0,"size":262144,"maxTextureSize":8192,"navigationOwnershipUploads":0}}
✔ real WebGL framebuffer agrees for legacy/compact holes, odd runs, maximum coordinates and high IDs (1883.510304ms)
✔ backend cutover is explicit and cannot expose credentials or silently return D1 (1.073138ms)
✔ transfer maintenance blocks every API mutation before touching a database or object bucket (31.817601ms)
✔ PostgreSQL diagnostics and raw export routes use the selected backend and retain honest quota status (1765.066568ms)
✔ continent filters follow location membership for overseas and transcontinental reference owners (1.768236ms)
✔ all six continent scopes partition every prepared location and reconcile reference profiles (1201.356737ms)
✔ bounded source-policy projection is exact, reproducible, and small enough to deploy (56.399384ms)
✔ coverage corrections count selected location identities on every applicable continent (161.518013ms)
✔ coverage presents corrected roles with collapsed evidence and explicitly retained earlier descriptions (12.067432ms)
✔ duplicate role IDs and stale policy assumptions cannot silently update coverage (1.438919ms)
✔ standard envelope roundtrip uses fresh randomness, authenticated context and no plaintext fields (10.11561ms)
✔ tampered ciphertext, authentication tag, IV, wrapped key and recipient are rejected (8.323468ms)
✔ malformed or oversized envelopes, unapproved algorithms and invalid intervals fail closed (2.113576ms)
✔ owner credentials, other endpoints, missing TLS and non-RSA keys cannot be transported (1.276895ms)
✖ private delivery writes owner-only outside-Git file and refuses wrong digest, unsafe permissions, symlinks and overwrite (1.822337ms)
✖ CLI encryption/decryption returns metadata only and failures never print plaintext or key material (71.539378ms)
✔ exact upload archive accounting includes transport/config and preserves excluded sources (42.398387ms)
✔ reserve breaches fail before hard limits and diagnostics name large files/categories (0.57072ms)
✔ staged Site inventory agrees with actual archive and rejects redundant transport/linked inputs (17.7713ms)
✔ fixed environmental database guards reproduce exactly from the shared registry (1.887606ms)
✔ all fixed IDs, display labels, explicit legacy aliases and null pass raw local and hosted SQL (228.342232ms)
✔ unlisted environmental values reject every local import and raw snapshot/history/typed insertion (22.416463ms)
✔ adding local guards preserves existing unrecognized evidence byte for byte and blocks changed values (5.536036ms)
✔ hosted migration retains old claim bytes, permits exact retries and still rejects stable-ID collisions (16.038328ms)
✔ fixed environmental classifications have unique stable identities and cover every existing reference value (1.456335ms)
✔ classification API exposes the exact fixed vocabulary independently of database content (17.622437ms)
✔ aliases and stable IDs produce identical whole-location values, colors and category identities (1.329664ms)
✔ preview, both importers and raw SQL reject environmental typos while retaining explicit unknowns (37.131427ms)
✔ grandfathered free-form evidence is retained and exact hosted replays stay idempotent without admitting new text (17.347892ms)
✔ accepted aliases and canonical identities remain source evidence instead of rewriting imported records (22.429483ms)
✔ bounded root and child evidence verify complete changed-file union and baseline inventory (4.655198ms)
✔ changed child manifest and absent/unassigned changed files reject (2.256151ms)
✔ root hash cycles, duplicate assignments and changed context reject (1.048551ms)
✔ partial baseline inventory cannot replace actual byte verification (1.521052ms)
✔ empty inventory, alternate executed index and omitted preservation bytes reject (1.916158ms)
✔ trusted per-partition descriptor and individual byte budgets are not raised (6.113005ms)
✔ verifies bytes without claiming factual correctness (2.080646ms)
✔ schema-only validation reports unverified bytes (0.217578ms)
✔ known broken pins, stale baseline, entry hashes and contradictory summaries fail (1.636928ms)
✔ source access/license limits remain explicit; no unsafe retention (0.551832ms)
✔ research cannot grant approval; supported conclusions need known sources (0.343678ms)
✔ containing-file inventory verifies actual subject IDs, not optional properties.part (0.542908ms)
✔ compressed vs uncompressed hashes and decompression budgets are checked (4.699715ms)
✔ paths and symlinks cannot escape candidate reader (1.584419ms)
✔ exact predecessor bytes retain original claims and append migration chronology (2.690125ms)
✔ damaged archive, raw digest, current projection and previous geography reject (1.554283ms)
✔ replaced migration history and changed proof bytes reject (0.53037ms)
✔ claim, source inventory, count and territorial transfer reject (1.433681ms)
✔ escaping, absolute paths and unknown archive compression reject (0.49756ms)
✔ legacy detached terminal hash is recorded as a limit without inventing an archive (0.208615ms)
✔ unverified withdrawals suppress every attribute source and modern owner fallback without modifying content (1.943409ms)
✔ maintainer gate publishes complete signed, byte-verified products on both databases (2047.585731ms)
✔ forged signatures, altered R2 bytes and incomplete inventories cannot publish (1512.903673ms)
✔ selection corrections are source bounded, sealed, retirement-aware and preserve original bytes (1540.829041ms)
✔ manifest and streamed object limits reject arbitrary classifications, duplicate IDs and registry byte tampering (1338.463931ms)
✔ obsolete known evidence is removed before precedence while explicit unknown and sourced continuity remain eligible (1.137926ms)
✔ even a trusted signed receipt cannot publish overlapping grid runs or wrong decoded bytes (1468.58296ms)
✔ a reference correction retains exact claim bytes, original coordinates and the complete original chain (7.119112ms)
✔ all receipted predecessor identities restore without overwriting active geography or transferring evidence (449.661395ms)
✔ bounded import concurrency defaults to six and accepts only one through eight (1.004214ms)
✔ stage then finalize publishes atomically without replaying ownership batches (61.331338ms)
✔ append-only source batches import before newly registered geography and retain the original source bytes (37.22724ms)
✔ interrupted real-D1 staging resumes explicit or hidden staged releases without rewriting history (77.946218ms)
✔ a mismatched existing staged or published manifest blocks all geographic staging before writes (50.615593ms)
✔ identical archive bytes upload once with a stable first-sorted name and preserve every receipt alias across retries (2.070361ms)
✔ four retained metadata predecessors replay before a late creation and a future second addition (4.926907ms)
✔ mixed creation and metadata chronology must be explicit (1.025686ms)
✔ a creation snapshot cannot advance a previous metadata identity or alter its full source record (3.541589ms)
✔ skipped, duplicate, reordered and mutated sequence pins fail (2.721393ms)
✔ metadata archive tampering still fails at its chronological predecessor (0.812845ms)
✔ legacy noncreation order remains stable and an unused new group is rejected (1.464367ms)
✔ derived child counts must equal actual before and after immediate memberships (2.146816ms)
✔ legacy index remains unchanged; verified extension resolves new release (3.233004ms)
✔ pointer rejects traversal, wrong digest and changed predecessor bytes (1.43907ms)
✔ extension rejects altered predecessor release or batch metadata (1.053107ms)
✔ extension rejects duplicate identities, decreasing versions and repeated batch paths (1.298538ms)
✔ manifest pointers cannot load symbolic links (0.528307ms)
✔ compressed transport retains exact JSON bytes and rejects transport or payload tampering (0.341905ms)
✔ staging is invisible; publication requires complete pinned membership and preserves original registry (40.463739ms)
✔ rename/reparent releases and same-tier merge crosswalk preserve historical evidence and archived releases (36.924133ms)
✔ manifest counts, complete same-release chains, no-year-zero calendar labels and hashes are real gates (35.561609ms)
✔ bounded atomic staging rejects unknown/nongeographic/example identities and wrong-tier parents (25.123554ms)
✔ immutable staged contents and ingestion collisions reject atomically; raw SQL blocks cycles and publication bypass (24.481726ms)
✔ crosswalk evidence, tier identity and retired membership must match the published release (32.247363ms)
✔ published pages use indexed keyset queries and older releases remain inspectable (25.978593ms)
✔ streamed publication hashing matches exported UTF-8 canonical hashes across page boundaries (149.308823ms)
✔ source-backed new territory publishes with a null predecessor and no invented historical attributes (39.862343ms)
✔ live geography concurrency verifier refuses production, shared sessions and missing interactive drivers before writes (1.538539ms)
✔ geography has its own branch and exactly one matching type (1.731681ms)
✔ declared geography ownership is finite, safe and limited to source evidence namespaces (0.375667ms)
✔ geography cannot edit core, history, another packet or an undeclared proposal directory (0.354154ms)
✔ engineering consumes but preserves geography evidence while existing lanes still work (0.217788ms)
✔ geography claims retain exact ownership through renewal and rotation, without content approval (1.302303ms)
✔ claims and PRs refuse issue ownership expansion and incompatible modes (0.625904ms)
✔ actual linked GitHub issue supplies geography ownership, not a PR-controlled declaration (1.630528ms)
✔ real geography Git scope checks renamed source paths, symlinks and issue-backed CLI ownership (115.294342ms)
✔ lane IDs must be explicit and safe (2.260307ms)
✔ research owns only campaign files, excluding shared handovers and other campaigns (0.294323ms)
✔ engineering preserves research and other engineering progress (0.167903ms)
✔ partial and final PRs link one issue without needing a document tracker ID (0.494135ms)
✔ PR policy rejects ambiguous issue links and accidental additional closures (0.323027ms)
✔ GitHub issue type agrees with its lane and references an open issue (0.279121ms)
✔ real git diff checks rename source paths, not only allowed destinations (31.05109ms)
✔ another lane advancing work is not mistaken for this branch changing its files (46.971059ms)
✔ remote issue validation reads only the event repository and requires successful labeled issue metadata (8.528526ms)
✔ hosted catalog keeps active ancestor closure and categories as undated identities without ancient source coverage (42.003591ms)
{"catalog_batches_imported":438,"entities":85315,"categories":1446,"sources":374,"active_units":5810,"archived_units":10259}
✔ every generated hosted catalog batch imports through the actual service and generated D1 constraints (12504.080826ms)
✔ a failed evidence stream cannot mix live claims with an absent retirement snapshot (40.743144ms)
✔ dated geography shares scalar revision and complete same-year cache authority (10.856467ms)
✔ transport compiler changes exactly the pinned 21 guards and preserves all other raw SQL and metadata (13.101292ms)
✔ raw and derivative guards have identical original schemas and preserve all 21 conditions and error messages (11.394107ms)
✔ native workerd D1 reproduces CASE-block truncation and applies the derivative over populated retained claims (4727.769978ms)
✔ geographic pin guards the write transaction and retains exact original replay context (54.42533ms)
✔ publication between preflight and batch rejects stale pins atomically, staged/malformed pins never authorize writes (40.036859ms)
✔ unknown pinned commit outcome stays retryable and never claims a rollback (43.660973ms)
✔ profile titles prefer direct dated evidence over English reference attestations and opt-in examples (30.74497ms)
✔ hosted imports preserve whole-location raw values, precedence evidence and exact intervals (26.28724ms)
✔ stable ID collisions roll back the entire batch and identical evidence stays idempotent (19.927111ms)
✔ all tiers and nongeographic graph entities obey parent contracts (19.061918ms)
✔ source intervals, category identity, typed scalars and habitation contradictions reject imports (22.737278ms)
✔ raw SQL protects typed records, Unicode blank evidence, no-year-zero and retained identity (24.863845ms)
✔ dated names and graph claims are sourced, pageable and never silently become ancient names (22.751199ms)
✔ examples remain opt-in and bounded attribute pages preserve every location record (24.375268ms)
✔ media metadata is immutable and content-addressed with retained sourced links (18.774444ms)
✔ raw SQL rejects half-dated graph and media links (15.970127ms)
✔ dated graph assertions cannot exceed known endpoint lifetimes (32.276199ms)
✔ category IDs are shared graph identities and fictional entities remain opt-in (25.777041ms)
✔ example media on real locations stays opt-in regardless of link source (21.702438ms)
✔ reference and estimate source classes cannot masquerade as direct evidence (23.74689ms)
✔ sourced corrections supersede attributes atomically while preserving old evidence (18.729015ms)
✔ dated name corrections and habitation withdrawal update every reader and conflict check (19.676394ms)
✔ withdrawn relationships and media links disappear from profiles but remain inspectable (29.293963ms)
✔ failed replacements roll back retirements and the ingestion ledger together (19.180326ms)
✔ raw SQL keeps retirement provenance sourced, immutable, unique and atomically finalized (17.906495ms)
✔ supersession chains remain traceable and cannot form cycles (30.997512ms)
✔ evidence history keeps fictional claims opt-in after retirement (18.114408ms)
✔ map name paging excludes future graph names while default queries retain them (18.942077ms)
✔ both sparse streams complete under fixed pins/revision before legacy history becomes authoritative (4.691763ms)
✔ a source-free year makes exactly two bounded requests and retains caller-owned unrelated history (0.491941ms)
✔ identical affected rows and sources across pages deduplicate without granting conflicting claims authority (4.141544ms)
✔ permanent withdrawals apply independently and cross-stream active/withdrawn contradictions reject completion (1.014599ms)
✔ expected scalar revision never silently repins or locally retries a partial snapshot (0.996312ms)
✔ unanchored standalone reads retry both streams within the bounded attempt budget (1.108872ms)
✔ abort/cancellation preserves its reason and no completed or partial result escapes (0.416077ms)
✔ retryable oversized pages reduce only that stream limit and keep the same cursor/revision (0.675929ms)
✔ rows, cursors, response/aggregate budgets and malformed source/capability reject authority (1.958162ms)
✔ explicit unknown parents and BC/AD boundaries retain source evidence and reference context (0.793446ms)
✔ dated parent bridge preserves stable identity, source support and effective complete chains (2.404975ms)
✔ explicit unknown membership keeps the reference chain and original uncertainty rather than adopting a weaker claim (0.296998ms)
✔ existence exclusions survive adaptation, including sourced unknown and BC/AD reference exclusions without year zero (0.356628ms)
✔ bridge rejects wrong release, unsupported source/year, examples, withdrawn winners and unvetted footprints (0.896762ms)
✔ joined-source snapshots hydrate exact JSON text metadata without requiring a duplicate source dictionary (0.536619ms)
✔ shared temporal parent/existence resolution matches direct/derived/reference/example precedence independently of language and IDs (0.39797ms)
✔ complete hosted snapshot authority removes withdrawn legacy IDs and overridden fields without reviving excluded entities (1.249834ms)
✔ bounded production pages hydrate source-deduplicated winners and generate histories/exclusions without a full reference registry (0.562358ms)
✔ bounded withdrawals remain authoritative independently of selected-year claims; malformed stream/context cannot become history (0.515006ms)
✔ source IDs are ordinary stable identities even when their spelling matches JavaScript object properties (0.343308ms)
✔ import preview rejects invalid dates, scalar values and unsupported source intervals before upload (2.332456ms)
✔ import preview enforces whole-batch row and UTF-8 byte bounds (6.698419ms)
✔ import submission preserves evidence and reports database rejection without treating it as saved (25.548967ms)
✔ source-backed corrections preview withdrawal and replacement while retaining source evidence (0.433553ms)
✔ JSON projection retains original nested formatting and appends bounded one-line entries (2.176341ms)
✔ JSON projection handles changed array rows, escaped strings, empty containers and removals (0.396247ms)
✔ province projection changes only province metadata and retains canonical cell/index bounds (1.272389ms)
✔ append-only release retains original generations and drops regenerated baseline (1.140069ms)
✔ evidence composes unchanged territory while preserving original supported facts (1.018185ms)
✔ apply rejects unapproved hash and rolls back partial metadata transaction (1.530828ms)
✔ immutable bytes changing after preparation block application (0.577902ms)
✔ successful metadata install records a committed journal and retains rollback originals (0.611793ms)
✔ compressed release append preserves prior descriptors and checks compressed/payload bytes (386.088128ms)
✔ reference-only metadata mode validates exact archived group and source-backed parent merge (4.090857ms)
✔ dry run validates a whole generation without changing any live bytes (18.864129ms)
✔ apply requires the exact dry-run hash and preserves database/catalog/history originals (16.709822ms)
✔ failure during the multi-path commit restores every original live byte (11.136168ms)
✔ stale runtime, prepared source hashes, province membership and grid counts fail before activation (19.170391ms)
✔ approved hashes prevent changes between inspection and activation (6.806641ms)
✔ unexpected predecessor files or changed historical payload block approved activation (11.011036ms)
✔ path traversal and staging symlinks cannot replace unrelated files (2.825089ms)
✔ duplicate geographic identities and empty groups cannot pass as a complete hierarchy (2.128559ms)
✔ a genuine unknown-attribute creation installs reversibly without changing original history (444.50044ms)
✔ ordered replacement then pure creation validates exact current ancestry and pinned source bytes (473.041658ms)
✔ composed installer rejects skipped or reordered manifests, changed pins and unmatched creation inventories (1307.877511ms)
✔ composed installer rejects child historical transfers and changed source archive bytes (664.300896ms)
✔ geometry evidence cannot silently authorize current source-name changes (534.227735ms)
✔ source-name correction requires pinned exact metadata before/after evidence (1046.118482ms)
✔ installer summary pins geometry proof members and rejects altered evidence after approval (510.837979ms)
✔ serialized contenders on one issue have exactly one holder even under the same GitHub account (3.212233ms)
✔ renewal and release require the actual worker plus ownership nonce (0.666124ms)
✔ an idempotent lost-response retry retains original ownership (0.342406ms)
✔ renewal, rotation and reassignment retain one canonical comment ID (0.48422ms)
✔ umbrella, blocked, oversized and unresolved dependency scopes cannot be claimed (0.524931ms)
✔ expired reservations cannot silently discard branches or active PR/live operations (0.571572ms)
✔ multiple PRs retain ownership and rotate branches only after previous work completes (0.531772ms)
✔ canonical comments cannot be impersonated or ambiguous (0.235966ms)
✔ PR validation uses current exact-branch ownership and rejects expired or blocked claims (0.536959ms)
✔ location-content claims wait for worldwide approval while source-only work can start (126.062355ms)
✔ the PR budget cannot be bypassed by claiming another part indefinitely (0.266181ms)
✔ pagination inspects later pages rather than assuming only the first page exists (0.227643ms)
✔ claim lock keys use canonical issue numbers so aliases cannot acquire independent locks (0.368075ms)
✔ approved research is bound to all three geographic pins and ordinary bot audit text is not authority (0.289206ms)
Traceback (most recent call last):
  File "/workspace/worldatlas-hierarchy-install/scripts/validate-land-creations.py", line 114, in <module>
    print(json.dumps(validate(json.load(sys.stdin)), separators=(',', ':')))
                     ^^^^^^^^^^^^^^^^^^^^^^^^^^^^^^
  File "/workspace/worldatlas-hierarchy-install/scripts/validate-land-creations.py", line 108, in validate
    raise ValueError('Creation overlaps existing or competing land: ' + other)
ValueError: Creation overlaps existing or competing land: original
Traceback (most recent call last):
  File "/workspace/worldatlas-hierarchy-install/scripts/validate-land-creations.py", line 114, in <module>
    print(json.dumps(validate(json.load(sys.stdin)), separators=(',', ':')))
                     ^^^^^^^^^^^^^^^^^^^^^^^^^^^^^^
  File "/workspace/worldatlas-hierarchy-install/scripts/validate-land-creations.py", line 108, in validate
    raise ValueError('Creation overlaps existing or competing land: ' + other)
ValueError: Creation overlaps existing or competing land: original
Traceback (most recent call last):
  File "/workspace/worldatlas-hierarchy-install/scripts/validate-land-creations.py", line 114, in <module>
    print(json.dumps(validate(json.load(sys.stdin)), separators=(',', ':')))
                     ^^^^^^^^^^^^^^^^^^^^^^^^^^^^^^
  File "/workspace/worldatlas-hierarchy-install/scripts/validate-land-creations.py", line 91, in validate
    raise ValueError('Ambiguous existing name requires explicit identity review')
ValueError: Ambiguous existing name requires explicit identity review
Traceback (most recent call last):
  File "/workspace/worldatlas-hierarchy-install/scripts/validate-land-creations.py", line 114, in <module>
    print(json.dumps(validate(json.load(sys.stdin)), separators=(',', ':')))
                     ^^^^^^^^^^^^^^^^^^^^^^^^^^^^^^
  File "/workspace/worldatlas-hierarchy-install/scripts/validate-land-creations.py", line 36, in validate
    raise ValueError('Creation requires source identity, URL, license and attribution')
ValueError: Creation requires source identity, URL, license and attribution
Traceback (most recent call last):
  File "/workspace/worldatlas-hierarchy-install/scripts/validate-land-creations.py", line 114, in <module>
    print(json.dumps(validate(json.load(sys.stdin)), separators=(',', ':')))
                     ^^^^^^^^^^^^^^^^^^^^^^^^^^^^^^
  File "/workspace/worldatlas-hierarchy-install/scripts/validate-land-creations.py", line 46, in validate
    raise ValueError('Creation source bytes changed')
ValueError: Creation source bytes changed
Traceback (most recent call last):
  File "/workspace/worldatlas-hierarchy-install/scripts/validate-land-creations.py", line 114, in <module>
    print(json.dumps(validate(json.load(sys.stdin)), separators=(',', ':')))
                     ^^^^^^^^^^^^^^^^^^^^^^^^^^^^^^
  File "/workspace/worldatlas-hierarchy-install/scripts/validate-land-creations.py", line 39, in validate
    raise ValueError('Invalid source support interval')
ValueError: Invalid source support interval
Traceback (most recent call last):
  File "/workspace/worldatlas-hierarchy-install/scripts/validate-land-creations.py", line 114, in <module>
    print(json.dumps(validate(json.load(sys.stdin)), separators=(',', ':')))
                     ^^^^^^^^^^^^^^^^^^^^^^^^^^^^^^
  File "/workspace/worldatlas-hierarchy-install/scripts/validate-land-creations.py", line 81, in validate
    raise ValueError('Created land differs from the exact source geometry')
ValueError: Created land differs from the exact source geometry
Traceback (most recent call last):
  File "/workspace/worldatlas-hierarchy-install/scripts/validate-land-creations.py", line 114, in <module>
    print(json.dumps(validate(json.load(sys.stdin)), separators=(',', ':')))
                     ^^^^^^^^^^^^^^^^^^^^^^^^^^^^^^
  File "/workspace/worldatlas-hierarchy-install/scripts/validate-land-creations.py", line 101, in validate
    raise ValueError('Creation parent chain differs from reviewed proof')
ValueError: Creation parent chain differs from reviewed proof
Traceback (most recent call last):
  File "/workspace/worldatlas-hierarchy-install/scripts/validate-land-creations.py", line 114, in <module>
    print(json.dumps(validate(json.load(sys.stdin)), separators=(',', ':')))
                     ^^^^^^^^^^^^^^^^^^^^^^^^^^^^^^
  File "/workspace/worldatlas-hierarchy-install/scripts/validate-land-creations.py", line 86, in validate
    raise ValueError('Source identity rename must not masquerade as new land')
ValueError: Source identity rename must not masquerade as new land
Traceback (most recent call last):
  File "/workspace/worldatlas-hierarchy-install/scripts/validate-land-creations.py", line 114, in <module>
    print(json.dumps(validate(json.load(sys.stdin)), separators=(',', ':')))
                     ^^^^^^^^^^^^^^^^^^^^^^^^^^^^^^
  File "/workspace/worldatlas-hierarchy-install/scripts/validate-land-creations.py", line 88, in validate
    raise ValueError('Existing source identity cannot be created again')
ValueError: Existing source identity cannot be created again
Traceback (most recent call last):
  File "/workspace/worldatlas-hierarchy-install/scripts/validate-land-creations.py", line 114, in <module>
    print(json.dumps(validate(json.load(sys.stdin)), separators=(',', ':')))
                     ^^^^^^^^^^^^^^^^^^^^^^^^^^^^^^
  File "/workspace/worldatlas-hierarchy-install/scripts/validate-land-creations.py", line 71, in validate
    rings(matches[0]['geometry']['coordinates'])
  File "/workspace/worldatlas-hierarchy-install/scripts/validate-land-creations.py", line 70, in rings
    rings(row)
  File "/workspace/worldatlas-hierarchy-install/scripts/validate-land-creations.py", line 67, in rings
    raise ValueError('Source polygon rings must be explicitly closed')
ValueError: Source polygon rings must be explicitly closed
✔ pure source-backed creation has a null predecessor and retains every original geometry (518.673006ms)
✔ latitude and antimeridian creation uses actual narrow land, not a world-width polygon (331.783081ms)
✔ reject existing identity, duplicate land and competing overlap without writing output (485.541845ms)
✔ reject unsupported source, altered geometry, invalid coordinates, chain gaps and disguised rename (1768.872797ms)
✔ a creation receipt cannot transfer history or add an unaccounted identity (516.089056ms)
Traceback (most recent call last):
  File "/workspace/worldatlas-hierarchy-install/scripts/validate-land-creations.py", line 114, in <module>
    print(json.dumps(validate(json.load(sys.stdin)), separators=(',', ':')))
                     ^^^^^^^^^^^^^^^^^^^^^^^^^^^^^^
  File "/workspace/worldatlas-hierarchy-install/scripts/validate-land-creations.py", line 62, in validate
    coordinates(matches[0]['geometry']['coordinates'])
  File "/workspace/worldatlas-hierarchy-install/scripts/validate-land-creations.py", line 61, in coordinates
    coordinates(row)
  File "/workspace/worldatlas-hierarchy-install/scripts/validate-land-creations.py", line 61, in coordinates
    coordinates(row)
  File "/workspace/worldatlas-hierarchy-install/scripts/validate-land-creations.py", line 58, in coordinates
    raise ValueError('Invalid longitude/latitude source coordinates')
ValueError: Invalid longitude/latitude source coordinates
Traceback (most recent call last):
  File "/workspace/worldatlas-hierarchy-install/scripts/validate-land-creations.py", line 114, in <module>
    print(json.dumps(validate(json.load(sys.stdin)), separators=(',', ':')))
                     ^^^^^^^^^^^^^^^^^^^^^^^^^^^^^^
  File "/workspace/worldatlas-hierarchy-install/scripts/validate-land-creations.py", line 54, in validate
    raise ValueError('Invalid raw source geometry must not be silently repaired')
ValueError: Invalid raw source geometry must not be silently repaired
Traceback (most recent call last):
  File "/workspace/worldatlas-hierarchy-install/scripts/validate-land-creations.py", line 114, in <module>
    print(json.dumps(validate(json.load(sys.stdin)), separators=(',', ':')))
                     ^^^^^^^^^^^^^^^^^^^^^^^^^^^^^^
  File "/workspace/worldatlas-hierarchy-install/scripts/validate-land-creations.py", line 108, in validate
    raise ValueError('Creation overlaps existing or competing land: ' + other)
ValueError: Creation overlaps existing or competing land: competing
✔ staged source creation compiles and publishes identical static/hosted crosswalks (784.811671ms)
✔ invalid source coordinates, competing new land and old group mutations are rejected (814.166526ms)
✔ macro partition checks separate member coherence from source completeness and descendant approval (8.731533ms)
✔ a structural pass cannot invent semantic approval or permit regional interiors (1.620303ms)
✔ each current macro identity and adjacent-tier parent must have exact decision and envelope coverage (1.077885ms)
✔ member and footprint hashes detect cross-region reassignment and geometry edits (0.515267ms)
✔ only inspected successful sources with URLs and reproducible hashes support boundary decisions (0.832665ms)
✔ named missing islands receive explicit routing without imaginary geometry (1.537068ms)
✔ supplemental boundary sources receive the same inspection and pin requirements as retained ledgers (1.115672ms)
✔ partial named-land evidence preserves existing geometry while explicitly withholding completeness (0.916762ms)
✔ large source collections retain a bounded reference to the exact archived receipt (2.440138ms)
✔ same-tier reference split preserves exact archived originals and disjoint descendant members (2.206356ms)
✔ split successors require unique explicit new-group deltas and a complete crosswalk (3.368027ms)
✔ split endpoints cannot change tier, containing parent, registry identity or source/history proof (3.354357ms)
✔ a same-count swap of unrelated territory fails exact split-member conservation (0.671893ms)
✔ explicit local-group retirement retains every descendant and exact full archive (2.043621ms)
✔ preparation emits every split pair and retains new identities, predecessor and original baseline (20.431261ms)
✔ explicit reference creation can extract a location while retaining its original populated groups (3.076848ms)
✔ sourced creations and explicit local-group retirements can share a conserving receipt (0.865655ms)
✔ release creation crosswalks retain source relationship evidence without null-old retirement collisions (12.09889ms)
✔ retained replacements archive all six exact originals without predecessor transfer (8.657071ms)
✔ an unrelated old feature mutation is rejected (0.493814ms)
✔ exact changed feature archives cannot substitute modified originals (0.202936ms)
✔ duplicate or replaced stable identities are rejected (0.211209ms)
✔ source proof cannot authorize historical transfer or missing independent validation (0.181544ms)
✔ bounded replacement subprocess writes the same exact validated receipt (60.298203ms)
✔ metadata-only projection retains source-backed unknown-owner coverage without approving it (1.945724ms)
✔ current projection preserves identities and keeps source inspection separate from semantic approval (0.897293ms)
✔ source-backed projection cannot change timeline facts or invent geographic review completion (0.216817ms)
✔ current pins and exact counts must describe the actual geography (0.266732ms)
✔ complete current chains cannot be reordered or silently assigned different parents (0.664281ms)
✔ every retired or created parent has exact original archive and explicit crosswalk (0.38511ms)
✔ location conservation and exact parent descendant membership remain exhaustive (0.263407ms)
✔ source-backed projection resolves exact replacements and creations while all semantic branches remain open (732.361517ms)
✔ projection preparation rejects altered source pins, wrong order and invented historical transfers (406.469556ms)
✔ projection validator exhausts added identities, retained archives and new source-assessed groups (724.048762ms)
✔ later geometry projection preserves original inspection bytes and namespaces current predecessor snapshots (1.944141ms)
✔ successive source migrations conserve earlier additions and their sourced new groups (865.472469ms)
✔ projection predecessor loading pins both gzip layers and joins exact releases (4.240303ms)
✔ raster presentation graph includes true horizontal and vertical shared cells (6.040086ms)
✔ ocean gaps and diagonal corners do not become territorial adjacency (0.406563ms)
✔ date-line screen wrap is included and same-owner contact is ignored (1.068081ms)
✔ malformed packed rows fail closed instead of emitting an incomplete graph (0.483418ms)
✔ evidence-only pages omit empty identities but retain withdrawal-only subjects and complete claims (89.104592ms)
✔ entity pages return exactly shared whole-location winners, source dictionaries and all-tier preferred names (94.088546ms)
✔ entity cursor pages never split an attribute set and preserve aliases, examples, lifetimes and end sentinels (60.603515ms)
✔ inactive archived identities stay inspectable without inflating fixed-geography map pages (72.291685ms)
✔ page withdrawals suppress prepared fallback claims for attributes and names with no wrong truncation (85.024151ms)
✔ metadata summarization preserves all no-inhabitants proof semantics and points to original evidence (44.266175ms)
✔ mid-page writes reject the entire map page with a retryable revision conflict (42.310657ms)
✔ priority ties use the shared UTF-16 identity order instead of SQLite UTF-8 collation (35.376983ms)
✔ the shared browser format rejects incomplete, duplicated, mismatched and unscoped response pages (83.933926ms)
{"fixture":"1000-locations-9000-attributes","queries":7,"page_bytes":2393036,"elapsed_ms":179.43,"attribute_index":"attributes_location_dates","name_index":"names_entity_dates"}
✔ 1000 locations and 9000 attributes use seven bounded indexed queries instead of claim pages (8494.769459ms)
✔ finite Marcus routing is independent of sovereignty and retains provisional lower-tier roles (0.920268ms)
✔ reject asymmetric Japan exclusion, alternate macro routing and invented readiness (0.639644ms)
✔ original water-masked Marcus land reconstructs from exact OSM bytes (310.332641ms)
✔ removing the source water hole or changing the coastline is rejected (222.256583ms)
Atlas request failed /api/media/upload Media ID already identifies a different immutable object
✔ media bytes and sourced provenance survive upload, metadata-only reads and identical retries (117.427187ms)
✔ invalid or oversized provenance and maintenance never write source objects (30.468603ms)
✔ frozen migration SQL and snapshots retain their published identities (9.946404ms)
✔ new source land retains unknown owners and its original source metadata (1394.887576ms)
✔ year parsing supports BC/BCE/AD/CE and rejects invalid or out-of-range dates (1.636186ms)
✔ every location has exactly all six hierarchy levels (2004.759147ms)
✔ seed is idempotent and missing history stays missing (15757.442725ms)
✔ example intervals are opt-in and end-exclusive, including ownership changes (3207.899816ms)
✔ atomic imports reject overlapping records, invalid populations, ranks, and parents (402.905572ms)
✔ real records take precedence over examples, with no population interpolation (999.813584ms)
✔ boundary versions require polygons and sources, and resolve by date (1736.806157ms)
✔ unknown, zero population, and category colors have stable, distinct semantics (1886.652699ms)
✔ historical political records are dated, sourced, and do not extend into 2025 (1566.09185ms)
✔ both Huidong counties have complete, distinct geographical parents (1946.452498ms)
✔ inserts and updates cannot skip hierarchy levels (1.219849ms)
✔ legacy hierarchy migration preserves historical records and repairs skipped parents (52271.714567ms)
✔ topology migration retires duplicate coverage while preserving its imported history (60774.086843ms)
✔ geographic regions cross ownership borders and subdivide large countries (1575.150261ms)
✔ semantic replacements preserve source history and custom locations without transferring their values (56738.998311ms)
✔ non-Latin municipalities remain distinct and city memberships contain all districts (1749.527036ms)
✔ account proof and configured quotas/compute remain typed, scoped and free of arbitrary private fields (24.932337ms)
✔ denied organization proof stays unavailable while actual project settings remain verified (1.626562ms)
✔ missing organization and quota are explicit unknowns, never inferred from public pricing (1.020298ms)
✔ wrong project and lossy quotas fail before a misleading capacity receipt can be produced (4.972857ms)
✔ actual PostgreSQL forward DDL preserves every baseline byte and sequence, grants minimum runtime access, and retries idempotently (2892.290395ms)
✔ forward failure rolls back DDL, registry and grants without changing original bytes (1614.929614ms)
✔ registered catalog tampering and unreviewed hashes reject instead of silently repairing a database (1910.104455ms)
✔ missing reviewed rehearsal operation performs no management requests or database mutation (1.799522ms)
✔ reviewed forward operation requires an actual production baseline and exact ordered files (0.483439ms)
✔ fresh hash-pinned private Site maintenance attestation rejects stale, writable and mismatched context (2.362682ms)
✔ management workflows require explicit manual dispatch and reject push selection (81.071109ms)
✔ full rehearsal restores every original table byte, authenticates restricted read-only services, and deletes only its child (2199.193125ms)
✔ production requires authenticated successful rehearsal artifact, restores once, and delivers only encrypted app credential (3364.304642ms)
✔ missing or tampered reviewed checkpoints and missing production acknowledgement cause zero network/DB calls (62.681886ms)
✔ production branch IDs and mismatched endpoint hosts are refused before connection or production deletion (2290.396522ms)
✔ rehearsal failed cleanup preserves the exact child ID without claiming validated production handoff (1571.104906ms)
✔ artifact reader accepts one bounded receipt without extracting paths and rejects malformed archive bytes (1.541333ms)
✔ authorized direct production preserves exhaustive verification and refuses a second installation (1634.258493ms)
✔ Neon metadata verification authenticates read-only requests, follows pagination, and omits secret response fields (23.130419ms)
✔ Neon verifier rejects wrong project configuration and absent credentials without requests (2.037111ms)
✔ Neon metadata failures never retain raw HTTP/network bodies, mismatched projects, or repeated pagination cursors (2.776626ms)
✔ PostgreSQL schema splitter retains command bytes while respecting nested comments, quoted identifiers, strings and dollar bodies (0.810271ms)
✔ isolated Neon verifier applies the exact schema atomically on real PostgreSQL and exercises actual hosted services (1977.110465ms)
✔ private owner connection failures remain sanitized and cleanup still deletes the validation branch (9.149904ms)
✔ isolated SQL verifier refuses production IDs and production hosts before any SQL connection (32.401117ms)
✔ SQL driver errors are sanitized and clean up only the newly created branch (6.183562ms)
✔ cleanup failures retain the exact validation branch ID and fail the verification receipt (2.154548ms)
✔ ambiguous creation persists its unique name without guessing a deletion target or SQL connection (5.68496ms)
✔ read-only metadata helper does not accept a project mismatch supplied by the API (0.506253ms)
✔ canonical screen reports actual source-land cells for a compact territorial polygon (1.931392ms)
✔ a genuine polygon smaller than a cell remains unrepresented without assigning water (0.924584ms)
✔ archived original dry land blocks a purported new identity on that land (175.371813ms)
✔ an exact-name homonym on different land does not transfer or reuse archived identity (177.143373ms)
✔ changed archive bytes fail before considering identity absence (162.135958ms)
✔ candidate preparation refuses an existing output instead of overwriting evidence (1.649317ms)
✔ ownership assets reconstruct out-of-order compressed chunks and reject truncation (46.320571ms)
✔ version-pinned ownership digests reject mixed deployments and support host-decoded gzip (13.420742ms)
✔ hosted omission accounts for all prior bytes and preserves every current/source file exactly (63.634903ms)
✔ portable static export retains the full tree without a delivery manifest (21.192669ms)
✔ existing pinned archive tampering fails before packaging (11.086424ms)
✔ verification rejects unlisted excluded files, altered retained bytes and deployed tampering (63.899ms)
✔ symbolic links cannot silently omit archive content (6.176802ms)
✔ contrast constraints use actual half-open interval overlap, never range envelopes (31.876905ms)
✔ parent lookups and unused-unit foreign-key checks use local parent indexes (4.473835ms)
✔ opening a populated pre-index database installs parent indexes without rewriting geography or evidence (18.979352ms)
✔ pixel ownership is exclusive and adjacent locations tile without a seam (1.496907ms)
✔ holes, water and defensive overlap handling have one integer ID per cell (0.357399ms)
✔ panning and lower-detail views sample the same canonical geographic cells (1.070063ms)
✔ province borders are stronger and local borders disappear at distant zoom (0.191329ms)
✔ Canvas fallback samples near screen resolution without four-pixel blocks (0.214554ms)
✔ fixed non-power-of-two grid projects the entire world consistently (0.221964ms)
✔ dated membership changes province lookup and picking records while retaining exact grid cells and geometry (3.733338ms)
✔ metadata refresh accepts reordered identities and atomically rejects replacements, missing and duplicate locations (1.111125ms)
✔ boundary geometry cache ignores source/date/provenance changes but detects actual dated footprints (0.314133ms)
✔ compiled ownership preserves holes, shared edges, overlaps and water at every detail level (10.794674ms)
✔ ownership survives geometry disposal and alternating zoom/pan views (1.624599ms)
✔ GPU row tables and picking retain every canonical cell, including tiny features (1.647534ms)
✔ prepacked browser fallback samples the same canonical grid (2.821664ms)
✔ placeholder translation preserves quoted values, dollar bodies and nested comments exactly (2.289451ms)
✔ only reviewed inserts and index hints are adapted; SQLite metadata needs an explicit query (0.67037ms)
✔ injected driver returns D1 results with safe numeric dates and unchanged text evidence (1.698731ms)
✔ batches remain ordered, atomic and ingestion-locked before identity allocation (0.717993ms)
✔ publication and guarded imports share a lock before fresh ReadCommitted guard snapshots (0.479593ms)
✔ driver failures preserve SQLSTATE while removing credentials, payloads and server details (1.126649ms)
✔ bounded timeouts cancel network work and preserve uncertain commit status for idempotent retries (100.089825ms)
✔ Neon HTTP wrapper submits lazy ordered queries as one transaction without exposing its URL (1.375884ms)
✔ actual PostgreSQL parses translated placeholders, idempotence and rollback without touching immutable evidence text (1650.451902ms)
✔ PostgreSQL evidence-only map pages retain retirement-only subjects without enumerating empty geography (1692.539867ms)
✔ actual PostgreSQL applies all 14 tables and hosted smoke preserves original corrected evidence (1301.927519ms)
✔ PostgreSQL claim/name readers preserve JSON bytes, stable identities, half-open dates, nulls and examples (1233.014592ms)
✔ PostgreSQL guards reject interval/source/classification/owner contradictions and roll back complete failed batches (1252.407459ms)
✔ PostgreSQL atomic correction retires overlap, retains old bytes and cannot resurrect immutable evidence (1350.032271ms)
✔ PostgreSQL rank/habitation and fixed environment guards match literal-zero proof policy (1495.762259ms)
✔ PostgreSQL catalogs/graph/media paging and compact map use actual hosted SQL with whole-location parity (1357.131055ms)
✔ PostgreSQL stages and publishes complete pinned reference geography without mutating registry/evidence (1393.209235ms)
✔ actual PostgreSQL and frozen D1 produce identical evidence/source bytes and selected-year service values (1310.825807ms)
✔ PostgreSQL compact metadata summaries retain zero-population proof semantics and evidence links (1295.703201ms)
✔ PostgreSQL geographic transaction guards reject unpublished/stale hashes and retain pinned replay receipts (1431.865122ms)
✔ verified owner restore copies all fourteen original tables, legacy bytes, archives, examples, releases and rowids (1993.604491ms)
✔ nonempty target refuses restoration without replacing evidence or disabled guards (1358.990649ms)
✔ insert failure rolls back every copied table and USER-trigger state with no unsafe partial resume (1387.280792ms)
✔ read-back verification failure rolls back source rows and prevents sequence advancement (1429.920088ms)
✔ tampered source parts and unacknowledged owner restore make no target writes (1713.031582ms)
✔ sequence-reset failure rolls back transactional RESTART and preserves all original guards (1513.671759ms)
✔ lost commit acknowledgement requires read-only verification before any retry (1448.146669ms)
✔ raw row digests preserve original text and obey D1 binary key order (0.647697ms)
✔ actual restricted LOGIN runs hosted imports, corrections, idempotent retries and selected-year readers (2234.461059ms)
✔ runtime role cannot mutate facts, suppress guards, restore revisions or escalate privileges (1439.532133ms)
✔ restricted publication updates only validated status and publication columns (1413.347256ms)
✔ idempotent maintenance preserves existing password and explicit rotation safely changes it (1499.585451ms)
✔ existing inherited, privileged, owning or broadly granted role is rejected without silent downgrade (13740.287786ms)
✔ weak credentials and inherited PUBLIC schema CREATE prevent reopening without weakening PUBLIC permissions (1506.555468ms)
✔ non-superuser schema owner retains only automatic ADMIN-without-INHERIT-or-SET role management (1996.56012ms)
✔ new requirements preserve old scopes, enforce new declarations and permit explicit legacy adoption (1.695977ms)
✔ positive real-format ledger validates actual files and binds an independent review (1.752011ms)
✔ regressions: stale vintage, entry hash, wrong source/path and conflicting generated result fail (1.193219ms)
✔ full changes include rename/deletion originals; immutable original-source refresh cannot overwrite evidence (0.59661ms)
✔ coordinate/helper policies require positive and negative controls; generators need reproducibility (0.611222ms)
✔ generator controls bind actual positive, negative and equal two-run output bytes (0.652855ms)
✔ reviews reject self approval, stale heads, omitted hashes/files and absent factual/geometry review (0.730471ms)
✔ mock remote queue checks exact blobs/head/independent receipt with read-only requests (2.359687ms)
✔ incomplete remote trees cannot become a passed byte check (0.423839ms)
✔ remote decisions reject stale exact-head reviews and a later change request (1.706552ms)
✔ browser/server adapters agree, use only matching source intervals, and preserve complete provenance (21.359841ms)
✔ source bounds, producer byte hashes, current identity and geography proof failures block publication (3.86758ms)
✔ prepared producers reject free-form environmental text even when hashes and source dates match (4.713436ms)
✔ both runtime paths reject stale manifests and tampered prepared assets (3.642141ms)
✔ duplicate input identities are rejected and hosted duplicates retain imported evidence without dropping prepared metadata (2.884418ms)
✔ bounded persistent batches import through actual hosted schema/service and are idempotent (30.133598ms)
✔ prepared reference attestations retain direct historical name priority and aliases do not become preferred (2.46755ms)
✔ retirement pages prevent every prepared fallback from resurrecting withdrawn names or attributes (64.140025ms)
✔ hosted duplicate enrichment keeps prepared provenance while preserving the imported claim (7.095788ms)
✔ completed real name and census products import persistently and resolve identically without gap filling (10833.424185ms)
✔ public manifest byte pin protects source provenance as well as record parts (6.645959ms)
✔ record APIs reject pages whose ingestion revision changed during the read (48.018007ms)
✔ client retries complete map reads for mixed revisions, caps retries and obeys cancellation (34.900824ms)
✔ reference migrations revalidate immutable claims only when every corresponding footprint stays identical (8.707596ms)
✔ chained reference revalidation preserves original evidence and pins the prior receipt archive (8.189196ms)
✔ ownership codecs preserve identity, dated labels, competing evidence and the BC/AD edge (22.093786ms)
✔ actual environmental tables decode exactly at all normal-period boundaries (16514.7863ms)
✔ reference codecs preserve supported precision and do not bridge unsupported intervals (0.47069ms)
✔ actual prepared historical records match independent compact-table interpretation (15647.768536ms)
✔ static and server exports resolve every active location identically, with examples on and off (123179.402757ms)
✔ missing readiness is a review candidate, not permission (1.810109ms)
✔ explicit source access blockers survive closed dependencies; prose needs review (1.50582ms)
✔ unknown lane, invalid prefixes, umbrellas and import approval are separate (0.327914ms)
✔ same-account workers retain distinct canonical leases and live work constraints (0.576228ms)
✔ all issue pages and duplicate ownership; checkpoints deduplicate by state (20.479975ms)
✔ failed reads preserve checkpoint and never report false resolutions (0.572583ms)
✔ reference restoration preserves archived IDs, source context and exact original records idempotently (9.447473ms)
✔ existing active territory names, geometry, parents and owner context are never overwritten (5.111386ms)
✔ original record ID conflicts fail explicitly and restoration rolls back broken archives (4.467856ms)
✔ the published source archive restores every original record into a fresh reference database (4695.625761ms)
✔ environmental context can be displayed without inventing historical field evidence (1.540162ms)
✔ modern supported records and historical reference context share a category and map color (0.421886ms)
✔ dated historical observations override modern context until their exclusive interval end (0.254363ms)
✔ explicit dated uncertainty and unmapped source text cannot be replaced by a baseline (0.270318ms)
✔ only supported environmental references can supply presentation context (0.169756ms)
✔ invalidated geography cannot retain environmental context or restore a dated field (0.922531ms)
✔ reference source dates and environmental caveats survive display unchanged (0.618232ms)
✔ an evidence outage leaves historical fields unknown while immutable reference context remains available (0.14614ms)
✔ missing baselines remain unknown and non-environmental fields never acquire environmental context (0.250968ms)
✔ baseline selection is deterministic and keeps the chosen source interval rather than extending it (0.541757ms)
✔ compact and legacy context decoding preserve original supported intervals and source metadata (0.562618ms)
✔ explicit metadata parent merge conserves full descendant identities and exact relationship provenance (3.059933ms)
✔ receipts without the opt-in relationship field preserve the legacy preparation contract (0.535317ms)
✔ missing, duplicate, extra and unretired merge endpoints cannot masquerade as complete crosswalks (2.002859ms)
✔ same-tier registered identities and adjacent parent conservation are required (1.166839ms)
✔ a same-count swap of unrelated territories fails exact descendant-footprint conservation (0.473884ms)
✔ complete original unit records, explicit source proof and zero historical transfer are required (1.77733ms)
✔ the complete real candidate validates all 49,589 locations and the 55-county source-backed merge (1855.430724ms)
✔ full candidate release preparation emits the explicit merge, archived predecessor and exact unchanged baseline (11439.798929ms)
✔ current manifest is closed and no region can claim invented approvals (1.663849ms)
✔ v1 worldwide approval remains compatible (0.664672ms)
✔ regional content claims depend on macro and branch approval, not unfinished worldwide descendants (1.762447ms)
✔ macro approval and explicit complete region certificates are required (0.423959ms)
✔ pins and every location target are checked against explicitly selected regions (0.747798ms)
✔ ambiguous territorial membership fails closed (0.152641ms)
✔ all name, relationship and media targets are scoped; ancillary or geographic writes are refused (0.393834ms)
✔ verified raw batches are inspected rather than trusting caller target summaries (1.231787ms)
✔ corrections require a territorial crosswalk and cannot transfer facts to another location (0.55004ms)
✔ research compiler produces deterministic bounded batches and preserves exact input/source bytes (829.110378ms)
✔ compiler rejects unsupported classifications, unsupported dates, source classes, cycles and geographic writes (1.265197ms)
✔ parent entities precede child entities and atomic correction groups stay together at batch boundaries (92.180086ms)
✔ dry-run rejects tampering and performs zero network requests (3.144801ms)
✔ import refuses mismatched geography before writes and rejects unsafe origins (24.179081ms)
✔ partial successful receipts survive failure, resumable retry skips committed batches and never logs credentials (532.216714ms)
✔ network/transient failures retry an identical ingestion within a bounded budget (2.771248ms)
✔ compiled content imports against actual frozen hosted SQL and preserves corrected evidence immutably (45.332722ms)
✔ targets first introduced by a campaign commit before its retirement transaction (18.520971ms)
✔ shared replacements stay atomic and chained corrections respect target availability (0.72968ms)
✔ each research batch carries its geographic pin and a conflict preserves prior receipts (146.738155ms)
✔ unpinned server receipts are rejected and legacy receipts are preserved while newly pinned transactions verify them (3.118872ms)
✔ temporal campaigns retain ordinary source dependencies and route atomic sourced geography corrections separately (1.577859ms)
✔ temporal compiler bounds sources/dates/classification and rejects reference mutations/unvetted footprints (1.06794ms)
✔ temporal bundle manifests validate endpoint identity, pinned receipts and resume independently of ordinary imports (3.56867ms)
✔ discovery preserves identity/source metadata and pages every result with bounded filters (130.204205ms)
✔ relationship pages exhaust both directions beyond profile truncation with date/example/withdrawal filtering (68.851854ms)
✔ media link pages preserve every active link and omit withdrawn, pending and unsupported-year links (80.115307ms)
✔ capacity reports measured bytes and declared budgets without claiming a managed quota or prepared assets (20.73528ms)
✔ catalog and graph reads reject revision changes instead of publishing inconsistent pages (18.615214ms)
✔ media campaign dry run validates original bytes and rights without network or receipts (85.252994ms)
✔ actual Worker and registerMedia roundtrip retains provenance, immutable R2 bytes and resumable receipt hashes (52.751355ms)
✔ lost upload response rereads committed identity and full bytes without a second POST (19.234837ms)
✔ failed campaign preserves verified objects and safely resumes only missing identities (25.761416ms)
✔ source mismatches, changed claims and changed local or remote bytes stop before replacing originals (22.691209ms)
✔ tampered checkpoints, duplicate content identities and missing source dependencies are rejected (19.817666ms)
✔ redirects never forward the private credential and untrusted API errors are not persisted (18.397095ms)
✔ encoded URL bounds and escaped local paths are enforced before any upload (20.176537ms)
✔ a truncated successful POST receipt is resolved by direct immutable metadata reread (28.587337ms)
✔ optional registered source archives are checked by stable ID and digest before linking provenance (24.056716ms)
✔ older services without provenance capability stop before creating immutable incomplete metadata (15.971157ms)
✔ century transport preserves exact intervals, dated identities and contested provenance with deterministic assets (149.975476ms)
✔ six schema variants partition all IDs and preserve explicit semantic openness (5.143234ms)
✔ raw hashing preserves float lexemes, signed zero, exponent precision and Unicode policy (0.821158ms)
✔ duplicate reports, stale polygons and incomplete parent chains fail (1.727845ms)
✔ parent membership cannot overlap, omit a child or claim unsupported approval (2.416323ms)
✔ owner labels and source policy identities are exhaustively crosswalked (1.869879ms)
✔ removed/new IDs require archival receipts and migration is never inferred (3.684395ms)
✔ fresh-clone reader verifies every file pin without Python or cache access (32.781991ms)
✔ changed source bytes or missing continent ledger reject the read-only snapshot (19.397583ms)
✔ a renamed complete ledger cannot leak into website deployment assets (15.357722ms)
✔ source-parent measurements require current footprint context and actual members (38.215662ms)
✔ sourced policy overlay changes exactly the three proven roles without mutating original source policy (3.630934ms)
✔ unrelated original-policy edits and duplicate correction identities require new review (10.203012ms)
✔ every crosswalked location exposes its individually supported role and unchanged source vintage (1.944241ms)
✔ installed label corrections preserve frozen proposals and bind exact reference-only before/after records (142.634209ms)
✔ explicit legacy staging retains every original migration and metadata byte and deploys exactly 0000–0007 (28.844465ms)
✔ default staging keeps the complete derivative and opt-in retries remove old forward files (16.34472ms)
✔ all forward migration/source/journal hashes are checked before any deployment cutoff (10.315111ms)
✔ the eight staged migrations have the original eight-migration schema and no forward tables (24.300053ms)
✔ staging requires explicit valid mode, a separate real checkout and a supported CLI flag (94.336939ms)
✔ checkpoint packing deterministically preserves all fourteen exported tables and every original byte (194.631965ms)
✔ checkpoint rejects compressed tampering, original hashes and unsafe paths without publishing partial output (74.579573ms)
✔ a recomputed gzip hash cannot bypass the independent decompression bound (69.837194ms)
✔ symlinked checkpoint parts and changed source exports are rejected without replacing evidence (61.926558ms)
✔ existing destinations are immutable and ordinary restore validates source hashes before any database call (74.06656ms)
✔ verified existing destinations reject checkpoint identity-summary tampering (90.537962ms)
✔ v2 inventories all twenty-three tables and pins every reviewed D1/PostgreSQL migration (16.089466ms)
✔ empty forward migrations preserve every v1 marker/page byte and existing fourteen-table restore (1962.243914ms)
✔ forward owner restoration streams all twenty-three tables, original JSON bytes, deferred receipts and sequence (2120.438052ms)
✔ v2 detects changing staged publication, missing source guards and unexpected factual tables (1483.939405ms)
✔ a missing target guard or source migration/raw-row proof fails before any target writes (1462.338786ms)
✔ a deferred cross-table FK failure rolls back all twenty-three tables, guards and sequence (1527.411202ms)
✔ interrupted v2 capture resumes preserved pages and its v2 cursor cannot be sent to v1 (189.733178ms)
✔ v3 inventories all twenty-six tables and pins every reviewed D1/PostgreSQL migration (19.159374ms)
✔ empty forward migrations preserve every v1 marker/page byte and existing fourteen-table restore (1831.663231ms)
✔ forward owner restoration streams all twenty-six tables, original JSON bytes, deferred receipts and sequence (2179.32777ms)
✔ v3 detects changing staged publication, missing source guards and unexpected factual tables (1559.097401ms)
✔ a missing target guard or source migration/raw-row proof fails before any target writes (1671.277049ms)
✔ a deferred cross-table FK failure rolls back all twenty-six tables, guards and sequence (1818.261728ms)
✔ interrupted v3 capture resumes preserved pages and its v3 cursor cannot be sent to v1 (273.409879ms)
✔ typed storage on actual SQLite/PostgreSQL preserves replays and rejects unsupported evidence or incomplete corrections atomically (1823.425226ms)
✔ pure and actual SQLite/PostgreSQL contracts retain supported uncertainty/example labels, zero/false, and reject known-status null (1871.184899ms)
✔ standalone owner SQL without its ingestion journal is explicitly outside the atomic correction guarantee (1740.460084ms)
✔ complete export marker works under managed D1 compound-SELECT limits (57.103949ms)
✔ all fourteen raw tables export exhaustively with original text, rowids and archived evidence (107.343049ms)
✔ composite keyset cursors page across releases and reject foreign, malformed or injected cursors (54.183195ms)
✔ markers detect publication and media writes outside ingestion revisions and reject raced pages (33.06582ms)
✔ oversized retained evidence is reduced through explicit 413 rather than truncated (85.013214ms)
✔ CLI exporter preserves a partial ledger, resumes hashed pages and proves frozen all-table counts (153.246753ms)
✔ CLI rejects unfrozen, changed or tampered exports without mixing checkpoints (66.289677ms)
✔ CLI overlaps bounded independent collections while preserving serial cursors and journals (161.463259ms)
✔ stalled fetch times out with its forwarded signal and retries the same cursor without rewriting preserved source pages (585.673571ms)
✔ a response with stalled JSON bytes is bounded through body consumption and preserves checkpoint receipts (589.900555ms)
✔ permanent transport stalls stop after four deadlines without logging credentials or creating a false checkpoint (3546.191792ms)
✔ external cancellation aborts fetch, JSON-body reading and retry backoff without retries or checkpoint changes (204.992266ms)
✔ malformed JSON and snapshot-conflict HTTP errors remain nonretryable, and unsafe deadline settings fail before fetching (1.567893ms)
✔ stale body, state, candidate bytes and active worker/PR prevent writes (3.321818ms)
✔ unrelated scope and original prose cannot be overwritten (0.390889ms)
✔ read-only preflight issues no writes and checks the complete batch before applying (3.572536ms)
✔ bounded application reads back each correction and is idempotent (2.799911ms)
✔ failed readback retains partial receipt and stops before remaining writes (1.561023ms)
✔ unexpected issue scope cannot expand the mutation targets (0.340884ms)
✔ fresh body recheck prevents overwriting an edit after batch preflight (0.969131ms)
✔ scope property serialization order does not imply changed release or ownership (0.282215ms)
✔ a wrong hash label is rejected even when source scope is otherwise unchanged (0.348746ms)
Atlas request failed /api/geography/temporal/import Ingestion ID identifies another input
✔ Worker dated geography routes, revision, evidence and retry work on actual sqlite (84.669333ms)
Atlas request failed /api/geography/temporal/import Cross-origin writes are not permitted
Atlas request failed /api/geography/temporal/import Expected property name or '}' in JSON at position 1 (line 1 column 2)
Atlas request failed /api/geography/temporal/import Request exceeds the supported upload size
Atlas request failed /api/geography/temporal/import Dated geography import rejected; no partial changes may be used
Atlas request failed /api/geography/temporal/snapshot Year must be between 3000 BC and 2026 AD, excluding zero
Atlas request failed /api/geography/temporal/snapshot Year must be between 3000 BC and 2026 AD, excluding zero
Atlas request failed /api/geography/temporal/snapshot Year must be between 3000 BC and 2026 AD, excluding zero
Atlas request failed /api/geography/temporal/snapshot Invalid temporal snapshot stream
✔ Worker dated geography rejects unsafe writes without changing scalar/media routes on actual sqlite (47.483268ms)
Atlas request failed /api/geography/temporal/import Ingestion ID identifies another input
✔ Worker dated geography routes, revision, evidence and retry work on actual postgres (2148.209621ms)
Atlas request failed /api/geography/temporal/import Cross-origin writes are not permitted
Atlas request failed /api/geography/temporal/import Expected property name or '}' in JSON at position 1 (line 1 column 2)
Atlas request failed /api/geography/temporal/import Request exceeds the supported upload size
Atlas request failed /api/geography/temporal/import Dated geography import rejected; no partial changes may be used
Atlas request failed /api/geography/temporal/snapshot Year must be between 3000 BC and 2026 AD, excluding zero
Atlas request failed /api/geography/temporal/snapshot Year must be between 3000 BC and 2026 AD, excluding zero
Atlas request failed /api/geography/temporal/snapshot Year must be between 3000 BC and 2026 AD, excluding zero
Atlas request failed /api/geography/temporal/snapshot Invalid temporal snapshot stream
✔ Worker dated geography rejects unsafe writes without changing scalar/media routes on actual postgres (1496.733542ms)
✔ opt-in inline temporal pages retain exact standalone claims, permanent withdrawals, source and release pins (2097.108854ms)
✔ a revision change between scalar and inline temporal reads rejects the complete response (1496.74604ms)
✔ incomplete bounded temporal streams stay on the ordinary paging protocol (3530.236473ms)
✔ inline geography never widens the total scalar response byte limit (5312.397186ms)
✔ complete reference chains remain labeled fallback; BC/AD, exclusive end and province-level changes resolve identically (1497.154699ms)
✔ SQL source, tier, equal-precedence overlap, release and example guards reject atomic invalid imports (1453.359189ms)
✔ ancestor absence rejects disconnected descendants but permits atomic reparenting or existence suppression (1529.452266ms)
✔ all overlapping ancestor transitions are validated, including interior absence outside child endpoints (1495.963305ms)
✔ explicit unknown blocks weaker and opt-in examples while maintaining the complete reference chain (1415.59831ms)
✔ atomic corrections preserve original JSON text, withdrawals, stable retries and missing-replacement rollback (1403.59469ms)
✔ SQL independently prevents forged validation, dangling receipts and appending to a sealed receipt (1404.665334ms)
✔ known identity lifetimes cannot be resurrected or widened by a dated claim (1374.114932ms)
✔ paged claims retain exclusions, provenance, release and one shared revision (1379.532174ms)
✔ bounded production pages skip the reference registry in source-free years and return only winners with deduplicated sources (1415.721487ms)
✔ permanent withdrawal pages retain claims outside the selected year and share the pinned revision (1377.760614ms)
✔ legacy source metadata is byte-preflighted before materialization and oversized pages fail with a bounded retry suggestion (1578.186314ms)
✔ raw SQL cannot store fractional years or alter retained temporal facts and receipts (1395.531797ms)
✔ actual hosted winner and withdrawal streams hydrate the browser resolver without full registry reads (1441.108091ms)
✔ direct dated names precede reference attestations in any language, with stable ties and examples last (4.665314ms)
✔ unknown historical name and habitation do not imply an absent or rural settlement (5.252659ms)
✔ dated names at every level retain stable identity; aliases remain searchable outside their dates (13.355574ms)
✔ dated membership changes the hierarchy used by map colors and province borders (7.680479ms)
✔ settlement attributes and existence are separate from a location and successor links keep distinct IDs (12.335716ms)
✔ explicit uninhabited differs from unknown, and sourced states beat examples (5.986065ms)
✔ broken dated parent chains, invalid dates and interval overlaps roll back atomically (7.59488ms)
✔ future historical graph entities do not enter geographic grouping tiers (1.841667ms)
✔ registration is additive, versioned, immutable and JSON-only; conflicts fail closed (4.016055ms)
✔ serialization hooks/getters cannot replace module identity or metadata, and never execute (2.118263ms)
✔ false and literal zero remain sourced; absent, unknown and unresolved are distinct (0.807187ms)
✔ no year zero, interval extrapolation, lifetime overflow or modern-reference promotion (0.51055ms)
✔ numeric measurement rejects incompatible units, PPP, cohort, household weighting and uncertainty (2.086896ms)
✔ entity government, controlled identities and feature links preserve the existing graph (0.558432ms)
✔ direct/derived/reference/estimate/example precedence, explicit unknown and retirements are deterministic (0.859275ms)
✔ directly quoted estimates retain estimate labels and the preserved method-based priority (0.185008ms)
✔ shared pure snapshot seam round-trips all retained source, unit and derivation metadata without mutation (0.54374ms)
✔ existing eight attributes, legacy values and precedence stay unchanged (0.824723ms)
✔ retained synthetic transport fixture matches date-pinned expected results and original bytes (2.221489ms)
✔ malformed unresolved evidence resolves to the unknown fill for every attribute, including category IDs (2.027417ms)
✔ direct unresolved evidence blocks weaker assignments and modern fallback without losing its provenance (0.872846ms)
✔ API, local import, UI preview and raw SQL reject both unresolved/non-null contract violations (69.523591ms)
✔ 0006 preserves populated claims, retirements and all existing schema objects while suppressing retained malformed claims (17.765142ms)
✔ opening a populated legacy local database retains malformed historical claims and applies the new INSERT guard (9.140029ms)
✔ explicit no-inhabitant evidence produces unsettled with its supported interval and source record provenance (1.648715ms)
✔ unknown, reference, modeled, rounded and untyped legacy zeros never imply unsettled (0.561337ms)
✔ settlement contradictions obey cross-field precedence and tied evidence remains disputed (0.930262ms)
✔ local imports accept canonical unsettled, reject both orders of direct contradictions and retain unknown/model-zero behavior (14.496904ms)
✔ hosted imports and shared resolver agree; corrections exclude retired negative claims (55.916958ms)
✔ 0003 migration preserves all old claim fields, retirement pointers, indexes and triggers (14.827894ms)
✔ existing local enum migration preserves snapshots/history and enables new rank without touching geometry (16.018669ms)
✔ precision flags prevent false habitation conflicts in both local and hosted import orders (140.725011ms)
✔ 0004 precision migration preserves claims, retirements, indexes and all other triggers (16.424812ms)
✔ source classes protect literal-zero evidence and example opt-in at the SQL boundary (40.589261ms)
✔ 0005 source-class migration preserves claims and retirement-aware contracts while matching example-zero resolution (17.632142ms)
✔ results are bound to the bot, request and issue, including denial (1.009792ms)
✔ latest matching response wins, unrelated or malformed comments cannot confer ownership (0.174904ms)
✔ positive confirmations require current exact canonical ownership, not stale success (0.776951ms)
✔ bootstrap fallback requires exact request and releases require inactive state (0.306702ms)
✔ merge responses retain exact PR binding and embedded HTML cannot break the marker (0.218499ms)
ℹ tests 640
ℹ suites 0
ℹ pass 638
ℹ fail 2
ℹ cancelled 0
ℹ skipped 0
ℹ todo 0
ℹ duration_ms 344843.565598

✖ failing tests:

test at test/credential-envelope.test.mjs:33:1
✖ private delivery writes owner-only outside-Git file and refuses wrong digest, unsafe permissions, symlinks and overwrite (1.822337ms)
  Error: Credential envelope validation or private delivery failed
      at fail (file:///workspace/worldatlas-hierarchy-install/scripts/credential-envelope.mjs:11:23)
      at outsideGit (file:///workspace/worldatlas-hierarchy-install/scripts/credential-envelope.mjs:66:53)
      at readPrivateKey (file:///workspace/worldatlas-hierarchy-install/scripts/credential-envelope.mjs:69:2)
      at deliverCredentialFile (file:///workspace/worldatlas-hierarchy-install/scripts/credential-envelope.mjs:85:12)
      at TestContext.<anonymous> (file:///workspace/worldatlas-hierarchy-install/test/credential-envelope.test.mjs:38:17)
      at Test.runInAsyncScope (node:async_hooks:227:14)
      at Test.run (node:internal/test_runner/test:1382:25)
      at Test.processPendingSubtests (node:internal/test_runner/test:960:18)
      at Test.postRun (node:internal/test_runner/test:1522:19)
      at Test.run (node:internal/test_runner/test:1447:12)

test at test/credential-envelope.test.mjs:41:1
✖ CLI encryption/decryption returns metadata only and failures never print plaintext or key material (71.539378ms)
  AssertionError [ERR_ASSERTION]: {"status":"failed","error_code":"credential-envelope-delivery-rejected","credential_logged":false,"private_key_logged":false}
  
  
  1 !== 0
  
      at TestContext.<anonymous> (file:///workspace/worldatlas-hierarchy-install/test/credential-envelope.test.mjs:45:218)
      at Test.runInAsyncScope (node:async_hooks:227:14)
      at Test.run (node:internal/test_runner/test:1382:25)
      at Test.processPendingSubtests (node:internal/test_runner/test:960:18)
      at Test.postRun (node:internal/test_runner/test:1522:19)
      at Test.run (node:internal/test_runner/test:1447:12)
      at async Test.processPendingSubtests (node:internal/test_runner/test:960:7) {
    generatedMessage: false,
    code: 'ERR_ASSERTION',
    actual: 1,
    expected: 0,
    operator: 'strictEqual',
    diff: 'simple'
  }
