✔ metadata-only projection retains source-backed unknown-owner coverage without approving it (1.906184ms)
✔ current projection preserves identities and keeps source inspection separate from semantic approval (0.812014ms)
✔ source-backed projection cannot change timeline facts or invent geographic review completion (0.214163ms)
✔ current pins and exact counts must describe the actual geography (0.217057ms)
✔ complete current chains cannot be reordered or silently assigned different parents (0.49142ms)
✔ every retired or created parent has exact original archive and explicit crosswalk (0.254894ms)
✔ location conservation and exact parent descendant membership remain exhaustive (0.251529ms)
✔ source-backed projection resolves exact replacements and creations while all semantic branches remain open (489.224649ms)
✔ projection preparation rejects altered source pins, wrong order and invented historical transfers (303.183758ms)
✔ projection validator exhausts added identities, retained archives and new source-assessed groups (424.165253ms)
✔ later geometry projection preserves original inspection bytes and namespaces current predecessor snapshots (1.957061ms)
✔ successive source migrations conserve earlier additions and their sourced new groups (271.813519ms)
✔ projection predecessor loading pins both gzip layers and joins exact releases (1.368884ms)
ℹ tests 13
ℹ suites 0
ℹ pass 13
ℹ fail 0
ℹ cancelled 0
ℹ skipped 0
ℹ todo 0
ℹ duration_ms 1583.384153
