✔ metadata-only projection retains source-backed unknown-owner coverage without approving it (2.341339ms)
✔ current projection preserves identities and keeps source inspection separate from semantic approval (0.950703ms)
✔ source-backed projection cannot change timeline facts or invent geographic review completion (0.211619ms)
✔ current pins and exact counts must describe the actual geography (0.302376ms)
✔ complete current chains cannot be reordered or silently assigned different parents (0.569098ms)
✔ every retired or created parent has exact original archive and explicit crosswalk (0.286953ms)
✔ location conservation and exact parent descendant membership remain exhaustive (0.296076ms)
✔ source-backed projection resolves exact replacements and creations while all semantic branches remain open (586.274732ms)
✔ projection preparation rejects altered source pins, wrong order and invented historical transfers (400.658922ms)
✔ projection validator exhausts added identities, retained archives and new source-assessed groups (536.021255ms)
✔ later geometry projection preserves original inspection bytes and namespaces current predecessor snapshots (1.88999ms)
✔ successive source migrations conserve earlier additions and their sourced new groups (439.097144ms)
✔ projection predecessor loading pins both gzip layers and joins exact releases (1.287811ms)
ℹ tests 13
ℹ suites 0
ℹ pass 13
ℹ fail 0
ℹ cancelled 0
ℹ skipped 0
ℹ todo 0
ℹ duration_ms 2041.981609
