✔ bounded root and child evidence verify complete changed-file union and baseline inventory (4.624271ms)
✔ changed child manifest and absent/unassigned changed files reject (2.489543ms)
✔ root hash cycles, duplicate assignments and changed context reject (1.128241ms)
✔ partial baseline inventory cannot replace actual byte verification (1.589746ms)
✔ empty inventory, alternate executed index and omitted preservation bytes reject (1.697429ms)
✔ trusted per-partition descriptor and individual byte budgets are not raised (5.508474ms)
✔ metadata-only projection retains source-backed unknown-owner coverage without approving it (2.126285ms)
✔ current projection preserves identities and keeps source inspection separate from semantic approval (0.844203ms)
✔ source-backed projection cannot change timeline facts or invent geographic review completion (0.30486ms)
✔ current pins and exact counts must describe the actual geography (0.231048ms)
✔ complete current chains cannot be reordered or silently assigned different parents (0.493143ms)
✔ every retired or created parent has exact original archive and explicit crosswalk (0.277097ms)
✔ location conservation and exact parent descendant membership remain exhaustive (0.327463ms)
✔ source-backed projection resolves exact replacements and creations while all semantic branches remain open (289.571466ms)
✔ projection preparation rejects altered source pins, wrong order and invented historical transfers (183.199454ms)
✔ projection validator exhausts added identities, retained archives and new source-assessed groups (302.519018ms)
✔ later geometry projection preserves original inspection bytes and namespaces current predecessor snapshots (4.783211ms)
✔ successive source migrations conserve earlier additions and their sourced new groups (310.199846ms)
✔ projection predecessor loading pins both gzip layers and joins exact releases (1.621415ms)
ℹ tests 19
ℹ suites 0
ℹ pass 19
ℹ fail 0
ℹ cancelled 0
ℹ skipped 0
ℹ todo 0
ℹ duration_ms 1171.223524
