✔ sourced policy overlay changes exactly the three proven roles without mutating original source policy (3.779776ms)
✔ unrelated original-policy edits and duplicate correction identities require new review (8.698501ms)
✔ every crosswalked location exposes its individually supported role and unchanged source vintage (1.724029ms)
✖ installed label corrections preserve frozen proposals and bind exact reference-only before/after records (113.579081ms)
ℹ tests 4
ℹ suites 0
ℹ pass 3
ℹ fail 1
ℹ cancelled 0
ℹ skipped 0
ℹ todo 0
ℹ duration_ms 200.994988

✖ failing tests:

test at test/source-policy-corrections.test.mjs:28:1
✖ installed label corrections preserve frozen proposals and bind exact reference-only before/after records (113.579081ms)
  AssertionError [ERR_ASSERTION]: Expected values to be strictly equal:
  + actual - expected
  
  + 'Monaco'
  - undefined
  
      at TestContext.<anonymous> (file:///workspace/worldatlas-hierarchy-install/test/source-policy-corrections.test.mjs:36:10)
      at Test.runInAsyncScope (node:async_hooks:227:14)
      at Test.run (node:internal/test_runner/test:1382:25)
      at Test.processPendingSubtests (node:internal/test_runner/test:960:18)
      at Test.postRun (node:internal/test_runner/test:1522:19)
      at Test.run (node:internal/test_runner/test:1447:12)
      at async Test.processPendingSubtests (node:internal/test_runner/test:960:7) {
    generatedMessage: true,
    code: 'ERR_ASSERTION',
    actual: 'Monaco',
    expected: undefined,
    operator: 'strictEqual',
    diff: 'simple'
  }
