{"profile":"evidence","shard":0,"files":["test/handoff-scope.test.mjs","test/issue-claims.test.mjs","test/worker-result.test.mjs","test/regional-research-gate.test.mjs","test/geography-worker-lane.test.mjs","test/evidence-quality.test.mjs","test/premerge-evidence.test.mjs","test/trusted-workflow-checkouts.test.mjs","test/merge-integration.test.mjs","test/merge-integration-client.test.mjs","test/merge-integration-entrypoint.test.mjs"]}
✔ verifies bytes without claiming factual correctness (3.748982ms)
✔ schema-only validation reports unverified bytes (0.482078ms)
✔ known broken pins, stale baseline, entry hashes and contradictory summaries fail (1.517963ms)
✔ source access/license limits remain explicit; no unsafe retention (0.55601ms)
✔ research cannot grant approval; supported conclusions need known sources (0.284599ms)
✔ containing-file inventory verifies actual subject IDs, not optional properties.part (0.468618ms)
✔ compressed vs uncompressed hashes and decompression budgets are checked (1.292021ms)
✔ paths and symlinks cannot escape candidate reader (1.433916ms)
✔ geography has its own branch and exactly one matching type (2.693728ms)
✔ declared geography ownership is finite, safe and limited to source evidence namespaces (0.378993ms)
✔ geography cannot edit core, history, another packet or an undeclared proposal directory (0.477181ms)
✔ engineering consumes but preserves geography evidence while existing lanes still work (0.208405ms)
✔ geography claims retain exact ownership through renewal and rotation, without content approval (1.461136ms)
✔ claims and PRs refuse issue ownership expansion and incompatible modes (0.656712ms)
✔ actual linked GitHub issue supplies geography ownership, not a PR-controlled declaration (1.718436ms)
✔ real geography Git scope checks renamed source paths, symlinks and issue-backed CLI ownership (132.938778ms)
✔ lane IDs must be explicit and safe (2.43628ms)
✔ research owns only campaign files, excluding shared handovers and other campaigns (0.307204ms)
✔ engineering preserves research and other engineering progress (0.16605ms)
✔ partial and final PRs link one issue without needing a document tracker ID (0.739056ms)
✔ PR policy rejects ambiguous issue links and accidental additional closures (0.336258ms)
✔ GitHub issue type agrees with its lane and references an open issue (0.412693ms)
✔ real git diff checks rename source paths, not only allowed destinations (35.802484ms)
✔ another lane advancing work is not mistaken for this branch changing its files (46.738206ms)
✔ remote issue validation reads only the event repository and requires successful labeled issue metadata (13.324775ms)
✔ serialized contenders on one issue have exactly one holder even under the same GitHub account (2.465313ms)
✔ renewal and release require the actual worker plus ownership nonce (0.474877ms)
✔ an idempotent lost-response retry retains original ownership (0.259753ms)
✔ renewal, rotation and reassignment retain one canonical comment ID (0.37041ms)
✔ umbrella, blocked, oversized and unresolved dependency scopes cannot be claimed (0.434115ms)
✔ expired reservations cannot silently discard branches or active PR/live operations (1.435578ms)
✔ multiple PRs retain ownership and rotate branches only after previous work completes (0.373314ms)
✔ canonical comments cannot be impersonated or ambiguous (0.241024ms)
✔ PR validation uses current exact-branch ownership and rejects expired or blocked claims (0.505123ms)
✔ location-content claims wait for worldwide approval while source-only work can start (49.045946ms)
✔ the PR budget cannot be bypassed by claiming another part indefinitely (0.28457ms)
✔ pagination inspects later pages rather than assuming only the first page exists (0.361105ms)
✔ claim lock keys use canonical issue numbers so aliases cannot acquire independent locks (0.327565ms)
✔ approved research is bound to all three geographic pins and ordinary bot audit text is not authority (0.291991ms)
✔ client discovers later pages and polls latched ID when the run leaves recent results (5282.756008ms)
✔ cancelled pending request is retried without changing authored head (2325.393673ms)
✔ main advance retries unchanged head but failed integration ends without retry (4124.281555ms)
✔ actual trusted entry point preserves the original rejection before a denied comment (69.539358ms)
✔ actual trusted entry point retains its preparation receipt before successful notification (70.001946ms)
✔ trusted preparation has PR comment permission while candidate tests remain read-only (0.383019ms)
✔ only staging-test shards prepare the immutable migration derivative (6.320897ms)
✔ two reviewed PRs sharing a base integrate serially without changing authored head (4.119081ms)
✔ conflicts and non-conflicting changes to reviewed bytes require intervention (1.081494ms)
✔ stale merge object and truncated inventories fail closed (0.951357ms)
✔ stale head or review and expired ownership prohibit integration (0.919579ms)
✔ failed or skipped candidate tests never merge an open PR (0.478653ms)
✔ base advances before or during final validation are retryable without branch updates (0.77499ms)
✔ latest failed or pending check replaces old success (0.182205ms)
✔ workflow separates untrusted candidate tests from write credentials and serializes the lifecycle (0.560186ms)
✔ commit status changing during final review prevents the merge (2.717674ms)
✔ trusted profile uses focused invariants only for isolated evidence and docs (0.548488ms)
✔ parallel full-regression shards cover each unit file once and focused profile retains core gates (3.950717ms)
✔ new requirements preserve old scopes, enforce new declarations and permit explicit legacy adoption (1.766619ms)
✔ positive real-format ledger validates actual files and binds an independent review (1.928753ms)
✔ regressions: stale vintage, entry hash, wrong source/path and conflicting generated result fail (1.413735ms)
✔ full changes include rename/deletion originals; immutable original-source refresh cannot overwrite evidence (0.616661ms)
✔ coordinate/helper policies require positive and negative controls; generators need reproducibility (0.898807ms)
✔ generator controls bind actual positive, negative and equal two-run output bytes (0.699697ms)
✔ Washington-style generated narrative/table mismatch fails against the same numeric ledger (0.701599ms)
✔ reviews reject self approval, stale heads, omitted hashes/files and absent factual/geometry review (1.207274ms)
✔ mock remote queue checks exact blobs/head/independent receipt with read-only requests (3.241356ms)
✔ incomplete remote trees cannot become a passed byte check (0.672456ms)
✔ remote decisions reject stale exact-head reviews and a later change request (1.771816ms)
✔ unchanged authored evidence survives unrelated main advance, while current metrics require refresh (0.289728ms)
✔ current manifest is closed and no region can claim invented approvals (1.782693ms)
✔ v1 worldwide approval remains compatible (0.78152ms)
✔ regional content claims depend on macro and branch approval, not unfinished worldwide descendants (2.156467ms)
✔ macro approval and explicit complete region certificates are required (0.850134ms)
✔ pins and every location target are checked against explicitly selected regions (0.85431ms)
✔ ambiguous territorial membership fails closed (0.180162ms)
✔ all name, relationship and media targets are scoped; ancillary or geographic writes are refused (0.506686ms)
✔ verified raw batches are inspected rather than trusting caller target summaries (2.881853ms)
✔ corrections require a territorial crosswalk and cannot transfer facts to another location (0.881582ms)
✔ issue-claims.yml: actual sparse declarations include trusted module dependencies (62.325943ms)
✔ worker-merge.yml: actual sparse declarations include trusted module dependencies (137.825062ms)
✔ handoff-scope.yml: actual sparse declarations include trusted module dependencies (135.344887ms)
✔ queue-readiness-audit.yml: actual sparse declarations include trusted module dependencies (40.763426ms)
✔ negative control: old scripts-only tree cannot load relocated regional gate (36.390331ms)
✔ sparse candidate still detects changes and rename sources outside the working tree (61.005619ms)
✔ results are bound to the bot, request and issue, including denial (0.997506ms)
✔ latest matching response wins, unrelated or malformed comments cannot confer ownership (0.216757ms)
✔ positive confirmations require current exact canonical ownership, not stale success (0.722061ms)
✔ bootstrap fallback requires exact request and releases require inactive state (0.355928ms)
✔ merge responses retain exact PR binding and embedded HTML cannot break the marker (0.214083ms)
ℹ tests 89
ℹ suites 0
ℹ pass 89
ℹ fail 0
ℹ cancelled 0
ℹ skipped 0
ℹ todo 0
ℹ duration_ms 12009.370982
