✔ verifies bytes without claiming factual correctness (3.136166ms)
✔ schema-only validation reports unverified bytes (0.194064ms)
✔ known broken pins, stale baseline, entry hashes and contradictory summaries fail (2.04827ms)
✔ source access/license limits remain explicit; no unsafe retention (0.467467ms)
✔ research cannot grant approval; supported conclusions need known sources (0.298232ms)
✔ containing-file inventory verifies actual subject IDs, not optional properties.part (0.539045ms)
✔ compressed vs uncompressed hashes and decompression budgets are checked (2.483007ms)
✔ paths and symlinks cannot escape candidate reader (1.413058ms)
✔ geography has its own branch and exactly one matching type (2.223314ms)
✔ declared geography ownership is finite, safe and limited to source evidence namespaces (0.388458ms)
✔ geography cannot edit core, history, another packet or an undeclared proposal directory (0.374046ms)
✔ engineering consumes but preserves geography evidence while existing lanes still work (0.195265ms)
✔ geography claims retain exact ownership through renewal and rotation, without content approval (1.633803ms)
✔ claims and PRs refuse issue ownership expansion and incompatible modes (0.739839ms)
✔ actual linked GitHub issue supplies geography ownership, not a PR-controlled declaration (1.550025ms)
✔ real geography Git scope checks renamed source paths, symlinks and issue-backed CLI ownership (161.181247ms)
✔ lane IDs must be explicit and safe (2.92137ms)
✔ research owns only campaign files, excluding shared handovers and other campaigns (0.538124ms)
✔ engineering preserves research and other engineering progress (0.258451ms)
✔ partial and final PRs link one issue without needing a document tracker ID (0.789234ms)
✔ PR policy rejects ambiguous issue links and accidental additional closures (0.320936ms)
✔ GitHub issue type agrees with its lane and references an open issue (0.355558ms)
✔ real git diff checks rename source paths, not only allowed destinations (44.235133ms)
✔ another lane advancing work is not mistaken for this branch changing its files (54.679206ms)
✔ remote issue validation reads only the event repository and requires successful labeled issue metadata (12.439172ms)
✔ serialized contenders on one issue have exactly one holder even under the same GitHub account (2.972278ms)
✔ renewal and release require the actual worker plus ownership nonce (0.517062ms)
✔ an idempotent lost-response retry retains original ownership (0.335197ms)
✔ renewal, rotation and reassignment retain one canonical comment ID (0.477372ms)
✔ umbrella, blocked, oversized and unresolved dependency scopes cannot be claimed (0.719168ms)
✔ expired reservations cannot silently discard branches or active PR/live operations (1.68542ms)
✔ multiple PRs retain ownership and rotate branches only after previous work completes (0.414387ms)
✔ canonical comments cannot be impersonated or ambiguous (0.345733ms)
✔ PR validation uses current exact-branch ownership and rejects expired or blocked claims (0.7602ms)
✔ location-content claims wait for worldwide approval while source-only work can start (56.84343ms)
✔ the PR budget cannot be bypassed by claiming another part indefinitely (0.282107ms)
✔ pagination inspects later pages rather than assuming only the first page exists (0.242788ms)
✔ claim lock keys use canonical issue numbers so aliases cannot acquire independent locks (0.307956ms)
✔ approved research is bound to all three geographic pins and ordinary bot audit text is not authority (0.27748ms)
✔ new requirements preserve old scopes, enforce new declarations and permit explicit legacy adoption (1.960566ms)
✔ positive real-format ledger validates actual files and binds an independent review (1.987828ms)
✔ regressions: stale vintage, entry hash, wrong source/path and conflicting generated result fail (1.919063ms)
✔ full changes include rename/deletion originals; immutable original-source refresh cannot overwrite evidence (0.794582ms)
✔ coordinate/helper policies require positive and negative controls; generators need reproducibility (0.9119ms)
✔ generator controls bind actual positive, negative and equal two-run output bytes (1.2758ms)
✔ Washington-style generated narrative/table mismatch fails against the same numeric ledger (0.556542ms)
✔ reviews reject self approval, stale heads, omitted hashes/files and absent factual/geometry review (0.775944ms)
✔ mock remote queue checks exact blobs/head/independent receipt with read-only requests (3.883166ms)
✔ incomplete remote trees cannot become a passed byte check (1.817611ms)
✔ remote decisions reject stale exact-head reviews and a later change request (2.086047ms)
✔ unchanged authored evidence survives unrelated main advance, while current metrics require refresh (0.458724ms)
✔ current manifest is closed and no region can claim invented approvals (1.781215ms)
✔ v1 worldwide approval remains compatible (0.826841ms)
✔ regional content claims depend on macro and branch approval, not unfinished worldwide descendants (2.443798ms)
✔ macro approval and explicit complete region certificates are required (0.659918ms)
✔ pins and every location target are checked against explicitly selected regions (1.203992ms)
✔ ambiguous territorial membership fails closed (0.208715ms)
✔ all name, relationship and media targets are scoped; ancillary or geographic writes are refused (0.668211ms)
✔ verified raw batches are inspected rather than trusting caller target summaries (1.563035ms)
✔ corrections require a territorial crosswalk and cannot transfer facts to another location (0.973613ms)
✔ issue-claims.yml: actual sparse declarations include trusted module dependencies (55.172061ms)
✔ worker-merge.yml: actual sparse declarations include trusted module dependencies (142.305575ms)
✔ handoff-scope.yml: actual sparse declarations include trusted module dependencies (144.72151ms)
✔ queue-readiness-audit.yml: actual sparse declarations include trusted module dependencies (45.691647ms)
✔ negative control: old scripts-only tree cannot load relocated regional gate (38.893992ms)
✔ sparse candidate still detects changes and rename sources outside the working tree (83.998175ms)
✔ results are bound to the bot, request and issue, including denial (1.012442ms)
✔ latest matching response wins, unrelated or malformed comments cannot confer ownership (0.174594ms)
✔ positive confirmations require current exact canonical ownership, not stale success (0.796135ms)
✔ bootstrap fallback requires exact request and releases require inactive state (0.371042ms)
✔ merge responses retain exact PR binding and embedded HTML cannot break the marker (0.222837ms)
ℹ tests 71
ℹ suites 0
ℹ pass 71
ℹ fail 0
ℹ cancelled 0
ℹ skipped 0
ℹ todo 0
ℹ duration_ms 847.740313
