file:///Users/chengshuli/world-atlas-workspace/.worldatlas-workspaces/8c86b01772c1c827/8f37144f48568734be4c4d84e67e369ea25708759c9cd4f3ba8016200850ca79/work/scripts/check-effective-geographic-regression.mjs:13
const demand=(v,m)=>{if(!v)throw Error(m);};
                                 ^

Error: Complete phase exceeds prospective cap
    at demand (file:///Users/chengshuli/world-atlas-workspace/.worldatlas-workspaces/8c86b01772c1c827/8f37144f48568734be4c4d84e67e369ea25708759c9cd4f3ba8016200850ca79/work/scripts/check-effective-geographic-regression.mjs:13:34)
    at ImmutableReader.admit (file:///Users/chengshuli/world-atlas-workspace/.worldatlas-workspaces/8c86b01772c1c827/8f37144f48568734be4c4d84e67e369ea25708759c9cd4f3ba8016200850ca79/work/scripts/check-effective-geographic-regression.mjs:57:16)
    at ImmutableReader.read (file:///Users/chengshuli/world-atlas-workspace/.worldatlas-workspaces/8c86b01772c1c827/8f37144f48568734be4c4d84e67e369ea25708759c9cd4f3ba8016200850ca79/work/scripts/check-effective-geographic-regression.mjs:60:50)
    at new SelectedGeometrySources (file:///Users/chengshuli/world-atlas-workspace/.worldatlas-workspaces/8c86b01772c1c827/8f37144f48568734be4c4d84e67e369ea25708759c9cd4f3ba8016200850ca79/work/scripts/check-effective-geographic-regression.mjs:174:31)
    at coordinateStage (file:///Users/chengshuli/world-atlas-workspace/.worldatlas-workspaces/8c86b01772c1c827/8f37144f48568734be4c4d84e67e369ea25708759c9cd4f3ba8016200850ca79/work/coordination/engineering/selected-geography-effective-prevention-20261009/selected-continuous-entry.mjs:37:43)
    at async file:///Users/chengshuli/world-atlas-workspace/.worldatlas-workspaces/8c86b01772c1c827/8f37144f48568734be4c4d84e67e369ea25708759c9cd4f3ba8016200850ca79/work/coordination/engineering/selected-geography-effective-prevention-20261009/selected-continuous-entry.mjs:116:48

Node.js v24.19.0
       22.49 real        18.49 user         3.35 sys
           289046528  maximum resident set size
                   0  average shared memory size
                   0  average unshared data size
                   0  average unshared stack size
              895114  page reclaims
                1802  page faults
                   0  swaps
                   0  block input operations
                   0  block output operations
                1947  messages sent
                1751  messages received
                   0  signals received
                 207  voluntary context switches
               21236  involuntary context switches
          8583048521  instructions retired
          3319607181  cycles elapsed
           267320768  peak memory footprint
