✔ actual trusted entry point preserves the original rejection before a denied comment (432.400875ms)
✔ actual trusted entry point retains its preparation receipt before successful notification (155.41275ms)
✔ trusted preparation has PR comment permission while candidate tests remain read-only (0.939417ms)
✔ actual entry point saves stale/head/conflict/base diagnostics even when notification fails (619.798333ms)
✔ actual final entry point cleans only its owned ref and retains successful merge on cleanup failure (338.202792ms)
✔ actual fallback prepare cleans its confirmed ref when receipt notification is denied (147.651042ms)
✔ only staging-test shards prepare the immutable migration derivative (253.773292ms)
✔ two reviewed PRs sharing a base integrate serially without changing authored head (62.571667ms)
✔ conflicts and non-conflicting changes to reviewed bytes require intervention (1.692542ms)
✔ stale merge object and truncated inventories fail closed (2.035125ms)
✔ stale head or review and expired ownership prohibit integration (0.604625ms)
✔ failed or skipped candidate tests never merge an open PR (0.37775ms)
✔ base advances before or during final validation are retryable without branch updates (0.571625ms)
✔ latest failed or pending check replaces old success (0.400417ms)
✔ workflow separates untrusted candidate tests from write credentials and serializes the lifecycle (0.599625ms)
✔ commit status changing during final review prevents the merge (0.49525ms)
✔ trusted profile uses focused invariants only for isolated evidence and docs (0.414333ms)
✔ parallel full-regression shards cover each unit file once and focused profile retains core gates (35.871958ms)
✔ prepare pins successful exact-tree run; skipped candidate job merges only after final proof reread (6.852375ms)
✔ failed proof reread and stale main prevent merge despite prior accepted proof (2.9095ms)
✔ successful rerun after preparation invalidates the pinned attempt and refuses merge (1.08275ms)
✔ late candidate fetch replaces initial stale metadata without branch writes (0.34175ms)
✔ stale parents and unavailable candidates converge with revalidated authority (0.615625ms)
✔ permanently stale candidates are bounded and retain exact IDs before tree work (0.345042ms)
✔ candidate polling stops at its deadline even before exhausting attempts (0.201375ms)
✔ head/body changes and conflicts during refresh fail without integration or writes (2.759042ms)
✔ main and evidence vintage advances are not silently adopted while refreshing (0.434625ms)
✔ claim/check/review and issue authority is rechecked after waiting (2.043083ms)
✔ only candidate-object 404 is refreshable; access failures stop immediately (1.475125ms)
✔ post-wait main advance retains old expected and new observed base diagnostics (0.72175ms)
✔ post-convergence head change retains the new head in rejection diagnostics (0.467ms)
✔ persistent automatic lag falls back to exact owned candidate without editing authored branches (1.299042ms)
✔ isolated conflict or wrong parents is rejected and only the owned ref is deleted (0.35925ms)
✔ fallback retains reviewed-byte and post-wait authority guards and cleans rejected candidates (2.118792ms)
✔ cleanup refuses another request, main/worker refs and changed owned refs (0.358208ms)
✔ failed cleanup retains its exact resource for inspection without hiding rejection (1.600625ms)
✔ isolated candidate follows the existing final tests/main/head merge guards (3.399333ms)
✔ unconfirmed ref creation identifies the resource without deleting a possible collision (0.575583ms)
✔ merged head cleanup deletes only confirmed unchanged same-repository unused worker heads (1.199042ms)
✔ unmerged, wrong head, fork, default, protected, advanced and shared heads are retained (2.163792ms)
✔ head cleanup checks paginated open PRs and fails conservatively on unknown identities or API failures (1.9725ms)
✔ successful integration records cleanup separately, including deletion failure and replay (3.996083ms)
✔ cleanup stops on time or inventory call budget without starting deletion after pending (1.724625ms)
✔ fresh geography success is required even when application proof is reusable (6.089667ms)
✔ fresh geography success is recorded against exact combined commits (1.001083ms)
✔ green geography job cannot merge without its authenticated exact-combined report (3.300833ms)
✔ raw unresolved findings cannot be relabeled as a successful geography check (0.338959ms)
✔ trusted geography outputs bind attempted artifact digest through the privileged merge job (0.44ms)
✔ known stale tested base or head rejects before expensive evidence/tree inspection (0.640958ms)
✔ candidate waiting rechecks changed claim/check/review/head after caching immutable evidence (2.371541ms)
✔ trusted geography controls reject candidate scripts, import shadows and conflicting integrations (48573.59375ms)
ℹ tests 51
ℹ suites 0
ℹ pass 51
ℹ fail 0
ℹ cancelled 0
ℹ skipped 0
ℹ todo 0
ℹ duration_ms 48650.023792
