file:///Users/chengshuli/world-atlas-workspace/.worldatlas-workspaces/8c86b01772c1c827/8f37144f48568734be4c4d84e67e369ea25708759c9cd4f3ba8016200850ca79/work/scripts/check-effective-geographic-regression.mjs:63
    pin.sha256=sha(body);pin.whole_body_consumed=true;
              ^

TypeError: Cannot assign to read only property 'sha256' of object '#<Object>'
    at ImmutableReader.read (file:///Users/chengshuli/world-atlas-workspace/.worldatlas-workspaces/8c86b01772c1c827/8f37144f48568734be4c4d84e67e369ea25708759c9cd4f3ba8016200850ca79/work/scripts/check-effective-geographic-regression.mjs:63:15)
    at ImmutableReader.json (file:///Users/chengshuli/world-atlas-workspace/.worldatlas-workspaces/8c86b01772c1c827/8f37144f48568734be4c4d84e67e369ea25708759c9cd4f3ba8016200850ca79/work/scripts/check-effective-geographic-regression.mjs:66:45)
    at new SelectedGeometrySources (file:///Users/chengshuli/world-atlas-workspace/.worldatlas-workspaces/8c86b01772c1c827/8f37144f48568734be4c4d84e67e369ea25708759c9cd4f3ba8016200850ca79/work/scripts/check-effective-geographic-regression.mjs:168:31)
    at coordinateStage (file:///Users/chengshuli/world-atlas-workspace/.worldatlas-workspaces/8c86b01772c1c827/8f37144f48568734be4c4d84e67e369ea25708759c9cd4f3ba8016200850ca79/work/coordination/engineering/selected-geography-effective-prevention-20261009/selected-continuous-entry.mjs:37:43)
    at async file:///Users/chengshuli/world-atlas-workspace/.worldatlas-workspaces/8c86b01772c1c827/8f37144f48568734be4c4d84e67e369ea25708759c9cd4f3ba8016200850ca79/work/coordination/engineering/selected-geography-effective-prevention-20261009/selected-continuous-entry.mjs:116:48

Node.js v24.19.0
       23.10 real        18.79 user         3.42 sys
           289964032  maximum resident set size
                   0  average shared memory size
                   0  average unshared data size
                   0  average unshared stack size
              883788  page reclaims
                1501  page faults
                   0  swaps
                   0  block input operations
                   0  block output operations
                1945  messages sent
                1674  messages received
                   0  signals received
                 152  voluntary context switches
               22570  involuntary context switches
          8508307447  instructions retired
          3242454396  cycles elapsed
           270614848  peak memory footprint
