✔ all provisional candidates preserved exactly once; land is not repair permission, water rejected (5.238625ms)
✔ whole original roster/alias and parent joins reject omission, duplicate, order and coherent field drift (3.668625ms)
✔ output collision, dangling link and foreign parent rejected before acquisition; sentinels preserved (2.872875ms)
✔ selected baseline accepted repairs remain resolved/idempotent; stale target and unverified resolution maps reject (0.568833ms)
✔ bounded groups join every original identity and preserve two-level complete inverse (1.367291ms)
✔ actual whole source-supported shared-edge pilot derives source premises without producer approval flags (162.105042ms)
✔ all primitives aggregate one stable reference owner and continuous membership preserves base and adds exact area (4.241625ms)
✔ legacy digests remain literal; ledger-only change invalidates effective source digest without changing the historical OGC digest (1.69075ms)
✔ complete approved original pointsets produce identical native intervals under the explicit primitive adapter (84.420084ms)
✔ actual renderer and picker consume identical sparse overlay; all old cells and full source primitives preserved (180.56175ms)
✔ assigned cells, conflicts, foreign owner, stale baseline and rule rebind reject without changing base (347.418334ms)
✔ real bounded asset load authenticates whole patch and complete effective digest; no silent legacy fallback (749.890209ms)
✔ actual frozen add031 full-owner window draws and picks exactly seven gained cells; no other cell changes (332.911709ms)
✔ legacy geometry/digest input is literal and additive primitives keep complete base (3.081416ms)
✔ actual whole representation rejects drift, missing/duplicate/foreign/unsupported fields and complete pointsets (4.194125ms)
✔ dated removal, replacement, holes and additions equal complete native compilation over every canonical row/run (1351.966792ms)
✔ dated metadata changes reuse all native reference rows with explicit dense identity mapping (287.602084ms)
✔ changed source, original owner mapping, duplicate IDs, malformed geometry and cancellation reject without partial output (35.889875ms)
✔ streamed reuse coalesces adjacent fragments without changing dense owners or untouched gaps (337.787833ms)
✔ same retained geometry object with a new additive ledger recomputes native rows and equals a full compile (361.243334ms)
ℹ tests 20
ℹ suites 0
ℹ pass 20
ℹ fail 0
ℹ cancelled 0
ℹ skipped 0
ℹ todo 0
ℹ duration_ms 2787.353584
