✔ all provisional candidates preserved exactly once; land is not repair permission, water rejected (9.509708ms)
✔ whole original roster/alias and parent joins reject omission, duplicate, order and coherent field drift (5.490375ms)
✔ output collision, dangling link and foreign parent rejected before acquisition; sentinels preserved (7.512292ms)
✔ selected baseline accepted repairs remain resolved/idempotent; stale target and unverified resolution maps reject (1.436042ms)
✔ bounded groups join every original identity and preserve two-level complete inverse (3.795375ms)
✔ actual whole source-supported shared-edge pilot derives source premises without producer approval flags (129.180333ms)
✔ all primitives aggregate one stable reference owner and continuous membership preserves base and adds exact area (6.884542ms)
✔ legacy digests remain literal; ledger-only change invalidates effective source digest without changing the historical OGC digest (10.034542ms)
✔ complete approved original pointsets produce identical native intervals under the explicit primitive adapter (109.599458ms)
✔ legacy byte hashing does not bypass strict validation for actual additive records (3.118666ms)
✔ actual renderer and picker consume identical sparse overlay; all old cells and full source primitives preserved (179.205791ms)
✔ assigned cells, conflicts, foreign owner, stale baseline and rule rebind reject without changing base (440.178167ms)
✔ real bounded asset load authenticates whole patch and complete effective digest; no silent legacy fallback (919.392ms)
✔ actual frozen add031 full-owner window draws and picks exactly seven gained cells; no other cell changes (440.222792ms)
✔ legacy geometry/digest input is literal and additive primitives keep complete base (6.669959ms)
✔ actual whole representation rejects drift, missing/duplicate/foreign/unsupported fields and complete pointsets (11.120792ms)
✔ dated removal, replacement, holes and additions equal complete native compilation over every canonical row/run (1682.147458ms)
✔ dated metadata changes reuse all native reference rows with explicit dense identity mapping (389.683959ms)
✔ changed source, original owner mapping, duplicate IDs, malformed geometry and cancellation reject without partial output (48.922875ms)
✔ streamed reuse coalesces adjacent fragments without changing dense owners or untouched gaps (301.644625ms)
✔ same retained geometry object with a new additive ledger recomputes native rows and equals a full compile (449.001291ms)
✔ streamed source digest equals original whole JSON bytes including Unicode, ordering and numeric edge cases (80.693542ms)
✔ source changes alter digest and cancellation/callback errors never return a partial digest (16.284666ms)
ℹ tests 23
ℹ suites 0
ℹ pass 23
ℹ fail 0
ℹ cancelled 0
ℹ skipped 0
ℹ todo 0
ℹ duration_ms 3317.060083
