✔ GNU time uses actual KiB, wall and terminal status; malformed/duplicate rows refuse (1.96769ms)
✔ reported RAM subtracts other peaks and headroom, tightens known caps, retains uncertainty (1.131389ms)
✔ complete external closure and parent monitoring reserve also reduce the child phase (0.362538ms)
✔ real GNU time successful plain Node child and no owned survivors (228.113683ms)
✔ real child nonzero exit remains refused (223.114058ms)
✔ shorter test wall terminates the actual owned child and settles time (246.322934ms)
✔ lower fixture cap refuses actual RSS without allocating a stress payload (28.538924ms)
✔ failed launcher records refusal and cannot invent a successful terminal (1.820871ms)
✔ foreign PATH Git resolution refuses before any command launch (0.59342ms)
✔ changed original root birth or group never authorizes a foreign group signal (0.355678ms)
✔ terminal stdout burst beyond raw reserve cannot qualify between polls (218.238808ms)
# actual owned output: /workspace/shared/.worldatlas-workspaces/6c7ad910030d4818/c540a1760c6f0ab5be912b38244d13fcb47b352971ade2b20bfeb54b88a1131c/work/.cache/source-native-controls-TenNLf
ℹ tests 11
ℹ suites 0
ℹ pass 11
ℹ fail 0
ℹ cancelled 0
ℹ skipped 0
ℹ todo 0
ℹ duration_ms 1051.752646
