node:fs:622
  return binding.open(
                 ^

Error: ENOENT: no such file or directory, open 'research/paper.json'
    at Object.openSync (node:fs:622:18)
    at Object.readFileSync (node:fs:488:35)
    at file:///private/var/folders/rc/z6fcf4cd63qg214jx8vdg9pw0000gn/T/atlas-package-boundary-ECkVcz/.cache/package-input-image-ttQpSd/scripts/build-static-inner.mjs:1:30
    at ModuleJob.run (node:internal/modules/esm/module_job:439:25)
    at async node:internal/modules/esm/loader:643:26
    at async asyncRunEntryPointWithESMLoader (node:internal/modules/run_main:101:5) {
  errno: -2,
  code: 'ENOENT',
  syscall: 'open',
  path: 'research/paper.json'
}

Node.js v24.19.0
node:internal/modules/esm/resolve:271
    throw new ERR_MODULE_NOT_FOUND(
          ^

Error [ERR_MODULE_NOT_FOUND]: Cannot find module '/private/var/folders/rc/z6fcf4cd63qg214jx8vdg9pw0000gn/T/atlas-package-boundary-BCQPmn/.cache/package-input-image-ycC1A9/research/secret.mjs' imported from /private/var/folders/rc/z6fcf4cd63qg214jx8vdg9pw0000gn/T/atlas-package-boundary-BCQPmn/.cache/package-input-image-ycC1A9/scripts/build-static-inner.mjs
    at finalizeResolution (node:internal/modules/esm/resolve:271:11)
    at moduleResolve (node:internal/modules/esm/resolve:865:10)
    at defaultResolve (node:internal/modules/esm/resolve:992:11)
    at #cachedDefaultResolve (node:internal/modules/esm/loader:701:20)
    at #resolveAndMaybeBlockOnLoaderThread (node:internal/modules/esm/loader:721:38)
    at ModuleLoader.resolveSync (node:internal/modules/esm/loader:759:56)
    at #resolve (node:internal/modules/esm/loader:683:17)
    at ModuleLoader.getOrCreateModuleJob (node:internal/modules/esm/loader:603:35)
    at node:internal/modules/esm/loader:632:32
    at TracingChannel.tracePromise (node:diagnostics_channel:362:14) {
  code: 'ERR_MODULE_NOT_FOUND',
  url: 'file:///private/var/folders/rc/z6fcf4cd63qg214jx8vdg9pw0000gn/T/atlas-package-boundary-BCQPmn/.cache/package-input-image-ycC1A9/research/secret.mjs'
}

Node.js v24.19.0
✔ undeclared reads and imports fail before replacing caller outputs and clean the image (107.175583ms)
✔ input symlinks, including ancestor aliases, cannot expose undeclared files (6.865208ms)
✔ dependency links must stay within the installed dependency tree (4.284833ms)
✔ output and cache ancestor links are rejected (2.85825ms)
ℹ tests 4
ℹ suites 0
ℹ pass 4
ℹ fail 0
ℹ cancelled 0
ℹ skipped 0
ℹ todo 0
ℹ duration_ms 171.028667
