
> world-atlas@0.1.0 test
> node --test --test-concurrency=2 test/*.test.mjs

✔ attributes resolve independently with direct evidence ahead of spatial derivations and examples (2.993162ms)
✔ field evidence does not erase an independently supported attribute and examples do not mask modern reference (0.305891ms)
✔ typed imports reject overlapping field records and preserve stable category IDs (21.805105ms)
✔ no-year-zero resolution, exclusive interval ends and opt-in examples remain deterministic (0.725584ms)
✔ compact references preserve supported dates and field provenance (1.383796ms)
✔ reference territories resolve to their political owner without changing geographic identity (0.264759ms)
✔ dated non-example footprint fingerprints change with geometry/date and ignore examples (1082.095247ms)
✔ boundary fingerprints verify the archived executed canonical algorithm (338.029903ms)
✔ changed footprints invalidate cached values while direct evidence can still resolve the location (209.973818ms)
✔ fixed graph assignment is independent of input ordering and meets a dense categorical control (58.08885ms)
✔ concurrent names sharing the upstream ID get distinct presentation colors without new source IDs (4.665102ms)
✔ unconstrained names of the same identity retain the same preferred color (2.417524ms)
✔ invalid or incomplete category graphs are rejected (0.538762ms)
✔ the shipped palette passes all pinned historical constraints and matches the audited modern candidate (27.480348ms)
✔ map and legend presentation keys preserve source identities and distinguish concurrent names (0.745834ms)
✔ shared named modes distinguish display groups; fixed classifications and hierarchy use stable IDs (0.618101ms)
✔ published OKLab reference controls include white, black and red (1.017754ms)
✔ full-severity models preserve achromatic controls and reduce red/green separation (0.862611ms)
✔ generated HSL colors decode consistently and malformed colors are rejected (1.434382ms)
✔ source-name display distinction preserves entity identity without ambiguous concatenation (0.242666ms)
✔ older Workers negotiate the sparse limit without masking unrelated bad requests (38.922353ms)
✔ complete inline temporal streams use the existing pin and revision validator without extra HTTP reads (20.723595ms)
✔ inline temporal revision or release drift restarts the scalar snapshot rather than repinning it (5.881705ms)
✔ absent inline temporal pages retain bounded ordinary geography paging (4.341834ms)
✔ partial inline temporal pages cannot become authoritative or trigger unbounded reads (4.176285ms)
✔ compact client hydrates two atomic entity pages and retains shared source provenance (3.830052ms)
✔ oversized second page reduces its limit and retries its cursor without duplicating completed pages (6.159473ms)
✔ a first-page size retry reaches the reduced request and preserves retirement authority (3.185992ms)
✔ retryable conflicts and cross-page revision changes restart the complete compact snapshot (3.488328ms)
✔ three persistently inconsistent attempts produce unavailable evidence without cold-cache authority (4.64427ms)
✔ warm failures retain claims and withdrawals atomically only for the same year and example setting (3.452253ms)
✔ malformed compact pages, incorrect years and cursor cycles fail atomically (14.06581ms)
✔ compact client propagates aborts and passes the signal to its network request (2.167066ms)
✔ clients without a compact capability keep the original three-stream protocol (2.396962ms)
✔ the geography capability enables compact reads through the actual manifest loader (2.679669ms)
{"baselineRuns":28809329,"boundaryAndGapCells":115237316,"legacyBytes":463046592,"compactBytes":232571960}
✔ every published canonical run survives compact packing, including its boundary cells and gaps (23412.311492ms)
✔ compact full coordinate range, split high owner bits, seam cells and owner capacity are exact (107.901859ms)
✔ v1 and v2 asset loaders preserve gzip/raw words, split row chunks and reject ambiguous manifests (29.445333ms)
✔ shuffled and row-local varint transports reconstruct every packed bit across chunk and empty-row boundaries (160.524726ms)
{"results":[{"version":1,"mismatches":0,"error":0},{"version":2,"mismatches":0,"error":0}],"high":{"pixel":[193,71,29,255],"error":0,"size":262144,"maxTextureSize":8192,"navigationOwnershipUploads":0}}
✔ real WebGL framebuffer agrees for legacy/compact holes, odd runs, maximum coordinates and high IDs (1092.016079ms)
✔ backend cutover is explicit and cannot expose credentials or silently return D1 (1.036192ms)
✔ transfer maintenance blocks every API mutation before touching a database or object bucket (25.241835ms)
✔ PostgreSQL diagnostics and raw export routes use the selected backend and retain honest quota status (1766.368446ms)
✔ continent filters follow location membership for overseas and transcontinental reference owners (1.77825ms)
✔ all six continent scopes partition every prepared location and reconcile reference profiles (1098.629837ms)
✔ bounded source-policy projection is exact, reproducible, and small enough to deploy (58.033818ms)
✔ coverage corrections count selected location identities on every applicable continent (165.620482ms)
✔ coverage presents corrected roles with collapsed evidence and explicitly retained earlier descriptions (11.787627ms)
✔ duplicate role IDs and stale policy assumptions cannot silently update coverage (1.297095ms)
✔ standard envelope roundtrip uses fresh randomness, authenticated context and no plaintext fields (10.072843ms)
✔ tampered ciphertext, authentication tag, IV, wrapped key and recipient are rejected (8.303626ms)
✔ malformed or oversized envelopes, unapproved algorithms and invalid intervals fail closed (5.228291ms)
✔ owner credentials, other endpoints, missing TLS and non-RSA keys cannot be transported (1.145066ms)
✔ private delivery writes owner-only outside-Git file and refuses wrong digest, unsafe permissions, symlinks and overwrite (7.526254ms)
✔ CLI encryption/decryption returns metadata only and failures never print plaintext or key material (122.851048ms)
✔ exact upload archive accounting includes transport/config and preserves excluded sources (47.039674ms)
✔ reserve breaches fail before hard limits and diagnostics name large files/categories (0.599514ms)
✔ staged Site inventory agrees with actual archive and rejects redundant transport/linked inputs (16.523887ms)
✔ fixed environmental database guards reproduce exactly from the shared registry (1.951752ms)
✔ all fixed IDs, display labels, explicit legacy aliases and null pass raw local and hosted SQL (219.668213ms)
✔ unlisted environmental values reject every local import and raw snapshot/history/typed insertion (22.35747ms)
✔ adding local guards preserves existing unrecognized evidence byte for byte and blocks changed values (5.595925ms)
✔ hosted migration retains old claim bytes, permits exact retries and still rejects stable-ID collisions (15.845825ms)
✔ fixed environmental classifications have unique stable identities and cover every existing reference value (1.602035ms)
✔ classification API exposes the exact fixed vocabulary independently of database content (17.876136ms)
✔ aliases and stable IDs produce identical whole-location values, colors and category identities (1.339619ms)
✔ preview, both importers and raw SQL reject environmental typos while retaining explicit unknowns (36.970747ms)
✔ grandfathered free-form evidence is retained and exact hosted replays stay idempotent without admitting new text (20.109271ms)
✔ accepted aliases and canonical identities remain source evidence instead of rewriting imported records (24.667332ms)
✔ verifies bytes without claiming factual correctness (2.350403ms)
✔ schema-only validation reports unverified bytes (0.210778ms)
✔ known broken pins, stale baseline, entry hashes and contradictory summaries fail (1.355434ms)
✔ source access/license limits remain explicit; no unsafe retention (0.439132ms)
✔ research cannot grant approval; supported conclusions need known sources (0.29224ms)
✔ containing-file inventory verifies actual subject IDs, not optional properties.part (0.428586ms)
✔ compressed vs uncompressed hashes and decompression budgets are checked (1.198026ms)
✔ paths and symlinks cannot escape candidate reader (1.171626ms)
✔ unverified withdrawals suppress every attribute source and modern owner fallback without modifying content (1.693843ms)
✔ maintainer gate publishes complete signed, byte-verified products on both databases (1921.861506ms)
✔ forged signatures, altered R2 bytes and incomplete inventories cannot publish (1551.751311ms)
✔ selection corrections are source bounded, sealed, retirement-aware and preserve original bytes (1509.642946ms)
✔ manifest and streamed object limits reject arbitrary classifications, duplicate IDs and registry byte tampering (1456.633027ms)
✔ obsolete known evidence is removed before precedence while explicit unknown and sourced continuity remain eligible (0.878034ms)
✔ even a trusted signed receipt cannot publish overlapping grid runs or wrong decoded bytes (1545.929953ms)
✔ a reference correction retains exact claim bytes, original coordinates and the complete original chain (7.706907ms)
✔ all receipted predecessor identities restore without overwriting active geography or transferring evidence (414.397541ms)
✔ bounded import concurrency defaults to six and accepts only one through eight (1.000458ms)
✔ stage then finalize publishes atomically without replaying ownership batches (57.50647ms)
✔ append-only source batches import before newly registered geography and retain the original source bytes (32.354368ms)
✔ interrupted real-D1 staging resumes explicit or hidden staged releases without rewriting history (75.802297ms)
✔ a mismatched existing staged or published manifest blocks all geographic staging before writes (54.074847ms)
✔ identical archive bytes upload once with a stable first-sorted name and preserve every receipt alias across retries (1.93055ms)
✔ four retained metadata predecessors replay before a late creation and a future second addition (5.299668ms)
✔ mixed creation and metadata chronology must be explicit (1.288753ms)
✔ a creation snapshot cannot advance a previous metadata identity or alter its full source record (6.157021ms)
✔ skipped, duplicate, reordered and mutated sequence pins fail (3.219002ms)
✔ metadata archive tampering still fails at its chronological predecessor (0.811883ms)
✔ legacy noncreation order remains stable and an unused new group is rejected (1.490327ms)
✔ derived child counts must equal actual before and after immediate memberships (2.475201ms)
✔ legacy index remains unchanged; verified extension resolves new release (3.170779ms)
✔ pointer rejects traversal, wrong digest and changed predecessor bytes (1.413811ms)
✔ extension rejects altered predecessor release or batch metadata (1.069392ms)
✔ extension rejects duplicate identities, decreasing versions and repeated batch paths (1.32042ms)
✔ manifest pointers cannot load symbolic links (0.511902ms)
✔ compressed transport retains exact JSON bytes and rejects transport or payload tampering (0.342937ms)
✔ staging is invisible; publication requires complete pinned membership and preserves original registry (37.251989ms)
✔ rename/reparent releases and same-tier merge crosswalk preserve historical evidence and archived releases (35.305607ms)
✔ manifest counts, complete same-release chains, no-year-zero calendar labels and hashes are real gates (36.780641ms)
✔ bounded atomic staging rejects unknown/nongeographic/example identities and wrong-tier parents (22.959017ms)
✔ immutable staged contents and ingestion collisions reject atomically; raw SQL blocks cycles and publication bypass (22.116707ms)
✔ crosswalk evidence, tier identity and retired membership must match the published release (36.403151ms)
✔ published pages use indexed keyset queries and older releases remain inspectable (24.797368ms)
✔ streamed publication hashing matches exported UTF-8 canonical hashes across page boundaries (143.263885ms)
✔ source-backed new territory publishes with a null predecessor and no invented historical attributes (34.935218ms)
✔ live geography concurrency verifier refuses production, shared sessions and missing interactive drivers before writes (1.402233ms)
✔ geography has its own branch and exactly one matching type (1.681985ms)
✔ declared geography ownership is finite, safe and limited to source evidence namespaces (0.336397ms)
✔ geography cannot edit core, history, another packet or an undeclared proposal directory (0.382807ms)
✔ engineering consumes but preserves geography evidence while existing lanes still work (0.220372ms)
✔ geography claims retain exact ownership through renewal and rotation, without content approval (1.427933ms)
✔ claims and PRs refuse issue ownership expansion and incompatible modes (0.658853ms)
✔ actual linked GitHub issue supplies geography ownership, not a PR-controlled declaration (1.434583ms)
✔ real geography Git scope checks renamed source paths, symlinks and issue-backed CLI ownership (121.286579ms)
✔ lane IDs must be explicit and safe (2.333287ms)
✔ research owns only campaign files, excluding shared handovers and other campaigns (0.299222ms)
✔ engineering preserves research and other engineering progress (0.193191ms)
✔ partial and final PRs link one issue without needing a document tracker ID (0.503178ms)
✔ PR policy rejects ambiguous issue links and accidental additional closures (0.24531ms)
✔ GitHub issue type agrees with its lane and references an open issue (0.249786ms)
✔ real git diff checks rename source paths, not only allowed destinations (32.05988ms)
✔ another lane advancing work is not mistaken for this branch changing its files (43.532813ms)
✔ remote issue validation reads only the event repository and requires successful labeled issue metadata (8.647275ms)
✔ hosted catalog keeps active ancestor closure and categories as undated identities without ancient source coverage (40.497593ms)
{"catalog_batches_imported":438,"entities":85315,"categories":1446,"sources":374,"active_units":5810,"archived_units":10259}
✔ every generated hosted catalog batch imports through the actual service and generated D1 constraints (11905.415796ms)
✔ a failed evidence stream cannot mix live claims with an absent retirement snapshot (35.233237ms)
✔ dated geography shares scalar revision and complete same-year cache authority (9.594672ms)
✔ transport compiler changes exactly the pinned 21 guards and preserves all other raw SQL and metadata (9.077592ms)
✔ raw and derivative guards have identical original schemas and preserve all 21 conditions and error messages (11.553846ms)
✔ native workerd D1 reproduces CASE-block truncation and applies the derivative over populated retained claims (4327.287177ms)
✔ geographic pin guards the write transaction and retains exact original replay context (52.917212ms)
✔ publication between preflight and batch rejects stale pins atomically, staged/malformed pins never authorize writes (33.27125ms)
✔ unknown pinned commit outcome stays retryable and never claims a rollback (27.027919ms)
✔ profile titles prefer direct dated evidence over English reference attestations and opt-in examples (19.02053ms)
✔ hosted imports preserve whole-location raw values, precedence evidence and exact intervals (20.08239ms)
✔ stable ID collisions roll back the entire batch and identical evidence stays idempotent (18.656771ms)
✔ all tiers and nongeographic graph entities obey parent contracts (19.310025ms)
✔ source intervals, category identity, typed scalars and habitation contradictions reject imports (23.880595ms)
✔ raw SQL protects typed records, Unicode blank evidence, no-year-zero and retained identity (19.129384ms)
✔ dated names and graph claims are sourced, pageable and never silently become ancient names (21.538595ms)
✔ examples remain opt-in and bounded attribute pages preserve every location record (25.952127ms)
✔ media metadata is immutable and content-addressed with retained sourced links (18.040682ms)
✔ raw SQL rejects half-dated graph and media links (16.862016ms)
✔ dated graph assertions cannot exceed known endpoint lifetimes (21.766259ms)
✔ category IDs are shared graph identities and fictional entities remain opt-in (20.843367ms)
✔ example media on real locations stays opt-in regardless of link source (18.265651ms)
✔ reference and estimate source classes cannot masquerade as direct evidence (23.311317ms)
✔ sourced corrections supersede attributes atomically while preserving old evidence (19.343636ms)
✔ dated name corrections and habitation withdrawal update every reader and conflict check (21.391162ms)
✔ withdrawn relationships and media links disappear from profiles but remain inspectable (21.84769ms)
✔ failed replacements roll back retirements and the ingestion ledger together (19.082042ms)
✔ raw SQL keeps retirement provenance sourced, immutable, unique and atomically finalized (18.724123ms)
✔ supersession chains remain traceable and cannot form cycles (28.745232ms)
✔ evidence history keeps fictional claims opt-in after retirement (17.665226ms)
✔ map name paging excludes future graph names while default queries retain them (17.797416ms)
✔ both sparse streams complete under fixed pins/revision before legacy history becomes authoritative (4.826886ms)
✔ a source-free year makes exactly two bounded requests and retains caller-owned unrelated history (0.61649ms)
✔ identical affected rows and sources across pages deduplicate without granting conflicting claims authority (3.107243ms)
✔ permanent withdrawals apply independently and cross-stream active/withdrawn contradictions reject completion (0.990884ms)
✔ expected scalar revision never silently repins or locally retries a partial snapshot (0.987739ms)
✔ unanchored standalone reads retry both streams within the bounded attempt budget (0.961349ms)
✔ abort/cancellation preserves its reason and no completed or partial result escapes (0.441956ms)
✔ retryable oversized pages reduce only that stream limit and keep the same cursor/revision (0.681056ms)
✔ rows, cursors, response/aggregate budgets and malformed source/capability reject authority (1.680132ms)
✔ explicit unknown parents and BC/AD boundaries retain source evidence and reference context (0.785184ms)
✔ dated parent bridge preserves stable identity, source support and effective complete chains (2.519618ms)
✔ explicit unknown membership keeps the reference chain and original uncertainty rather than adopting a weaker claim (0.290828ms)
✔ existence exclusions survive adaptation, including sourced unknown and BC/AD reference exclusions without year zero (0.39777ms)
✔ bridge rejects wrong release, unsupported source/year, examples, withdrawn winners and unvetted footprints (0.901199ms)
✔ joined-source snapshots hydrate exact JSON text metadata without requiring a duplicate source dictionary (0.549338ms)
✔ shared temporal parent/existence resolution matches direct/derived/reference/example precedence independently of language and IDs (0.400103ms)
✔ complete hosted snapshot authority removes withdrawn legacy IDs and overridden fields without reviving excluded entities (0.607646ms)
✔ bounded production pages hydrate source-deduplicated winners and generate histories/exclusions without a full reference registry (0.611021ms)
✔ bounded withdrawals remain authoritative independently of selected-year claims; malformed stream/context cannot become history (0.534316ms)
✔ source IDs are ordinary stable identities even when their spelling matches JavaScript object properties (0.341966ms)
✔ import preview rejects invalid dates, scalar values and unsupported source intervals before upload (1.766513ms)
✔ import preview enforces whole-batch row and UTF-8 byte bounds (4.715758ms)
✔ import submission preserves evidence and reports database rejection without treating it as saved (20.142901ms)
✔ source-backed corrections preview withdrawal and replacement while retaining source evidence (0.411931ms)
✔ JSON projection retains original nested formatting and appends bounded one-line entries (2.037531ms)
✔ JSON projection handles changed array rows, escaped strings, empty containers and removals (0.405351ms)
✔ province projection changes only province metadata and retains canonical cell/index bounds (1.36073ms)
✔ append-only release retains original generations and drops regenerated baseline (1.116603ms)
✔ evidence composes unchanged territory while preserving original supported facts (1.094009ms)
✔ apply rejects unapproved hash and rolls back partial metadata transaction (1.551499ms)
✔ immutable bytes changing after preparation block application (0.433433ms)
✔ successful metadata install records a committed journal and retains rollback originals (0.743631ms)
✔ dry run validates a whole generation without changing any live bytes (17.408069ms)
✔ apply requires the exact dry-run hash and preserves database/catalog/history originals (12.621634ms)
✔ failure during the multi-path commit restores every original live byte (6.52804ms)
✔ stale runtime, prepared source hashes, province membership and grid counts fail before activation (14.64263ms)
✔ approved hashes prevent changes between inspection and activation (4.592072ms)
✔ unexpected predecessor files or changed historical payload block approved activation (9.237513ms)
✔ path traversal and staging symlinks cannot replace unrelated files (2.757286ms)
✔ duplicate geographic identities and empty groups cannot pass as a complete hierarchy (2.168739ms)
✔ a genuine unknown-attribute creation installs reversibly without changing original history (370.138776ms)
✔ ordered replacement then pure creation validates exact current ancestry and pinned source bytes (414.535044ms)
✔ composed installer rejects skipped or reordered manifests, changed pins and unmatched creation inventories (922.01632ms)
✔ composed installer rejects child historical transfers and changed source archive bytes (362.896255ms)
✔ geometry evidence cannot silently authorize current source-name changes (348.119095ms)
✔ source-name correction requires pinned exact metadata before/after evidence (984.094144ms)
✔ installer summary pins geometry proof members and rejects altered evidence after approval (324.36805ms)
✔ serialized contenders on one issue have exactly one holder even under the same GitHub account (6.309239ms)
✔ renewal and release require the actual worker plus ownership nonce (0.480253ms)
✔ an idempotent lost-response retry retains original ownership (0.221284ms)
✔ renewal, rotation and reassignment retain one canonical comment ID (0.476889ms)
✔ umbrella, blocked, oversized and unresolved dependency scopes cannot be claimed (0.350608ms)
✔ expired reservations cannot silently discard branches or active PR/live operations (9.499529ms)
✔ multiple PRs retain ownership and rotate branches only after previous work completes (0.39819ms)
✔ canonical comments cannot be impersonated or ambiguous (0.247063ms)
✔ PR validation uses current exact-branch ownership and rejects expired or blocked claims (0.561777ms)
✔ location-content claims wait for worldwide approval while source-only work can start (65.214417ms)
✔ the PR budget cannot be bypassed by claiming another part indefinitely (0.29198ms)
✔ pagination inspects later pages rather than assuming only the first page exists (0.228014ms)
✔ claim lock keys use canonical issue numbers so aliases cannot acquire independent locks (0.332601ms)
✔ approved research is bound to all three geographic pins and ordinary bot audit text is not authority (0.494535ms)
Traceback (most recent call last):
  File "/workspace/worldatlas-observation-integration-20261003-7e91/scripts/validate-land-creations.py", line 114, in <module>
    print(json.dumps(validate(json.load(sys.stdin)), separators=(',', ':')))
                     ^^^^^^^^^^^^^^^^^^^^^^^^^^^^^^
  File "/workspace/worldatlas-observation-integration-20261003-7e91/scripts/validate-land-creations.py", line 108, in validate
    raise ValueError('Creation overlaps existing or competing land: ' + other)
ValueError: Creation overlaps existing or competing land: original
Traceback (most recent call last):
  File "/workspace/worldatlas-observation-integration-20261003-7e91/scripts/validate-land-creations.py", line 114, in <module>
    print(json.dumps(validate(json.load(sys.stdin)), separators=(',', ':')))
                     ^^^^^^^^^^^^^^^^^^^^^^^^^^^^^^
  File "/workspace/worldatlas-observation-integration-20261003-7e91/scripts/validate-land-creations.py", line 108, in validate
    raise ValueError('Creation overlaps existing or competing land: ' + other)
ValueError: Creation overlaps existing or competing land: original
Traceback (most recent call last):
  File "/workspace/worldatlas-observation-integration-20261003-7e91/scripts/validate-land-creations.py", line 114, in <module>
    print(json.dumps(validate(json.load(sys.stdin)), separators=(',', ':')))
                     ^^^^^^^^^^^^^^^^^^^^^^^^^^^^^^
  File "/workspace/worldatlas-observation-integration-20261003-7e91/scripts/validate-land-creations.py", line 91, in validate
    raise ValueError('Ambiguous existing name requires explicit identity review')
ValueError: Ambiguous existing name requires explicit identity review
Traceback (most recent call last):
  File "/workspace/worldatlas-observation-integration-20261003-7e91/scripts/validate-land-creations.py", line 114, in <module>
    print(json.dumps(validate(json.load(sys.stdin)), separators=(',', ':')))
                     ^^^^^^^^^^^^^^^^^^^^^^^^^^^^^^
  File "/workspace/worldatlas-observation-integration-20261003-7e91/scripts/validate-land-creations.py", line 36, in validate
    raise ValueError('Creation requires source identity, URL, license and attribution')
ValueError: Creation requires source identity, URL, license and attribution
Traceback (most recent call last):
  File "/workspace/worldatlas-observation-integration-20261003-7e91/scripts/validate-land-creations.py", line 114, in <module>
    print(json.dumps(validate(json.load(sys.stdin)), separators=(',', ':')))
                     ^^^^^^^^^^^^^^^^^^^^^^^^^^^^^^
  File "/workspace/worldatlas-observation-integration-20261003-7e91/scripts/validate-land-creations.py", line 46, in validate
    raise ValueError('Creation source bytes changed')
ValueError: Creation source bytes changed
Traceback (most recent call last):
  File "/workspace/worldatlas-observation-integration-20261003-7e91/scripts/validate-land-creations.py", line 114, in <module>
    print(json.dumps(validate(json.load(sys.stdin)), separators=(',', ':')))
                     ^^^^^^^^^^^^^^^^^^^^^^^^^^^^^^
  File "/workspace/worldatlas-observation-integration-20261003-7e91/scripts/validate-land-creations.py", line 39, in validate
    raise ValueError('Invalid source support interval')
ValueError: Invalid source support interval
Traceback (most recent call last):
  File "/workspace/worldatlas-observation-integration-20261003-7e91/scripts/validate-land-creations.py", line 114, in <module>
    print(json.dumps(validate(json.load(sys.stdin)), separators=(',', ':')))
                     ^^^^^^^^^^^^^^^^^^^^^^^^^^^^^^
  File "/workspace/worldatlas-observation-integration-20261003-7e91/scripts/validate-land-creations.py", line 81, in validate
    raise ValueError('Created land differs from the exact source geometry')
ValueError: Created land differs from the exact source geometry
Traceback (most recent call last):
  File "/workspace/worldatlas-observation-integration-20261003-7e91/scripts/validate-land-creations.py", line 114, in <module>
    print(json.dumps(validate(json.load(sys.stdin)), separators=(',', ':')))
                     ^^^^^^^^^^^^^^^^^^^^^^^^^^^^^^
  File "/workspace/worldatlas-observation-integration-20261003-7e91/scripts/validate-land-creations.py", line 101, in validate
    raise ValueError('Creation parent chain differs from reviewed proof')
ValueError: Creation parent chain differs from reviewed proof
Traceback (most recent call last):
  File "/workspace/worldatlas-observation-integration-20261003-7e91/scripts/validate-land-creations.py", line 114, in <module>
    print(json.dumps(validate(json.load(sys.stdin)), separators=(',', ':')))
                     ^^^^^^^^^^^^^^^^^^^^^^^^^^^^^^
  File "/workspace/worldatlas-observation-integration-20261003-7e91/scripts/validate-land-creations.py", line 86, in validate
    raise ValueError('Source identity rename must not masquerade as new land')
ValueError: Source identity rename must not masquerade as new land
Traceback (most recent call last):
  File "/workspace/worldatlas-observation-integration-20261003-7e91/scripts/validate-land-creations.py", line 114, in <module>
    print(json.dumps(validate(json.load(sys.stdin)), separators=(',', ':')))
                     ^^^^^^^^^^^^^^^^^^^^^^^^^^^^^^
  File "/workspace/worldatlas-observation-integration-20261003-7e91/scripts/validate-land-creations.py", line 88, in validate
    raise ValueError('Existing source identity cannot be created again')
ValueError: Existing source identity cannot be created again
Traceback (most recent call last):
  File "/workspace/worldatlas-observation-integration-20261003-7e91/scripts/validate-land-creations.py", line 114, in <module>
    print(json.dumps(validate(json.load(sys.stdin)), separators=(',', ':')))
                     ^^^^^^^^^^^^^^^^^^^^^^^^^^^^^^
  File "/workspace/worldatlas-observation-integration-20261003-7e91/scripts/validate-land-creations.py", line 71, in validate
    rings(matches[0]['geometry']['coordinates'])
  File "/workspace/worldatlas-observation-integration-20261003-7e91/scripts/validate-land-creations.py", line 70, in rings
    rings(row)
  File "/workspace/worldatlas-observation-integration-20261003-7e91/scripts/validate-land-creations.py", line 67, in rings
    raise ValueError('Source polygon rings must be explicitly closed')
ValueError: Source polygon rings must be explicitly closed
✔ pure source-backed creation has a null predecessor and retains every original geometry (446.423336ms)
✔ latitude and antimeridian creation uses actual narrow land, not a world-width polygon (333.566379ms)
✔ reject existing identity, duplicate land and competing overlap without writing output (531.674069ms)
✔ reject unsupported source, altered geometry, invalid coordinates, chain gaps and disguised rename (1278.91611ms)
✔ a creation receipt cannot transfer history or add an unaccounted identity (270.85175ms)
Traceback (most recent call last):
  File "/workspace/worldatlas-observation-integration-20261003-7e91/scripts/validate-land-creations.py", line 114, in <module>
    print(json.dumps(validate(json.load(sys.stdin)), separators=(',', ':')))
                     ^^^^^^^^^^^^^^^^^^^^^^^^^^^^^^
  File "/workspace/worldatlas-observation-integration-20261003-7e91/scripts/validate-land-creations.py", line 62, in validate
    coordinates(matches[0]['geometry']['coordinates'])
  File "/workspace/worldatlas-observation-integration-20261003-7e91/scripts/validate-land-creations.py", line 61, in coordinates
    coordinates(row)
  File "/workspace/worldatlas-observation-integration-20261003-7e91/scripts/validate-land-creations.py", line 61, in coordinates
    coordinates(row)
  File "/workspace/worldatlas-observation-integration-20261003-7e91/scripts/validate-land-creations.py", line 58, in coordinates
    raise ValueError('Invalid longitude/latitude source coordinates')
ValueError: Invalid longitude/latitude source coordinates
Traceback (most recent call last):
  File "/workspace/worldatlas-observation-integration-20261003-7e91/scripts/validate-land-creations.py", line 114, in <module>
    print(json.dumps(validate(json.load(sys.stdin)), separators=(',', ':')))
                     ^^^^^^^^^^^^^^^^^^^^^^^^^^^^^^
  File "/workspace/worldatlas-observation-integration-20261003-7e91/scripts/validate-land-creations.py", line 54, in validate
    raise ValueError('Invalid raw source geometry must not be silently repaired')
ValueError: Invalid raw source geometry must not be silently repaired
Traceback (most recent call last):
  File "/workspace/worldatlas-observation-integration-20261003-7e91/scripts/validate-land-creations.py", line 114, in <module>
    print(json.dumps(validate(json.load(sys.stdin)), separators=(',', ':')))
                     ^^^^^^^^^^^^^^^^^^^^^^^^^^^^^^
  File "/workspace/worldatlas-observation-integration-20261003-7e91/scripts/validate-land-creations.py", line 108, in validate
    raise ValueError('Creation overlaps existing or competing land: ' + other)
ValueError: Creation overlaps existing or competing land: competing
✔ staged source creation compiles and publishes identical static/hosted crosswalks (604.043098ms)
✔ invalid source coordinates, competing new land and old group mutations are rejected (367.711455ms)
✔ macro partition checks separate member coherence from source completeness and descendant approval (8.872363ms)
✔ a structural pass cannot invent semantic approval or permit regional interiors (1.697338ms)
✔ each current macro identity and adjacent-tier parent must have exact decision and envelope coverage (1.262473ms)
✔ member and footprint hashes detect cross-region reassignment and geometry edits (0.561787ms)
✔ only inspected successful sources with URLs and reproducible hashes support boundary decisions (0.816441ms)
✔ named missing islands receive explicit routing without imaginary geometry (1.387582ms)
✔ supplemental boundary sources receive the same inspection and pin requirements as retained ledgers (1.248271ms)
✔ partial named-land evidence preserves existing geometry while explicitly withholding completeness (0.918695ms)
✔ large source collections retain a bounded reference to the exact archived receipt (2.385546ms)
✔ same-tier reference split preserves exact archived originals and disjoint descendant members (1.656466ms)
✔ split successors require unique explicit new-group deltas and a complete crosswalk (2.560499ms)
✔ split endpoints cannot change tier, containing parent, registry identity or source/history proof (2.482271ms)
✔ a same-count swap of unrelated territory fails exact split-member conservation (0.649679ms)
✔ explicit local-group retirement retains every descendant and exact full archive (1.605029ms)
✔ preparation emits every split pair and retains new identities, predecessor and original baseline (24.894093ms)
✔ explicit reference creation can extract a location while retaining its original populated groups (2.626399ms)
✔ sourced creations and explicit local-group retirements can share a conserving receipt (0.549669ms)
✔ release creation crosswalks retain source relationship evidence without null-old retirement collisions (3.739787ms)
✔ retained replacements archive all six exact originals without predecessor transfer (7.858955ms)
✔ an unrelated old feature mutation is rejected (0.472212ms)
✔ exact changed feature archives cannot substitute modified originals (0.235875ms)
✔ duplicate or replaced stable identities are rejected (0.231098ms)
✔ source proof cannot authorize historical transfer or missing independent validation (0.180912ms)
✔ bounded replacement subprocess writes the same exact validated receipt (93.849417ms)
✔ current projection preserves identities and keeps source inspection separate from semantic approval (1.465229ms)
✔ source-backed projection cannot change timeline facts or invent geographic review completion (0.440254ms)
✔ current pins and exact counts must describe the actual geography (0.190297ms)
✔ complete current chains cannot be reordered or silently assigned different parents (0.443027ms)
✔ every retired or created parent has exact original archive and explicit crosswalk (0.237108ms)
✔ location conservation and exact parent descendant membership remain exhaustive (0.234744ms)
✔ source-backed projection resolves exact replacements and creations while all semantic branches remain open (492.620529ms)
✔ projection preparation rejects altered source pins, wrong order and invented historical transfers (330.833545ms)
✔ projection validator exhausts added identities, retained archives and new source-assessed groups (500.55639ms)
✔ later geometry projection preserves original inspection bytes and namespaces current predecessor snapshots (2.001878ms)
✔ successive source migrations conserve earlier additions and their sourced new groups (421.554522ms)
✔ projection predecessor loading pins both gzip layers and joins exact releases (5.423064ms)
✔ raster presentation graph includes true horizontal and vertical shared cells (1.483086ms)
✔ ocean gaps and diagonal corners do not become territorial adjacency (0.342406ms)
✔ date-line screen wrap is included and same-owner contact is ignored (1.000639ms)
✔ malformed packed rows fail closed instead of emitting an incomplete graph (0.555778ms)
✔ evidence-only pages omit empty identities but retain withdrawal-only subjects and complete claims (53.786542ms)
✔ entity pages return exactly shared whole-location winners, source dictionaries and all-tier preferred names (30.616228ms)
✔ entity cursor pages never split an attribute set and preserve aliases, examples, lifetimes and end sentinels (28.917322ms)
✔ inactive archived identities stay inspectable without inflating fixed-geography map pages (24.709214ms)
✔ page withdrawals suppress prepared fallback claims for attributes and names with no wrong truncation (22.232411ms)
✔ metadata summarization preserves all no-inhabitants proof semantics and points to original evidence (31.260348ms)
✔ mid-page writes reject the entire map page with a retryable revision conflict (22.906937ms)
✔ priority ties use the shared UTF-16 identity order instead of SQLite UTF-8 collation (27.960274ms)
✔ the shared browser format rejects incomplete, duplicated, mismatched and unscoped response pages (20.292526ms)
{"fixture":"1000-locations-9000-attributes","queries":7,"page_bytes":2393036,"elapsed_ms":145.09,"attribute_index":"attributes_location_dates","name_index":"names_entity_dates"}
✔ 1000 locations and 9000 attributes use seven bounded indexed queries instead of claim pages (5158.316954ms)
✔ finite Marcus routing is independent of sovereignty and retains provisional lower-tier roles (0.876501ms)
✔ reject asymmetric Japan exclusion, alternate macro routing and invented readiness (0.695518ms)
✔ original water-masked Marcus land reconstructs from exact OSM bytes (162.39142ms)
✔ removing the source water hole or changing the coastline is rejected (177.709149ms)
Atlas request failed /api/media/upload Media ID already identifies a different immutable object
✔ media bytes and sourced provenance survive upload, metadata-only reads and identical retries (41.225168ms)
✔ invalid or oversized provenance and maintenance never write source objects (12.67807ms)
✔ frozen migration SQL and snapshots retain their published identities (6.180346ms)
✔ new source land retains unknown owners and its original source metadata (1431.504082ms)
✔ year parsing supports BC/BCE/AD/CE and rejects invalid or out-of-range dates (1.304987ms)
✔ every location has exactly all six hierarchy levels (1819.736311ms)
✔ seed is idempotent and missing history stays missing (15221.135307ms)
✔ example intervals are opt-in and end-exclusive, including ownership changes (2644.791076ms)
✔ atomic imports reject overlapping records, invalid populations, ranks, and parents (355.007039ms)
✔ real records take precedence over examples, with no population interpolation (934.139676ms)
✔ boundary versions require polygons and sources, and resolve by date (1663.453825ms)
✔ unknown, zero population, and category colors have stable, distinct semantics (1649.009988ms)
✔ historical political records are dated, sourced, and do not extend into 2025 (1588.288336ms)
✔ both Huidong counties have complete, distinct geographical parents (1826.504588ms)
✔ inserts and updates cannot skip hierarchy levels (1.561833ms)
✔ legacy hierarchy migration preserves historical records and repairs skipped parents (45265.967049ms)
✔ topology migration retires duplicate coverage while preserving its imported history (59652.010316ms)
✔ geographic regions cross ownership borders and subdivide large countries (1587.535221ms)
✔ semantic replacements preserve source history and custom locations without transferring their values (55742.126041ms)
✔ non-Latin municipalities remain distinct and city memberships contain all districts (2074.121591ms)
✔ account proof and configured quotas/compute remain typed, scoped and free of arbitrary private fields (26.878613ms)
✔ denied organization proof stays unavailable while actual project settings remain verified (1.2475ms)
✔ missing organization and quota are explicit unknowns, never inferred from public pricing (1.15443ms)
✔ wrong project and lossy quotas fail before a misleading capacity receipt can be produced (1.287741ms)
✔ actual PostgreSQL forward DDL preserves every baseline byte and sequence, grants minimum runtime access, and retries idempotently (2427.185808ms)
✔ forward failure rolls back DDL, registry and grants without changing original bytes (1481.58102ms)
✔ registered catalog tampering and unreviewed hashes reject instead of silently repairing a database (1634.833934ms)
✔ missing reviewed rehearsal operation performs no management requests or database mutation (1.649356ms)
✔ reviewed forward operation requires an actual production baseline and exact ordered files (0.497961ms)
✔ fresh hash-pinned private Site maintenance attestation rejects stale, writable and mismatched context (1.14777ms)
✔ management workflows require explicit manual dispatch and reject push selection (85.992493ms)
✔ third reviewed forward migration installs typed runtime privileges without changing retained core contracts or replay identity (2624.779248ms)
✔ full rehearsal restores every original table byte, authenticates restricted read-only services, and deletes only its child (2047.257465ms)
✔ production requires authenticated successful rehearsal artifact, restores once, and delivers only encrypted app credential (3371.595693ms)
✔ missing or tampered reviewed checkpoints and missing production acknowledgement cause zero network/DB calls (51.331903ms)
✔ production branch IDs and mismatched endpoint hosts are refused before connection or production deletion (2274.393524ms)
✔ rehearsal failed cleanup preserves the exact child ID without claiming validated production handoff (1607.975617ms)
✔ artifact reader accepts one bounded receipt without extracting paths and rejects malformed archive bytes (1.81134ms)
✔ authorized direct production preserves exhaustive verification and refuses a second installation (1587.605513ms)
✔ Neon metadata verification authenticates read-only requests, follows pagination, and omits secret response fields (24.742344ms)
✔ Neon verifier rejects wrong project configuration and absent credentials without requests (2.232095ms)
✔ Neon metadata failures never retain raw HTTP/network bodies, mismatched projects, or repeated pagination cursors (3.220425ms)
✔ PostgreSQL schema splitter retains command bytes while respecting nested comments, quoted identifiers, strings and dollar bodies (0.800046ms)
✔ isolated Neon verifier applies the exact schema atomically on real PostgreSQL and exercises actual hosted services (1867.723489ms)
✔ private owner connection failures remain sanitized and cleanup still deletes the validation branch (4.330577ms)
✔ isolated SQL verifier refuses production IDs and production hosts before any SQL connection (8.692682ms)
✔ SQL driver errors are sanitized and clean up only the newly created branch (2.063771ms)
✔ cleanup failures retain the exact validation branch ID and fail the verification receipt (2.065794ms)
✔ ambiguous creation persists its unique name without guessing a deletion target or SQL connection (1.626161ms)
✔ read-only metadata helper does not accept a project mismatch supplied by the API (0.594897ms)
✔ canonical screen reports actual source-land cells for a compact territorial polygon (1.256494ms)
✔ a genuine polygon smaller than a cell remains unrepresented without assigning water (0.633675ms)
✔ archived original dry land blocks a purported new identity on that land (177.835491ms)
✔ an exact-name homonym on different land does not transfer or reuse archived identity (141.068567ms)
✔ changed archive bytes fail before considering identity absence (151.162396ms)
✔ candidate preparation refuses an existing output instead of overwriting evidence (1.334952ms)
✔ ownership assets reconstruct out-of-order compressed chunks and reject truncation (30.077255ms)
✔ version-pinned ownership digests reject mixed deployments and support host-decoded gzip (7.032631ms)
✔ hosted omission accounts for all prior bytes and preserves every current/source file exactly (26.236802ms)
✔ portable static export retains the full tree without a delivery manifest (11.938275ms)
✔ existing pinned archive tampering fails before packaging (5.218947ms)
✔ verification rejects unlisted excluded files, altered retained bytes and deployed tampering (20.532188ms)
✔ symbolic links cannot silently omit archive content (5.862387ms)
✔ contrast constraints use actual half-open interval overlap, never range envelopes (28.04985ms)
✔ parent lookups and unused-unit foreign-key checks use local parent indexes (4.133761ms)
✔ opening a populated pre-index database installs parent indexes without rewriting geography or evidence (14.588859ms)
✔ pixel ownership is exclusive and adjacent locations tile without a seam (1.805511ms)
✔ holes, water and defensive overlap handling have one integer ID per cell (0.312761ms)
✔ panning and lower-detail views sample the same canonical geographic cells (1.00798ms)
✔ province borders are stronger and local borders disappear at distant zoom (0.228995ms)
✔ Canvas fallback samples near screen resolution without four-pixel blocks (0.35798ms)
✔ fixed non-power-of-two grid projects the entire world consistently (0.271279ms)
✔ dated membership changes province lookup and picking records while retaining exact grid cells and geometry (2.572307ms)
✔ metadata refresh accepts reordered identities and atomically rejects replacements, missing and duplicate locations (0.94882ms)
✔ boundary geometry cache ignores source/date/provenance changes but detects actual dated footprints (0.279501ms)
✔ compiled ownership preserves holes, shared edges, overlaps and water at every detail level (7.720046ms)
✔ ownership survives geometry disposal and alternating zoom/pan views (1.34683ms)
✔ GPU row tables and picking retain every canonical cell, including tiny features (1.338978ms)
✔ prepacked browser fallback samples the same canonical grid (1.646892ms)
✔ placeholder translation preserves quoted values, dollar bodies and nested comments exactly (2.47489ms)
✔ only reviewed inserts and index hints are adapted; SQLite metadata needs an explicit query (1.197805ms)
✔ injected driver returns D1 results with safe numeric dates and unchanged text evidence (1.875768ms)
✔ batches remain ordered, atomic and ingestion-locked before identity allocation (0.778113ms)
✔ publication and guarded imports share a lock before fresh ReadCommitted guard snapshots (0.692985ms)
✔ driver failures preserve SQLSTATE while removing credentials, payloads and server details (1.232918ms)
✔ bounded timeouts cancel network work and preserve uncertain commit status for idempotent retries (100.926265ms)
✔ Neon HTTP wrapper submits lazy ordered queries as one transaction without exposing its URL (4.291399ms)
✔ actual PostgreSQL parses translated placeholders, idempotence and rollback without touching immutable evidence text (1537.586569ms)
✔ PostgreSQL evidence-only map pages retain retirement-only subjects without enumerating empty geography (1664.798345ms)
✔ actual PostgreSQL applies all 14 tables and hosted smoke preserves original corrected evidence (1256.532099ms)
✔ PostgreSQL claim/name readers preserve JSON bytes, stable identities, half-open dates, nulls and examples (1281.704301ms)
✔ PostgreSQL guards reject interval/source/classification/owner contradictions and roll back complete failed batches (1248.919695ms)
✔ PostgreSQL atomic correction retires overlap, retains old bytes and cannot resurrect immutable evidence (1314.055645ms)
✔ PostgreSQL rank/habitation and fixed environment guards match literal-zero proof policy (1332.793838ms)
✔ PostgreSQL catalogs/graph/media paging and compact map use actual hosted SQL with whole-location parity (1295.48955ms)
✔ PostgreSQL stages and publishes complete pinned reference geography without mutating registry/evidence (1382.168476ms)
✔ actual PostgreSQL and frozen D1 produce identical evidence/source bytes and selected-year service values (1294.219521ms)
✔ PostgreSQL compact metadata summaries retain zero-population proof semantics and evidence links (1251.610392ms)
✔ PostgreSQL geographic transaction guards reject unpublished/stale hashes and retain pinned replay receipts (1339.806889ms)
✔ verified owner restore copies all fourteen original tables, legacy bytes, archives, examples, releases and rowids (1841.408547ms)
✔ nonempty target refuses restoration without replacing evidence or disabled guards (1374.603332ms)
✔ insert failure rolls back every copied table and USER-trigger state with no unsafe partial resume (1413.862731ms)
✔ read-back verification failure rolls back source rows and prevents sequence advancement (1316.267165ms)
✔ tampered source parts and unacknowledged owner restore make no target writes (1285.583405ms)
✔ sequence-reset failure rolls back transactional RESTART and preserves all original guards (1378.733742ms)
✔ lost commit acknowledgement requires read-only verification before any retry (1361.802271ms)
✔ raw row digests preserve original text and obey D1 binary key order (0.606694ms)
✔ actual restricted LOGIN runs hosted imports, corrections, idempotent retries and selected-year readers (2005.435658ms)
✔ runtime role cannot mutate facts, suppress guards, restore revisions or escalate privileges (1366.705431ms)
✔ restricted publication updates only validated status and publication columns (1576.119599ms)
✔ idempotent maintenance preserves existing password and explicit rotation safely changes it (1478.655897ms)
✔ existing inherited, privileged, owning or broadly granted role is rejected without silent downgrade (11954.537702ms)
✔ weak credentials and inherited PUBLIC schema CREATE prevent reopening without weakening PUBLIC permissions (1197.283605ms)
✔ non-superuser schema owner retains only automatic ADMIN-without-INHERIT-or-SET role management (1460.848553ms)
✔ new requirements preserve old scopes, enforce new declarations and permit explicit legacy adoption (1.65899ms)
✔ positive real-format ledger validates actual files and binds an independent review (1.803408ms)
✔ regressions: stale vintage, entry hash, wrong source/path and conflicting generated result fail (2.030461ms)
✔ full changes include rename/deletion originals; immutable original-source refresh cannot overwrite evidence (1.10774ms)
✔ coordinate/helper policies require positive and negative controls; generators need reproducibility (0.644251ms)
✔ generator controls bind actual positive, negative and equal two-run output bytes (0.66321ms)
✔ reviews reject self approval, stale heads, omitted hashes/files and absent factual/geometry review (0.710561ms)
✔ mock remote queue checks exact blobs/head/independent receipt with read-only requests (2.370062ms)
✔ incomplete remote trees cannot become a passed byte check (0.395577ms)
✔ remote decisions reject stale exact-head reviews and a later change request (1.374712ms)
✔ browser/server adapters agree, use only matching source intervals, and preserve complete provenance (21.352594ms)
✔ source bounds, producer byte hashes, current identity and geography proof failures block publication (3.477832ms)
✔ prepared producers reject free-form environmental text even when hashes and source dates match (4.802729ms)
✔ both runtime paths reject stale manifests and tampered prepared assets (4.077636ms)
✔ duplicate input identities are rejected and hosted duplicates retain imported evidence without dropping prepared metadata (2.560429ms)
✔ bounded persistent batches import through actual hosted schema/service and are idempotent (27.217745ms)
✔ prepared reference attestations retain direct historical name priority and aliases do not become preferred (2.520399ms)
✔ retirement pages prevent every prepared fallback from resurrecting withdrawn names or attributes (64.060316ms)
✔ hosted duplicate enrichment keeps prepared provenance while preserving the imported claim (7.742551ms)
✔ completed real name and census products import persistently and resolve identically without gap filling (9874.228733ms)
✔ public manifest byte pin protects source provenance as well as record parts (4.895208ms)
✔ record APIs reject pages whose ingestion revision changed during the read (51.74311ms)
✔ client retries complete map reads for mixed revisions, caps retries and obeys cancellation (13.782535ms)
✔ reference migrations revalidate immutable claims only when every corresponding footprint stays identical (6.242729ms)
✔ chained reference revalidation preserves original evidence and pins the prior receipt archive (6.463933ms)
✔ ownership codecs preserve identity, dated labels, competing evidence and the BC/AD edge (2.100285ms)
✔ actual environmental tables decode exactly at all normal-period boundaries (10194.131461ms)
✔ reference codecs preserve supported precision and do not bridge unsupported intervals (0.413193ms)
✔ actual prepared historical records match independent compact-table interpretation (14965.534757ms)
✔ static and server exports resolve every active location identically, with examples on and off (120254.0388ms)
✔ missing readiness is a review candidate, not permission (2.466857ms)
✔ explicit source access blockers survive closed dependencies; prose needs review (0.548958ms)
✔ unknown lane, invalid prefixes, umbrellas and import approval are separate (0.313673ms)
✔ same-account workers retain distinct canonical leases and live work constraints (0.533083ms)
✔ all issue pages and duplicate ownership; checkpoints deduplicate by state (22.701488ms)
✔ failed reads preserve checkpoint and never report false resolutions (0.725523ms)
✔ reference restoration preserves archived IDs, source context and exact original records idempotently (15.185953ms)
✔ existing active territory names, geometry, parents and owner context are never overwritten (5.008907ms)
✔ original record ID conflicts fail explicitly and restoration rolls back broken archives (4.389985ms)
✔ the published source archive restores every original record into a fresh reference database (4563.819881ms)
✔ environmental context can be displayed without inventing historical field evidence (1.528284ms)
✔ modern supported records and historical reference context share a category and map color (0.429998ms)
✔ dated historical observations override modern context until their exclusive interval end (0.213421ms)
✔ explicit dated uncertainty and unmapped source text cannot be replaced by a baseline (0.296127ms)
✔ only supported environmental references can supply presentation context (0.181353ms)
✔ invalidated geography cannot retain environmental context or restore a dated field (1.236213ms)
✔ reference source dates and environmental caveats survive display unchanged (0.621577ms)
✔ an evidence outage leaves historical fields unknown while immutable reference context remains available (0.150447ms)
✔ missing baselines remain unknown and non-environmental fields never acquire environmental context (0.241774ms)
✔ baseline selection is deterministic and keeps the chosen source interval rather than extending it (0.327093ms)
✔ compact and legacy context decoding preserve original supported intervals and source metadata (0.486944ms)
✔ explicit metadata parent merge conserves full descendant identities and exact relationship provenance (3.062014ms)
✔ receipts without the opt-in relationship field preserve the legacy preparation contract (0.462117ms)
✔ missing, duplicate, extra and unretired merge endpoints cannot masquerade as complete crosswalks (2.270722ms)
✔ same-tier registered identities and adjacent parent conservation are required (1.540491ms)
✔ a same-count swap of unrelated territories fails exact descendant-footprint conservation (0.506083ms)
✔ complete original unit records, explicit source proof and zero historical transfer are required (1.638469ms)
✔ the complete real candidate validates all 49,589 locations and the 55-county source-backed merge (1727.592577ms)
✔ full candidate release preparation emits the explicit merge, archived predecessor and exact unchanged baseline (10885.111695ms)
✔ current manifest is closed and no region can claim invented approvals (2.645917ms)
✔ v1 worldwide approval remains compatible (0.70955ms)
✔ regional content claims depend on macro and branch approval, not unfinished worldwide descendants (1.755676ms)
✔ macro approval and explicit complete region certificates are required (0.425942ms)
✔ pins and every location target are checked against explicitly selected regions (0.820677ms)
✔ ambiguous territorial membership fails closed (0.157828ms)
✔ all name, relationship and media targets are scoped; ancillary or geographic writes are refused (1.261531ms)
✔ verified raw batches are inspected rather than trusting caller target summaries (0.476608ms)
✔ corrections require a territorial crosswalk and cannot transfer facts to another location (0.561276ms)
✔ research compiler produces deterministic bounded batches and preserves exact input/source bytes (766.139576ms)
✔ compiler rejects unsupported classifications, unsupported dates, source classes, cycles and geographic writes (1.029562ms)
✔ parent entities precede child entities and atomic correction groups stay together at batch boundaries (81.640287ms)
✔ dry-run rejects tampering and performs zero network requests (2.549061ms)
✔ import refuses mismatched geography before writes and rejects unsafe origins (17.376676ms)
✔ partial successful receipts survive failure, resumable retry skips committed batches and never logs credentials (430.072313ms)
✔ network/transient failures retry an identical ingestion within a bounded budget (1.900413ms)
✔ compiled content imports against actual frozen hosted SQL and preserves corrected evidence immutably (30.073268ms)
✔ targets first introduced by a campaign commit before its retirement transaction (21.364825ms)
✔ shared replacements stay atomic and chained corrections respect target availability (0.78932ms)
✔ each research batch carries its geographic pin and a conflict preserves prior receipts (144.045938ms)
✔ unpinned server receipts are rejected and legacy receipts are preserved while newly pinned transactions verify them (3.05918ms)
✔ temporal campaigns retain ordinary source dependencies and route atomic sourced geography corrections separately (1.860964ms)
✔ temporal compiler bounds sources/dates/classification and rejects reference mutations/unvetted footprints (1.030353ms)
✔ temporal bundle manifests validate endpoint identity, pinned receipts and resume independently of ordinary imports (3.356328ms)
✔ discovery preserves identity/source metadata and pages every result with bounded filters (109.691018ms)
✔ relationship pages exhaust both directions beyond profile truncation with date/example/withdrawal filtering (58.245091ms)
✔ media link pages preserve every active link and omit withdrawn, pending and unsupported-year links (53.747504ms)
✔ capacity reports measured bytes and declared budgets without claiming a managed quota or prepared assets (24.559329ms)
✔ catalog and graph reads reject revision changes instead of publishing inconsistent pages (22.132512ms)
✔ media campaign dry run validates original bytes and rights without network or receipts (73.191946ms)
✔ actual Worker and registerMedia roundtrip retains provenance, immutable R2 bytes and resumable receipt hashes (56.349635ms)
✔ lost upload response rereads committed identity and full bytes without a second POST (30.271597ms)
✔ failed campaign preserves verified objects and safely resumes only missing identities (31.818789ms)
✔ source mismatches, changed claims and changed local or remote bytes stop before replacing originals (28.996055ms)
✔ tampered checkpoints, duplicate content identities and missing source dependencies are rejected (23.27869ms)
✔ redirects never forward the private credential and untrusted API errors are not persisted (17.704299ms)
✔ encoded URL bounds and escaped local paths are enforced before any upload (17.424217ms)
✔ a truncated successful POST receipt is resolved by direct immutable metadata reread (17.776849ms)
✔ optional registered source archives are checked by stable ID and digest before linking provenance (21.140688ms)
✔ older services without provenance capability stop before creating immutable incomplete metadata (16.491922ms)
✔ century transport preserves exact intervals, dated identities and contested provenance with deterministic assets (156.386244ms)
✔ six schema variants partition all IDs and preserve explicit semantic openness (4.855337ms)
✔ raw hashing preserves float lexemes, signed zero, exponent precision and Unicode policy (0.82954ms)
✔ duplicate reports, stale polygons and incomplete parent chains fail (1.465198ms)
✔ parent membership cannot overlap, omit a child or claim unsupported approval (2.282059ms)
✔ owner labels and source policy identities are exhaustively crosswalked (1.760282ms)
✔ removed/new IDs require archival receipts and migration is never inferred (3.460946ms)
✔ fresh-clone reader verifies every file pin without Python or cache access (56.013739ms)
✔ changed source bytes or missing continent ledger reject the read-only snapshot (15.222459ms)
✔ a renamed complete ledger cannot leak into website deployment assets (13.048894ms)
✔ source-parent measurements require current footprint context and actual members (31.77261ms)
✔ sourced policy overlay changes exactly the three proven roles without mutating original source policy (3.343939ms)
✔ unrelated original-policy edits and duplicate correction identities require new review (8.836616ms)
✔ every crosswalked location exposes its individually supported role and unchanged source vintage (1.547752ms)
✔ Monaco and Luxembourg remain explicit stable-ID proposals with no hierarchy mutation (39.863181ms)
✔ explicit legacy staging retains every original migration and metadata byte and deploys exactly 0000–0007 (21.850708ms)
✔ default staging keeps the complete derivative and opt-in retries remove old forward files (16.020001ms)
✔ all forward migration/source/journal hashes are checked before any deployment cutoff (10.391839ms)
✔ the eight staged migrations have the original eight-migration schema and no forward tables (32.935551ms)
✔ staging requires explicit valid mode, a separate real checkout and a supported CLI flag (79.324627ms)
✔ checkpoint packing deterministically preserves all fourteen exported tables and every original byte (191.511226ms)
✔ checkpoint rejects compressed tampering, original hashes and unsafe paths without publishing partial output (82.77678ms)
✔ a recomputed gzip hash cannot bypass the independent decompression bound (77.910246ms)
✔ symlinked checkpoint parts and changed source exports are rejected without replacing evidence (63.767613ms)
✔ existing destinations are immutable and ordinary restore validates source hashes before any database call (88.914318ms)
✔ verified existing destinations reject checkpoint identity-summary tampering (89.979153ms)
✔ v2 inventories all twenty-three tables and pins every reviewed D1/PostgreSQL migration (15.691396ms)
✔ empty forward migrations preserve every v1 marker/page byte and existing fourteen-table restore (1866.776585ms)
✔ forward owner restoration streams all twenty-three tables, original JSON bytes, deferred receipts and sequence (2022.29278ms)
✔ v2 detects changing staged publication, missing source guards and unexpected factual tables (1459.141113ms)
✔ a missing target guard or source migration/raw-row proof fails before any target writes (1466.442174ms)
✔ a deferred cross-table FK failure rolls back all twenty-three tables, guards and sequence (1660.673005ms)
✔ interrupted v2 capture resumes preserved pages and its v2 cursor cannot be sent to v1 (224.937521ms)
✔ v3 inventories all twenty-six tables and pins every reviewed D1/PostgreSQL migration (19.139694ms)
✔ empty forward migrations preserve every v1 marker/page byte and existing fourteen-table restore (1797.093007ms)
✔ forward owner restoration streams all twenty-six tables, original JSON bytes, deferred receipts and sequence (2241.89278ms)
✔ v3 detects changing staged publication, missing source guards and unexpected factual tables (1461.199576ms)
✔ a missing target guard or source migration/raw-row proof fails before any target writes (1723.318774ms)
✔ a deferred cross-table FK failure rolls back all twenty-six tables, guards and sequence (1743.256476ms)
✔ interrupted v3 capture resumes preserved pages and its v3 cursor cannot be sent to v1 (274.873671ms)
✔ typed storage on actual SQLite/PostgreSQL preserves replays and rejects unsupported evidence or incomplete corrections atomically (1808.843435ms)
✔ pure and actual SQLite/PostgreSQL contracts retain supported uncertainty/example labels, zero/false, and reject known-status null (1612.694637ms)
✔ standalone owner SQL without its ingestion journal is explicitly outside the atomic correction guarantee (1591.849785ms)
✔ complete export marker works under managed D1 compound-SELECT limits (61.086597ms)
✔ all fourteen raw tables export exhaustively with original text, rowids and archived evidence (107.594776ms)
✔ composite keyset cursors page across releases and reject foreign, malformed or injected cursors (42.227869ms)
✔ markers detect publication and media writes outside ingestion revisions and reject raced pages (32.297194ms)
✔ oversized retained evidence is reduced through explicit 413 rather than truncated (71.825561ms)
✔ CLI exporter preserves a partial ledger, resumes hashed pages and proves frozen all-table counts (76.238476ms)
✔ CLI rejects unfrozen, changed or tampered exports without mixing checkpoints (51.575885ms)
✔ CLI overlaps bounded independent collections while preserving serial cursors and journals (137.338404ms)
✔ stalled fetch times out with its forwarded signal and retries the same cursor without rewriting preserved source pages (569.388608ms)
✔ a response with stalled JSON bytes is bounded through body consumption and preserves checkpoint receipts (569.382103ms)
✔ permanent transport stalls stop after four deadlines without logging credentials or creating a false checkpoint (3549.770959ms)
✔ external cancellation aborts fetch, JSON-body reading and retry backoff without retries or checkpoint changes (127.779443ms)
✔ malformed JSON and snapshot-conflict HTTP errors remain nonretryable, and unsafe deadline settings fail before fetching (1.066437ms)
✔ stale body, state, candidate bytes and active worker/PR prevent writes (2.467449ms)
✔ unrelated scope and original prose cannot be overwritten (0.34506ms)
✔ read-only preflight issues no writes and checks the complete batch before applying (3.600977ms)
✔ bounded application reads back each correction and is idempotent (2.54816ms)
✔ failed readback retains partial receipt and stops before remaining writes (1.886253ms)
✔ unexpected issue scope cannot expand the mutation targets (0.298029ms)
✔ fresh body recheck prevents overwriting an edit after batch preflight (0.934729ms)
✔ scope property serialization order does not imply changed release or ownership (0.239181ms)
✔ a wrong hash label is rejected even when source scope is otherwise unchanged (0.278029ms)
Atlas request failed /api/geography/temporal/import Ingestion ID identifies another input
✔ Worker dated geography routes, revision, evidence and retry work on actual sqlite (102.241614ms)
Atlas request failed /api/geography/temporal/import Cross-origin writes are not permitted
Atlas request failed /api/geography/temporal/import Expected property name or '}' in JSON at position 1 (line 1 column 2)
Atlas request failed /api/geography/temporal/import Request exceeds the supported upload size
Atlas request failed /api/geography/temporal/import Dated geography import rejected; no partial changes may be used
Atlas request failed /api/geography/temporal/snapshot Year must be between 3000 BC and 2026 AD, excluding zero
Atlas request failed /api/geography/temporal/snapshot Year must be between 3000 BC and 2026 AD, excluding zero
Atlas request failed /api/geography/temporal/snapshot Year must be between 3000 BC and 2026 AD, excluding zero
Atlas request failed /api/geography/temporal/snapshot Invalid temporal snapshot stream
✔ Worker dated geography rejects unsafe writes without changing scalar/media routes on actual sqlite (40.262101ms)
Atlas request failed /api/geography/temporal/import Ingestion ID identifies another input
✔ Worker dated geography routes, revision, evidence and retry work on actual postgres (2013.4493ms)
Atlas request failed /api/geography/temporal/import Cross-origin writes are not permitted
Atlas request failed /api/geography/temporal/import Expected property name or '}' in JSON at position 1 (line 1 column 2)
Atlas request failed /api/geography/temporal/import Request exceeds the supported upload size
Atlas request failed /api/geography/temporal/import Dated geography import rejected; no partial changes may be used
Atlas request failed /api/geography/temporal/snapshot Year must be between 3000 BC and 2026 AD, excluding zero
Atlas request failed /api/geography/temporal/snapshot Year must be between 3000 BC and 2026 AD, excluding zero
Atlas request failed /api/geography/temporal/snapshot Year must be between 3000 BC and 2026 AD, excluding zero
Atlas request failed /api/geography/temporal/snapshot Invalid temporal snapshot stream
✔ Worker dated geography rejects unsafe writes without changing scalar/media routes on actual postgres (1406.724095ms)
✔ opt-in inline temporal pages retain exact standalone claims, permanent withdrawals, source and release pins (2011.86183ms)
✔ a revision change between scalar and inline temporal reads rejects the complete response (1444.315251ms)
✔ incomplete bounded temporal streams stay on the ordinary paging protocol (3750.701292ms)
✔ inline geography never widens the total scalar response byte limit (5591.871376ms)
✔ complete reference chains remain labeled fallback; BC/AD, exclusive end and province-level changes resolve identically (1533.43568ms)
✔ SQL source, tier, equal-precedence overlap, release and example guards reject atomic invalid imports (1426.46144ms)
✔ ancestor absence rejects disconnected descendants but permits atomic reparenting or existence suppression (1537.207985ms)
✔ all overlapping ancestor transitions are validated, including interior absence outside child endpoints (1404.323283ms)
✔ explicit unknown blocks weaker and opt-in examples while maintaining the complete reference chain (1398.201868ms)
✔ atomic corrections preserve original JSON text, withdrawals, stable retries and missing-replacement rollback (1508.236935ms)
✔ SQL independently prevents forged validation, dangling receipts and appending to a sealed receipt (1540.300236ms)
✔ known identity lifetimes cannot be resurrected or widened by a dated claim (1431.53443ms)
✔ paged claims retain exclusions, provenance, release and one shared revision (1365.504186ms)
✔ bounded production pages skip the reference registry in source-free years and return only winners with deduplicated sources (1440.450397ms)
✔ permanent withdrawal pages retain claims outside the selected year and share the pinned revision (1423.93122ms)
✔ legacy source metadata is byte-preflighted before materialization and oversized pages fail with a bounded retry suggestion (1608.195946ms)
✔ raw SQL cannot store fractional years or alter retained temporal facts and receipts (1441.869895ms)
✔ actual hosted winner and withdrawal streams hydrate the browser resolver without full registry reads (1436.862691ms)
✔ direct dated names precede reference attestations in any language, with stable ties and examples last (4.214922ms)
✔ unknown historical name and habitation do not imply an absent or rural settlement (5.21556ms)
✔ dated names at every level retain stable identity; aliases remain searchable outside their dates (13.007284ms)
✔ dated membership changes the hierarchy used by map colors and province borders (7.769299ms)
✔ settlement attributes and existence are separate from a location and successor links keep distinct IDs (12.750316ms)
✔ explicit uninhabited differs from unknown, and sourced states beat examples (5.80595ms)
✔ broken dated parent chains, invalid dates and interval overlaps roll back atomically (7.747426ms)
✔ future historical graph entities do not enter geographic grouping tiers (1.945132ms)
✔ prepared and hosted typed loads terminate stalled fetches and cancel stalled bodies without accepting partial evidence (125.435866ms)
✔ external cancellation reaches typed transport/read cleanup and completed exact-byte loads clear their deadline (13.837284ms)
✔ typed imports preserve raw zero/false/unknown, exact retries and BC/AD shared snapshot semantics on actual SQLite/PostgreSQL (2092.292144ms)
✔ typed API rejects missing approval, bad source/registry/raw pins, unsupported labels and missing correction/derivation identities without partial writes (2184.606008ms)
✔ legacy or altered installed schemas never advertise typed capabilities (24.85328ms)
Atlas request failed /api/typed/v1/import Typed import rejected; no partial batch may be used
Atlas request failed /api/typed/v1/import Typed correction cannot transfer evidence between subjects or fields
Atlas request failed /api/typed/v1/snapshot Typed snapshot changed; restart all streams
Atlas request failed /api/typed/v1/import Cross-origin writes are not permitted
Atlas request failed /api/typed/v1/import Typed import rejected; no partial batch may be used
Atlas request failed /api/typed/v1/import Typed correction cannot transfer evidence between subjects or fields
Atlas request failed /api/typed/v1/snapshot Typed snapshot changed; restart all streams
Atlas request failed /api/typed/v1/import Cross-origin writes are not permitted
✔ actual Worker typed routes enforce transport/maintenance and keep atomic corrections, raw source pins and snapshot paging consistent (2099.957977ms)
✔ legacy23-table projections require the complete known schema and current maintenance clients refuse them as complete backups (2392.158247ms)
✔ derivation closures reject example promotion, cycles and ambiguous roots while example-only acyclic chains remain available under the paused factual gate (2302.849514ms)
✔ bounded hosted client and exact-byte prepared/static resolver agree on all retained values and fail closed on mixed snapshots and corrupted bytes (3737.282381ms)
✔ factual typed geography is retained per claim and cannot be silently repinned on import, correction or prepared reads (1838.215466ms)
✔ registration is additive, versioned, immutable and JSON-only; conflicts fail closed (7.077957ms)
✔ serialization hooks/getters cannot replace module identity or metadata, and never execute (2.122589ms)
✔ false and literal zero remain sourced; absent, unknown and unresolved are distinct (0.801007ms)
✔ no year zero, interval extrapolation, lifetime overflow or modern-reference promotion (0.529088ms)
✔ numeric measurement rejects incompatible units, PPP, cohort, household weighting and uncertainty (1.891991ms)
✔ entity government, controlled identities and feature links preserve the existing graph (0.570781ms)
✔ direct/derived/reference/estimate/example precedence, explicit unknown and retirements are deterministic (0.819305ms)
✔ directly quoted estimates retain estimate labels and the preserved method-based priority (0.25239ms)
✔ shared pure snapshot seam round-trips all retained source, unit and derivation metadata without mutation (0.49085ms)
✔ existing eight attributes, legacy values and precedence stay unchanged (0.903832ms)
✔ retained synthetic transport fixture matches date-pinned expected results and original bytes (1.876308ms)
✔ malformed unresolved evidence resolves to the unknown fill for every attribute, including category IDs (2.058241ms)
✔ direct unresolved evidence blocks weaker assignments and modern fallback without losing its provenance (0.804523ms)
✔ API, local import, UI preview and raw SQL reject both unresolved/non-null contract violations (74.288367ms)
✔ 0006 preserves populated claims, retirements and all existing schema objects while suppressing retained malformed claims (18.069201ms)
✔ opening a populated legacy local database retains malformed historical claims and applies the new INSERT guard (9.255488ms)
✔ explicit no-inhabitant evidence produces unsettled with its supported interval and source record provenance (5.916155ms)
✔ unknown, reference, modeled, rounded and untyped legacy zeros never imply unsettled (0.672243ms)
✔ settlement contradictions obey cross-field precedence and tied evidence remains disputed (0.946166ms)
✔ local imports accept canonical unsettled, reject both orders of direct contradictions and retain unknown/model-zero behavior (17.012018ms)
✔ hosted imports and shared resolver agree; corrections exclude retired negative claims (56.049659ms)
✔ 0003 migration preserves all old claim fields, retirement pointers, indexes and triggers (14.660614ms)
✔ existing local enum migration preserves snapshots/history and enables new rank without touching geometry (17.182174ms)
✔ precision flags prevent false habitation conflicts in both local and hosted import orders (140.776949ms)
✔ 0004 precision migration preserves claims, retirements, indexes and all other triggers (21.079427ms)
✔ source classes protect literal-zero evidence and example opt-in at the SQL boundary (44.685314ms)
✔ 0005 source-class migration preserves claims and retirement-aware contracts while matching example-zero resolution (25.745511ms)
✔ results are bound to the bot, request and issue, including denial (1.039456ms)
✔ latest matching response wins, unrelated or malformed comments cannot confer ownership (0.181583ms)
✔ positive confirmations require current exact canonical ownership, not stale success (0.744622ms)
✔ bootstrap fallback requires exact request and releases require inactive state (0.435847ms)
✔ merge responses retain exact PR binding and embedded HTML cannot break the marker (0.21878ms)
ℹ tests 636
ℹ suites 0
ℹ pass 636
ℹ fail 0
ℹ cancelled 0
ℹ skipped 0
ℹ todo 0
ℹ duration_ms 322748.31183
