✔ actual PostgreSQL forward DDL preserves every baseline byte and sequence, grants minimum runtime access, and retries idempotently (3973.731184ms)
✔ forward failure rolls back DDL, registry and grants without changing original bytes (2229.589528ms)
✔ registered catalog tampering and unreviewed hashes reject instead of silently repairing a database (2309.480194ms)
✔ missing reviewed rehearsal operation performs no management requests or database mutation (1.906544ms)
✔ reviewed forward operation requires an actual production baseline and exact ordered files (0.593224ms)
✔ fresh hash-pinned private Site maintenance attestation rejects stale, writable and mismatched context (1.304337ms)
✔ management workflows require explicit manual dispatch and reject push selection (104.607664ms)
✔ third reviewed forward migration installs typed runtime privileges without changing retained core contracts or replay identity (3361.273848ms)
✔ prepared and hosted typed loads terminate stalled fetches and cancel stalled bodies without accepting partial evidence (148.426677ms)
✔ external cancellation reaches typed transport/read cleanup and completed exact-byte loads clear their deadline (23.946016ms)
✔ typed imports preserve raw zero/false/unknown, exact retries and BC/AD shared snapshot semantics on actual SQLite/PostgreSQL (3724.626674ms)
✔ typed API rejects missing approval, bad source/registry/raw pins, unsupported labels and missing correction/derivation identities without partial writes (3060.480184ms)
✔ legacy or altered installed schemas never advertise typed capabilities (40.733073ms)
Atlas request failed /api/typed/v1/import Typed import rejected; no partial batch may be used
Atlas request failed /api/typed/v1/import Typed correction cannot transfer evidence between subjects or fields
Atlas request failed /api/typed/v1/snapshot Typed snapshot changed; restart all streams
Atlas request failed /api/typed/v1/import Cross-origin writes are not permitted
Atlas request failed /api/typed/v1/import Typed import rejected; no partial batch may be used
Atlas request failed /api/typed/v1/import Typed correction cannot transfer evidence between subjects or fields
Atlas request failed /api/typed/v1/snapshot Typed snapshot changed; restart all streams
Atlas request failed /api/typed/v1/import Cross-origin writes are not permitted
✔ actual Worker typed routes enforce transport/maintenance and keep atomic corrections, raw source pins and snapshot paging consistent (2713.958054ms)
✔ legacy23-table projections require the complete known schema and current maintenance clients refuse them as complete backups (2921.865657ms)
✔ derivation closures reject example promotion, cycles and ambiguous roots while example-only acyclic chains remain available under the paused factual gate (2308.163435ms)
✔ bounded hosted client and exact-byte prepared/static resolver agree on all retained values and fail closed on mixed snapshots and corrupted bytes (3858.869372ms)
✔ factual typed geography is retained per claim and cannot be silently repinned on import, correction or prepared reads (1750.944251ms)
ℹ tests 18
ℹ suites 0
ℹ pass 18
ℹ fail 0
ℹ cancelled 0
ℹ skipped 0
ℹ todo 0
ℹ duration_ms 20564.854891
