✔ typed imports preserve raw zero/false/unknown, exact retries and BC/AD shared snapshot semantics on actual SQLite/PostgreSQL (2181.978788ms)
✔ typed API rejects missing approval, bad source/registry/raw pins, unsupported labels and missing correction/derivation identities without partial writes (2150.645286ms)
✔ legacy or altered installed schemas never advertise typed capabilities (24.679307ms)
Atlas request failed /api/typed/v1/import Typed import rejected; no partial batch may be used
Atlas request failed /api/typed/v1/import Typed correction cannot transfer evidence between subjects or fields
Atlas request failed /api/typed/v1/snapshot Typed snapshot changed; restart all streams
Atlas request failed /api/typed/v1/import Cross-origin writes are not permitted
Atlas request failed /api/typed/v1/import Typed import rejected; no partial batch may be used
Atlas request failed /api/typed/v1/import Typed correction cannot transfer evidence between subjects or fields
Atlas request failed /api/typed/v1/snapshot Typed snapshot changed; restart all streams
Atlas request failed /api/typed/v1/import Cross-origin writes are not permitted
✔ actual Worker typed routes enforce transport/maintenance and keep atomic corrections, raw source pins and snapshot paging consistent (2085.116602ms)
✔ legacy23-table projections require the complete known schema and current maintenance clients refuse them as complete backups (2349.651967ms)
ℹ tests 5
ℹ suites 0
ℹ pass 5
ℹ fail 0
ℹ cancelled 0
ℹ skipped 0
ℹ todo 0
ℹ duration_ms 8916.978374
