✔ prepared and hosted typed loads terminate stalled fetches and cancel stalled bodies without accepting partial evidence (186.055041ms)
✔ external cancellation reaches typed transport/read cleanup and completed exact-byte loads clear their deadline (20.235666ms)
✔ typed imports preserve raw zero/false/unknown, exact retries and BC/AD shared snapshot semantics on actual SQLite/PostgreSQL (5147.605737ms)
✔ typed API rejects missing approval, bad source/registry/raw pins, unsupported labels and missing correction/derivation identities without partial writes (3695.011587ms)
✔ legacy or altered installed schemas never advertise typed capabilities (42.267976ms)
Atlas request failed /api/typed/v1/import Typed import rejected; no partial batch may be used
Atlas request failed /api/typed/v1/import Typed correction cannot transfer evidence between subjects or fields
Atlas request failed /api/typed/v1/snapshot Typed snapshot changed; restart all streams
Atlas request failed /api/typed/v1/import Cross-origin writes are not permitted
Atlas request failed /api/typed/v1/import Typed import rejected; no partial batch may be used
Atlas request failed /api/typed/v1/import Typed correction cannot transfer evidence between subjects or fields
Atlas request failed /api/typed/v1/snapshot Typed snapshot changed; restart all streams
Atlas request failed /api/typed/v1/import Cross-origin writes are not permitted
✔ actual Worker typed routes enforce transport/maintenance and keep atomic corrections, raw source pins and snapshot paging consistent (2636.992003ms)
✔ legacy23-table projections require the complete known schema and current maintenance clients refuse them as complete backups (3708.247914ms)
✔ derivation closures reject example promotion, cycles and ambiguous roots while example-only acyclic chains remain available under the paused factual gate (2667.732262ms)
✔ bounded hosted client and exact-byte prepared/static resolver agree on all retained values and fail closed on mixed snapshots and corrupted bytes (2682.87736ms)
✔ factual typed geography is retained per claim and cannot be silently repinned on import, correction or prepared reads (2314.281083ms)
ℹ tests 10
ℹ suites 0
ℹ pass 10
ℹ fail 0
ℹ cancelled 0
ℹ skipped 0
ℹ todo 0
ℹ duration_ms 23110.779448
