full product indexed gb:AGO:ADM2 161 invalid 0
full product indexed gb:ALB:ADM2 37 invalid 0
full product indexed gb:ARE:ADM1 7 invalid 0
full product indexed gb:ARG:ADM2 525 invalid 0
full product indexed gb:AUS:ADM2 547 invalid 0
full product indexed gb:AUT:ADM2 94 invalid 0
full product indexed gb:AZE:ADM2 79 invalid 0
full product indexed gb:BEL:ADM3 43 invalid 0
full product indexed gb:BEN:ADM2 77 invalid 0
full product indexed gb:BFA:ADM3 351 invalid 0
full product indexed gb:BGR:ADM2 265 invalid 0
full product indexed gb:BLR:ADM2 118 invalid 0
full product indexed gb:BLZ:ADM1 6 invalid 0
full product indexed gb:BRN:ADM1 4 invalid 0
full product indexed gb:BTN:ADM1 20 invalid 0
full product indexed gb:BWA:ADM2 25 invalid 0
full product indexed gb:CAN:ADM3 5162 invalid 0
full product indexed gb:CHE:ADM2 169 invalid 0
full product indexed gb:CHL:ADM3 345 invalid 0
full product indexed gb:CHN:ADM2 2391 invalid 0
full product indexed gb:CIV:ADM3 510 invalid 0
full product indexed gb:COG:ADM2 46 invalid 0
full product indexed gb:CZE:ADM2 77 invalid 0
full product indexed gb:DEU:ADM3 428 invalid 0
full product indexed gb:DJI:ADM2 11 invalid 0
full product indexed gb:DNK:ADM2 98 invalid 0
full product indexed gb:DZA:ADM2 1541 invalid 0
full product indexed gb:EGY:ADM2 365 invalid 0
full product indexed gb:ERI:ADM2 58 invalid 0
full product indexed gb:ETH:ADM3 690 invalid 0
full product indexed gb:FRA:ADM3 320 invalid 0
full product indexed gb:GAB:ADM2 49 invalid 0
full product indexed gb:GEO:ADM2 68 invalid 0
full product indexed gb:GHA:ADM2 260 invalid 0
full product indexed gb:GIN:ADM2 34 invalid 0
full product indexed gb:GMB:ADM2 48 invalid 0
full product indexed gb:GNB:ADM2 39 invalid 0
full product indexed gb:GNQ:ADM2 28 invalid 0
full product indexed gb:GRC:ADM3 326 invalid 0
full product indexed gb:GTM:ADM2 342 invalid 0
full product indexed gb:GUY:ADM2 27 invalid 0
full product indexed gb:HTI:ADM2 42 invalid 0
full product indexed gb:HUN:ADM2 198 invalid 0
full product indexed gb:IDN:ADM2 519 invalid 0
full product indexed gb:IND:ADM2 735 invalid 0
full product indexed gb:IND:ADM3 6822 invalid 0
full product indexed gb:IRN:ADM2 432 invalid 0
full product indexed gb:ISL:ADM2 74 invalid 0
full product indexed gb:KAZ:ADM2 174 invalid 0
full product indexed gb:KEN:ADM2 290 invalid 0
full product indexed gb:KOR:ADM2 228 invalid 0
full product indexed gb:KWT:ADM1 6 invalid 0
full product indexed gb:LBR:ADM2 136 invalid 0
full product indexed gb:LBY:ADM1 22 invalid 0
full product indexed gb:LKA:ADM2 25 invalid 0
full product indexed gb:LSO:ADM1 10 invalid 0
full product indexed gb:LTU:ADM2 60 invalid 0
full product indexed gb:LVA:ADM1 43 invalid 0
full product indexed gb:MAR:ADM2 75 invalid 0
full product indexed gb:MCO:ADM1 1 invalid 0
full product indexed gb:MDA:ADM1 37 invalid 0
full product indexed gb:MEX:ADM2 2457 invalid 0
full product indexed gb:MKD:ADM2 84 invalid 0
full product indexed gb:MLI:ADM2 50 invalid 0
full product indexed gb:MNE:ADM1 23 invalid 0
full product indexed gb:MNG:ADM2 339 invalid 0
full product indexed gb:MNP:ADM2 4 invalid 0
full product indexed gb:MRT:ADM2 57 invalid 0
full product indexed gb:MWI:ADM2 28 invalid 0
full product indexed gb:MYS:ADM2 159 invalid 0
full product indexed gb:NER:ADM3 266 invalid 0
full product indexed gb:NLD:ADM2 344 invalid 0
full product indexed gb:NOR:ADM2 431 invalid 0
full product indexed gb:NPL:ADM2 75 invalid 0
full product indexed gb:NZL:ADM2 88 invalid 0
full product indexed gb:OMN:ADM2 61 invalid 0
full product indexed gb:PER:ADM2 196 invalid 0
full product indexed gb:PHL:ADM3 1647 invalid 0
full product indexed gb:PLW:ADM1 16 invalid 0
full product indexed gb:POL:ADM2 380 invalid 0
full product indexed gb:PRI:ADM2 78 invalid 0
full product indexed gb:PRK:ADM2 179 invalid 0
full product indexed gb:ROU:ADM1 42 invalid 0
full product indexed gb:RUS:ADM2 2327 invalid 0
full product indexed gb:RWA:ADM2 30 invalid 0
full product indexed gb:SAU:ADM2 147 invalid 0
full product indexed gb:SDN:ADM2 189 invalid 0
full product indexed gb:SEN:ADM2 45 invalid 0
full product indexed gb:SLE:ADM2 14 invalid 0
full product indexed gb:SLV:ADM2 272 invalid 0
full product indexed gb:SOM:ADM2 118 invalid 0
full product indexed gb:SRB:ADM2 145 invalid 0
full product indexed gb:SSD:ADM2 78 invalid 0
full product indexed gb:SVK:ADM2 79 invalid 0
full product indexed gb:SVN:ADM2 212 invalid 0
full product indexed gb:SYC:ADM2 8 invalid 0
full product indexed gb:SYR:ADM2 61 invalid 0
full product indexed gb:TCD:ADM2 70 invalid 0
full product indexed gb:TGO:ADM2 37 invalid 0
full product indexed gb:TLS:ADM2 65 invalid 0
full product indexed gb:TON:ADM1 5 invalid 0
full product indexed gb:TTO:ADM1 14 invalid 0
full product indexed gb:TUN:ADM2 264 invalid 0
full product indexed gb:TUV:ADM1 8 invalid 0
full product indexed gb:TZA:ADM2 170 invalid 0
full product indexed gb:UGA:ADM3 137 invalid 0
full product indexed gb:UKR:ADM2 495 invalid 0
full product indexed gb:USA:ADM2 3233 invalid 0
full product indexed gb:VUT:ADM1 6 invalid 0
full product indexed gb:XKX:ADM1 7 invalid 0
full product indexed gb:YEM:ADM2 335 invalid 0
full product indexed gb:ZAF:ADM3 213 invalid 0
full product indexed gb:ZMB:ADM2 116 invalid 0
processed 250 {'positive-source-coverage-mixed-partial-or-subject-unresolved': 226, 'no-source-intersection-in-literal-domain': 23, 'one-compatible-recorded-subject-uniquely-covers-component': 1} elapsed 10.1
processed 500 {'positive-source-coverage-mixed-partial-or-subject-unresolved': 454, 'no-source-intersection-in-literal-domain': 43, 'one-compatible-recorded-subject-uniquely-covers-component': 3} elapsed 15.5
processed 750 {'positive-source-coverage-mixed-partial-or-subject-unresolved': 675, 'no-source-intersection-in-literal-domain': 67, 'one-compatible-recorded-subject-uniquely-covers-component': 8} elapsed 23.1
processed 1000 {'positive-source-coverage-mixed-partial-or-subject-unresolved': 889, 'no-source-intersection-in-literal-domain': 97, 'one-compatible-recorded-subject-uniquely-covers-component': 14} elapsed 29.4
processed 1250 {'positive-source-coverage-mixed-partial-or-subject-unresolved': 1104, 'no-source-intersection-in-literal-domain': 122, 'one-compatible-recorded-subject-uniquely-covers-component': 24} elapsed 34.7
processed 1500 {'positive-source-coverage-mixed-partial-or-subject-unresolved': 1315, 'no-source-intersection-in-literal-domain': 158, 'one-compatible-recorded-subject-uniquely-covers-component': 27} elapsed 40.9
processed 1750 {'positive-source-coverage-mixed-partial-or-subject-unresolved': 1538, 'no-source-intersection-in-literal-domain': 180, 'one-compatible-recorded-subject-uniquely-covers-component': 32} elapsed 47.2
processed 2000 {'positive-source-coverage-mixed-partial-or-subject-unresolved': 1759, 'no-source-intersection-in-literal-domain': 206, 'one-compatible-recorded-subject-uniquely-covers-component': 35} elapsed 54.0
processed 2250 {'positive-source-coverage-mixed-partial-or-subject-unresolved': 1983, 'no-source-intersection-in-literal-domain': 227, 'one-compatible-recorded-subject-uniquely-covers-component': 39, 'zero-area-contact-only': 1} elapsed 58.9
processed 2500 {'positive-source-coverage-mixed-partial-or-subject-unresolved': 2203, 'no-source-intersection-in-literal-domain': 253, 'one-compatible-recorded-subject-uniquely-covers-component': 43, 'zero-area-contact-only': 1} elapsed 64.5
processed 2750 {'positive-source-coverage-mixed-partial-or-subject-unresolved': 2428, 'no-source-intersection-in-literal-domain': 273, 'one-compatible-recorded-subject-uniquely-covers-component': 48, 'zero-area-contact-only': 1} elapsed 71.1
processed 3000 {'positive-source-coverage-mixed-partial-or-subject-unresolved': 2656, 'no-source-intersection-in-literal-domain': 290, 'one-compatible-recorded-subject-uniquely-covers-component': 53, 'zero-area-contact-only': 1} elapsed 79.9
processed 3250 {'positive-source-coverage-mixed-partial-or-subject-unresolved': 2891, 'no-source-intersection-in-literal-domain': 299, 'one-compatible-recorded-subject-uniquely-covers-component': 59, 'zero-area-contact-only': 1} elapsed 91.7
processed 3500 {'positive-source-coverage-mixed-partial-or-subject-unresolved': 3122, 'no-source-intersection-in-literal-domain': 312, 'one-compatible-recorded-subject-uniquely-covers-component': 64, 'zero-area-contact-only': 2} elapsed 101.0
processed 3750 {'positive-source-coverage-mixed-partial-or-subject-unresolved': 3348, 'no-source-intersection-in-literal-domain': 330, 'one-compatible-recorded-subject-uniquely-covers-component': 70, 'zero-area-contact-only': 2} elapsed 106.7
processed 4000 {'positive-source-coverage-mixed-partial-or-subject-unresolved': 3583, 'no-source-intersection-in-literal-domain': 339, 'one-compatible-recorded-subject-uniquely-covers-component': 76, 'zero-area-contact-only': 2} elapsed 113.0
processed 4250 {'positive-source-coverage-mixed-partial-or-subject-unresolved': 3824, 'no-source-intersection-in-literal-domain': 345, 'one-compatible-recorded-subject-uniquely-covers-component': 78, 'zero-area-contact-only': 3} elapsed 120.0
processed 4500 {'positive-source-coverage-mixed-partial-or-subject-unresolved': 4059, 'no-source-intersection-in-literal-domain': 356, 'one-compatible-recorded-subject-uniquely-covers-component': 82, 'zero-area-contact-only': 3} elapsed 126.2
processed 4750 {'positive-source-coverage-mixed-partial-or-subject-unresolved': 4299, 'no-source-intersection-in-literal-domain': 363, 'one-compatible-recorded-subject-uniquely-covers-component': 84, 'zero-area-contact-only': 4} elapsed 133.0
processed 5000 {'positive-source-coverage-mixed-partial-or-subject-unresolved': 4523, 'no-source-intersection-in-literal-domain': 381, 'one-compatible-recorded-subject-uniquely-covers-component': 92, 'zero-area-contact-only': 4} elapsed 140.0
processed 5250 {'positive-source-coverage-mixed-partial-or-subject-unresolved': 4757, 'no-source-intersection-in-literal-domain': 393, 'one-compatible-recorded-subject-uniquely-covers-component': 95, 'zero-area-contact-only': 5} elapsed 144.4
processed 5500 {'positive-source-coverage-mixed-partial-or-subject-unresolved': 4990, 'no-source-intersection-in-literal-domain': 405, 'one-compatible-recorded-subject-uniquely-covers-component': 100, 'zero-area-contact-only': 5} elapsed 158.8
processed 5750 {'positive-source-coverage-mixed-partial-or-subject-unresolved': 5224, 'no-source-intersection-in-literal-domain': 417, 'one-compatible-recorded-subject-uniquely-covers-component': 104, 'zero-area-contact-only': 5} elapsed 163.9
processed 6000 {'positive-source-coverage-mixed-partial-or-subject-unresolved': 5462, 'no-source-intersection-in-literal-domain': 427, 'one-compatible-recorded-subject-uniquely-covers-component': 106, 'zero-area-contact-only': 5} elapsed 166.7
processed 6250 {'positive-source-coverage-mixed-partial-or-subject-unresolved': 5698, 'no-source-intersection-in-literal-domain': 431, 'one-compatible-recorded-subject-uniquely-covers-component': 114, 'zero-area-contact-only': 7} elapsed 173.0
processed 6500 {'positive-source-coverage-mixed-partial-or-subject-unresolved': 5928, 'no-source-intersection-in-literal-domain': 448, 'one-compatible-recorded-subject-uniquely-covers-component': 117, 'zero-area-contact-only': 7} elapsed 178.6
processed 6750 {'positive-source-coverage-mixed-partial-or-subject-unresolved': 6170, 'no-source-intersection-in-literal-domain': 455, 'one-compatible-recorded-subject-uniquely-covers-component': 118, 'zero-area-contact-only': 7} elapsed 185.1
processed 7000 {'positive-source-coverage-mixed-partial-or-subject-unresolved': 6398, 'no-source-intersection-in-literal-domain': 471, 'one-compatible-recorded-subject-uniquely-covers-component': 124, 'zero-area-contact-only': 7} elapsed 191.9
processed 7250 {'positive-source-coverage-mixed-partial-or-subject-unresolved': 6633, 'no-source-intersection-in-literal-domain': 484, 'one-compatible-recorded-subject-uniquely-covers-component': 126, 'zero-area-contact-only': 7} elapsed 195.2
processed 7500 {'positive-source-coverage-mixed-partial-or-subject-unresolved': 6862, 'no-source-intersection-in-literal-domain': 493, 'one-compatible-recorded-subject-uniquely-covers-component': 138, 'zero-area-contact-only': 7} elapsed 200.1
processed 7750 {'positive-source-coverage-mixed-partial-or-subject-unresolved': 7093, 'no-source-intersection-in-literal-domain': 504, 'one-compatible-recorded-subject-uniquely-covers-component': 145, 'zero-area-contact-only': 8} elapsed 203.7
processed 8000 {'positive-source-coverage-mixed-partial-or-subject-unresolved': 7323, 'no-source-intersection-in-literal-domain': 520, 'one-compatible-recorded-subject-uniquely-covers-component': 148, 'zero-area-contact-only': 9} elapsed 205.9
processed 8250 {'positive-source-coverage-mixed-partial-or-subject-unresolved': 7560, 'no-source-intersection-in-literal-domain': 533, 'one-compatible-recorded-subject-uniquely-covers-component': 148, 'zero-area-contact-only': 9} elapsed 207.8
processed 8500 {'positive-source-coverage-mixed-partial-or-subject-unresolved': 7795, 'no-source-intersection-in-literal-domain': 545, 'one-compatible-recorded-subject-uniquely-covers-component': 151, 'zero-area-contact-only': 9} elapsed 211.5
processed 8750 {'positive-source-coverage-mixed-partial-or-subject-unresolved': 8028, 'no-source-intersection-in-literal-domain': 554, 'one-compatible-recorded-subject-uniquely-covers-component': 157, 'zero-area-contact-only': 11} elapsed 213.9
processed 9000 {'positive-source-coverage-mixed-partial-or-subject-unresolved': 8265, 'no-source-intersection-in-literal-domain': 563, 'one-compatible-recorded-subject-uniquely-covers-component': 160, 'zero-area-contact-only': 12} elapsed 216.2
processed 9250 {'positive-source-coverage-mixed-partial-or-subject-unresolved': 8506, 'no-source-intersection-in-literal-domain': 569, 'one-compatible-recorded-subject-uniquely-covers-component': 161, 'zero-area-contact-only': 14} elapsed 219.0
processed 9500 {'positive-source-coverage-mixed-partial-or-subject-unresolved': 8737, 'no-source-intersection-in-literal-domain': 584, 'one-compatible-recorded-subject-uniquely-covers-component': 165, 'zero-area-contact-only': 14} elapsed 222.6
processed 9750 {'positive-source-coverage-mixed-partial-or-subject-unresolved': 8970, 'no-source-intersection-in-literal-domain': 596, 'one-compatible-recorded-subject-uniquely-covers-component': 170, 'zero-area-contact-only': 14} elapsed 224.4
processed 10000 {'positive-source-coverage-mixed-partial-or-subject-unresolved': 9205, 'no-source-intersection-in-literal-domain': 607, 'one-compatible-recorded-subject-uniquely-covers-component': 173, 'zero-area-contact-only': 15} elapsed 226.2
processed 10250 {'positive-source-coverage-mixed-partial-or-subject-unresolved': 9444, 'no-source-intersection-in-literal-domain': 612, 'one-compatible-recorded-subject-uniquely-covers-component': 177, 'zero-area-contact-only': 17} elapsed 227.9
processed 10500 {'positive-source-coverage-mixed-partial-or-subject-unresolved': 9678, 'no-source-intersection-in-literal-domain': 624, 'one-compatible-recorded-subject-uniquely-covers-component': 181, 'zero-area-contact-only': 17} elapsed 230.2
processed 10750 {'positive-source-coverage-mixed-partial-or-subject-unresolved': 9911, 'no-source-intersection-in-literal-domain': 633, 'one-compatible-recorded-subject-uniquely-covers-component': 186, 'zero-area-contact-only': 20} elapsed 234.0
processed 11000 {'positive-source-coverage-mixed-partial-or-subject-unresolved': 10140, 'no-source-intersection-in-literal-domain': 645, 'one-compatible-recorded-subject-uniquely-covers-component': 194, 'zero-area-contact-only': 21} elapsed 236.8
processed 11250 {'positive-source-coverage-mixed-partial-or-subject-unresolved': 10370, 'no-source-intersection-in-literal-domain': 661, 'one-compatible-recorded-subject-uniquely-covers-component': 197, 'zero-area-contact-only': 22} elapsed 238.6
processed 11500 {'positive-source-coverage-mixed-partial-or-subject-unresolved': 10599, 'no-source-intersection-in-literal-domain': 673, 'one-compatible-recorded-subject-uniquely-covers-component': 205, 'zero-area-contact-only': 23} elapsed 240.8
processed 11750 {'positive-source-coverage-mixed-partial-or-subject-unresolved': 10826, 'no-source-intersection-in-literal-domain': 687, 'one-compatible-recorded-subject-uniquely-covers-component': 213, 'zero-area-contact-only': 24} elapsed 242.8
processed 12000 {'positive-source-coverage-mixed-partial-or-subject-unresolved': 11061, 'no-source-intersection-in-literal-domain': 696, 'one-compatible-recorded-subject-uniquely-covers-component': 218, 'zero-area-contact-only': 25} elapsed 244.6
processed 12250 {'positive-source-coverage-mixed-partial-or-subject-unresolved': 11289, 'no-source-intersection-in-literal-domain': 708, 'one-compatible-recorded-subject-uniquely-covers-component': 226, 'zero-area-contact-only': 27} elapsed 246.2
processed 12500 {'positive-source-coverage-mixed-partial-or-subject-unresolved': 11501, 'no-source-intersection-in-literal-domain': 733, 'one-compatible-recorded-subject-uniquely-covers-component': 239, 'zero-area-contact-only': 27} elapsed 261.9
processed 12750 {'positive-source-coverage-mixed-partial-or-subject-unresolved': 11719, 'no-source-intersection-in-literal-domain': 758, 'one-compatible-recorded-subject-uniquely-covers-component': 246, 'zero-area-contact-only': 27} elapsed 273.9
processed 13000 {'positive-source-coverage-mixed-partial-or-subject-unresolved': 11928, 'no-source-intersection-in-literal-domain': 790, 'one-compatible-recorded-subject-uniquely-covers-component': 255, 'zero-area-contact-only': 27} elapsed 287.6
processed 13250 {'positive-source-coverage-mixed-partial-or-subject-unresolved': 12138, 'no-source-intersection-in-literal-domain': 825, 'one-compatible-recorded-subject-uniquely-covers-component': 260, 'zero-area-contact-only': 27} elapsed 298.9
processed 13500 {'positive-source-coverage-mixed-partial-or-subject-unresolved': 12352, 'no-source-intersection-in-literal-domain': 851, 'one-compatible-recorded-subject-uniquely-covers-component': 268, 'zero-area-contact-only': 29} elapsed 310.4
processed 13750 {'positive-source-coverage-mixed-partial-or-subject-unresolved': 12567, 'no-source-intersection-in-literal-domain': 878, 'one-compatible-recorded-subject-uniquely-covers-component': 276, 'zero-area-contact-only': 29} elapsed 322.2
processed 14000 {'positive-source-coverage-mixed-partial-or-subject-unresolved': 12788, 'no-source-intersection-in-literal-domain': 896, 'one-compatible-recorded-subject-uniquely-covers-component': 286, 'zero-area-contact-only': 30} elapsed 335.7
processed 14250 {'positive-source-coverage-mixed-partial-or-subject-unresolved': 13007, 'no-source-intersection-in-literal-domain': 916, 'one-compatible-recorded-subject-uniquely-covers-component': 294, 'zero-area-contact-only': 33} elapsed 350.3
processed 14500 {'positive-source-coverage-mixed-partial-or-subject-unresolved': 13208, 'no-source-intersection-in-literal-domain': 955, 'one-compatible-recorded-subject-uniquely-covers-component': 304, 'zero-area-contact-only': 33} elapsed 355.6
{"status": "complete-explicit-additive-direct-source-geometry-coverage-screen", "receipt": "/Users/chengshuli/world-atlas-workspace/.worldatlas-workspaces/8c86b01772c1c827/20bafd4a10886b69abb8776943965282fdf2647b369891b5eb49bc9f379c7634/work/.cache/package3/science-one/receipt.json", "counts": {"positive-source-coverage-mixed-partial-or-subject-unresolved": 13363, "no-source-intersection-in-literal-domain": 995, "one-compatible-recorded-subject-uniquely-covers-component": 317, "zero-area-contact-only": 33}, "elapsed_seconds": 357.16135645800387}
