2026-10-11T01:44:03.3212955Z Current runner version: '2.337.0'
2026-10-11T01:44:03.3240487Z ##[group]Runner Image Provisioner
2026-10-11T01:44:03.3241384Z Hosted Compute Agent
2026-10-11T01:44:03.3242138Z Version: 20261002.596
2026-10-11T01:44:03.3242775Z Commit: c3d12f3313a95f25162a1503be624f3b0617f8c0
2026-10-11T01:44:03.3243553Z Build Date: 2026-10-02T22:28:27Z
2026-10-11T01:44:03.3244532Z Worker ID: {34620872-8b97-4577-baa0-6581ea228d7a}
2026-10-11T01:44:03.3245265Z Region: westus
2026-10-11T01:44:03.3245910Z Cloud: Azure
2026-10-11T01:44:03.3246457Z ##[endgroup]
2026-10-11T01:44:03.3247987Z ##[group]Operating System
2026-10-11T01:44:03.3248732Z Ubuntu
2026-10-11T01:44:03.3249263Z 24.04.5
2026-10-11T01:44:03.3249909Z LTS
2026-10-11T01:44:03.3250427Z ##[endgroup]
2026-10-11T01:44:03.3250970Z ##[group]Runner Image
2026-10-11T01:44:03.3251742Z Image: ubuntu-24.04
2026-10-11T01:44:03.3252320Z Version: 20261004.327.1
2026-10-11T01:44:03.3254212Z Included Software: https://github.com/actions/runner-images/blob/ubuntu24/20261004.327/images/ubuntu/Ubuntu2404-Readme.md
2026-10-11T01:44:03.3256107Z Image Release: https://github.com/actions/runner-images/releases/tag/ubuntu24%2F20261004.327
2026-10-11T01:44:03.3257200Z ##[endgroup]
2026-10-11T01:44:03.3258567Z ##[group]GITHUB_TOKEN Permissions
2026-10-11T01:44:03.3260732Z Contents: read
2026-10-11T01:44:03.3261336Z Issues: read
2026-10-11T01:44:03.3261952Z Metadata: read
2026-10-11T01:44:03.3262527Z PullRequests: read
2026-10-11T01:44:03.3263135Z ##[endgroup]
2026-10-11T01:44:03.3265883Z Secret source: Actions
2026-10-11T01:44:03.3266858Z Cache mode: write
2026-10-11T01:44:03.3267650Z Prepare workflow directory
2026-10-11T01:44:03.3671713Z Prepare all required actions
2026-10-11T01:44:03.3728581Z Getting action download info
2026-10-11T01:44:03.7367522Z Download action repository 'actions/checkout@d23441a48e516b6c34aea4fa41551a30e30af803' (SHA:d23441a48e516b6c34aea4fa41551a30e30af803)
2026-10-11T01:44:03.8442443Z Download action repository 'actions/setup-node@249970729cb0ef3589644e2896645e5dc5ba9c38' (SHA:249970729cb0ef3589644e2896645e5dc5ba9c38)
2026-10-11T01:44:03.9803099Z Download action repository 'actions/setup-python@a26af69be951a213d495a4c3e4e4022e16d87065' (SHA:a26af69be951a213d495a4c3e4e4022e16d87065)
2026-10-11T01:44:04.0560246Z Download action repository 'actions/upload-artifact@ea165f8d65b6e75b540449e92b4886f43607fa02' (SHA:ea165f8d65b6e75b540449e92b4886f43607fa02)
2026-10-11T01:44:04.2695496Z Complete job name: geography
2026-10-11T01:44:04.3557515Z ##[group]Run actions/checkout@d23441a48e516b6c34aea4fa41551a30e30af803
2026-10-11T01:44:04.3558589Z with:
2026-10-11T01:44:04.3559071Z   ref: 273d6012233f91ecca54e590d4d6e5af0c79d375
2026-10-11T01:44:04.3559672Z   persist-credentials: false
2026-10-11T01:44:04.3560642Z   sparse-checkout: scripts
src
.github
coordination/engineering/selected-geography-effective-prevention-20261009

2026-10-11T01:44:04.3561656Z   repository: ChengshuLi/WorldAtlas
2026-10-11T01:44:04.3565705Z   token: ***
2026-10-11T01:44:04.3566133Z   ssh-strict: true
2026-10-11T01:44:04.3566586Z   ssh-user: git
2026-10-11T01:44:04.3566997Z   clean: true
2026-10-11T01:44:04.3567427Z   sparse-checkout-cone-mode: true
2026-10-11T01:44:04.3567943Z   fetch-depth: 1
2026-10-11T01:44:04.3568361Z   fetch-tags: false
2026-10-11T01:44:04.3568798Z   show-progress: true
2026-10-11T01:44:04.3569238Z   lfs: false
2026-10-11T01:44:04.3569639Z   submodules: false
2026-10-11T01:44:04.3570076Z   set-safe-directory: true
2026-10-11T01:44:04.3570610Z   allow-unsafe-pr-checkout: false
2026-10-11T01:44:04.3571387Z ##[endgroup]
2026-10-11T01:44:04.4645563Z Syncing repository: ChengshuLi/WorldAtlas
2026-10-11T01:44:04.4648592Z ##[group]Getting Git version info
2026-10-11T01:44:04.4649383Z Working directory is '/home/runner/work/WorldAtlas/WorldAtlas'
2026-10-11T01:44:04.4650430Z [command]/usr/bin/git version
2026-10-11T01:44:04.4710950Z git version 2.55.0
2026-10-11T01:44:04.4747365Z ##[endgroup]
2026-10-11T01:44:04.4760059Z Temporarily overriding HOME='/home/runner/work/_temp/feb6aaa0-3133-4408-afcd-599944019e80' before making global git config changes
2026-10-11T01:44:04.4762899Z Adding repository directory to the temporary git global config as a safe directory
2026-10-11T01:44:04.4767543Z [command]/usr/bin/git config --global --add safe.directory /home/runner/work/WorldAtlas/WorldAtlas
2026-10-11T01:44:04.4828227Z Deleting the contents of '/home/runner/work/WorldAtlas/WorldAtlas'
2026-10-11T01:44:04.4832622Z ##[group]Determining repository object format
2026-10-11T01:44:04.4835043Z ##[endgroup]
2026-10-11T01:44:04.4836255Z ##[group]Initializing the repository
2026-10-11T01:44:04.4840279Z [command]/usr/bin/git init /home/runner/work/WorldAtlas/WorldAtlas
2026-10-11T01:44:04.4944367Z hint: Using 'master' as the name for the initial branch. This default branch name
2026-10-11T01:44:04.4963601Z hint: will change to "main" in Git 3.0. To configure the initial branch name
2026-10-11T01:44:04.4965878Z hint: to use in all of your new repositories, which will suppress this warning,
2026-10-11T01:44:04.4967363Z hint: call:
2026-10-11T01:44:04.4968442Z hint:
2026-10-11T01:44:04.4969465Z hint: 	git config --global init.defaultBranch <name>
2026-10-11T01:44:04.4970498Z hint:
2026-10-11T01:44:04.4972352Z hint: Names commonly chosen instead of 'master' are 'main', 'trunk' and
2026-10-11T01:44:04.4974895Z hint: 'development'. The just-created branch can be renamed via this command:
2026-10-11T01:44:04.4976071Z hint:
2026-10-11T01:44:04.4976832Z hint: 	git branch -m <name>
2026-10-11T01:44:04.4977587Z hint:
2026-10-11T01:44:04.4978582Z hint: Disable this message with "git config set advice.defaultBranchName false"
2026-10-11T01:44:04.4980260Z Initialized empty Git repository in /home/runner/work/WorldAtlas/WorldAtlas/.git/
2026-10-11T01:44:04.4983238Z [command]/usr/bin/git remote add origin https://github.com/ChengshuLi/WorldAtlas
2026-10-11T01:44:04.5024409Z ##[endgroup]
2026-10-11T01:44:04.5025902Z ##[group]Disabling automatic garbage collection
2026-10-11T01:44:04.5028433Z [command]/usr/bin/git config --local gc.auto 0
2026-10-11T01:44:04.5065891Z ##[endgroup]
2026-10-11T01:44:04.5067775Z ##[group]Setting up auth
2026-10-11T01:44:04.5068762Z Removing SSH command configuration
2026-10-11T01:44:04.5075347Z [command]/usr/bin/git config --local --name-only --get-regexp core\.sshCommand
2026-10-11T01:44:04.5125693Z [command]/usr/bin/git submodule foreach --recursive sh -c "git config --local --name-only --get-regexp 'core\.sshCommand' && git config --local --unset-all 'core.sshCommand' || :"
2026-10-11T01:44:04.5518277Z Removing HTTP extra header
2026-10-11T01:44:04.5529499Z [command]/usr/bin/git config --local --name-only --get-regexp http\.https\:\/\/github\.com\/\.extraheader
2026-10-11T01:44:04.5572393Z [command]/usr/bin/git submodule foreach --recursive sh -c "git config --local --name-only --get-regexp 'http\.https\:\/\/github\.com\/\.extraheader' && git config --local --unset-all 'http.https://github.com/.extraheader' || :"
2026-10-11T01:44:04.5806676Z Removing includeIf entries pointing to credentials config files
2026-10-11T01:44:04.5813093Z [command]/usr/bin/git config --local --name-only --get-regexp ^includeIf\.gitdir:
2026-10-11T01:44:04.5854109Z [command]/usr/bin/git submodule foreach --recursive git config --local --show-origin --name-only --get-regexp remote.origin.url
2026-10-11T01:44:04.6156819Z [command]/usr/bin/git config --file /home/runner/work/_temp/git-credentials-f25e0363-18da-4713-b322-cc927bea1d34.config http.https://github.com/.extraheader AUTHORIZATION: basic ***
2026-10-11T01:44:04.6160067Z [command]/usr/bin/git config --local includeIf.gitdir:/home/runner/work/WorldAtlas/WorldAtlas/.git.path /home/runner/work/_temp/git-credentials-f25e0363-18da-4713-b322-cc927bea1d34.config
2026-10-11T01:44:04.6179411Z [command]/usr/bin/git config --local includeIf.gitdir:/home/runner/work/WorldAtlas/WorldAtlas/.git/worktrees/*.path /home/runner/work/_temp/git-credentials-f25e0363-18da-4713-b322-cc927bea1d34.config
2026-10-11T01:44:04.6220167Z [command]/usr/bin/git config --local includeIf.gitdir:/github/workspace/.git.path /github/runner_temp/git-credentials-f25e0363-18da-4713-b322-cc927bea1d34.config
2026-10-11T01:44:04.6268621Z [command]/usr/bin/git config --local includeIf.gitdir:/github/workspace/.git/worktrees/*.path /github/runner_temp/git-credentials-f25e0363-18da-4713-b322-cc927bea1d34.config
2026-10-11T01:44:04.6300784Z ##[endgroup]
2026-10-11T01:44:04.6301615Z ##[group]Fetching the repository
2026-10-11T01:44:04.6310522Z [command]/usr/bin/git -c protocol.version=2 fetch --no-tags --prune --no-recurse-submodules --filter=blob:none --depth=1 origin 273d6012233f91ecca54e590d4d6e5af0c79d375
2026-10-11T01:44:05.1493063Z From https://github.com/ChengshuLi/WorldAtlas
2026-10-11T01:44:05.1495447Z  * branch            273d6012233f91ecca54e590d4d6e5af0c79d375 -> FETCH_HEAD
2026-10-11T01:44:05.1507186Z [command]/usr/bin/git rev-parse --verify --quiet 273d6012233f91ecca54e590d4d6e5af0c79d375^{object}
2026-10-11T01:44:05.1543260Z 273d6012233f91ecca54e590d4d6e5af0c79d375
2026-10-11T01:44:05.1557941Z ##[endgroup]
2026-10-11T01:44:05.1558871Z ##[group]Determining the checkout info
2026-10-11T01:44:05.1559722Z ##[endgroup]
2026-10-11T01:44:05.1560500Z ##[group]Setting up sparse checkout
2026-10-11T01:44:05.1561744Z [command]/usr/bin/git sparse-checkout set scripts src .github coordination/engineering/selected-geography-effective-prevention-20261009
2026-10-11T01:44:05.1617213Z ##[endgroup]
2026-10-11T01:44:05.1618738Z ##[group]Checking out the ref
2026-10-11T01:44:05.1621411Z [command]/usr/bin/git checkout --progress --force 273d6012233f91ecca54e590d4d6e5af0c79d375
2026-10-11T01:44:06.3114827Z Updating files:   0% (1/575)
2026-10-11T01:44:06.3119893Z Updating files:   1% (6/575)
2026-10-11T01:44:06.3125998Z Updating files:   2% (12/575)
2026-10-11T01:44:06.3129082Z Updating files:   3% (18/575)
2026-10-11T01:44:06.3136474Z Updating files:   4% (23/575)
2026-10-11T01:44:06.3143233Z Updating files:   5% (29/575)
2026-10-11T01:44:06.3148716Z Updating files:   6% (35/575)
2026-10-11T01:44:06.3151568Z Updating files:   7% (41/575)
2026-10-11T01:44:06.3156112Z Updating files:   8% (46/575)
2026-10-11T01:44:06.3181082Z Updating files:   9% (52/575)
2026-10-11T01:44:06.3210006Z Updating files:  10% (58/575)
2026-10-11T01:44:06.3243976Z Updating files:  11% (64/575)
2026-10-11T01:44:06.3248323Z Updating files:  12% (69/575)
2026-10-11T01:44:06.3252939Z Updating files:  13% (75/575)
2026-10-11T01:44:06.3258334Z Updating files:  14% (81/575)
2026-10-11T01:44:06.3270662Z Updating files:  15% (87/575)
2026-10-11T01:44:06.3381042Z Updating files:  16% (92/575)
2026-10-11T01:44:06.3385736Z Updating files:  17% (98/575)
2026-10-11T01:44:06.3490271Z Updating files:  18% (104/575)
2026-10-11T01:44:06.3492228Z Updating files:  19% (110/575)
2026-10-11T01:44:06.3505903Z Updating files:  20% (115/575)
2026-10-11T01:44:06.3506462Z Updating files:  21% (121/575)
2026-10-11T01:44:06.3507012Z Updating files:  22% (127/575)
2026-10-11T01:44:06.3507570Z Updating files:  23% (133/575)
2026-10-11T01:44:06.3508341Z Updating files:  24% (138/575)
2026-10-11T01:44:06.3512321Z Updating files:  25% (144/575)
2026-10-11T01:44:06.3515975Z Updating files:  26% (150/575)
2026-10-11T01:44:06.3517633Z Updating files:  27% (156/575)
2026-10-11T01:44:06.3530661Z Updating files:  28% (161/575)
2026-10-11T01:44:06.3541139Z Updating files:  29% (167/575)
2026-10-11T01:44:06.3544640Z Updating files:  30% (173/575)
2026-10-11T01:44:06.3548467Z Updating files:  31% (179/575)
2026-10-11T01:44:06.3554572Z Updating files:  32% (184/575)
2026-10-11T01:44:06.3563800Z Updating files:  33% (190/575)
2026-10-11T01:44:06.3574451Z Updating files:  34% (196/575)
2026-10-11T01:44:06.3579918Z Updating files:  35% (202/575)
2026-10-11T01:44:06.3589355Z Updating files:  36% (207/575)
2026-10-11T01:44:06.3596375Z Updating files:  37% (213/575)
2026-10-11T01:44:06.3602295Z Updating files:  38% (219/575)
2026-10-11T01:44:06.3607266Z Updating files:  39% (225/575)
2026-10-11T01:44:06.3613093Z Updating files:  40% (230/575)
2026-10-11T01:44:06.3617570Z Updating files:  41% (236/575)
2026-10-11T01:44:06.3622743Z Updating files:  42% (242/575)
2026-10-11T01:44:06.3632095Z Updating files:  43% (248/575)
2026-10-11T01:44:06.3637333Z Updating files:  44% (253/575)
2026-10-11T01:44:06.3642242Z Updating files:  45% (259/575)
2026-10-11T01:44:06.3647717Z Updating files:  46% (265/575)
2026-10-11T01:44:06.3651616Z Updating files:  47% (271/575)
2026-10-11T01:44:06.3657997Z Updating files:  48% (276/575)
2026-10-11T01:44:06.3664792Z Updating files:  49% (282/575)
2026-10-11T01:44:06.3670828Z Updating files:  50% (288/575)
2026-10-11T01:44:06.3675023Z Updating files:  51% (294/575)
2026-10-11T01:44:06.3680535Z Updating files:  52% (299/575)
2026-10-11T01:44:06.3686195Z Updating files:  53% (305/575)
2026-10-11T01:44:06.3691376Z Updating files:  54% (311/575)
2026-10-11T01:44:06.3695870Z Updating files:  55% (317/575)
2026-10-11T01:44:06.3702554Z Updating files:  56% (322/575)
2026-10-11T01:44:06.3707913Z Updating files:  57% (328/575)
2026-10-11T01:44:06.3713208Z Updating files:  58% (334/575)
2026-10-11T01:44:06.3735296Z Updating files:  59% (340/575)
2026-10-11T01:44:06.3736595Z Updating files:  60% (345/575)
2026-10-11T01:44:06.3737396Z Updating files:  61% (351/575)
2026-10-11T01:44:06.3738184Z Updating files:  62% (357/575)
2026-10-11T01:44:06.3738987Z Updating files:  63% (363/575)
2026-10-11T01:44:06.3744281Z Updating files:  64% (368/575)
2026-10-11T01:44:06.3751152Z Updating files:  65% (374/575)
2026-10-11T01:44:06.3760313Z Updating files:  66% (380/575)
2026-10-11T01:44:06.3764419Z Updating files:  67% (386/575)
2026-10-11T01:44:06.3771728Z Updating files:  68% (391/575)
2026-10-11T01:44:06.3779187Z Updating files:  69% (397/575)
2026-10-11T01:44:06.3784545Z Updating files:  70% (403/575)
2026-10-11T01:44:06.3789347Z Updating files:  71% (409/575)
2026-10-11T01:44:06.3794070Z Updating files:  72% (414/575)
2026-10-11T01:44:06.3803238Z Updating files:  73% (420/575)
2026-10-11T01:44:06.3804739Z Updating files:  74% (426/575)
2026-10-11T01:44:06.3811023Z Updating files:  75% (432/575)
2026-10-11T01:44:06.3816630Z Updating files:  76% (437/575)
2026-10-11T01:44:06.3822197Z Updating files:  77% (443/575)
2026-10-11T01:44:06.3830027Z Updating files:  78% (449/575)
2026-10-11T01:44:06.3837421Z Updating files:  79% (455/575)
2026-10-11T01:44:06.3843883Z Updating files:  80% (460/575)
2026-10-11T01:44:06.3849977Z Updating files:  81% (466/575)
2026-10-11T01:44:06.3855610Z Updating files:  82% (472/575)
2026-10-11T01:44:06.3860678Z Updating files:  83% (478/575)
2026-10-11T01:44:06.3866907Z Updating files:  84% (483/575)
2026-10-11T01:44:06.3871509Z Updating files:  85% (489/575)
2026-10-11T01:44:06.3877489Z Updating files:  86% (495/575)
2026-10-11T01:44:06.3881304Z Updating files:  87% (501/575)
2026-10-11T01:44:06.3887297Z Updating files:  88% (506/575)
2026-10-11T01:44:06.3893651Z Updating files:  89% (512/575)
2026-10-11T01:44:06.3901762Z Updating files:  90% (518/575)
2026-10-11T01:44:06.3908343Z Updating files:  91% (524/575)
2026-10-11T01:44:06.3912260Z Updating files:  92% (529/575)
2026-10-11T01:44:06.3918518Z Updating files:  93% (535/575)
2026-10-11T01:44:06.3922620Z Updating files:  94% (541/575)
2026-10-11T01:44:06.3927034Z Updating files:  95% (547/575)
2026-10-11T01:44:06.3932533Z Updating files:  96% (552/575)
2026-10-11T01:44:06.3936601Z Updating files:  97% (558/575)
2026-10-11T01:44:06.3942318Z Updating files:  98% (564/575)
2026-10-11T01:44:06.3946469Z Updating files:  99% (570/575)
2026-10-11T01:44:06.3946915Z Updating files: 100% (575/575)
2026-10-11T01:44:06.3947362Z Updating files: 100% (575/575), done.
2026-10-11T01:44:06.4250011Z Note: switching to '273d6012233f91ecca54e590d4d6e5af0c79d375'.
2026-10-11T01:44:06.4250579Z 
2026-10-11T01:44:06.4251125Z You are in 'detached HEAD' state. You can look around, make experimental
2026-10-11T01:44:06.4252289Z changes and commit them, and you can discard any commits you make in this
2026-10-11T01:44:06.4253166Z state without impacting any branches by switching back to a branch.
2026-10-11T01:44:06.4253702Z 
2026-10-11T01:44:06.4254303Z If you want to create a new branch to retain commits you create, you may
2026-10-11T01:44:06.4255599Z do so (now or later) by using -c with the switch command. Example:
2026-10-11T01:44:06.4256026Z 
2026-10-11T01:44:06.4256207Z   git switch -c <new-branch-name>
2026-10-11T01:44:06.4256496Z 
2026-10-11T01:44:06.4256663Z Or undo this operation with:
2026-10-11T01:44:06.4256938Z 
2026-10-11T01:44:06.4257075Z   git switch -
2026-10-11T01:44:06.4257264Z 
2026-10-11T01:44:06.4257644Z Turn off this advice by setting config variable advice.detachedHead to false
2026-10-11T01:44:06.4258170Z 
2026-10-11T01:44:06.4258587Z HEAD is now at 273d601 Qualify the original UKR singleton source/native producer on Linux
2026-10-11T01:44:06.4274646Z ##[endgroup]
2026-10-11T01:44:06.4325695Z [command]/usr/bin/git log -1 --format=%H
2026-10-11T01:44:06.4358137Z 273d6012233f91ecca54e590d4d6e5af0c79d375
2026-10-11T01:44:06.4369681Z ##[group]Removing auth
2026-10-11T01:44:06.4370259Z Removing SSH command configuration
2026-10-11T01:44:06.4375952Z [command]/usr/bin/git config --local --name-only --get-regexp core\.sshCommand
2026-10-11T01:44:06.4415248Z [command]/usr/bin/git submodule foreach --recursive sh -c "git config --local --name-only --get-regexp 'core\.sshCommand' && git config --local --unset-all 'core.sshCommand' || :"
2026-10-11T01:44:06.4685383Z Removing HTTP extra header
2026-10-11T01:44:06.4692628Z [command]/usr/bin/git config --local --name-only --get-regexp http\.https\:\/\/github\.com\/\.extraheader
2026-10-11T01:44:06.4734903Z [command]/usr/bin/git submodule foreach --recursive sh -c "git config --local --name-only --get-regexp 'http\.https\:\/\/github\.com\/\.extraheader' && git config --local --unset-all 'http.https://github.com/.extraheader' || :"
2026-10-11T01:44:06.4999874Z Removing includeIf entries pointing to credentials config files
2026-10-11T01:44:06.5005358Z [command]/usr/bin/git config --local --name-only --get-regexp ^includeIf\.gitdir:
2026-10-11T01:44:06.5036825Z includeif.gitdir:/home/runner/work/WorldAtlas/WorldAtlas/.git.path
2026-10-11T01:44:06.5037582Z includeif.gitdir:/home/runner/work/WorldAtlas/WorldAtlas/.git/worktrees/*.path
2026-10-11T01:44:06.5038069Z includeif.gitdir:/github/workspace/.git.path
2026-10-11T01:44:06.5038447Z includeif.gitdir:/github/workspace/.git/worktrees/*.path
2026-10-11T01:44:06.5050196Z [command]/usr/bin/git config --local --get-all includeif.gitdir:/home/runner/work/WorldAtlas/WorldAtlas/.git.path
2026-10-11T01:44:06.5079193Z /home/runner/work/_temp/git-credentials-f25e0363-18da-4713-b322-cc927bea1d34.config
2026-10-11T01:44:06.5089287Z [command]/usr/bin/git config --local --unset includeif.gitdir:/home/runner/work/WorldAtlas/WorldAtlas/.git.path /home/runner/work/_temp/git-credentials-f25e0363-18da-4713-b322-cc927bea1d34.config
2026-10-11T01:44:06.5128491Z [command]/usr/bin/git config --local --get-all includeif.gitdir:/home/runner/work/WorldAtlas/WorldAtlas/.git/worktrees/*.path
2026-10-11T01:44:06.5155275Z /home/runner/work/_temp/git-credentials-f25e0363-18da-4713-b322-cc927bea1d34.config
2026-10-11T01:44:06.5165129Z [command]/usr/bin/git config --local --unset includeif.gitdir:/home/runner/work/WorldAtlas/WorldAtlas/.git/worktrees/*.path /home/runner/work/_temp/git-credentials-f25e0363-18da-4713-b322-cc927bea1d34.config
2026-10-11T01:44:06.5211653Z [command]/usr/bin/git config --local --get-all includeif.gitdir:/github/workspace/.git.path
2026-10-11T01:44:06.5237961Z /github/runner_temp/git-credentials-f25e0363-18da-4713-b322-cc927bea1d34.config
2026-10-11T01:44:06.5247553Z [command]/usr/bin/git config --local --unset includeif.gitdir:/github/workspace/.git.path /github/runner_temp/git-credentials-f25e0363-18da-4713-b322-cc927bea1d34.config
2026-10-11T01:44:06.5286105Z [command]/usr/bin/git config --local --get-all includeif.gitdir:/github/workspace/.git/worktrees/*.path
2026-10-11T01:44:06.5313405Z /github/runner_temp/git-credentials-f25e0363-18da-4713-b322-cc927bea1d34.config
2026-10-11T01:44:06.5322203Z [command]/usr/bin/git config --local --unset includeif.gitdir:/github/workspace/.git/worktrees/*.path /github/runner_temp/git-credentials-f25e0363-18da-4713-b322-cc927bea1d34.config
2026-10-11T01:44:06.5360322Z [command]/usr/bin/git submodule foreach --recursive git config --local --show-origin --name-only --get-regexp remote.origin.url
2026-10-11T01:44:06.5620035Z Removing credentials config '/home/runner/work/_temp/git-credentials-f25e0363-18da-4713-b322-cc927bea1d34.config'
2026-10-11T01:44:06.5631270Z ##[endgroup]
2026-10-11T01:44:06.5898095Z ##[group]Run actions/setup-node@249970729cb0ef3589644e2896645e5dc5ba9c38
2026-10-11T01:44:06.5898514Z with:
2026-10-11T01:44:06.5898726Z   node-version: 24
2026-10-11T01:44:06.5898950Z   check-latest: false
2026-10-11T01:44:06.5901448Z   token: ***
2026-10-11T01:44:06.5901672Z   package-manager-cache: true
2026-10-11T01:44:06.5901921Z ##[endgroup]
2026-10-11T01:44:06.7349185Z Found in cache @ /opt/hostedtoolcache/node/24.21.0/x64
2026-10-11T01:44:06.7353404Z ##[group]Environment details
2026-10-11T01:44:09.3706139Z node: v24.21.0
2026-10-11T01:44:09.3706525Z npm: 11.19.0
2026-10-11T01:44:09.3706854Z yarn: 1.22.22
2026-10-11T01:44:09.3707831Z ##[endgroup]
2026-10-11T01:44:09.3898132Z ##[group]Run actions/setup-python@a26af69be951a213d495a4c3e4e4022e16d87065
2026-10-11T01:44:09.3898562Z with:
2026-10-11T01:44:09.3898773Z   python-version: 3.12
2026-10-11T01:44:09.3899013Z   check-latest: false
2026-10-11T01:44:09.3901605Z   token: ***
2026-10-11T01:44:09.3901827Z   update-environment: true
2026-10-11T01:44:09.3902075Z   allow-prereleases: false
2026-10-11T01:44:09.3902303Z   freethreaded: false
2026-10-11T01:44:09.3902514Z ##[endgroup]
2026-10-11T01:44:09.5278842Z ##[group]Installed versions
2026-10-11T01:44:09.5373346Z (node:2417) [DEP0040] DeprecationWarning: The `punycode` module is deprecated. Please use a userland alternative instead.
2026-10-11T01:44:09.5375159Z (Use `node --trace-deprecation ...` to show where the warning was created)
2026-10-11T01:44:09.5376056Z Successfully set up CPython (3.12.15)
2026-10-11T01:44:09.5388082Z ##[endgroup]
2026-10-11T01:44:09.5588586Z ##[group]Run python -m pip install -r requirements.txt
2026-10-11T01:44:09.5589331Z [36;1mpython -m pip install -r requirements.txt[0m
2026-10-11T01:44:09.5935473Z shell: /usr/bin/bash -e {0}
2026-10-11T01:44:09.5935810Z env:
2026-10-11T01:44:09.5936143Z   pythonLocation: /opt/hostedtoolcache/Python/3.12.15/x64
2026-10-11T01:44:09.5936689Z   PKG_CONFIG_PATH: /opt/hostedtoolcache/Python/3.12.15/x64/lib/pkgconfig
2026-10-11T01:44:09.5937214Z   Python_ROOT_DIR: /opt/hostedtoolcache/Python/3.12.15/x64
2026-10-11T01:44:09.5937678Z   Python2_ROOT_DIR: /opt/hostedtoolcache/Python/3.12.15/x64
2026-10-11T01:44:09.5938152Z   Python3_ROOT_DIR: /opt/hostedtoolcache/Python/3.12.15/x64
2026-10-11T01:44:09.5938621Z   LD_LIBRARY_PATH: /opt/hostedtoolcache/Python/3.12.15/x64/lib
2026-10-11T01:44:09.5939015Z ##[endgroup]
2026-10-11T01:44:10.7377707Z Collecting numpy==2.3.5 (from -r requirements.txt (line 2))
2026-10-11T01:44:10.7878915Z   Downloading numpy-2.3.5-cp312-cp312-manylinux_2_27_x86_64.manylinux_2_28_x86_64.whl.metadata (62 kB)
2026-10-11T01:44:10.9276492Z Collecting shapely==2.1.2 (from -r requirements.txt (line 3))
2026-10-11T01:44:10.9364337Z   Downloading shapely-2.1.2-cp312-cp312-manylinux2014_x86_64.manylinux_2_17_x86_64.whl.metadata (6.8 kB)
2026-10-11T01:44:11.0195579Z Collecting pyproj==3.7.2 (from -r requirements.txt (line 4))
2026-10-11T01:44:11.0273622Z   Downloading pyproj-3.7.2-cp312-cp312-manylinux_2_28_x86_64.whl.metadata (31 kB)
2026-10-11T01:44:11.1354089Z Collecting rasterio==1.4.3 (from -r requirements.txt (line 5))
2026-10-11T01:44:11.1407045Z   Downloading rasterio-1.4.3-cp312-cp312-manylinux_2_17_x86_64.manylinux2014_x86_64.whl.metadata (9.1 kB)
2026-10-11T01:44:11.2869985Z Collecting scipy==1.17.0 (from -r requirements.txt (line 6))
2026-10-11T01:44:11.2929071Z   Downloading scipy-1.17.0-cp312-cp312-manylinux_2_27_x86_64.manylinux_2_28_x86_64.whl.metadata (62 kB)
2026-10-11T01:44:11.3419365Z Collecting certifi (from pyproj==3.7.2->-r requirements.txt (line 4))
2026-10-11T01:44:11.3454613Z   Downloading certifi-2026.7.22-py3-none-any.whl.metadata (2.5 kB)
2026-10-11T01:44:11.3737006Z Collecting affine (from rasterio==1.4.3->-r requirements.txt (line 5))
2026-10-11T01:44:11.3787444Z   Downloading affine-3.0.1-py3-none-any.whl.metadata (4.5 kB)
2026-10-11T01:44:11.4086235Z Collecting attrs (from rasterio==1.4.3->-r requirements.txt (line 5))
2026-10-11T01:44:11.4118791Z   Downloading attrs-26.1.0-py3-none-any.whl.metadata (8.8 kB)
2026-10-11T01:44:11.4455304Z Collecting click>=4.0 (from rasterio==1.4.3->-r requirements.txt (line 5))
2026-10-11T01:44:11.4494780Z   Downloading click-8.5.0-py3-none-any.whl.metadata (2.6 kB)
2026-10-11T01:44:11.4756932Z Collecting cligj>=0.5 (from rasterio==1.4.3->-r requirements.txt (line 5))
2026-10-11T01:44:11.4800381Z   Downloading cligj-0.7.2-py3-none-any.whl.metadata (5.0 kB)
2026-10-11T01:44:11.5098211Z Collecting click-plugins (from rasterio==1.4.3->-r requirements.txt (line 5))
2026-10-11T01:44:11.5146302Z   Downloading click_plugins-1.1.1.2-py2.py3-none-any.whl.metadata (6.5 kB)
2026-10-11T01:44:11.5542549Z Collecting pyparsing (from rasterio==1.4.3->-r requirements.txt (line 5))
2026-10-11T01:44:11.5576497Z   Downloading pyparsing-3.3.3-py3-none-any.whl.metadata (5.9 kB)
2026-10-11T01:44:11.5702435Z Downloading numpy-2.3.5-cp312-cp312-manylinux_2_27_x86_64.manylinux_2_28_x86_64.whl (16.6 MB)
2026-10-11T01:44:11.6695646Z    ━━━━━━━━━━━━━━━━━━━━━━━━━━━━━━━━━━━━━━━━ 16.6/16.6 MB 176.0 MB/s  0:00:00
2026-10-11T01:44:11.6735487Z Downloading shapely-2.1.2-cp312-cp312-manylinux2014_x86_64.manylinux_2_17_x86_64.whl (3.1 MB)
2026-10-11T01:44:11.7010729Z    ━━━━━━━━━━━━━━━━━━━━━━━━━━━━━━━━━━━━━━━━ 3.1/3.1 MB 120.9 MB/s  0:00:00
2026-10-11T01:44:11.7066414Z Downloading pyproj-3.7.2-cp312-cp312-manylinux_2_28_x86_64.whl (9.6 MB)
2026-10-11T01:44:11.7511059Z    ━━━━━━━━━━━━━━━━━━━━━━━━━━━━━━━━━━━━━━━━ 9.6/9.6 MB 221.7 MB/s  0:00:00
2026-10-11T01:44:11.7561511Z Downloading rasterio-1.4.3-cp312-cp312-manylinux_2_17_x86_64.manylinux2014_x86_64.whl (22.3 MB)
2026-10-11T01:44:11.9126636Z    ━━━━━━━━━━━━━━━━━━━━━━━━━━━━━━━━━━━━━━━━ 22.3/22.3 MB 155.9 MB/s  0:00:00
2026-10-11T01:44:11.9179647Z Downloading scipy-1.17.0-cp312-cp312-manylinux_2_27_x86_64.manylinux_2_28_x86_64.whl (35.0 MB)
2026-10-11T01:44:12.1758307Z    ━━━━━━━━━━━━━━━━━━━━━━━━━━━━━━━━━━━━━━━━ 35.0/35.0 MB 136.0 MB/s  0:00:00
2026-10-11T01:44:12.1796134Z Downloading click-8.5.0-py3-none-any.whl (125 kB)
2026-10-11T01:44:12.1870583Z Downloading cligj-0.7.2-py3-none-any.whl (7.1 kB)
2026-10-11T01:44:12.1932034Z Downloading affine-3.0.1-py3-none-any.whl (10 kB)
2026-10-11T01:44:12.1985030Z Downloading attrs-26.1.0-py3-none-any.whl (67 kB)
2026-10-11T01:44:12.2039250Z Downloading certifi-2026.7.22-py3-none-any.whl (136 kB)
2026-10-11T01:44:12.2095410Z Downloading click_plugins-1.1.1.2-py2.py3-none-any.whl (11 kB)
2026-10-11T01:44:12.2151269Z Downloading pyparsing-3.3.3-py3-none-any.whl (126 kB)
2026-10-11T01:44:12.4233592Z Installing collected packages: pyparsing, numpy, click, certifi, attrs, shapely, scipy, pyproj, cligj, click-plugins, affine, rasterio
2026-10-11T01:44:20.1355435Z 
2026-10-11T01:44:20.1374107Z Successfully installed affine-3.0.1 attrs-26.1.0 certifi-2026.7.22 click-8.5.0 click-plugins-1.1.1.2 cligj-0.7.2 numpy-2.3.5 pyparsing-3.3.3 pyproj-3.7.2 rasterio-1.4.3 scipy-1.17.0 shapely-2.1.2
2026-10-11T01:44:20.2235128Z ##[group]Run if test -f scripts/run-geographic-check.py; then
2026-10-11T01:44:20.2235662Z [36;1mif test -f scripts/run-geographic-check.py; then[0m
2026-10-11T01:44:20.2236094Z [36;1m  python -I -B - --fetch --out geography-check.json <<'PY'[0m
2026-10-11T01:44:20.2236475Z [36;1mimport runpy, subprocess, sys[0m
2026-10-11T01:44:20.2236741Z [36;1mtry:[0m
2026-10-11T01:44:20.2237082Z [36;1m    runpy.run_path('scripts/run-geographic-check.py', run_name='__main__')[0m
2026-10-11T01:44:20.2237550Z [36;1mexcept subprocess.CalledProcessError as error:[0m
2026-10-11T01:44:20.2237881Z [36;1m    if error.stderr:[0m
2026-10-11T01:44:20.2238167Z [36;1m        sys.stderr.buffer.write(error.stderr)[0m
2026-10-11T01:44:20.2238680Z [36;1m        sys.stderr.buffer.flush()[0m
2026-10-11T01:44:20.2238967Z [36;1m    raise[0m
2026-10-11T01:44:20.2239167Z [36;1mPY[0m
2026-10-11T01:44:20.2239351Z [36;1melse[0m
2026-10-11T01:44:20.2239693Z [36;1m  # Only this named activation branch can report bootstrap absence,[0m
2026-10-11T01:44:20.2240174Z [36;1m  # and only after trusted API code proves it changes no live data.[0m
2026-10-11T01:44:20.2240563Z [36;1m  node --input-type=module <<'NODE'[0m
2026-10-11T01:44:20.2240853Z [36;1mimport fs from 'node:fs';[0m
2026-10-11T01:44:20.2241260Z [36;1mimport {githubAPI, githubPages} from './scripts/issue-claim-contract.mjs';[0m
2026-10-11T01:44:20.2241862Z [36;1mconst event = JSON.parse(fs.readFileSync(process.env.GITHUB_EVENT_PATH, 'utf8'));[0m
2026-10-11T01:44:20.2242486Z [36;1mconst repo = process.env.GITHUB_REPOSITORY, number = event.pull_request?.number;[0m
2026-10-11T01:44:20.2243136Z [36;1mif (!/^[-\w.]+\/[-\w.]+$/.test(repo ?? '') || !Number.isSafeInteger(number)) throw Error('Invalid bootstrap event');[0m
2026-10-11T01:44:20.2244037Z [36;1mconst api = githubAPI(process.env.GH_TOKEN), root = `/repos/${repo}`;[0m
2026-10-11T01:44:20.2244500Z [36;1mconst pr = await api(`${root}/pulls/${number}`);[0m
2026-10-11T01:44:20.2244889Z [36;1mif (pr.head.sha !== process.env.GEOGRAPHY_CANDIDATE ||[0m
2026-10-11T01:44:20.2245334Z [36;1m    pr.head.ref !== 'engineering/geographic-gate-920-20261005-local04' ||[0m
2026-10-11T01:44:20.2245801Z [36;1m    pr.head.repo?.full_name !== repo || pr.base.ref !== 'main' ||[0m
2026-10-11T01:44:20.2246349Z [36;1m    !Number.isSafeInteger(pr.changed_files) || pr.changed_files < 1 || pr.changed_files > 3000) {[0m
2026-10-11T01:44:20.2246980Z [36;1m  throw Error('Geographic checker unavailable outside the bounded activation PR');[0m
2026-10-11T01:44:20.2247393Z [36;1m}[0m
2026-10-11T01:44:20.2247701Z [36;1mconst files = await githubPages(api, `${root}/pulls/${number}/files`);[0m
2026-10-11T01:44:20.2248282Z [36;1mif (files.length !== pr.changed_files || new Set(files.map(f => f.filename)).size !== files.length ||[0m
2026-10-11T01:44:20.2248997Z [36;1m    files.some(f => [f.filename, f.previous_filename].filter(Boolean).some(name => name.startsWith('data/')))) {[0m
2026-10-11T01:44:20.2249678Z [36;1m  throw Error('Bootstrap cannot waive changed live data or an incomplete inventory');[0m
2026-10-11T01:44:20.2250099Z [36;1m}[0m
2026-10-11T01:44:20.2250490Z [36;1mfs.writeFileSync('geography-check.json', JSON.stringify({status: 'bootstrap-unavailable',[0m
2026-10-11T01:44:20.2251092Z [36;1m  geometry_validated: false, live_data_changed: false, head_sha: pr.head.sha,[0m
2026-10-11T01:44:20.2251714Z [36;1m  limits: ['Only the named activation PR; the combined check becomes mandatory after merge.']}) + '\n');[0m
2026-10-11T01:44:20.2252191Z [36;1mNODE[0m
2026-10-11T01:44:20.2252373Z [36;1mfi[0m
2026-10-11T01:44:20.2319352Z shell: /usr/bin/bash -e {0}
2026-10-11T01:44:20.2319601Z env:
2026-10-11T01:44:20.2319874Z   pythonLocation: /opt/hostedtoolcache/Python/3.12.15/x64
2026-10-11T01:44:20.2320318Z   PKG_CONFIG_PATH: /opt/hostedtoolcache/Python/3.12.15/x64/lib/pkgconfig
2026-10-11T01:44:20.2320749Z   Python_ROOT_DIR: /opt/hostedtoolcache/Python/3.12.15/x64
2026-10-11T01:44:20.2321327Z   Python2_ROOT_DIR: /opt/hostedtoolcache/Python/3.12.15/x64
2026-10-11T01:44:20.2321727Z   Python3_ROOT_DIR: /opt/hostedtoolcache/Python/3.12.15/x64
2026-10-11T01:44:20.2322114Z   LD_LIBRARY_PATH: /opt/hostedtoolcache/Python/3.12.15/x64/lib
2026-10-11T01:44:20.2325291Z   GH_TOKEN: ***
2026-10-11T01:44:20.2325515Z   GEOGRAPHY_PR_NUMBER: 1705
2026-10-11T01:44:20.2325859Z   GEOGRAPHY_REVIEWED_HEAD: 568bfa4c4042ba6f47c0c4558cb2bcf09a46895a
2026-10-11T01:44:20.2326300Z   GEOGRAPHY_BASELINE: 273d6012233f91ecca54e590d4d6e5af0c79d375
2026-10-11T01:44:20.2326703Z   GEOGRAPHY_CANDIDATE: 568bfa4c4042ba6f47c0c4558cb2bcf09a46895a
2026-10-11T01:44:20.2327035Z ##[endgroup]
2026-10-11T01:48:06.0867984Z file:///home/runner/work/WorldAtlas/WorldAtlas/scripts/check-effective-geographic-regression.mjs:13
2026-10-11T01:48:06.0870278Z const demand=(v,m)=>{if(!v)throw Error(m);};
2026-10-11T01:48:06.0871062Z                                  ^
2026-10-11T01:48:06.0871473Z 
2026-10-11T01:48:06.0872166Z Error: Selected source/policy/qualification binding differs
2026-10-11T01:48:06.0874524Z     at demand (file:///home/runner/work/WorldAtlas/WorldAtlas/scripts/check-effective-geographic-regression.mjs:13:34)
2026-10-11T01:48:06.0876970Z     at readArtifactConsumption (file:///home/runner/work/WorldAtlas/WorldAtlas/scripts/check-effective-geographic-regression.mjs:388:3)
2026-10-11T01:48:06.0879157Z     at loadBaseSelection (file:///home/runner/work/WorldAtlas/WorldAtlas/scripts/check-effective-geographic-regression.mjs:415:29)
2026-10-11T01:48:06.0881116Z     at loadSelection (file:///home/runner/work/WorldAtlas/WorldAtlas/scripts/check-effective-geographic-regression.mjs:458:18)
2026-10-11T01:48:06.0882878Z     at inspectSelected (file:///home/runner/work/WorldAtlas/WorldAtlas/scripts/check-effective-geographic-regression.mjs:632:15)
2026-10-11T01:48:06.0884747Z     at file:///home/runner/work/WorldAtlas/WorldAtlas/scripts/check-effective-geographic-regression.mjs:703:88
2026-10-11T01:48:06.0885862Z     at ModuleJob.run (node:internal/modules/esm/module_job:561:25)
2026-10-11T01:48:06.0886639Z     at async node:internal/modules/esm/loader:647:26
2026-10-11T01:48:06.0887562Z     at async asyncRunEntryPointWithESMLoader (node:internal/modules/run_main:101:5)
2026-10-11T01:48:06.0888198Z 
2026-10-11T01:48:06.0888377Z Node.js v24.21.0
2026-10-11T01:48:06.0888868Z Traceback (most recent call last):
2026-10-11T01:48:06.0889564Z   File "<stdin>", line 3, in <module>
2026-10-11T01:48:06.0890242Z   File "<frozen runpy>", line 287, in run_path
2026-10-11T01:48:06.0890958Z   File "<frozen runpy>", line 98, in _run_module_code
2026-10-11T01:48:06.0891652Z   File "<frozen runpy>", line 88, in _run_code
2026-10-11T01:48:06.0892454Z   File "scripts/run-geographic-check.py", line 840, in <module>
2026-10-11T01:48:06.0893193Z     raise SystemExit(main())
2026-10-11T01:48:06.0893628Z                      ^^^^^^
2026-10-11T01:48:06.0894534Z   File "scripts/run-geographic-check.py", line 819, in main
2026-10-11T01:48:06.0895643Z     result = apply_adjudications(repo, args.candidate, inspect(repo, args.baseline, args.candidate))
2026-10-11T01:48:06.0896766Z                                                        ^^^^^^^^^^^^^^^^^^^^^^^^^^^^^^^^^^^^^^^^^^^^
2026-10-11T01:48:06.0897606Z   File "scripts/run-geographic-check.py", line 714, in inspect
2026-10-11T01:48:06.0898324Z     native_raw = subprocess.check_output([
2026-10-11T01:48:06.0898888Z                  ^^^^^^^^^^^^^^^^^^^^^^^^^
2026-10-11T01:48:06.0899903Z   File "/opt/hostedtoolcache/Python/3.12.15/x64/lib/python3.12/subprocess.py", line 466, in check_output
2026-10-11T01:48:06.1235466Z     return run(*popenargs, stdout=PIPE, timeout=timeout, check=True,
2026-10-11T01:48:06.1236213Z            ^^^^^^^^^^^^^^^^^^^^^^^^^^^^^^^^^^^^^^^^^^^^^^^^^^^^^^^^^
2026-10-11T01:48:06.1237149Z   File "/opt/hostedtoolcache/Python/3.12.15/x64/lib/python3.12/subprocess.py", line 571, in run
2026-10-11T01:48:06.1533944Z     raise CalledProcessError(retcode, process.args,
2026-10-11T01:48:06.1538155Z subprocess.CalledProcessError: Command '['node', '/home/runner/work/WorldAtlas/WorldAtlas/scripts/check-effective-geographic-regression.mjs', '/home/runner/work/WorldAtlas/WorldAtlas', '273d6012233f91ecca54e590d4d6e5af0c79d375', '568bfa4c4042ba6f47c0c4558cb2bcf09a46895a', '/opt/hostedtoolcache/Python/3.12.15/x64/bin/python']' returned non-zero exit status 1.
2026-10-11T01:48:06.1639189Z ##[error]Process completed with exit code 1.
2026-10-11T01:48:06.1732502Z ##[group]Run actions/upload-artifact@ea165f8d65b6e75b540449e92b4886f43607fa02
2026-10-11T01:48:06.1732926Z with:
2026-10-11T01:48:06.1733139Z   name: proposed-geography-1705-1
2026-10-11T01:48:06.1733428Z   path: geography-check.json
2026-10-11T01:48:06.1733666Z   retention-days: 30
2026-10-11T01:48:06.1734373Z   if-no-files-found: warn
2026-10-11T01:48:06.1734602Z   compression-level: 6
2026-10-11T01:48:06.1734815Z   overwrite: false
2026-10-11T01:48:06.1735022Z   include-hidden-files: false
2026-10-11T01:48:06.1735244Z env:
2026-10-11T01:48:06.1735491Z   pythonLocation: /opt/hostedtoolcache/Python/3.12.15/x64
2026-10-11T01:48:06.1735929Z   PKG_CONFIG_PATH: /opt/hostedtoolcache/Python/3.12.15/x64/lib/pkgconfig
2026-10-11T01:48:06.1736353Z   Python_ROOT_DIR: /opt/hostedtoolcache/Python/3.12.15/x64
2026-10-11T01:48:06.1736744Z   Python2_ROOT_DIR: /opt/hostedtoolcache/Python/3.12.15/x64
2026-10-11T01:48:06.1737131Z   Python3_ROOT_DIR: /opt/hostedtoolcache/Python/3.12.15/x64
2026-10-11T01:48:06.1737555Z   LD_LIBRARY_PATH: /opt/hostedtoolcache/Python/3.12.15/x64/lib
2026-10-11T01:48:06.1737874Z ##[endgroup]
2026-10-11T01:48:06.3496088Z (node:11519) [DEP0040] DeprecationWarning: The `punycode` module is deprecated. Please use a userland alternative instead.
2026-10-11T01:48:06.3497170Z (Use `node --trace-deprecation ...` to show where the warning was created)
2026-10-11T01:48:06.3531129Z ##[warning]No files were found with the provided path: geography-check.json. No artifacts will be uploaded.
2026-10-11T01:48:06.3791177Z Post job cleanup.
2026-10-11T01:48:06.4752744Z [command]/usr/bin/git version
2026-10-11T01:48:06.4802480Z git version 2.55.0
2026-10-11T01:48:06.4847297Z Temporarily overriding HOME='/home/runner/work/_temp/4f938585-d905-41de-a717-8f87de35f302' before making global git config changes
2026-10-11T01:48:06.4848900Z Adding repository directory to the temporary git global config as a safe directory
2026-10-11T01:48:06.4853455Z [command]/usr/bin/git config --global --add safe.directory /home/runner/work/WorldAtlas/WorldAtlas
2026-10-11T01:48:06.4895732Z Removing SSH command configuration
2026-10-11T01:48:06.4904433Z [command]/usr/bin/git config --local --name-only --get-regexp core\.sshCommand
2026-10-11T01:48:06.4954647Z [command]/usr/bin/git submodule foreach --recursive sh -c "git config --local --name-only --get-regexp 'core\.sshCommand' && git config --local --unset-all 'core.sshCommand' || :"
2026-10-11T01:48:06.5275917Z Removing HTTP extra header
2026-10-11T01:48:06.5277132Z [command]/usr/bin/git config --local --name-only --get-regexp http\.https\:\/\/github\.com\/\.extraheader
2026-10-11T01:48:06.5321993Z [command]/usr/bin/git submodule foreach --recursive sh -c "git config --local --name-only --get-regexp 'http\.https\:\/\/github\.com\/\.extraheader' && git config --local --unset-all 'http.https://github.com/.extraheader' || :"
2026-10-11T01:48:06.5650227Z Removing includeIf entries pointing to credentials config files
2026-10-11T01:48:06.5660327Z [command]/usr/bin/git config --local --name-only --get-regexp ^includeIf\.gitdir:
2026-10-11T01:48:06.5711049Z [command]/usr/bin/git submodule foreach --recursive git config --local --show-origin --name-only --get-regexp remote.origin.url
2026-10-11T01:48:06.6154516Z Cleaning up orphan processes
2026-10-11T01:48:06.6596015Z ##[warning]Node.js 20 is deprecated. The following actions target Node.js 20 but are being forced to run on Node.js 24: actions/setup-python@a26af69be951a213d495a4c3e4e4022e16d87065, actions/upload-artifact@ea165f8d65b6e75b540449e92b4886f43607fa02. For more information see: https://github.blog/changelog/2025-09-19-deprecation-of-node-20-on-github-actions-runners/
