2026-10-11T01:44:02.6765223Z Current runner version: '2.337.0'
2026-10-11T01:44:02.6781738Z ##[group]Runner Image Provisioner
2026-10-11T01:44:02.6782300Z Hosted Compute Agent
2026-10-11T01:44:02.6782683Z Version: 20261002.596
2026-10-11T01:44:02.6783044Z Commit: c3d12f3313a95f25162a1503be624f3b0617f8c0
2026-10-11T01:44:02.6783496Z Build Date: 2026-10-02T22:28:27Z
2026-10-11T01:44:02.6783886Z Worker ID: {149ae304-e49e-4592-8409-a59cc4994e11}
2026-10-11T01:44:02.6784365Z Region: centralus
2026-10-11T01:44:02.6784704Z Cloud: Azure
2026-10-11T01:44:02.6785016Z ##[endgroup]
2026-10-11T01:44:02.6786021Z ##[group]Operating System
2026-10-11T01:44:02.6786374Z Ubuntu
2026-10-11T01:44:02.6786665Z 24.04.5
2026-10-11T01:44:02.6787035Z LTS
2026-10-11T01:44:02.6787334Z ##[endgroup]
2026-10-11T01:44:02.6787685Z ##[group]Runner Image
2026-10-11T01:44:02.6788040Z Image: ubuntu-24.04
2026-10-11T01:44:02.6788408Z Version: 20261004.327.1
2026-10-11T01:44:02.6789135Z Included Software: https://github.com/actions/runner-images/blob/ubuntu24/20261004.327/images/ubuntu/Ubuntu2404-Readme.md
2026-10-11T01:44:02.6790008Z Image Release: https://github.com/actions/runner-images/releases/tag/ubuntu24%2F20261004.327
2026-10-11T01:44:02.6790586Z ##[endgroup]
2026-10-11T01:44:02.6791312Z ##[group]GITHUB_TOKEN Permissions
2026-10-11T01:44:02.6792443Z Contents: read
2026-10-11T01:44:02.6792764Z Metadata: read
2026-10-11T01:44:02.6793152Z PullRequests: read
2026-10-11T01:44:02.6793481Z ##[endgroup]
2026-10-11T01:44:02.6794718Z Secret source: Actions
2026-10-11T01:44:02.6795372Z Cache mode: write
2026-10-11T01:44:02.6795789Z Prepare workflow directory
2026-10-11T01:44:02.6990954Z Prepare all required actions
2026-10-11T01:44:02.7030169Z Getting action download info
2026-10-11T01:44:02.9353285Z Download action repository 'actions/checkout@d23441a48e516b6c34aea4fa41551a30e30af803' (SHA:d23441a48e516b6c34aea4fa41551a30e30af803)
2026-10-11T01:44:03.0477294Z Download action repository 'actions/setup-node@249970729cb0ef3589644e2896645e5dc5ba9c38' (SHA:249970729cb0ef3589644e2896645e5dc5ba9c38)
2026-10-11T01:44:03.1820093Z Download action repository 'actions/setup-python@a26af69be951a213d495a4c3e4e4022e16d87065' (SHA:a26af69be951a213d495a4c3e4e4022e16d87065)
2026-10-11T01:44:03.2955506Z Download action repository 'actions/upload-artifact@ea165f8d65b6e75b540449e92b4886f43607fa02' (SHA:ea165f8d65b6e75b540449e92b4886f43607fa02)
2026-10-11T01:44:03.5529159Z Complete job name: regression (0)
2026-10-11T01:44:03.6025006Z ##[group]Run actions/checkout@d23441a48e516b6c34aea4fa41551a30e30af803
2026-10-11T01:44:03.6025695Z with:
2026-10-11T01:44:03.6025941Z   ref: 568bfa4c4042ba6f47c0c4558cb2bcf09a46895a
2026-10-11T01:44:03.6026255Z   persist-credentials: false
2026-10-11T01:44:03.6026525Z   repository: ChengshuLi/WorldAtlas
2026-10-11T01:44:03.6028531Z   token: ***
2026-10-11T01:44:03.6028749Z   ssh-strict: true
2026-10-11T01:44:03.6028973Z   ssh-user: git
2026-10-11T01:44:03.6029190Z   clean: true
2026-10-11T01:44:03.6029422Z   sparse-checkout-cone-mode: true
2026-10-11T01:44:03.6029724Z   fetch-depth: 1
2026-10-11T01:44:03.6029960Z   fetch-tags: false
2026-10-11T01:44:03.6030184Z   show-progress: true
2026-10-11T01:44:03.6030410Z   lfs: false
2026-10-11T01:44:03.6030622Z   submodules: false
2026-10-11T01:44:03.6030851Z   set-safe-directory: true
2026-10-11T01:44:03.6031109Z   allow-unsafe-pr-checkout: false
2026-10-11T01:44:03.6031487Z ##[endgroup]
2026-10-11T01:44:03.6707312Z Syncing repository: ChengshuLi/WorldAtlas
2026-10-11T01:44:03.6708465Z ##[group]Getting Git version info
2026-10-11T01:44:03.6709043Z Working directory is '/home/runner/work/WorldAtlas/WorldAtlas'
2026-10-11T01:44:03.6709981Z [command]/usr/bin/git version
2026-10-11T01:44:03.6794695Z git version 2.55.0
2026-10-11T01:44:03.6808721Z ##[endgroup]
2026-10-11T01:44:03.6820563Z Temporarily overriding HOME='/home/runner/work/_temp/e32b5a4c-15f5-4b31-8a12-74502e038e8c' before making global git config changes
2026-10-11T01:44:03.6821737Z Adding repository directory to the temporary git global config as a safe directory
2026-10-11T01:44:03.6825087Z [command]/usr/bin/git config --global --add safe.directory /home/runner/work/WorldAtlas/WorldAtlas
2026-10-11T01:44:03.6870456Z Deleting the contents of '/home/runner/work/WorldAtlas/WorldAtlas'
2026-10-11T01:44:03.6874019Z ##[group]Determining repository object format
2026-10-11T01:44:03.6875917Z ##[endgroup]
2026-10-11T01:44:03.6876522Z ##[group]Initializing the repository
2026-10-11T01:44:03.6879381Z [command]/usr/bin/git init /home/runner/work/WorldAtlas/WorldAtlas
2026-10-11T01:44:03.6993848Z hint: Using 'master' as the name for the initial branch. This default branch name
2026-10-11T01:44:03.6994543Z hint: will change to "main" in Git 3.0. To configure the initial branch name
2026-10-11T01:44:03.6995025Z hint: to use in all of your new repositories, which will suppress this warning,
2026-10-11T01:44:03.6995636Z hint: call:
2026-10-11T01:44:03.6995843Z hint:
2026-10-11T01:44:03.6996123Z hint: 	git config --global init.defaultBranch <name>
2026-10-11T01:44:03.6996460Z hint:
2026-10-11T01:44:03.6996799Z hint: Names commonly chosen instead of 'master' are 'main', 'trunk' and
2026-10-11T01:44:03.6997265Z hint: 'development'. The just-created branch can be renamed via this command:
2026-10-11T01:44:03.6997634Z hint:
2026-10-11T01:44:03.6997850Z hint: 	git branch -m <name>
2026-10-11T01:44:03.6998092Z hint:
2026-10-11T01:44:03.6998425Z hint: Disable this message with "git config set advice.defaultBranchName false"
2026-10-11T01:44:03.7003060Z Initialized empty Git repository in /home/runner/work/WorldAtlas/WorldAtlas/.git/
2026-10-11T01:44:03.7011612Z [command]/usr/bin/git remote add origin https://github.com/ChengshuLi/WorldAtlas
2026-10-11T01:44:03.7060713Z ##[endgroup]
2026-10-11T01:44:03.7061466Z ##[group]Disabling automatic garbage collection
2026-10-11T01:44:03.7066773Z [command]/usr/bin/git config --local gc.auto 0
2026-10-11T01:44:03.7103368Z ##[endgroup]
2026-10-11T01:44:03.7104049Z ##[group]Setting up auth
2026-10-11T01:44:03.7104443Z Removing SSH command configuration
2026-10-11T01:44:03.7104980Z [command]/usr/bin/git config --local --name-only --get-regexp core\.sshCommand
2026-10-11T01:44:03.7136977Z [command]/usr/bin/git submodule foreach --recursive sh -c "git config --local --name-only --get-regexp 'core\.sshCommand' && git config --local --unset-all 'core.sshCommand' || :"
2026-10-11T01:44:03.7469386Z Removing HTTP extra header
2026-10-11T01:44:03.7474458Z [command]/usr/bin/git config --local --name-only --get-regexp http\.https\:\/\/github\.com\/\.extraheader
2026-10-11T01:44:03.7504300Z [command]/usr/bin/git submodule foreach --recursive sh -c "git config --local --name-only --get-regexp 'http\.https\:\/\/github\.com\/\.extraheader' && git config --local --unset-all 'http.https://github.com/.extraheader' || :"
2026-10-11T01:44:03.7681643Z Removing includeIf entries pointing to credentials config files
2026-10-11T01:44:03.7686485Z [command]/usr/bin/git config --local --name-only --get-regexp ^includeIf\.gitdir:
2026-10-11T01:44:03.7715132Z [command]/usr/bin/git submodule foreach --recursive git config --local --show-origin --name-only --get-regexp remote.origin.url
2026-10-11T01:44:03.7893586Z [command]/usr/bin/git config --file /home/runner/work/_temp/git-credentials-18e178d6-46dc-4062-9393-4bdf860c578a.config http.https://github.com/.extraheader AUTHORIZATION: basic ***
2026-10-11T01:44:03.7924569Z [command]/usr/bin/git config --local includeIf.gitdir:/home/runner/work/WorldAtlas/WorldAtlas/.git.path /home/runner/work/_temp/git-credentials-18e178d6-46dc-4062-9393-4bdf860c578a.config
2026-10-11T01:44:03.7953644Z [command]/usr/bin/git config --local includeIf.gitdir:/home/runner/work/WorldAtlas/WorldAtlas/.git/worktrees/*.path /home/runner/work/_temp/git-credentials-18e178d6-46dc-4062-9393-4bdf860c578a.config
2026-10-11T01:44:03.7984038Z [command]/usr/bin/git config --local includeIf.gitdir:/github/workspace/.git.path /github/runner_temp/git-credentials-18e178d6-46dc-4062-9393-4bdf860c578a.config
2026-10-11T01:44:03.8012393Z [command]/usr/bin/git config --local includeIf.gitdir:/github/workspace/.git/worktrees/*.path /github/runner_temp/git-credentials-18e178d6-46dc-4062-9393-4bdf860c578a.config
2026-10-11T01:44:03.8037235Z ##[endgroup]
2026-10-11T01:44:03.8037651Z ##[group]Fetching the repository
2026-10-11T01:44:03.8042721Z [command]/usr/bin/git -c protocol.version=2 fetch --no-tags --prune --no-recurse-submodules --depth=1 origin 568bfa4c4042ba6f47c0c4558cb2bcf09a46895a
2026-10-11T01:45:19.8045913Z From https://github.com/ChengshuLi/WorldAtlas
2026-10-11T01:45:19.8046897Z  * branch              568bfa4c4042ba6f47c0c4558cb2bcf09a46895a -> FETCH_HEAD
2026-10-11T01:45:19.8059693Z [command]/usr/bin/git rev-parse --verify --quiet 568bfa4c4042ba6f47c0c4558cb2bcf09a46895a^{object}
2026-10-11T01:45:19.8093422Z 568bfa4c4042ba6f47c0c4558cb2bcf09a46895a
2026-10-11T01:45:19.8101633Z ##[endgroup]
2026-10-11T01:45:19.8102085Z ##[group]Determining the checkout info
2026-10-11T01:45:19.8102479Z ##[endgroup]
2026-10-11T01:45:19.8102808Z [command]/usr/bin/git sparse-checkout disable
2026-10-11T01:45:19.8147499Z [command]/usr/bin/git config --local --unset-all extensions.worktreeConfig
2026-10-11T01:45:19.8173408Z ##[group]Checking out the ref
2026-10-11T01:45:19.8175759Z [command]/usr/bin/git checkout --progress --force 568bfa4c4042ba6f47c0c4558cb2bcf09a46895a
2026-10-11T01:45:20.9241530Z Updating files:   7% (2258/29244)
2026-10-11T01:45:21.1110046Z Updating files:   8% (2340/29244)
2026-10-11T01:45:21.5263944Z Updating files:   9% (2632/29244)
2026-10-11T01:45:21.6619812Z Updating files:  10% (2925/29244)
2026-10-11T01:45:21.8636167Z Updating files:  11% (3217/29244)
2026-10-11T01:45:21.9539986Z Updating files:  11% (3398/29244)
2026-10-11T01:45:22.5633159Z Updating files:  12% (3510/29244)
2026-10-11T01:45:22.8021992Z Updating files:  13% (3802/29244)
2026-10-11T01:45:22.8628138Z Updating files:  14% (4095/29244)
2026-10-11T01:45:23.1795368Z Updating files:  14% (4161/29244)
2026-10-11T01:45:23.8623987Z Updating files:  15% (4387/29244)
2026-10-11T01:45:23.9631947Z Updating files:  15% (4653/29244)
2026-10-11T01:45:24.8756100Z Updating files:  16% (4680/29244)
2026-10-11T01:45:25.0868567Z Updating files:  16% (4938/29244)
2026-10-11T01:45:25.3321139Z Updating files:  17% (4972/29244)
2026-10-11T01:45:25.6757839Z Updating files:  18% (5264/29244)
2026-10-11T01:45:25.8710413Z Updating files:  19% (5557/29244)
2026-10-11T01:45:25.8729332Z Updating files:  19% (5803/29244)
2026-10-11T01:45:26.0039920Z Updating files:  20% (5849/29244)
2026-10-11T01:45:26.1351089Z Updating files:  21% (6142/29244)
2026-10-11T01:45:26.8730115Z Updating files:  22% (6434/29244)
2026-10-11T01:45:27.0482060Z Updating files:  22% (6717/29244)
2026-10-11T01:45:27.8621936Z Updating files:  23% (6727/29244)
2026-10-11T01:45:27.9022910Z Updating files:  23% (7001/29244)
2026-10-11T01:45:28.4646455Z Updating files:  24% (7019/29244)
2026-10-11T01:45:28.8661285Z Updating files:  25% (7311/29244)
2026-10-11T01:45:29.8516466Z Updating files:  25% (7433/29244)
2026-10-11T01:45:29.8657617Z Updating files:  26% (7604/29244)
2026-10-11T01:45:30.3234343Z Updating files:  26% (7606/29244)
2026-10-11T01:45:30.8903044Z Updating files:  27% (7896/29244)
2026-10-11T01:45:31.8041479Z Updating files:  27% (8087/29244)
2026-10-11T01:45:31.8662456Z Updating files:  28% (8189/29244)
2026-10-11T01:45:32.4903293Z Updating files:  28% (8200/29244)
2026-10-11T01:45:32.6515161Z Updating files:  29% (8481/29244)
2026-10-11T01:45:32.8664134Z Updating files:  30% (8774/29244)
2026-10-11T01:45:33.1706468Z Updating files:  30% (8994/29244)
2026-10-11T01:45:33.8627329Z Updating files:  31% (9066/29244)
2026-10-11T01:45:33.9860204Z Updating files:  31% (9328/29244)
2026-10-11T01:45:34.3462739Z Updating files:  32% (9359/29244)
2026-10-11T01:45:34.4246848Z Updating files:  33% (9651/29244)
2026-10-11T01:45:34.8690020Z Updating files:  34% (9943/29244)
2026-10-11T01:45:35.1854681Z Updating files:  34% (10112/29244)
2026-10-11T01:45:35.3589228Z Updating files:  35% (10236/29244)
2026-10-11T01:45:35.8729319Z Updating files:  36% (10528/29244)
2026-10-11T01:45:36.0113939Z Updating files:  36% (10619/29244)
2026-10-11T01:45:36.1964285Z Updating files:  37% (10821/29244)
2026-10-11T01:45:36.4340645Z Updating files:  38% (11113/29244)
2026-10-11T01:45:36.7335530Z Updating files:  39% (11406/29244)
2026-10-11T01:45:36.8660015Z Updating files:  40% (11698/29244)
2026-10-11T01:45:36.9657326Z Updating files:  40% (11808/29244)
2026-10-11T01:45:36.9804318Z Updating files:  41% (11991/29244)
2026-10-11T01:45:36.9947682Z Updating files:  42% (12283/29244)
2026-10-11T01:45:37.0093597Z Updating files:  43% (12575/29244)
2026-10-11T01:45:37.0256503Z Updating files:  44% (12868/29244)
2026-10-11T01:45:37.8673284Z Updating files:  45% (13160/29244)
2026-10-11T01:45:38.5941887Z Updating files:  45% (13382/29244)
2026-10-11T01:45:38.7641811Z Updating files:  46% (13453/29244)
2026-10-11T01:45:38.8750300Z Updating files:  47% (13745/29244)
2026-10-11T01:45:39.0311716Z Updating files:  47% (13878/29244)
2026-10-11T01:45:39.2811627Z Updating files:  48% (14038/29244)
2026-10-11T01:45:39.8639507Z Updating files:  49% (14330/29244)
2026-10-11T01:45:40.8670065Z Updating files:  49% (14449/29244)
2026-10-11T01:45:41.1450439Z Updating files:  49% (14575/29244)
2026-10-11T01:45:41.6041457Z Updating files:  50% (14622/29244)
2026-10-11T01:45:41.8742242Z Updating files:  51% (14915/29244)
2026-10-11T01:45:42.5081265Z Updating files:  51% (15037/29244)
2026-10-11T01:45:42.8630327Z Updating files:  52% (15207/29244)
2026-10-11T01:45:43.1405827Z Updating files:  52% (15374/29244)
2026-10-11T01:45:43.6081601Z Updating files:  53% (15500/29244)
2026-10-11T01:45:43.8760685Z Updating files:  54% (15792/29244)
2026-10-11T01:45:44.5482996Z Updating files:  54% (15834/29244)
2026-10-11T01:45:44.8759765Z Updating files:  55% (16085/29244)
2026-10-11T01:45:45.1209540Z Updating files:  55% (16117/29244)
2026-10-11T01:45:45.6972904Z Updating files:  56% (16377/29244)
2026-10-11T01:45:45.7579832Z Updating files:  57% (16670/29244)
2026-10-11T01:45:45.9459099Z Updating files:  58% (16962/29244)
2026-10-11T01:45:46.8769888Z Updating files:  58% (16970/29244)
2026-10-11T01:45:47.3477417Z Updating files:  58% (17155/29244)
2026-10-11T01:45:47.8741948Z Updating files:  59% (17254/29244)
2026-10-11T01:45:48.8682901Z Updating files:  59% (17355/29244)
2026-10-11T01:45:49.0673343Z Updating files:  59% (17481/29244)
2026-10-11T01:45:49.8752648Z Updating files:  60% (17547/29244)
2026-10-11T01:45:50.5692364Z Updating files:  60% (17718/29244)
2026-10-11T01:45:50.8835136Z Updating files:  61% (17839/29244)
2026-10-11T01:45:51.8912084Z Updating files:  61% (17855/29244)
2026-10-11T01:45:52.0354845Z Updating files:  61% (18050/29244)
2026-10-11T01:45:52.9392066Z Updating files:  62% (18132/29244)
2026-10-11T01:45:53.8914972Z Updating files:  62% (18263/29244)
2026-10-11T01:45:53.9222254Z Updating files:  63% (18424/29244)
2026-10-11T01:45:54.8748322Z Updating files:  63% (18429/29244)
2026-10-11T01:45:55.4578243Z Updating files:  63% (18610/29244)
2026-10-11T01:45:56.2312540Z Updating files:  64% (18717/29244)
2026-10-11T01:45:56.9012261Z Updating files:  64% (18771/29244)
2026-10-11T01:45:57.5942978Z Updating files:  64% (18846/29244)
2026-10-11T01:45:57.8750336Z Updating files:  65% (19009/29244)
2026-10-11T01:45:59.0544021Z Updating files:  65% (19098/29244)
2026-10-11T01:45:59.3014691Z Updating files:  65% (19178/29244)
2026-10-11T01:45:59.8098216Z Updating files:  66% (19302/29244)
2026-10-11T01:45:59.8413496Z Updating files:  67% (19594/29244)
2026-10-11T01:45:59.8902352Z Updating files:  68% (19886/29244)
2026-10-11T01:46:00.1712778Z Updating files:  68% (20012/29244)
2026-10-11T01:46:00.9119763Z Updating files:  69% (20179/29244)
2026-10-11T01:46:01.0812364Z Updating files:  69% (20432/29244)
2026-10-11T01:46:01.1254302Z Updating files:  70% (20471/29244)
2026-10-11T01:46:02.0190688Z Updating files:  71% (20764/29244)
2026-10-11T01:46:02.9052953Z Updating files:  71% (21037/29244)
2026-10-11T01:46:02.9754787Z Updating files:  71% (21050/29244)
2026-10-11T01:46:03.5165867Z Updating files:  72% (21056/29244)
2026-10-11T01:46:03.8614118Z Updating files:  73% (21349/29244)
2026-10-11T01:46:03.8650379Z Updating files:  73% (21618/29244)
2026-10-11T01:46:03.9548148Z Updating files:  74% (21641/29244)
2026-10-11T01:46:04.8859237Z Updating files:  75% (21933/29244)
2026-10-11T01:46:06.2486007Z Updating files:  75% (22058/29244)
2026-10-11T01:46:06.2534129Z Updating files:  75% (22157/29244)
2026-10-11T01:46:06.7870746Z Updating files:  76% (22226/29244)
2026-10-11T01:46:06.9571431Z Updating files:  77% (22518/29244)
2026-10-11T01:46:07.3589821Z Updating files:  77% (22527/29244)
2026-10-11T01:46:07.8046855Z Updating files:  78% (22811/29244)
2026-10-11T01:46:07.8163621Z Updating files:  79% (23103/29244)
2026-10-11T01:46:07.8674709Z Updating files:  80% (23396/29244)
2026-10-11T01:46:09.7933517Z Updating files:  80% (23508/29244)
2026-10-11T01:46:09.8133145Z Updating files:  80% (23638/29244)
2026-10-11T01:46:09.9410505Z Updating files:  81% (23688/29244)
2026-10-11T01:46:10.8364905Z Updating files:  81% (23706/29244)
2026-10-11T01:46:10.8760917Z Updating files:  82% (23981/29244)
2026-10-11T01:46:12.0796995Z Updating files:  82% (24016/29244)
2026-10-11T01:46:13.7209379Z Updating files:  82% (24077/29244)
2026-10-11T01:46:13.9414994Z Updating files:  82% (24127/29244)
2026-10-11T01:46:15.1270759Z Updating files:  82% (24133/29244)
2026-10-11T01:46:15.9308620Z Updating files:  82% (24223/29244)
2026-10-11T01:46:16.2121775Z Updating files:  82% (24230/29244)
2026-10-11T01:46:16.4171401Z Updating files:  83% (24273/29244)
2026-10-11T01:46:16.8944866Z Updating files:  84% (24565/29244)
2026-10-11T01:46:17.8756575Z Updating files:  84% (24605/29244)
2026-10-11T01:46:18.4708874Z Updating files:  84% (24649/29244)
2026-10-11T01:46:18.8729067Z Updating files:  85% (24858/29244)
2026-10-11T01:46:19.0081875Z Updating files:  85% (24974/29244)
2026-10-11T01:46:19.0486220Z Updating files:  86% (25150/29244)
2026-10-11T01:46:19.2449482Z Updating files:  87% (25443/29244)
2026-10-11T01:46:19.3281378Z Updating files:  88% (25735/29244)
2026-10-11T01:46:19.9370976Z Updating files:  89% (26028/29244)
2026-10-11T01:46:19.9380314Z Updating files:  89% (26315/29244)
2026-10-11T01:46:20.7062359Z Updating files:  90% (26320/29244)
2026-10-11T01:46:20.7400129Z Updating files:  91% (26613/29244)
2026-10-11T01:46:20.8629891Z Updating files:  92% (26905/29244)
2026-10-11T01:46:20.9141446Z Updating files:  92% (27158/29244)
2026-10-11T01:46:21.8911737Z Updating files:  93% (27197/29244)
2026-10-11T01:46:21.9064060Z Updating files:  93% (27414/29244)
2026-10-11T01:46:22.9966728Z Updating files:  94% (27490/29244)
2026-10-11T01:46:23.3431753Z Updating files:  94% (27550/29244)
2026-10-11T01:46:23.3581385Z Updating files:  95% (27782/29244)
2026-10-11T01:46:23.8483272Z Updating files:  96% (28075/29244)
2026-10-11T01:46:23.8849252Z Updating files:  97% (28367/29244)
2026-10-11T01:46:24.0476050Z Updating files:  97% (28372/29244)
2026-10-11T01:46:24.1371004Z Updating files:  98% (28660/29244)
2026-10-11T01:46:24.1774817Z Updating files:  99% (28952/29244)
2026-10-11T01:46:24.1848720Z Updating files: 100% (29244/29244)
2026-10-11T01:46:24.1849174Z Updating files: 100% (29244/29244), done.
2026-10-11T01:46:24.1967105Z Note: switching to '568bfa4c4042ba6f47c0c4558cb2bcf09a46895a'.
2026-10-11T01:46:24.1967458Z 
2026-10-11T01:46:24.1967955Z You are in 'detached HEAD' state. You can look around, make experimental
2026-10-11T01:46:24.1968367Z changes and commit them, and you can discard any commits you make in this
2026-10-11T01:46:24.1968728Z state without impacting any branches by switching back to a branch.
2026-10-11T01:46:24.1968940Z 
2026-10-11T01:46:24.1969083Z If you want to create a new branch to retain commits you create, you may
2026-10-11T01:46:24.1969441Z do so (now or later) by using -c with the switch command. Example:
2026-10-11T01:46:24.1969673Z 
2026-10-11T01:46:24.1969764Z   git switch -c <new-branch-name>
2026-10-11T01:46:24.1969904Z 
2026-10-11T01:46:24.1969985Z Or undo this operation with:
2026-10-11T01:46:24.1970114Z 
2026-10-11T01:46:24.1970183Z   git switch -
2026-10-11T01:46:24.1970482Z 
2026-10-11T01:46:24.1970648Z Turn off this advice by setting config variable advice.detachedHead to false
2026-10-11T01:46:24.1970889Z 
2026-10-11T01:46:24.2000459Z HEAD is now at 568bfa4c Document genuine selected results and bind focused delivery evidence
2026-10-11T01:46:24.2494654Z ##[endgroup]
2026-10-11T01:46:24.2628732Z [command]/usr/bin/git log -1 --format=%H
2026-10-11T01:46:24.2651534Z 568bfa4c4042ba6f47c0c4558cb2bcf09a46895a
2026-10-11T01:46:24.2703310Z ##[group]Removing auth
2026-10-11T01:46:24.2706382Z Removing SSH command configuration
2026-10-11T01:46:24.2710591Z [command]/usr/bin/git config --local --name-only --get-regexp core\.sshCommand
2026-10-11T01:46:24.2737951Z [command]/usr/bin/git submodule foreach --recursive sh -c "git config --local --name-only --get-regexp 'core\.sshCommand' && git config --local --unset-all 'core.sshCommand' || :"
2026-10-11T01:46:24.2957905Z Removing HTTP extra header
2026-10-11T01:46:24.2960815Z [command]/usr/bin/git config --local --name-only --get-regexp http\.https\:\/\/github\.com\/\.extraheader
2026-10-11T01:46:24.2987320Z [command]/usr/bin/git submodule foreach --recursive sh -c "git config --local --name-only --get-regexp 'http\.https\:\/\/github\.com\/\.extraheader' && git config --local --unset-all 'http.https://github.com/.extraheader' || :"
2026-10-11T01:46:24.3177022Z Removing includeIf entries pointing to credentials config files
2026-10-11T01:46:24.3181183Z [command]/usr/bin/git config --local --name-only --get-regexp ^includeIf\.gitdir:
2026-10-11T01:46:24.3207439Z includeif.gitdir:/home/runner/work/WorldAtlas/WorldAtlas/.git.path
2026-10-11T01:46:24.3208015Z includeif.gitdir:/home/runner/work/WorldAtlas/WorldAtlas/.git/worktrees/*.path
2026-10-11T01:46:24.3208647Z includeif.gitdir:/github/workspace/.git.path
2026-10-11T01:46:24.3209173Z includeif.gitdir:/github/workspace/.git/worktrees/*.path
2026-10-11T01:46:24.3217848Z [command]/usr/bin/git config --local --get-all includeif.gitdir:/home/runner/work/WorldAtlas/WorldAtlas/.git.path
2026-10-11T01:46:24.3283572Z /home/runner/work/_temp/git-credentials-18e178d6-46dc-4062-9393-4bdf860c578a.config
2026-10-11T01:46:24.3308578Z [command]/usr/bin/git config --local --unset includeif.gitdir:/home/runner/work/WorldAtlas/WorldAtlas/.git.path /home/runner/work/_temp/git-credentials-18e178d6-46dc-4062-9393-4bdf860c578a.config
2026-10-11T01:46:24.3339240Z [command]/usr/bin/git config --local --get-all includeif.gitdir:/home/runner/work/WorldAtlas/WorldAtlas/.git/worktrees/*.path
2026-10-11T01:46:24.3359502Z /home/runner/work/_temp/git-credentials-18e178d6-46dc-4062-9393-4bdf860c578a.config
2026-10-11T01:46:24.3367384Z [command]/usr/bin/git config --local --unset includeif.gitdir:/home/runner/work/WorldAtlas/WorldAtlas/.git/worktrees/*.path /home/runner/work/_temp/git-credentials-18e178d6-46dc-4062-9393-4bdf860c578a.config
2026-10-11T01:46:24.3394263Z [command]/usr/bin/git config --local --get-all includeif.gitdir:/github/workspace/.git.path
2026-10-11T01:46:24.3415382Z /github/runner_temp/git-credentials-18e178d6-46dc-4062-9393-4bdf860c578a.config
2026-10-11T01:46:24.3420081Z [command]/usr/bin/git config --local --unset includeif.gitdir:/github/workspace/.git.path /github/runner_temp/git-credentials-18e178d6-46dc-4062-9393-4bdf860c578a.config
2026-10-11T01:46:24.3447050Z [command]/usr/bin/git config --local --get-all includeif.gitdir:/github/workspace/.git/worktrees/*.path
2026-10-11T01:46:24.3466142Z /github/runner_temp/git-credentials-18e178d6-46dc-4062-9393-4bdf860c578a.config
2026-10-11T01:46:24.3470274Z [command]/usr/bin/git config --local --unset includeif.gitdir:/github/workspace/.git/worktrees/*.path /github/runner_temp/git-credentials-18e178d6-46dc-4062-9393-4bdf860c578a.config
2026-10-11T01:46:24.3497539Z [command]/usr/bin/git submodule foreach --recursive git config --local --show-origin --name-only --get-regexp remote.origin.url
2026-10-11T01:46:24.3681549Z Removing credentials config '/home/runner/work/_temp/git-credentials-18e178d6-46dc-4062-9393-4bdf860c578a.config'
2026-10-11T01:46:24.3703445Z ##[endgroup]
2026-10-11T01:46:24.4202817Z ##[group]Run actions/setup-node@249970729cb0ef3589644e2896645e5dc5ba9c38
2026-10-11T01:46:24.4203043Z with:
2026-10-11T01:46:24.4203154Z   node-version: 24
2026-10-11T01:46:24.4203278Z   check-latest: false
2026-10-11T01:46:24.4204529Z   token: ***
2026-10-11T01:46:24.4204650Z   package-manager-cache: true
2026-10-11T01:46:24.4204786Z ##[endgroup]
2026-10-11T01:46:24.5565779Z Found in cache @ /opt/hostedtoolcache/node/24.21.0/x64
2026-10-11T01:46:24.5568217Z ##[group]Environment details
2026-10-11T01:46:27.1781654Z node: v24.21.0
2026-10-11T01:46:27.1781912Z npm: 11.19.0
2026-10-11T01:46:27.1782074Z yarn: 1.22.22
2026-10-11T01:46:27.1783251Z ##[endgroup]
2026-10-11T01:46:27.1922059Z ##[group]Run actions/setup-python@a26af69be951a213d495a4c3e4e4022e16d87065
2026-10-11T01:46:27.1922286Z with:
2026-10-11T01:46:27.1922409Z   python-version: 3.12
2026-10-11T01:46:27.1922534Z   check-latest: false
2026-10-11T01:46:27.1923800Z   token: ***
2026-10-11T01:46:27.1923916Z   update-environment: true
2026-10-11T01:46:27.1924063Z   allow-prereleases: false
2026-10-11T01:46:27.1924192Z   freethreaded: false
2026-10-11T01:46:27.1924309Z ##[endgroup]
2026-10-11T01:46:27.2815744Z ##[group]Installed versions
2026-10-11T01:46:27.3354030Z (node:2247) [DEP0040] DeprecationWarning: The `punycode` module is deprecated. Please use a userland alternative instead.
2026-10-11T01:46:27.3354763Z (Use `node --trace-deprecation ...` to show where the warning was created)
2026-10-11T01:46:27.3355213Z Successfully set up CPython (3.12.15)
2026-10-11T01:46:27.3355784Z ##[endgroup]
2026-10-11T01:46:27.3619288Z ##[group]Run npm ci --no-audit --no-fund
2026-10-11T01:46:27.3619583Z [36;1mnpm ci --no-audit --no-fund[0m
2026-10-11T01:46:27.4584375Z shell: /usr/bin/bash -e {0}
2026-10-11T01:46:27.4584536Z env:
2026-10-11T01:46:27.4584710Z   pythonLocation: /opt/hostedtoolcache/Python/3.12.15/x64
2026-10-11T01:46:27.4584976Z   PKG_CONFIG_PATH: /opt/hostedtoolcache/Python/3.12.15/x64/lib/pkgconfig
2026-10-11T01:46:27.4585222Z   Python_ROOT_DIR: /opt/hostedtoolcache/Python/3.12.15/x64
2026-10-11T01:46:27.4585577Z   Python2_ROOT_DIR: /opt/hostedtoolcache/Python/3.12.15/x64
2026-10-11T01:46:27.4585780Z   Python3_ROOT_DIR: /opt/hostedtoolcache/Python/3.12.15/x64
2026-10-11T01:46:27.4585980Z   LD_LIBRARY_PATH: /opt/hostedtoolcache/Python/3.12.15/x64/lib
2026-10-11T01:46:27.4586153Z ##[endgroup]
2026-10-11T01:46:30.0344028Z npm warn deprecated geographiclib@1.48.0: This package has been split into geographic-geodesic + geographiclib-dms; use one or both of these instead of geographiclib.  WARNING: there's a potential buffer overrun on this package.  SWITCH TO THE NEW PACKAGES NOW.
2026-10-11T01:46:30.5584117Z npm warn deprecated @esbuild-kit/core-utils@3.3.2: Merged into tsx: https://tsx.hirok.io
2026-10-11T01:46:30.5588774Z npm warn deprecated @esbuild-kit/esm-loader@2.6.5: Merged into tsx: https://tsx.hirok.io
2026-10-11T01:46:37.9973524Z 
2026-10-11T01:46:37.9974191Z added 324 packages in 10s
2026-10-11T01:46:37.9985237Z npm warn install-scripts 7 packages have install scripts not yet covered by allowScripts:
2026-10-11T01:46:37.9986136Z npm warn install-scripts   esbuild@0.18.20 (postinstall: node install.js)
2026-10-11T01:46:37.9986675Z npm warn install-scripts   better-sqlite3@13.0.3 (install: node-gyp rebuild)
2026-10-11T01:46:37.9987169Z npm warn install-scripts   esbuild@0.25.12 (postinstall: node install.js)
2026-10-11T01:46:37.9987648Z npm warn install-scripts   esbuild@0.28.2 (postinstall: node install.js)
2026-10-11T01:46:37.9988221Z npm warn install-scripts   msgpackr-extract@3.0.4 (install: node-gyp-build-optional-packages)
2026-10-11T01:46:37.9988770Z npm warn install-scripts   workerd@1.20261001.1 (postinstall: node install.js)
2026-10-11T01:46:37.9989248Z npm warn install-scripts   esbuild@0.28.1 (postinstall: node install.js)
2026-10-11T01:46:37.9989583Z npm warn install-scripts
2026-10-11T01:46:37.9990098Z npm warn install-scripts Run `npm install-scripts ls` to review, or `npm install-scripts approve <pkg>` to allow.
2026-10-11T01:46:38.0519777Z ##[group]Run python -m pip install -r requirements.txt
2026-10-11T01:46:38.0520014Z [36;1mpython -m pip install -r requirements.txt[0m
2026-10-11T01:46:38.0573790Z shell: /usr/bin/bash -e {0}
2026-10-11T01:46:38.0573934Z env:
2026-10-11T01:46:38.0574083Z   pythonLocation: /opt/hostedtoolcache/Python/3.12.15/x64
2026-10-11T01:46:38.0574310Z   PKG_CONFIG_PATH: /opt/hostedtoolcache/Python/3.12.15/x64/lib/pkgconfig
2026-10-11T01:46:38.0574538Z   Python_ROOT_DIR: /opt/hostedtoolcache/Python/3.12.15/x64
2026-10-11T01:46:38.0574738Z   Python2_ROOT_DIR: /opt/hostedtoolcache/Python/3.12.15/x64
2026-10-11T01:46:38.0574937Z   Python3_ROOT_DIR: /opt/hostedtoolcache/Python/3.12.15/x64
2026-10-11T01:46:38.0575137Z   LD_LIBRARY_PATH: /opt/hostedtoolcache/Python/3.12.15/x64/lib
2026-10-11T01:46:38.0575455Z ##[endgroup]
2026-10-11T01:46:39.9023702Z Collecting numpy==2.3.5 (from -r requirements.txt (line 2))
2026-10-11T01:46:39.9778868Z   Downloading numpy-2.3.5-cp312-cp312-manylinux_2_27_x86_64.manylinux_2_28_x86_64.whl.metadata (62 kB)
2026-10-11T01:46:40.0593919Z Collecting shapely==2.1.2 (from -r requirements.txt (line 3))
2026-10-11T01:46:40.0723884Z   Downloading shapely-2.1.2-cp312-cp312-manylinux2014_x86_64.manylinux_2_17_x86_64.whl.metadata (6.8 kB)
2026-10-11T01:46:40.1199541Z Collecting pyproj==3.7.2 (from -r requirements.txt (line 4))
2026-10-11T01:46:40.1343458Z   Downloading pyproj-3.7.2-cp312-cp312-manylinux_2_28_x86_64.whl.metadata (31 kB)
2026-10-11T01:46:40.2117967Z Collecting rasterio==1.4.3 (from -r requirements.txt (line 5))
2026-10-11T01:46:40.2361007Z   Downloading rasterio-1.4.3-cp312-cp312-manylinux_2_17_x86_64.manylinux2014_x86_64.whl.metadata (9.1 kB)
2026-10-11T01:46:40.3367283Z Collecting scipy==1.17.0 (from -r requirements.txt (line 6))
2026-10-11T01:46:40.3497437Z   Downloading scipy-1.17.0-cp312-cp312-manylinux_2_27_x86_64.manylinux_2_28_x86_64.whl.metadata (62 kB)
2026-10-11T01:46:40.3980951Z Collecting certifi (from pyproj==3.7.2->-r requirements.txt (line 4))
2026-10-11T01:46:40.4105767Z   Downloading certifi-2026.7.22-py3-none-any.whl.metadata (2.5 kB)
2026-10-11T01:46:40.4417660Z Collecting affine (from rasterio==1.4.3->-r requirements.txt (line 5))
2026-10-11T01:46:40.4544854Z   Downloading affine-3.0.1-py3-none-any.whl.metadata (4.5 kB)
2026-10-11T01:46:40.4759363Z Collecting attrs (from rasterio==1.4.3->-r requirements.txt (line 5))
2026-10-11T01:46:40.4884368Z   Downloading attrs-26.1.0-py3-none-any.whl.metadata (8.8 kB)
2026-10-11T01:46:40.5112230Z Collecting click>=4.0 (from rasterio==1.4.3->-r requirements.txt (line 5))
2026-10-11T01:46:40.5237225Z   Downloading click-8.5.0-py3-none-any.whl.metadata (2.6 kB)
2026-10-11T01:46:40.5464072Z Collecting cligj>=0.5 (from rasterio==1.4.3->-r requirements.txt (line 5))
2026-10-11T01:46:40.5588743Z   Downloading cligj-0.7.2-py3-none-any.whl.metadata (5.0 kB)
2026-10-11T01:46:40.5810323Z Collecting click-plugins (from rasterio==1.4.3->-r requirements.txt (line 5))
2026-10-11T01:46:40.5938852Z   Downloading click_plugins-1.1.1.2-py2.py3-none-any.whl.metadata (6.5 kB)
2026-10-11T01:46:40.6206479Z Collecting pyparsing (from rasterio==1.4.3->-r requirements.txt (line 5))
2026-10-11T01:46:40.6333433Z   Downloading pyparsing-3.3.3-py3-none-any.whl.metadata (5.9 kB)
2026-10-11T01:46:40.6516489Z Downloading numpy-2.3.5-cp312-cp312-manylinux_2_27_x86_64.manylinux_2_28_x86_64.whl (16.6 MB)
2026-10-11T01:46:40.9677615Z    ━━━━━━━━━━━━━━━━━━━━━━━━━━━━━━━━━━━━━━━━ 16.6/16.6 MB 56.0 MB/s  0:00:00
2026-10-11T01:46:40.9814093Z Downloading shapely-2.1.2-cp312-cp312-manylinux2014_x86_64.manylinux_2_17_x86_64.whl (3.1 MB)
2026-10-11T01:46:40.9957860Z    ━━━━━━━━━━━━━━━━━━━━━━━━━━━━━━━━━━━━━━━━ 3.1/3.1 MB 239.9 MB/s  0:00:00
2026-10-11T01:46:41.0091087Z Downloading pyproj-3.7.2-cp312-cp312-manylinux_2_28_x86_64.whl (9.6 MB)
2026-10-11T01:46:41.0773367Z    ━━━━━━━━━━━━━━━━━━━━━━━━━━━━━━━━━━━━━━━━ 9.6/9.6 MB 140.0 MB/s  0:00:00
2026-10-11T01:46:41.0932799Z Downloading rasterio-1.4.3-cp312-cp312-manylinux_2_17_x86_64.manylinux2014_x86_64.whl (22.3 MB)
2026-10-11T01:46:41.3176507Z    ━━━━━━━━━━━━━━━━━━━━━━━━━━━━━━━━━━━━━━━━ 22.3/22.3 MB 98.8 MB/s  0:00:00
2026-10-11T01:46:41.3307852Z Downloading scipy-1.17.0-cp312-cp312-manylinux_2_27_x86_64.manylinux_2_28_x86_64.whl (35.0 MB)
2026-10-11T01:46:41.6282565Z    ━━━━━━━━━━━━━━━━━━━━━━━━━━━━━━━━━━━━━━━━ 35.0/35.0 MB 117.5 MB/s  0:00:00
2026-10-11T01:46:41.6411124Z Downloading click-8.5.0-py3-none-any.whl (125 kB)
2026-10-11T01:46:41.6551223Z Downloading cligj-0.7.2-py3-none-any.whl (7.1 kB)
2026-10-11T01:46:41.6693170Z Downloading affine-3.0.1-py3-none-any.whl (10 kB)
2026-10-11T01:46:41.6832813Z Downloading attrs-26.1.0-py3-none-any.whl (67 kB)
2026-10-11T01:46:41.6970447Z Downloading certifi-2026.7.22-py3-none-any.whl (136 kB)
2026-10-11T01:46:41.7107858Z Downloading click_plugins-1.1.1.2-py2.py3-none-any.whl (11 kB)
2026-10-11T01:46:41.7246695Z Downloading pyparsing-3.3.3-py3-none-any.whl (126 kB)
2026-10-11T01:46:41.9495976Z Installing collected packages: pyparsing, numpy, click, certifi, attrs, shapely, scipy, pyproj, cligj, click-plugins, affine, rasterio
2026-10-11T01:46:46.7841378Z 
2026-10-11T01:46:46.7853359Z Successfully installed affine-3.0.1 attrs-26.1.0 certifi-2026.7.22 click-8.5.0 click-plugins-1.1.1.2 cligj-0.7.2 numpy-2.3.5 pyparsing-3.3.3 pyproj-3.7.2 rasterio-1.4.3 scipy-1.17.0 shapely-2.1.2
2026-10-11T01:46:46.8445879Z ##[group]Run if node --input-type=module -e "import {integrationNeedsBrowser} from './scripts/run-integration-tests.mjs'; process.exit(integrationNeedsBrowser(process.env.INTEGRATION_PROFILE, Number(process.env.INTEGRATION_SHARD)) ? 0 : 1)"; then
2026-10-11T01:46:46.8446787Z [36;1mif node --input-type=module -e "import {integrationNeedsBrowser} from './scripts/run-integration-tests.mjs'; process.exit(integrationNeedsBrowser(process.env.INTEGRATION_PROFILE, Number(process.env.INTEGRATION_SHARD)) ? 0 : 1)"; then[0m
2026-10-11T01:46:46.8447310Z [36;1m  npx playwright install --with-deps chromium[0m
2026-10-11T01:46:46.8447478Z [36;1mfi[0m
2026-10-11T01:46:46.8498718Z shell: /usr/bin/bash -e {0}
2026-10-11T01:46:46.8498858Z env:
2026-10-11T01:46:46.8499002Z   pythonLocation: /opt/hostedtoolcache/Python/3.12.15/x64
2026-10-11T01:46:46.8499233Z   PKG_CONFIG_PATH: /opt/hostedtoolcache/Python/3.12.15/x64/lib/pkgconfig
2026-10-11T01:46:46.8499498Z   Python_ROOT_DIR: /opt/hostedtoolcache/Python/3.12.15/x64
2026-10-11T01:46:46.8499699Z   Python2_ROOT_DIR: /opt/hostedtoolcache/Python/3.12.15/x64
2026-10-11T01:46:46.8499900Z   Python3_ROOT_DIR: /opt/hostedtoolcache/Python/3.12.15/x64
2026-10-11T01:46:46.8500102Z   LD_LIBRARY_PATH: /opt/hostedtoolcache/Python/3.12.15/x64/lib
2026-10-11T01:46:46.8500275Z   INTEGRATION_PROFILE: full
2026-10-11T01:46:46.8500399Z   INTEGRATION_SHARD: 0
2026-10-11T01:46:46.8500518Z ##[endgroup]
2026-10-11T01:46:47.3640882Z Installing dependencies...
2026-10-11T01:46:47.3700297Z Switching to root user to install dependencies...
2026-10-11T01:46:47.5151790Z Get:1 file:/etc/apt/apt-mirrors.txt Mirrorlist [144 B]
2026-10-11T01:46:47.5484323Z Get:6 https://packages.microsoft.com/ubuntu/24.04/prod noble InRelease [3600 B]
2026-10-11T01:46:47.5694516Z Hit:2 http://azure.archive.ubuntu.com/ubuntu noble InRelease
2026-10-11T01:46:47.5702645Z Get:3 http://azure.archive.ubuntu.com/ubuntu noble-updates InRelease [126 kB]
2026-10-11T01:46:47.5791611Z Get:4 http://azure.archive.ubuntu.com/ubuntu noble-backports InRelease [126 kB]
2026-10-11T01:46:47.5851518Z Get:5 http://azure.archive.ubuntu.com/ubuntu noble-security InRelease [126 kB]
2026-10-11T01:46:47.6636997Z Get:7 https://packages.microsoft.com/ubuntu/24.04/prod noble/main amd64 Packages [548 kB]
2026-10-11T01:46:47.6822567Z Get:8 https://packages.microsoft.com/ubuntu/24.04/prod noble/main arm64 Packages [492 kB]
2026-10-11T01:46:47.6893428Z Get:9 https://packages.microsoft.com/ubuntu/24.04/prod noble/main armhf Packages [12.3 kB]
2026-10-11T01:46:47.6923857Z Get:10 https://packages.microsoft.com/ubuntu/24.04/prod noble/main all Packages [640 B]
2026-10-11T01:46:47.7545576Z Get:11 http://azure.archive.ubuntu.com/ubuntu noble-updates/main amd64 Packages [1375 kB]
2026-10-11T01:46:47.7594855Z Get:12 http://azure.archive.ubuntu.com/ubuntu noble-updates/main Translation-en [306 kB]
2026-10-11T01:46:47.7611007Z Get:13 http://azure.archive.ubuntu.com/ubuntu noble-updates/universe amd64 Packages [1702 kB]
2026-10-11T01:46:47.7667568Z Get:14 http://azure.archive.ubuntu.com/ubuntu noble-updates/universe Translation-en [342 kB]
2026-10-11T01:46:47.7696125Z Get:15 http://azure.archive.ubuntu.com/ubuntu noble-updates/restricted amd64 Packages [1761 kB]
2026-10-11T01:46:47.7755496Z Get:16 http://azure.archive.ubuntu.com/ubuntu noble-updates/restricted Translation-en [401 kB]
2026-10-11T01:46:47.7777139Z Get:17 http://azure.archive.ubuntu.com/ubuntu noble-updates/multiverse amd64 Packages [55.0 kB]
2026-10-11T01:46:47.7777823Z Get:18 http://azure.archive.ubuntu.com/ubuntu noble-updates/multiverse Translation-en [14.3 kB]
2026-10-11T01:46:47.8423588Z Get:19 http://azure.archive.ubuntu.com/ubuntu noble-security/main amd64 Packages [1121 kB]
2026-10-11T01:46:47.8465052Z Get:20 http://azure.archive.ubuntu.com/ubuntu noble-security/main Translation-en [228 kB]
2026-10-11T01:46:47.8987586Z Get:21 http://azure.archive.ubuntu.com/ubuntu noble-security/universe amd64 Packages [1220 kB]
2026-10-11T01:46:47.9004541Z Get:22 http://azure.archive.ubuntu.com/ubuntu noble-security/universe Translation-en [245 kB]
2026-10-11T01:46:47.9018922Z Get:23 http://azure.archive.ubuntu.com/ubuntu noble-security/restricted amd64 Packages [1669 kB]
2026-10-11T01:46:47.9076308Z Get:24 http://azure.archive.ubuntu.com/ubuntu noble-security/restricted Translation-en [383 kB]
2026-10-11T01:46:47.9092563Z Get:25 http://azure.archive.ubuntu.com/ubuntu noble-security/multiverse amd64 Packages [49.8 kB]
2026-10-11T01:46:47.9098927Z Get:26 http://azure.archive.ubuntu.com/ubuntu noble-security/multiverse Translation-en [12.4 kB]
2026-10-11T01:46:55.0246630Z Fetched 12.3 MB in 1s (12.0 MB/s)
2026-10-11T01:46:55.5477747Z Reading package lists...
2026-10-11T01:46:55.5677370Z Reading package lists...
2026-10-11T01:46:55.7045043Z Building dependency tree...
2026-10-11T01:46:55.7050657Z Reading state information...
2026-10-11T01:46:55.8158929Z libasound2t64 is already the newest version (1.2.11-1ubuntu0.3).
2026-10-11T01:46:55.8159511Z libasound2t64 set to manually installed.
2026-10-11T01:46:55.8160068Z libatk-bridge2.0-0t64 is already the newest version (2.52.0-1build1).
2026-10-11T01:46:55.8160634Z libatk-bridge2.0-0t64 set to manually installed.
2026-10-11T01:46:55.8161145Z libatk1.0-0t64 is already the newest version (2.52.0-1build1).
2026-10-11T01:46:55.8161480Z libatk1.0-0t64 set to manually installed.
2026-10-11T01:46:55.8161808Z libatspi2.0-0t64 is already the newest version (2.52.0-1build1).
2026-10-11T01:46:55.8162125Z libatspi2.0-0t64 set to manually installed.
2026-10-11T01:46:55.8162427Z libcairo2 is already the newest version (1.18.0-3build1).
2026-10-11T01:46:55.8162635Z libcairo2 set to manually installed.
2026-10-11T01:46:55.8162921Z libcups2t64 is already the newest version (2.4.7-1.2ubuntu7.14).
2026-10-11T01:46:55.8163261Z libcups2t64 set to manually installed.
2026-10-11T01:46:55.8163615Z libdbus-1-3 is already the newest version (1.14.10-4ubuntu4.1).
2026-10-11T01:46:55.8163929Z libdbus-1-3 set to manually installed.
2026-10-11T01:46:55.8164270Z libdrm2 is already the newest version (2.4.125-1ubuntu0.1~24.04.2).
2026-10-11T01:46:55.8164606Z libdrm2 set to manually installed.
2026-10-11T01:46:55.8164898Z libgbm1 is already the newest version (25.2.8-0ubuntu0.24.04.4).
2026-10-11T01:46:55.8165124Z libgbm1 set to manually installed.
2026-10-11T01:46:55.8165637Z libglib2.0-0t64 is already the newest version (2.80.0-6ubuntu3.9).
2026-10-11T01:46:55.8166152Z libglib2.0-0t64 set to manually installed.
2026-10-11T01:46:55.8166475Z libnspr4 is already the newest version (2:4.35-1.1build1).
2026-10-11T01:46:55.8166800Z libnspr4 set to manually installed.
2026-10-11T01:46:55.8167165Z libnss3 is already the newest version (2:3.98-1ubuntu0.2).
2026-10-11T01:46:55.8167426Z libnss3 set to manually installed.
2026-10-11T01:46:55.8167970Z libpango-1.0-0 is already the newest version (1.52.1+ds-1build1).
2026-10-11T01:46:55.8168262Z libpango-1.0-0 set to manually installed.
2026-10-11T01:46:55.8168541Z libx11-6 is already the newest version (2:1.8.7-1build1).
2026-10-11T01:46:55.8168894Z libx11-6 set to manually installed.
2026-10-11T01:46:55.8169152Z libxcb1 is already the newest version (1.15-1ubuntu2).
2026-10-11T01:46:55.8169430Z libxcb1 set to manually installed.
2026-10-11T01:46:55.8169718Z libxcomposite1 is already the newest version (1:0.4.5-1build3).
2026-10-11T01:46:55.8181880Z libxcomposite1 set to manually installed.
2026-10-11T01:46:55.8182222Z libxdamage1 is already the newest version (1:1.1.6-1build1).
2026-10-11T01:46:55.8182547Z libxdamage1 set to manually installed.
2026-10-11T01:46:55.8182912Z libxext6 is already the newest version (2:1.3.4-1build2).
2026-10-11T01:46:55.8183236Z libxext6 set to manually installed.
2026-10-11T01:46:55.8183575Z libxfixes3 is already the newest version (1:6.0.0-2build1).
2026-10-11T01:46:55.8183879Z libxfixes3 set to manually installed.
2026-10-11T01:46:55.8184213Z libxkbcommon0 is already the newest version (1.6.0-1build1).
2026-10-11T01:46:55.8184562Z libxkbcommon0 set to manually installed.
2026-10-11T01:46:55.8185188Z libxrandr2 is already the newest version (2:1.5.2-2build1).
2026-10-11T01:46:55.8185579Z libxrandr2 set to manually installed.
2026-10-11T01:46:55.8185786Z xvfb is already the newest version (2:21.1.12-1ubuntu1.8).
2026-10-11T01:46:55.8186083Z fonts-noto-color-emoji is already the newest version (2.047-0ubuntu0.24.04.1).
2026-10-11T01:46:55.8186376Z libfontconfig1 is already the newest version (2.15.0-1.1ubuntu2).
2026-10-11T01:46:55.8186590Z libfontconfig1 set to manually installed.
2026-10-11T01:46:55.8186801Z fonts-liberation is already the newest version (1:2.1.5-3).
2026-10-11T01:46:55.8187007Z fonts-liberation set to manually installed.
2026-10-11T01:46:55.8187212Z The following additional packages will be installed:
2026-10-11T01:46:55.8187410Z   xfonts-encodings xfonts-utils
2026-10-11T01:46:55.8187566Z Recommended packages:
2026-10-11T01:46:55.8187714Z   fonts-ipafont-mincho fonts-tlwg-loma
2026-10-11T01:46:55.8465682Z The following NEW packages will be installed:
2026-10-11T01:46:55.8468240Z   fonts-freefont-ttf fonts-ipafont-gothic fonts-tlwg-loma-otf fonts-unifont
2026-10-11T01:46:55.8468857Z   fonts-wqy-zenhei xfonts-cyrillic xfonts-encodings xfonts-scalable
2026-10-11T01:46:55.8469286Z   xfonts-utils
2026-10-11T01:46:55.8470736Z The following packages will be upgraded:
2026-10-11T01:46:55.8473029Z   libfreetype6
2026-10-11T01:46:55.8599210Z 1 upgraded, 9 newly installed, 0 to remove and 22 not upgraded.
2026-10-11T01:46:55.8599614Z Need to get 21.5 MB of archives.
2026-10-11T01:46:55.8599967Z After this operation, 79.5 MB of additional disk space will be used.
2026-10-11T01:46:55.8600368Z Get:1 file:/etc/apt/apt-mirrors.txt Mirrorlist [144 B]
2026-10-11T01:46:55.9363126Z Get:2 http://azure.archive.ubuntu.com/ubuntu noble/universe amd64 fonts-ipafont-gothic all 00303-21ubuntu1 [3513 kB]
2026-10-11T01:46:56.0454250Z Get:3 http://azure.archive.ubuntu.com/ubuntu noble/main amd64 fonts-freefont-ttf all 20211204+svn4273-2 [5641 kB]
2026-10-11T01:46:56.1451261Z Get:4 http://azure.archive.ubuntu.com/ubuntu noble/universe amd64 fonts-tlwg-loma-otf all 1:0.7.3-1 [107 kB]
2026-10-11T01:46:56.2109144Z Get:5 http://azure.archive.ubuntu.com/ubuntu noble/universe amd64 fonts-unifont all 1:15.1.01-1build1 [2993 kB]
2026-10-11T01:46:56.2826874Z Get:6 http://azure.archive.ubuntu.com/ubuntu noble/universe amd64 fonts-wqy-zenhei all 0.9.45-8 [7472 kB]
2026-10-11T01:46:56.4092546Z Get:7 http://azure.archive.ubuntu.com/ubuntu noble-updates/main amd64 libfreetype6 amd64 2.13.2+dfsg-1ubuntu0.2 [403 kB]
2026-10-11T01:46:56.4683282Z Get:8 http://azure.archive.ubuntu.com/ubuntu noble/main amd64 xfonts-encodings all 1:1.0.5-0ubuntu2 [578 kB]
2026-10-11T01:46:56.5082995Z Get:9 http://azure.archive.ubuntu.com/ubuntu noble/main amd64 xfonts-utils amd64 1:7.7+6build3 [94.4 kB]
2026-10-11T01:46:56.5953932Z Get:10 http://azure.archive.ubuntu.com/ubuntu noble/universe amd64 xfonts-cyrillic all 1:1.0.5+nmu1 [384 kB]
2026-10-11T01:46:56.8452330Z Get:11 http://azure.archive.ubuntu.com/ubuntu noble/main amd64 xfonts-scalable all 1:1.0.3-1.3 [304 kB]
2026-10-11T01:46:57.2972544Z Fetched 21.5 MB in 1s (21.0 MB/s)
2026-10-11T01:46:57.4548833Z Selecting previously unselected package fonts-ipafont-gothic.
2026-10-11T01:46:57.5830852Z (Reading database ... 
2026-10-11T01:46:57.5831187Z (Reading database ... 5%
2026-10-11T01:46:57.5831341Z (Reading database ... 10%
2026-10-11T01:46:57.5831511Z (Reading database ... 15%
2026-10-11T01:46:57.5831649Z (Reading database ... 20%
2026-10-11T01:46:57.5831804Z (Reading database ... 25%
2026-10-11T01:46:57.5831936Z (Reading database ... 30%
2026-10-11T01:46:57.5832089Z (Reading database ... 35%
2026-10-11T01:46:57.5832225Z (Reading database ... 40%
2026-10-11T01:46:57.5832379Z (Reading database ... 45%
2026-10-11T01:46:57.5832545Z (Reading database ... 50%
2026-10-11T01:46:57.6213741Z (Reading database ... 55%
2026-10-11T01:46:58.0778026Z (Reading database ... 60%
2026-10-11T01:46:58.3849721Z (Reading database ... 65%
2026-10-11T01:46:58.6804183Z (Reading database ... 70%
2026-10-11T01:46:59.0528344Z (Reading database ... 75%
2026-10-11T01:46:59.4357192Z (Reading database ... 80%
2026-10-11T01:47:00.1430590Z (Reading database ... 85%
2026-10-11T01:47:00.8557941Z (Reading database ... 90%
2026-10-11T01:47:01.6729211Z (Reading database ... 95%
2026-10-11T01:47:01.6729451Z (Reading database ... 100%
2026-10-11T01:47:01.6729712Z (Reading database ... 203191 files and directories currently installed.)
2026-10-11T01:47:01.6768273Z Preparing to unpack .../0-fonts-ipafont-gothic_00303-21ubuntu1_all.deb ...
2026-10-11T01:47:01.6890501Z Unpacking fonts-ipafont-gothic (00303-21ubuntu1) ...
2026-10-11T01:47:01.9065750Z Selecting previously unselected package fonts-freefont-ttf.
2026-10-11T01:47:01.9162221Z Preparing to unpack .../1-fonts-freefont-ttf_20211204+svn4273-2_all.deb ...
2026-10-11T01:47:01.9168403Z Unpacking fonts-freefont-ttf (20211204+svn4273-2) ...
2026-10-11T01:47:02.0068102Z Selecting previously unselected package fonts-tlwg-loma-otf.
2026-10-11T01:47:02.0164097Z Preparing to unpack .../2-fonts-tlwg-loma-otf_1%3a0.7.3-1_all.deb ...
2026-10-11T01:47:02.0170868Z Unpacking fonts-tlwg-loma-otf (1:0.7.3-1) ...
2026-10-11T01:47:02.0387473Z Selecting previously unselected package fonts-unifont.
2026-10-11T01:47:02.0480824Z Preparing to unpack .../3-fonts-unifont_1%3a15.1.01-1build1_all.deb ...
2026-10-11T01:47:02.0487136Z Unpacking fonts-unifont (1:15.1.01-1build1) ...
2026-10-11T01:47:02.2388206Z Selecting previously unselected package fonts-wqy-zenhei.
2026-10-11T01:47:02.2486617Z Preparing to unpack .../4-fonts-wqy-zenhei_0.9.45-8_all.deb ...
2026-10-11T01:47:02.2612949Z Unpacking fonts-wqy-zenhei (0.9.45-8) ...
2026-10-11T01:47:02.7049496Z Preparing to unpack .../5-libfreetype6_2.13.2+dfsg-1ubuntu0.2_amd64.deb ...
2026-10-11T01:47:02.7073729Z Unpacking libfreetype6:amd64 (2.13.2+dfsg-1ubuntu0.2) over (2.13.2+dfsg-1ubuntu0.1) ...
2026-10-11T01:47:02.7274528Z Selecting previously unselected package xfonts-encodings.
2026-10-11T01:47:02.7368938Z Preparing to unpack .../6-xfonts-encodings_1%3a1.0.5-0ubuntu2_all.deb ...
2026-10-11T01:47:02.7374516Z Unpacking xfonts-encodings (1:1.0.5-0ubuntu2) ...
2026-10-11T01:47:02.7578984Z Selecting previously unselected package xfonts-utils.
2026-10-11T01:47:02.7670458Z Preparing to unpack .../7-xfonts-utils_1%3a7.7+6build3_amd64.deb ...
2026-10-11T01:47:02.7676082Z Unpacking xfonts-utils (1:7.7+6build3) ...
2026-10-11T01:47:02.8295377Z Selecting previously unselected package xfonts-cyrillic.
2026-10-11T01:47:02.8384518Z Preparing to unpack .../8-xfonts-cyrillic_1%3a1.0.5+nmu1_all.deb ...
2026-10-11T01:47:02.8390358Z Unpacking xfonts-cyrillic (1:1.0.5+nmu1) ...
2026-10-11T01:47:02.8626021Z Selecting previously unselected package xfonts-scalable.
2026-10-11T01:47:02.8714380Z Preparing to unpack .../9-xfonts-scalable_1%3a1.0.3-1.3_all.deb ...
2026-10-11T01:47:02.8720072Z Unpacking xfonts-scalable (1:1.0.3-1.3) ...
2026-10-11T01:47:02.9039430Z Setting up fonts-wqy-zenhei (0.9.45-8) ...
2026-10-11T01:47:02.9124234Z Setting up fonts-freefont-ttf (20211204+svn4273-2) ...
2026-10-11T01:47:02.9138145Z Setting up fonts-tlwg-loma-otf (1:0.7.3-1) ...
2026-10-11T01:47:02.9151394Z Setting up libfreetype6:amd64 (2.13.2+dfsg-1ubuntu0.2) ...
2026-10-11T01:47:02.9165094Z Setting up xfonts-encodings (1:1.0.5-0ubuntu2) ...
2026-10-11T01:47:02.9178646Z Setting up fonts-ipafont-gothic (00303-21ubuntu1) ...
2026-10-11T01:47:02.9473996Z update-alternatives: using /usr/share/fonts/opentype/ipafont-gothic/ipag.ttf to provide /usr/share/fonts/truetype/fonts-japanese-gothic.ttf (fonts-japanese-gothic.ttf) in auto mode
2026-10-11T01:47:02.9487081Z Setting up fonts-unifont (1:15.1.01-1build1) ...
2026-10-11T01:47:02.9500500Z Setting up xfonts-utils (1:7.7+6build3) ...
2026-10-11T01:47:02.9531200Z Setting up xfonts-cyrillic (1:1.0.5+nmu1) ...
2026-10-11T01:47:02.9803931Z Setting up xfonts-scalable (1:1.0.3-1.3) ...
2026-10-11T01:47:03.0057946Z Processing triggers for libc-bin (2.39-0ubuntu8.9) ...
2026-10-11T01:47:04.7104058Z Processing triggers for man-db (2.12.0-4build2) ...
2026-10-11T01:47:04.7123596Z Not building database; man-db/auto-update is not 'true'.
2026-10-11T01:47:04.7134559Z Processing triggers for fontconfig (2.15.0-1.1ubuntu2) ...
2026-10-11T01:47:05.8910916Z 
2026-10-11T01:47:05.8911497Z Running kernel seems to be up-to-date.
2026-10-11T01:47:05.8911739Z 
2026-10-11T01:47:05.8911845Z Restarting services...
2026-10-11T01:47:05.8973419Z  systemctl restart php8.3-fpm.service
2026-10-11T01:47:06.0192612Z 
2026-10-11T01:47:06.0193783Z No containers need to be restarted.
2026-10-11T01:47:06.0194032Z 
2026-10-11T01:47:06.0194203Z No user sessions are running outdated binaries.
2026-10-11T01:47:06.0194388Z 
2026-10-11T01:47:06.0194631Z No VM guests are running outdated hypervisor (qemu) binaries on this host.
2026-10-11T01:47:06.8847035Z Downloading Chrome for Testing 153.0.8010.12 (playwright chromium v1243) from https://cdn.playwright.dev/builds/cft/153.0.8010.12/linux64/chrome-linux64.zip
2026-10-11T01:47:07.2254093Z |                                                                                |   0% of 186.8 MiB
2026-10-11T01:47:07.5781804Z |■■■■■■■■                                                                        |  10% of 186.8 MiB
2026-10-11T01:47:07.8792446Z |■■■■■■■■■■■■■■■■                                                                |  20% of 186.8 MiB
2026-10-11T01:47:08.0351115Z |■■■■■■■■■■■■■■■■■■■■■■■■                                                        |  30% of 186.8 MiB
2026-10-11T01:47:08.1632894Z |■■■■■■■■■■■■■■■■■■■■■■■■■■■■■■■■                                                |  40% of 186.8 MiB
2026-10-11T01:47:08.3203336Z |■■■■■■■■■■■■■■■■■■■■■■■■■■■■■■■■■■■■■■■■                                        |  50% of 186.8 MiB
2026-10-11T01:47:08.4678533Z |■■■■■■■■■■■■■■■■■■■■■■■■■■■■■■■■■■■■■■■■■■■■■■■■                                |  60% of 186.8 MiB
2026-10-11T01:47:08.5829060Z |■■■■■■■■■■■■■■■■■■■■■■■■■■■■■■■■■■■■■■■■■■■■■■■■■■■■■■■■                        |  70% of 186.8 MiB
2026-10-11T01:47:08.7522258Z |■■■■■■■■■■■■■■■■■■■■■■■■■■■■■■■■■■■■■■■■■■■■■■■■■■■■■■■■■■■■■■■■                |  80% of 186.8 MiB
2026-10-11T01:47:08.9226181Z |■■■■■■■■■■■■■■■■■■■■■■■■■■■■■■■■■■■■■■■■■■■■■■■■■■■■■■■■■■■■■■■■■■■■■■■■        |  90% of 186.8 MiB
2026-10-11T01:47:09.1187025Z |■■■■■■■■■■■■■■■■■■■■■■■■■■■■■■■■■■■■■■■■■■■■■■■■■■■■■■■■■■■■■■■■■■■■■■■■■■■■■■■■| 100% of 186.8 MiB
2026-10-11T01:47:11.2311195Z Chrome for Testing 153.0.8010.12 (playwright chromium v1243) downloaded to /home/runner/.cache/ms-playwright/chromium-1243
2026-10-11T01:47:11.2315788Z Downloading FFmpeg (playwright ffmpeg v1011) from https://cdn.playwright.dev/dbazure/download/playwright/builds/ffmpeg/1011/ffmpeg-linux.zip
2026-10-11T01:47:11.5491988Z |                                                                                |   0% of 2.3 MiB
2026-10-11T01:47:11.5879034Z |■■■■■■■■                                                                        |  10% of 2.3 MiB
2026-10-11T01:47:11.6032905Z |■■■■■■■■■■■■■■■■                                                                |  20% of 2.3 MiB
2026-10-11T01:47:11.6157031Z |■■■■■■■■■■■■■■■■■■■■■■■■                                                        |  30% of 2.3 MiB
2026-10-11T01:47:11.6282072Z |■■■■■■■■■■■■■■■■■■■■■■■■■■■■■■■■                                                |  40% of 2.3 MiB
2026-10-11T01:47:11.6300743Z |■■■■■■■■■■■■■■■■■■■■■■■■■■■■■■■■■■■■■■■■                                        |  50% of 2.3 MiB
2026-10-11T01:47:11.6421031Z |■■■■■■■■■■■■■■■■■■■■■■■■■■■■■■■■■■■■■■■■■■■■■■■■                                |  60% of 2.3 MiB
2026-10-11T01:47:11.6435531Z |■■■■■■■■■■■■■■■■■■■■■■■■■■■■■■■■■■■■■■■■■■■■■■■■■■■■■■■■                        |  70% of 2.3 MiB
2026-10-11T01:47:11.6456505Z |■■■■■■■■■■■■■■■■■■■■■■■■■■■■■■■■■■■■■■■■■■■■■■■■■■■■■■■■■■■■■■■■                |  80% of 2.3 MiB
2026-10-11T01:47:11.6555748Z |■■■■■■■■■■■■■■■■■■■■■■■■■■■■■■■■■■■■■■■■■■■■■■■■■■■■■■■■■■■■■■■■■■■■■■■■        |  90% of 2.3 MiB
2026-10-11T01:47:11.6566982Z |■■■■■■■■■■■■■■■■■■■■■■■■■■■■■■■■■■■■■■■■■■■■■■■■■■■■■■■■■■■■■■■■■■■■■■■■■■■■■■■■| 100% of 2.3 MiB
2026-10-11T01:47:11.6962576Z FFmpeg (playwright ffmpeg v1011) downloaded to /home/runner/.cache/ms-playwright/ffmpeg-1011
2026-10-11T01:47:11.6964785Z Downloading Chrome Headless Shell 153.0.8010.12 (playwright chromium-headless-shell v1243) from https://cdn.playwright.dev/builds/cft/153.0.8010.12/linux64/chrome-headless-shell-linux64.zip
2026-10-11T01:47:12.0108669Z |                                                                                |   0% of 114.3 MiB
2026-10-11T01:47:12.1978810Z |■■■■■■■■                                                                        |  10% of 114.3 MiB
2026-10-11T01:47:12.4174094Z |■■■■■■■■■■■■■■■■                                                                |  20% of 114.3 MiB
2026-10-11T01:47:12.6768864Z |■■■■■■■■■■■■■■■■■■■■■■■■                                                        |  30% of 114.3 MiB
2026-10-11T01:47:12.8576946Z |■■■■■■■■■■■■■■■■■■■■■■■■■■■■■■■■                                                |  40% of 114.3 MiB
2026-10-11T01:47:12.9347317Z |■■■■■■■■■■■■■■■■■■■■■■■■■■■■■■■■■■■■■■■■                                        |  50% of 114.3 MiB
2026-10-11T01:47:13.0023961Z |■■■■■■■■■■■■■■■■■■■■■■■■■■■■■■■■■■■■■■■■■■■■■■■■                                |  60% of 114.3 MiB
2026-10-11T01:47:13.1209450Z |■■■■■■■■■■■■■■■■■■■■■■■■■■■■■■■■■■■■■■■■■■■■■■■■■■■■■■■■                        |  70% of 114.3 MiB
2026-10-11T01:47:13.2176542Z |■■■■■■■■■■■■■■■■■■■■■■■■■■■■■■■■■■■■■■■■■■■■■■■■■■■■■■■■■■■■■■■■                |  80% of 114.3 MiB
2026-10-11T01:47:13.2909568Z |■■■■■■■■■■■■■■■■■■■■■■■■■■■■■■■■■■■■■■■■■■■■■■■■■■■■■■■■■■■■■■■■■■■■■■■■        |  90% of 114.3 MiB
2026-10-11T01:47:13.3649890Z |■■■■■■■■■■■■■■■■■■■■■■■■■■■■■■■■■■■■■■■■■■■■■■■■■■■■■■■■■■■■■■■■■■■■■■■■■■■■■■■■| 100% of 114.3 MiB
2026-10-11T01:47:14.8716094Z Chrome Headless Shell 153.0.8010.12 (playwright chromium-headless-shell v1243) downloaded to /home/runner/.cache/ms-playwright/chromium_headless_shell-1243
2026-10-11T01:47:14.9034817Z ##[group]Run npm run build:cloudflare
2026-10-11T01:47:14.9035016Z [36;1mnpm run build:cloudflare[0m
2026-10-11T01:47:14.9099285Z shell: /usr/bin/bash -e {0}
2026-10-11T01:47:14.9099449Z env:
2026-10-11T01:47:14.9099625Z   pythonLocation: /opt/hostedtoolcache/Python/3.12.15/x64
2026-10-11T01:47:14.9099906Z   PKG_CONFIG_PATH: /opt/hostedtoolcache/Python/3.12.15/x64/lib/pkgconfig
2026-10-11T01:47:14.9100171Z   Python_ROOT_DIR: /opt/hostedtoolcache/Python/3.12.15/x64
2026-10-11T01:47:14.9100393Z   Python2_ROOT_DIR: /opt/hostedtoolcache/Python/3.12.15/x64
2026-10-11T01:47:14.9100609Z   Python3_ROOT_DIR: /opt/hostedtoolcache/Python/3.12.15/x64
2026-10-11T01:47:14.9100829Z   LD_LIBRARY_PATH: /opt/hostedtoolcache/Python/3.12.15/x64/lib
2026-10-11T01:47:14.9101035Z ##[endgroup]
2026-10-11T01:47:14.9910723Z 
2026-10-11T01:47:14.9911330Z > world-atlas@0.1.0 build:cloudflare
2026-10-11T01:47:14.9911620Z > node scripts/build-cloudflare.mjs
2026-10-11T01:47:14.9911732Z 
2026-10-11T01:47:34.0156335Z {"setup_phase":"canonical-package","status":"started"}
2026-10-11T01:48:50.9623357Z {"setup_phase":"canonical-package","status":"success","elapsed_ms":76946.26248199999,"counters":{"controlled_rest_attempts":0,"controlled_quota_sleep_ms":0,"http_observation_ms":null,"transport_quota_sleep_ms":null},"process_peak_rss_bytes":589897728,"limits":["RSS is the process high-water mark, not an isolated phase maximum.","Git/Actions internal HTTP attempts and waits are not established by this record."]}
2026-10-11T01:49:07.8153882Z file:///home/runner/work/WorldAtlas/WorldAtlas/.cache/package-input-image-vKSqXm/scripts/check-effective-geographic-regression.mjs:13
2026-10-11T01:49:07.8154631Z const demand=(v,m)=>{if(!v)throw Error(m);};
2026-10-11T01:49:07.8154854Z                                  ^
2026-10-11T01:49:07.8154958Z 
2026-10-11T01:49:07.8155133Z Error: Selected source/policy/qualification binding differs
2026-10-11T01:49:07.8155820Z     at demand (file:///home/runner/work/WorldAtlas/WorldAtlas/.cache/package-input-image-vKSqXm/scripts/check-effective-geographic-regression.mjs:13:34)
2026-10-11T01:49:07.8156564Z     at readArtifactConsumption (file:///home/runner/work/WorldAtlas/WorldAtlas/.cache/package-input-image-vKSqXm/scripts/check-effective-geographic-regression.mjs:388:3)
2026-10-11T01:49:07.8157320Z     at loadBaseSelection (file:///home/runner/work/WorldAtlas/WorldAtlas/.cache/package-input-image-vKSqXm/scripts/check-effective-geographic-regression.mjs:415:29)
2026-10-11T01:49:07.8158046Z     at loadSelection (file:///home/runner/work/WorldAtlas/WorldAtlas/.cache/package-input-image-vKSqXm/scripts/check-effective-geographic-regression.mjs:458:18)
2026-10-11T01:49:07.8158908Z     at preparePackageSelectedAdditive (file:///home/runner/work/WorldAtlas/WorldAtlas/.cache/package-input-image-vKSqXm/coordination/engineering/additive-native-activation-20261009/package-selected-additive.mjs:110:18)
2026-10-11T01:49:07.8160655Z     at async file:///home/runner/work/WorldAtlas/WorldAtlas/.cache/package-input-image-vKSqXm/scripts/build-static-inner.mjs:106:23
2026-10-11T01:49:07.8161094Z 
2026-10-11T01:49:07.8161194Z Node.js v24.21.0
2026-10-11T01:49:08.3054228Z file:///home/runner/work/WorldAtlas/WorldAtlas/scripts/package-build.mjs:123
2026-10-11T01:49:08.3054770Z       child.on('exit', (code, signal) => code === 0 ? resolve() : reject(Error(`Package ${kind} build failed (${signal ?? code}); prior outputs retained`)));
2026-10-11T01:49:08.3055150Z                                                                          ^
2026-10-11T01:49:08.3055428Z 
2026-10-11T01:49:08.3055606Z Error: Package cloudflare build failed (1); prior outputs retained
2026-10-11T01:49:08.3055982Z     at ChildProcess.<anonymous> (file:///home/runner/work/WorldAtlas/WorldAtlas/scripts/package-build.mjs:123:74)
2026-10-11T01:49:08.3056291Z     at ChildProcess.emit (node:events:514:28)
2026-10-11T01:49:08.3056561Z     at ChildProcess._handle.onexit (node:internal/child_process:295:12)
2026-10-11T01:49:08.3056715Z 
2026-10-11T01:49:08.3057139Z Node.js v24.21.0
2026-10-11T01:49:08.3293179Z ##[error]Process completed with exit code 1.
2026-10-11T01:49:08.3538454Z ##[group]Run actions/upload-artifact@ea165f8d65b6e75b540449e92b4886f43607fa02
2026-10-11T01:49:08.3540120Z with:
2026-10-11T01:49:08.3540590Z   name: native-built-output-regression-1705-568bfa4c4042ba6f47c0c4558cb2bcf09a46895a
2026-10-11T01:49:08.3541447Z   path: .cache/native-normal-built-output.json
2026-10-11T01:49:08.3541631Z   include-hidden-files: true
2026-10-11T01:49:08.3541774Z   if-no-files-found: ignore
2026-10-11T01:49:08.3541914Z   compression-level: 6
2026-10-11T01:49:08.3542034Z   overwrite: false
2026-10-11T01:49:08.3542145Z env:
2026-10-11T01:49:08.3542292Z   pythonLocation: /opt/hostedtoolcache/Python/3.12.15/x64
2026-10-11T01:49:08.3543937Z   PKG_CONFIG_PATH: /opt/hostedtoolcache/Python/3.12.15/x64/lib/pkgconfig
2026-10-11T01:49:08.3544639Z   Python_ROOT_DIR: /opt/hostedtoolcache/Python/3.12.15/x64
2026-10-11T01:49:08.3545507Z   Python2_ROOT_DIR: /opt/hostedtoolcache/Python/3.12.15/x64
2026-10-11T01:49:08.3545856Z   Python3_ROOT_DIR: /opt/hostedtoolcache/Python/3.12.15/x64
2026-10-11T01:49:08.3546121Z   LD_LIBRARY_PATH: /opt/hostedtoolcache/Python/3.12.15/x64/lib
2026-10-11T01:49:08.3546299Z ##[endgroup]
2026-10-11T01:49:08.6231473Z (node:4185) [DEP0040] DeprecationWarning: The `punycode` module is deprecated. Please use a userland alternative instead.
2026-10-11T01:49:08.6232163Z (Use `node --trace-deprecation ...` to show where the warning was created)
2026-10-11T01:49:08.6244939Z No files were found with the provided path: .cache/native-normal-built-output.json. No artifacts will be uploaded.
2026-10-11T01:49:08.6625790Z Post job cleanup.
2026-10-11T01:49:08.7303332Z [command]/usr/bin/git version
2026-10-11T01:49:08.7342065Z git version 2.55.0
2026-10-11T01:49:08.7374720Z Temporarily overriding HOME='/home/runner/work/_temp/da2cc127-7040-4a7d-b39a-065bc4e9a81c' before making global git config changes
2026-10-11T01:49:08.7375509Z Adding repository directory to the temporary git global config as a safe directory
2026-10-11T01:49:08.7379884Z [command]/usr/bin/git config --global --add safe.directory /home/runner/work/WorldAtlas/WorldAtlas
2026-10-11T01:49:08.7416573Z Removing SSH command configuration
2026-10-11T01:49:08.7422895Z [command]/usr/bin/git config --local --name-only --get-regexp core\.sshCommand
2026-10-11T01:49:08.7465370Z [command]/usr/bin/git submodule foreach --recursive sh -c "git config --local --name-only --get-regexp 'core\.sshCommand' && git config --local --unset-all 'core.sshCommand' || :"
2026-10-11T01:49:08.7738303Z Removing HTTP extra header
2026-10-11T01:49:08.7739084Z [command]/usr/bin/git config --local --name-only --get-regexp http\.https\:\/\/github\.com\/\.extraheader
2026-10-11T01:49:08.7780543Z [command]/usr/bin/git submodule foreach --recursive sh -c "git config --local --name-only --get-regexp 'http\.https\:\/\/github\.com\/\.extraheader' && git config --local --unset-all 'http.https://github.com/.extraheader' || :"
2026-10-11T01:49:08.8054415Z Removing includeIf entries pointing to credentials config files
2026-10-11T01:49:08.8063938Z [command]/usr/bin/git config --local --name-only --get-regexp ^includeIf\.gitdir:
2026-10-11T01:49:08.8102808Z [command]/usr/bin/git submodule foreach --recursive git config --local --show-origin --name-only --get-regexp remote.origin.url
2026-10-11T01:49:08.8498539Z Cleaning up orphan processes
2026-10-11T01:49:08.8810570Z ##[warning]Node.js 20 is deprecated. The following actions target Node.js 20 but are being forced to run on Node.js 24: actions/setup-python@a26af69be951a213d495a4c3e4e4022e16d87065, actions/upload-artifact@ea165f8d65b6e75b540449e92b4886f43607fa02. For more information see: https://github.blog/changelog/2025-09-19-deprecation-of-node-20-on-github-actions-runners/
