✔ a burst of launched reads drains without consuming the recovery floor (52.736125ms)
✔ higher stale counters and an early different reset cannot mint capacity (1.963625ms)
✔ later reset headers cannot perpetually postpone the first authenticated recovery window (0.657625ms)
✔ an authenticated unchanged response refunds the conservative possible paid attempt (2.059584ms)
✔ a reset timestamp never grants unobserved capacity and a fresh positive probe is required (7.913917ms)
✔ a first mutation requires positive actual capacity, never retries and preserves ambiguity (0.942583ms)
✔ missing core headers cannot support further authenticated work (0.276584ms)
✔ available capacity imposes no artificial sleeps and actual remaining deadline still binds reads/writes (0.728458ms)
✔ artifact redirect consumes shared admission and preserves fixed-host credentials (0.944459ms)
✔ artifact redirects cannot bypass a known quota floor or fetch another host (0.303042ms)
✔ protected capacity can finish exact owned cleanup and durable notification, but not new work (5.277209ms)
✔ recovery preserves original ref ownership checks and never repeats ambiguous deletes (0.414208ms)
✔ concurrent 304 refunds only its own reservation and cannot erase other in-flight paid charges (0.383125ms)
✔ quota retry only retries an explicit read rejection, and accounts every attempt (45.8415ms)
✔ ordinary permission denial, write denial, and ambiguous write never retry (1.29675ms)
✔ read retry respects its finite phase deadline and repeated concurrent exhaustion (0.606125ms)
✔ actual repository capacity overrides unrelated generic capacity (1.162ms)
✔ secondary limits cannot masquerade as positive capacity (0.585333ms)
✔ invalid capacity headers fail closed and concurrent reads cannot replace probe headers (0.749458ms)
✔ capacity wait honors secondary retry-after before the next actual observation (1.521167ms)
✔ quota classifier rejects malformed or irrelevant error metadata (0.393083ms)
✔ scheduler with real zero capacity neither inventories the queue nor spends a dispatch attempt (9.905ms)
✔ final paid-call allowance covers actual HTTP retries and preserves recovery capacity (2.170833ms)
✔ final deadline is checked before a retry actually sends HTTP (0.380292ms)
✔ accounting observes real repository headers without an extra capacity poll or retained secrets (0.881709ms)
✔ unknown or wrong-resource headers cannot manufacture an observed repository quota (0.1545ms)
✔ deployment classification quota refusal does not authorize a wasteful full-build fallback (2.577416ms)
✔ deployment transport ambiguity counts its attempt without inventing quota or retrying (0.278833ms)
✔ every unchanged authority reuse makes an authenticated network recheck and returns independent data (37.321416ms)
✔ changed head, contract and revocation are consumed rather than hidden by the snapshot (0.928292ms)
✔ authorization loss and an ambiguous write do not reuse a successful read or retry mutation (2.270292ms)
✔ route, page, client and credential boundaries never borrow another response (4.237041ms)
✔ missing or mismatched conditional responses cannot produce authority (0.520833ms)
✔ entry and byte bounds retain no oversized snapshot and overflow remains freshly read (0.393708ms)
✔ capacity probes, generic quota, blobs and writes never use conditional authority (2.442084ms)
✔ missing and malformed ETags erase the old binding (1.6155ms)
✔ conditional GET accepts weak-equivalent validators in both directions without extra requests (0.607292ms)
✔ weak comparison still rejects different or malformed conditional validators (0.816917ms)
✔ durable accepted result needs the current exact canonical claim and one bounded observation (2.463458ms)
✔ queued execution is discovered beyond the newest hundred and then observed by exact ID (0.822625ms)
✔ a partial canonical mutation and terminal cancelled execution never authorize work or redispatch (0.780167ms)
✔ uncertain dispatch response is reconciled through the same durable result without a second write (0.826167ms)
✔ long queued observation expires with the same request and bounded read count (0.268625ms)
✔ server rejection and pre-HTTP quota refusal do not fabricate an accepted or ambiguous dispatch (12.03925ms)
✔ changed canonical ownership and counterfeit results cannot confirm an old accepted request (0.708875ms)
✔ a temporary observation failure preserves the checkpoint without declaring execution terminal (0.620333ms)
✔ actual trusted entry point preserves the original rejection before a denied comment (140.727958ms)
✔ actual trusted entry point retains its preparation receipt before successful notification (80.602083ms)
✔ trusted preparation has PR comment permission while candidate tests remain read-only (0.489084ms)
✔ actual entry point saves stale/head/conflict/base diagnostics even when notification fails (360.276834ms)
✔ actual final entry point cleans only its owned ref and retains successful merge on cleanup failure (255.174958ms)
✔ actual fallback prepare cleans its confirmed ref when receipt notification is denied (108.162084ms)
✔ real composed gates retain engineering focused selection without factual approval (14.853166ms)
✔ real composed gates retain geography focused selection without factual approval (3.42525ms)
✔ real composed gates retain research focused selection without factual approval (8.104917ms)
✔ new required evidence cannot succeed using the legacy fixture (5.040167ms)
✔ code head change during byte/selection work prevents a coherent success (3.633125ms)
✔ contract change during byte/selection work prevents a coherent success (2.564667ms)
✔ disposition change during byte/selection work prevents a coherent success (3.691416ms)
✔ ownership change during byte/selection work prevents a coherent success (3.033458ms)
✔ ready label change during byte/selection work prevents a coherent success (2.936292ms)
✔ PR allowance change during byte/selection work prevents a coherent success (2.6005ms)
✔ ordinary progress and same-holder renewal do not invalidate disposition (2.731625ms)
✔ authenticated conditional reads reduce paid repeats while changed authority is still read (19.652292ms)
✔ a failed real gate closes transport and cannot publish profile outputs (1.178583ms)
✔ incomplete and duplicate changed-file inventories cannot produce focused success (2.310709ms)
✔ unavailable package definition retains conservative full verification (1.119542ms)
✔ a changed disposition is fetched through the real conditional client and rejected (3.904375ms)
✔ hosted gate timing charges actual setup and retains runner finalization margin (5.206333ms)
✔ exhausted actual job refuses before Git transport or PR work (1.053667ms)
✔ deadline refuses changed immutable workflow before expensive or mutable work (0.951125ms)
✔ deadline refuses missing literal budget before expensive or mutable work (1.473292ms)
✔ deadline refuses incomplete current job inventory before expensive or mutable work (0.812792ms)
✔ deadline refuses wrong run attempt before expensive or mutable work (0.743375ms)
✔ deadline refuses ambiguous phase before expensive or mutable work (0.74125ms)
✔ metadata-only engineering selection does not allocate evidence transport (2.420875ms)
✔ metadata-only geography selection does not allocate evidence transport (2.6915ms)
✔ metadata-only research selection does not allocate evidence transport (1.370792ms)
✔ independent evidence phase verifies bytes without selecting or waiting for tests (0.68025ms)
✔ independent evidence rejects unmet required evidence and changed ownership (1.309375ms)
✔ workflow starts real evidence independently, preserves test parallelism and separates edited-event cancellation (0.769792ms)
✔ parallel evidence phase binds its own actual job start and deadline (0.949833ms)
✔ real split gates reduce paid metadata repeats against independent old readers (5.292542ms)
ℹ {"fixture_only":true,"old":{"attempts":15,"paid":14,"revalidated":1},"split":{"attempts":19,"paid":11,"revalidated":8}}
ℹ tests 83
ℹ suites 0
ℹ pass 83
ℹ fail 0
ℹ cancelled 0
ℹ skipped 0
ℹ todo 0
ℹ duration_ms 1069.444958
