✔ attributes resolve independently with direct evidence ahead of spatial derivations and examples (1.872632ms)
✔ field evidence does not erase an independently supported attribute and examples do not mask modern reference (0.202855ms)
✔ typed imports reject overlapping field records and preserve stable category IDs (14.730708ms)
✔ no-year-zero resolution, exclusive interval ends and opt-in examples remain deterministic (0.612063ms)
✔ compact references preserve supported dates and field provenance (1.163684ms)
✔ reference territories resolve to their political owner without changing geographic identity (0.197007ms)
✔ fixed environmental classifications have unique stable identities and cover every existing reference value (2.936735ms)
✔ classification API exposes the exact fixed vocabulary independently of database content (30.646623ms)
✔ aliases and stable IDs produce identical whole-location values, colors and category identities (1.607773ms)
✔ preview, both importers and raw SQL reject environmental typos while retaining explicit unknowns (43.996901ms)
✔ grandfathered free-form evidence is retained and exact hosted replays stay idempotent without admitting new text (19.108615ms)
✔ accepted aliases and canonical identities remain source evidence instead of rewriting imported records (28.660029ms)
✔ registration is additive, versioned, immutable and JSON-only; conflicts fail closed (4.122623ms)
✔ serialization hooks/getters cannot replace module identity or metadata, and never execute (2.115958ms)
✔ false and literal zero remain sourced; absent, unknown and unresolved are distinct (0.821298ms)
✔ no year zero, interval extrapolation, lifetime overflow or modern-reference promotion (0.538141ms)
✔ numeric measurement rejects incompatible units, PPP, cohort, household weighting and uncertainty (2.12967ms)
✔ entity government, controlled identities and feature links preserve the existing graph (0.594186ms)
✔ direct/derived/reference/estimate/example precedence, explicit unknown and retirements are deterministic (0.818693ms)
✔ directly quoted estimates retain estimate labels and the preserved method-based priority (0.259421ms)
✔ shared pure snapshot seam round-trips all retained source, unit and derivation metadata without mutation (0.580104ms)
✔ existing eight attributes, legacy values and precedence stay unchanged (0.956161ms)
✔ retained synthetic transport fixture matches date-pinned expected results and original bytes (1.885111ms)
✔ malformed unresolved evidence resolves to the unknown fill for every attribute, including category IDs (1.85781ms)
✔ direct unresolved evidence blocks weaker assignments and modern fallback without losing its provenance (0.852254ms)
✔ API, local import, UI preview and raw SQL reject both unresolved/non-null contract violations (68.796151ms)
✔ 0006 preserves populated claims, retirements and all existing schema objects while suppressing retained malformed claims (19.23099ms)
✔ opening a populated legacy local database retains malformed historical claims and applies the new INSERT guard (8.716325ms)
ℹ tests 28
ℹ suites 0
ℹ pass 28
ℹ fail 0
ℹ cancelled 0
ℹ skipped 0
ℹ todo 0
ℹ duration_ms 238.652605
