
> world-atlas@0.1.0 test
> node --test --test-concurrency=2 test/*.test.mjs

✔ attributes resolve independently with direct evidence ahead of spatial derivations and examples (2.036661ms)
✔ field evidence does not erase an independently supported attribute and examples do not mask modern reference (0.207073ms)
✔ typed imports reject overlapping field records and preserve stable category IDs (15.337778ms)
✔ no-year-zero resolution, exclusive interval ends and opt-in examples remain deterministic (0.498782ms)
✔ compact references preserve supported dates and field provenance (1.046808ms)
✔ reference territories resolve to their political owner without changing geographic identity (0.293813ms)
✔ dated non-example footprint fingerprints change with geometry/date and ignore examples (1051.608667ms)
✔ boundary fingerprints verify the archived executed canonical algorithm (304.811236ms)
✔ changed footprints invalidate cached values while direct evidence can still resolve the location (174.362898ms)
✔ fixed graph assignment is independent of input ordering and meets a dense categorical control (68.068784ms)
✔ concurrent names sharing the upstream ID get distinct presentation colors without new source IDs (5.347584ms)
✔ unconstrained names of the same identity retain the same preferred color (2.39374ms)
✔ invalid or incomplete category graphs are rejected (0.512963ms)
✔ the shipped palette passes all pinned historical constraints and matches the audited modern candidate (35.380011ms)
✔ map and legend presentation keys preserve source identities and distinguish concurrent names (1.188192ms)
✔ shared named modes distinguish display groups; fixed classifications and hierarchy use stable IDs (0.621187ms)
✔ published OKLab reference controls include white, black and red (0.972977ms)
✔ full-severity models preserve achromatic controls and reduce red/green separation (0.582619ms)
✔ generated HSL colors decode consistently and malformed colors are rejected (1.564599ms)
✔ source-name display distinction preserves entity identity without ambiguous concatenation (0.241524ms)
✔ older Workers negotiate the sparse limit without masking unrelated bad requests (52.056218ms)
✔ complete inline temporal streams use the existing pin and revision validator without extra HTTP reads (5.90212ms)
✔ inline temporal revision or release drift restarts the scalar snapshot rather than repinning it (4.188345ms)
✔ absent inline temporal pages retain bounded ordinary geography paging (3.157912ms)
✔ partial inline temporal pages cannot become authoritative or trigger unbounded reads (3.725498ms)
✔ compact client hydrates two atomic entity pages and retains shared source provenance (2.888846ms)
✔ oversized second page reduces its limit and retries its cursor without duplicating completed pages (3.128567ms)
✔ a first-page size retry reaches the reduced request and preserves retirement authority (2.696095ms)
✔ retryable conflicts and cross-page revision changes restart the complete compact snapshot (3.227256ms)
✔ three persistently inconsistent attempts produce unavailable evidence without cold-cache authority (3.904788ms)
✔ warm failures retain claims and withdrawals atomically only for the same year and example setting (3.391183ms)
✔ malformed compact pages, incorrect years and cursor cycles fail atomically (13.487248ms)
✔ compact client propagates aborts and passes the signal to its network request (2.454501ms)
✔ clients without a compact capability keep the original three-stream protocol (2.42716ms)
✔ the geography capability enables compact reads through the actual manifest loader (2.508513ms)
✔ every published canonical run survives compact packing, including its boundary cells and gaps (0.764913ms)
✔ compact full coordinate range, split high owner bits, seam cells and owner capacity are exact (133.161289ms)
✔ v1 and v2 asset loaders preserve gzip/raw words, split row chunks and reject ambiguous manifests (69.704721ms)
✔ shuffled and row-local varint transports reconstruct every packed bit across chunk and empty-row boundaries (199.339832ms)
{"results":[{"version":1,"mismatches":0,"error":0},{"version":2,"mismatches":0,"error":0}],"high":{"pixel":[193,71,29,255],"error":0,"size":262144,"maxTextureSize":8192,"navigationOwnershipUploads":0}}
✔ real WebGL framebuffer agrees for legacy/compact holes, odd runs, maximum coordinates and high IDs (1475.772772ms)
✔ backend cutover is explicit and cannot expose credentials or silently return D1 (1.440282ms)
✔ transfer maintenance blocks every API mutation before touching a database or object bucket (32.848113ms)
✔ PostgreSQL diagnostics and raw export routes use the selected backend and retain honest quota status (2525.50296ms)
✔ continent filters follow location membership for overseas and transcontinental reference owners (1.739133ms)
✔ all six continent scopes partition every prepared location and reconcile reference profiles (1635.47724ms)
✔ bounded source-policy projection is exact, reproducible, and small enough to deploy (60.002998ms)
✔ coverage corrections count selected location identities on every applicable continent (168.100782ms)
✔ coverage presents corrected roles with collapsed evidence and explicitly retained earlier descriptions (12.198922ms)
✔ duplicate role IDs and stale policy assumptions cannot silently update coverage (1.404928ms)
✔ standard envelope roundtrip uses fresh randomness, authenticated context and no plaintext fields (10.299589ms)
✔ tampered ciphertext, authentication tag, IV, wrapped key and recipient are rejected (8.695921ms)
✔ malformed or oversized envelopes, unapproved algorithms and invalid intervals fail closed (1.957201ms)
✔ owner credentials, other endpoints, missing TLS and non-RSA keys cannot be transported (1.135031ms)
✔ private delivery writes owner-only outside-Git file and refuses wrong digest, unsafe permissions, symlinks and overwrite (7.357954ms)
✔ CLI encryption/decryption returns metadata only and failures never print plaintext or key material (111.568785ms)
✔ exact upload archive accounting includes transport/config and preserves excluded sources (40.137637ms)
✔ reserve breaches fail before hard limits and diagnostics name large files/categories (0.580134ms)
✔ staged Site inventory agrees with actual archive and rejects redundant transport/linked inputs (20.492717ms)
✔ fixed environmental database guards reproduce exactly from the shared registry (1.876119ms)
✔ all fixed IDs, display labels, explicit legacy aliases and null pass raw local and hosted SQL (229.168295ms)
✔ unlisted environmental values reject every local import and raw snapshot/history/typed insertion (22.189806ms)
✔ adding local guards preserves existing unrecognized evidence byte for byte and blocks changed values (5.602707ms)
✔ hosted migration retains old claim bytes, permits exact retries and still rejects stable-ID collisions (17.241536ms)
✔ fixed environmental classifications have unique stable identities and cover every existing reference value (1.551349ms)
✔ classification API exposes the exact fixed vocabulary independently of database content (18.789399ms)
✔ aliases and stable IDs produce identical whole-location values, colors and category identities (1.297987ms)
✔ preview, both importers and raw SQL reject environmental typos while retaining explicit unknowns (35.640767ms)
✔ grandfathered free-form evidence is retained and exact hosted replays stay idempotent without admitting new text (20.763817ms)
✔ accepted aliases and canonical identities remain source evidence instead of rewriting imported records (23.563017ms)
✔ verifies bytes without claiming factual correctness (1.930541ms)
✔ schema-only validation reports unverified bytes (0.168564ms)
✔ known broken pins, stale baseline, entry hashes and contradictory summaries fail (1.189714ms)
✔ source access/license limits remain explicit; no unsafe retention (0.542068ms)
✔ research cannot grant approval; supported conclusions need known sources (0.263137ms)
✔ containing-file inventory verifies actual subject IDs, not optional properties.part (0.452512ms)
✔ compressed vs uncompressed hashes and decompression budgets are checked (1.172197ms)
✔ paths and symlinks cannot escape candidate reader (1.165207ms)
✔ unverified withdrawals suppress every attribute source and modern owner fallback without modifying content (1.805121ms)
✔ maintainer gate publishes complete signed, byte-verified products on both databases (2023.560511ms)
✔ forged signatures, altered R2 bytes and incomplete inventories cannot publish (1637.299848ms)
✔ selection corrections are source bounded, sealed, retirement-aware and preserve original bytes (1712.684975ms)
✔ manifest and streamed object limits reject arbitrary classifications, duplicate IDs and registry byte tampering (1455.726479ms)
✔ obsolete known evidence is removed before precedence while explicit unknown and sourced continuity remain eligible (1.111586ms)
✔ even a trusted signed receipt cannot publish overlapping grid runs or wrong decoded bytes (1526.160758ms)
✔ a reference correction retains exact claim bytes, original coordinates and the complete original chain (13.097308ms)
✔ all receipted predecessor identities restore without overwriting active geography or transferring evidence (494.869441ms)
✔ bounded import concurrency defaults to six and accepts only one through eight (1.096693ms)
✔ stage then finalize publishes atomically without replaying ownership batches (78.035897ms)
✔ append-only source batches import before newly registered geography and retain the original source bytes (47.452997ms)
✔ interrupted real-D1 staging resumes explicit or hidden staged releases without rewriting history (96.31678ms)
✔ a mismatched existing staged or published manifest blocks all geographic staging before writes (75.249006ms)
✔ identical archive bytes upload once with a stable first-sorted name and preserve every receipt alias across retries (2.502253ms)
✔ four retained metadata predecessors replay before a late creation and a future second addition (8.674519ms)
✔ mixed creation and metadata chronology must be explicit (1.712472ms)
✔ a creation snapshot cannot advance a previous metadata identity or alter its full source record (5.1009ms)
✔ skipped, duplicate, reordered and mutated sequence pins fail (5.177076ms)
✔ metadata archive tampering still fails at its chronological predecessor (1.436115ms)
✔ legacy noncreation order remains stable and an unused new group is rejected (2.822866ms)
✔ derived child counts must equal actual before and after immediate memberships (4.197418ms)
✔ legacy index remains unchanged; verified extension resolves new release (3.747581ms)
✔ pointer rejects traversal, wrong digest and changed predecessor bytes (1.294972ms)
✔ extension rejects altered predecessor release or batch metadata (0.980939ms)
✔ extension rejects duplicate identities, decreasing versions and repeated batch paths (1.873575ms)
✔ manifest pointers cannot load symbolic links (0.604902ms)
✔ compressed transport retains exact JSON bytes and rejects transport or payload tampering (0.354965ms)
✔ staging is invisible; publication requires complete pinned membership and preserves original registry (39.501548ms)
✔ rename/reparent releases and same-tier merge crosswalk preserve historical evidence and archived releases (38.35572ms)
✔ manifest counts, complete same-release chains, no-year-zero calendar labels and hashes are real gates (48.38402ms)
✔ bounded atomic staging rejects unknown/nongeographic/example identities and wrong-tier parents (33.510555ms)
✔ immutable staged contents and ingestion collisions reject atomically; raw SQL blocks cycles and publication bypass (24.159266ms)
✔ crosswalk evidence, tier identity and retired membership must match the published release (50.625049ms)
✔ published pages use indexed keyset queries and older releases remain inspectable (26.192511ms)
✔ streamed publication hashing matches exported UTF-8 canonical hashes across page boundaries (151.135021ms)
✔ source-backed new territory publishes with a null predecessor and no invented historical attributes (40.660861ms)
✔ live geography concurrency verifier refuses production, shared sessions and missing interactive drivers before writes (1.489456ms)
✔ geography has its own branch and exactly one matching type (2.376663ms)
✔ declared geography ownership is finite, safe and limited to source evidence namespaces (0.480855ms)
✔ geography cannot edit core, history, another packet or an undeclared proposal directory (0.415507ms)
✔ engineering consumes but preserves geography evidence while existing lanes still work (0.237968ms)
✔ geography claims retain exact ownership through renewal and rotation, without content approval (1.400531ms)
✔ claims and PRs refuse issue ownership expansion and incompatible modes (0.668237ms)
✔ actual linked GitHub issue supplies geography ownership, not a PR-controlled declaration (1.822678ms)
✔ real geography Git scope checks renamed source paths, symlinks and issue-backed CLI ownership (144.878394ms)
✔ lane IDs must be explicit and safe (2.351565ms)
✔ research owns only campaign files, excluding shared handovers and other campaigns (0.372491ms)
✔ engineering preserves research and other engineering progress (0.264238ms)
✔ partial and final PRs link one issue without needing a document tracker ID (0.740026ms)
✔ PR policy rejects ambiguous issue links and accidental additional closures (0.355065ms)
✔ GitHub issue type agrees with its lane and references an open issue (0.296467ms)
✔ real git diff checks rename source paths, not only allowed destinations (44.819095ms)
✔ another lane advancing work is not mistaken for this branch changing its files (49.578407ms)
✔ remote issue validation reads only the event repository and requires successful labeled issue metadata (9.677991ms)
✔ hosted catalog keeps active ancestor closure and categories as undated identities without ancient source coverage (42.712699ms)
{"catalog_batches_imported":438,"entities":85315,"categories":1446,"sources":374,"active_units":5810,"archived_units":10259}
✔ every generated hosted catalog batch imports through the actual service and generated D1 constraints (11932.721001ms)
✔ a failed evidence stream cannot mix live claims with an absent retirement snapshot (37.552119ms)
✔ dated geography shares scalar revision and complete same-year cache authority (9.24544ms)
✔ transport compiler changes exactly the pinned 21 guards and preserves all other raw SQL and metadata (7.477104ms)
✔ raw and derivative guards have identical original schemas and preserve all 21 conditions and error messages (10.87068ms)
✔ native workerd D1 reproduces CASE-block truncation and applies the derivative over populated retained claims (4055.831198ms)
✔ geographic pin guards the write transaction and retains exact original replay context (148.294137ms)
✔ publication between preflight and batch rejects stale pins atomically, staged/malformed pins never authorize writes (41.255222ms)
✔ unknown pinned commit outcome stays retryable and never claims a rollback (28.635664ms)
✔ profile titles prefer direct dated evidence over English reference attestations and opt-in examples (19.424597ms)
✔ hosted imports preserve whole-location raw values, precedence evidence and exact intervals (18.821688ms)
✔ stable ID collisions roll back the entire batch and identical evidence stays idempotent (24.507631ms)
✔ all tiers and nongeographic graph entities obey parent contracts (19.179638ms)
✔ source intervals, category identity, typed scalars and habitation contradictions reject imports (23.818101ms)
✔ raw SQL protects typed records, Unicode blank evidence, no-year-zero and retained identity (20.950958ms)
✔ dated names and graph claims are sourced, pageable and never silently become ancient names (23.831398ms)
✔ examples remain opt-in and bounded attribute pages preserve every location record (26.862573ms)
✔ media metadata is immutable and content-addressed with retained sourced links (26.544443ms)
✔ raw SQL rejects half-dated graph and media links (25.218345ms)
✔ dated graph assertions cannot exceed known endpoint lifetimes (29.56136ms)
✔ category IDs are shared graph identities and fictional entities remain opt-in (20.231349ms)
✔ example media on real locations stays opt-in regardless of link source (16.766307ms)
✔ reference and estimate source classes cannot masquerade as direct evidence (29.525681ms)
✔ sourced corrections supersede attributes atomically while preserving old evidence (25.321521ms)
✔ dated name corrections and habitation withdrawal update every reader and conflict check (30.724032ms)
✔ withdrawn relationships and media links disappear from profiles but remain inspectable (31.783058ms)
✔ failed replacements roll back retirements and the ingestion ledger together (18.539539ms)
✔ raw SQL keeps retirement provenance sourced, immutable, unique and atomically finalized (19.371674ms)
✔ supersession chains remain traceable and cannot form cycles (29.422075ms)
✔ evidence history keeps fictional claims opt-in after retirement (16.876684ms)
✔ map name paging excludes future graph names while default queries retain them (16.477172ms)
✔ both sparse streams complete under fixed pins/revision before legacy history becomes authoritative (6.790994ms)
✔ a source-free year makes exactly two bounded requests and retains caller-owned unrelated history (0.969331ms)
✔ identical affected rows and sources across pages deduplicate without granting conflicting claims authority (4.794475ms)
✔ permanent withdrawals apply independently and cross-stream active/withdrawn contradictions reject completion (1.567653ms)
✔ expected scalar revision never silently repins or locally retries a partial snapshot (1.391707ms)
✔ unanchored standalone reads retry both streams within the bounded attempt budget (1.517246ms)
✔ abort/cancellation preserves its reason and no completed or partial result escapes (0.813085ms)
✔ retryable oversized pages reduce only that stream limit and keep the same cursor/revision (1.02191ms)
✔ rows, cursors, response/aggregate budgets and malformed source/capability reject authority (2.498575ms)
✔ explicit unknown parents and BC/AD boundaries retain source evidence and reference context (1.179618ms)
✔ dated parent bridge preserves stable identity, source support and effective complete chains (2.635292ms)
✔ explicit unknown membership keeps the reference chain and original uncertainty rather than adopting a weaker claim (0.295676ms)
✔ existence exclusions survive adaptation, including sourced unknown and BC/AD reference exclusions without year zero (0.452572ms)
✔ bridge rejects wrong release, unsupported source/year, examples, withdrawn winners and unvetted footprints (0.932155ms)
✔ joined-source snapshots hydrate exact JSON text metadata without requiring a duplicate source dictionary (0.555688ms)
✔ shared temporal parent/existence resolution matches direct/derived/reference/example precedence independently of language and IDs (1.224685ms)
✔ complete hosted snapshot authority removes withdrawn legacy IDs and overridden fields without reviving excluded entities (2.827661ms)
✔ bounded production pages hydrate source-deduplicated winners and generate histories/exclusions without a full reference registry (0.634727ms)
✔ bounded withdrawals remain authoritative independently of selected-year claims; malformed stream/context cannot become history (4.813013ms)
✔ source IDs are ordinary stable identities even when their spelling matches JavaScript object properties (0.467334ms)
✔ import preview rejects invalid dates, scalar values and unsupported source intervals before upload (2.752198ms)
✔ import preview enforces whole-batch row and UTF-8 byte bounds (7.118578ms)
✔ import submission preserves evidence and reports database rejection without treating it as saved (26.317462ms)
✔ source-backed corrections preview withdrawal and replacement while retaining source evidence (0.426874ms)
✔ JSON projection retains original nested formatting and appends bounded one-line entries (2.214668ms)
✔ JSON projection handles changed array rows, escaped strings, empty containers and removals (0.395506ms)
✔ province projection changes only province metadata and retains canonical cell/index bounds (1.208982ms)
✔ append-only release retains original generations and drops regenerated baseline (1.175171ms)
✔ evidence composes unchanged territory while preserving original supported facts (1.016843ms)
✔ apply rejects unapproved hash and rolls back partial metadata transaction (1.443905ms)
✔ immutable bytes changing after preparation block application (0.668348ms)
✔ successful metadata install records a committed journal and retains rollback originals (0.758122ms)
✔ dry run validates a whole generation without changing any live bytes (17.88993ms)
✔ apply requires the exact dry-run hash and preserves database/catalog/history originals (13.497231ms)
✔ failure during the multi-path commit restores every original live byte (6.700118ms)
✔ stale runtime, prepared source hashes, province membership and grid counts fail before activation (13.429879ms)
✔ approved hashes prevent changes between inspection and activation (4.20026ms)
✔ unexpected predecessor files or changed historical payload block approved activation (9.632637ms)
✔ path traversal and staging symlinks cannot replace unrelated files (2.581821ms)
✔ duplicate geographic identities and empty groups cannot pass as a complete hierarchy (2.002879ms)
✔ a genuine unknown-attribute creation installs reversibly without changing original history (497.278257ms)
✔ ordered replacement then pure creation validates exact current ancestry and pinned source bytes (519.535849ms)
✔ composed installer rejects skipped or reordered manifests, changed pins and unmatched creation inventories (1326.379106ms)
✔ composed installer rejects child historical transfers and changed source archive bytes (640.93354ms)
✔ geometry evidence cannot silently authorize current source-name changes (483.78136ms)
✔ source-name correction requires pinned exact metadata before/after evidence (920.425554ms)
✔ installer summary pins geometry proof members and rejects altered evidence after approval (215.486676ms)
✔ serialized contenders on one issue have exactly one holder even under the same GitHub account (2.682492ms)
✔ renewal and release require the actual worker plus ownership nonce (0.574436ms)
✔ an idempotent lost-response retry retains original ownership (0.327093ms)
✔ renewal, rotation and reassignment retain one canonical comment ID (0.427484ms)
✔ umbrella, blocked, oversized and unresolved dependency scopes cannot be claimed (0.393022ms)
✔ expired reservations cannot silently discard branches or active PR/live operations (0.543249ms)
✔ multiple PRs retain ownership and rotate branches only after previous work completes (1.13522ms)
✔ canonical comments cannot be impersonated or ambiguous (0.226361ms)
✔ PR validation uses current exact-branch ownership and rejects expired or blocked claims (0.752815ms)
✔ location-content claims wait for worldwide approval while source-only work can start (46.86656ms)
✔ the PR budget cannot be bypassed by claiming another part indefinitely (0.342787ms)
✔ pagination inspects later pages rather than assuming only the first page exists (0.26513ms)
✔ claim lock keys use canonical issue numbers so aliases cannot acquire independent locks (0.321354ms)
✔ approved research is bound to all three geographic pins and ordinary bot audit text is not authority (0.381285ms)
Traceback (most recent call last):
  File "/workspace/worldatlas-observation-contracts-20261003-7e91/scripts/validate-land-creations.py", line 114, in <module>
    print(json.dumps(validate(json.load(sys.stdin)), separators=(',', ':')))
                     ^^^^^^^^^^^^^^^^^^^^^^^^^^^^^^
  File "/workspace/worldatlas-observation-contracts-20261003-7e91/scripts/validate-land-creations.py", line 108, in validate
    raise ValueError('Creation overlaps existing or competing land: ' + other)
ValueError: Creation overlaps existing or competing land: original
Traceback (most recent call last):
  File "/workspace/worldatlas-observation-contracts-20261003-7e91/scripts/validate-land-creations.py", line 114, in <module>
    print(json.dumps(validate(json.load(sys.stdin)), separators=(',', ':')))
                     ^^^^^^^^^^^^^^^^^^^^^^^^^^^^^^
  File "/workspace/worldatlas-observation-contracts-20261003-7e91/scripts/validate-land-creations.py", line 108, in validate
    raise ValueError('Creation overlaps existing or competing land: ' + other)
ValueError: Creation overlaps existing or competing land: original
Traceback (most recent call last):
  File "/workspace/worldatlas-observation-contracts-20261003-7e91/scripts/validate-land-creations.py", line 114, in <module>
    print(json.dumps(validate(json.load(sys.stdin)), separators=(',', ':')))
                     ^^^^^^^^^^^^^^^^^^^^^^^^^^^^^^
  File "/workspace/worldatlas-observation-contracts-20261003-7e91/scripts/validate-land-creations.py", line 91, in validate
    raise ValueError('Ambiguous existing name requires explicit identity review')
ValueError: Ambiguous existing name requires explicit identity review
Traceback (most recent call last):
  File "/workspace/worldatlas-observation-contracts-20261003-7e91/scripts/validate-land-creations.py", line 114, in <module>
    print(json.dumps(validate(json.load(sys.stdin)), separators=(',', ':')))
                     ^^^^^^^^^^^^^^^^^^^^^^^^^^^^^^
  File "/workspace/worldatlas-observation-contracts-20261003-7e91/scripts/validate-land-creations.py", line 36, in validate
    raise ValueError('Creation requires source identity, URL, license and attribution')
ValueError: Creation requires source identity, URL, license and attribution
Traceback (most recent call last):
  File "/workspace/worldatlas-observation-contracts-20261003-7e91/scripts/validate-land-creations.py", line 114, in <module>
    print(json.dumps(validate(json.load(sys.stdin)), separators=(',', ':')))
                     ^^^^^^^^^^^^^^^^^^^^^^^^^^^^^^
  File "/workspace/worldatlas-observation-contracts-20261003-7e91/scripts/validate-land-creations.py", line 46, in validate
    raise ValueError('Creation source bytes changed')
ValueError: Creation source bytes changed
Traceback (most recent call last):
  File "/workspace/worldatlas-observation-contracts-20261003-7e91/scripts/validate-land-creations.py", line 114, in <module>
    print(json.dumps(validate(json.load(sys.stdin)), separators=(',', ':')))
                     ^^^^^^^^^^^^^^^^^^^^^^^^^^^^^^
  File "/workspace/worldatlas-observation-contracts-20261003-7e91/scripts/validate-land-creations.py", line 39, in validate
    raise ValueError('Invalid source support interval')
ValueError: Invalid source support interval
Traceback (most recent call last):
  File "/workspace/worldatlas-observation-contracts-20261003-7e91/scripts/validate-land-creations.py", line 114, in <module>
    print(json.dumps(validate(json.load(sys.stdin)), separators=(',', ':')))
                     ^^^^^^^^^^^^^^^^^^^^^^^^^^^^^^
  File "/workspace/worldatlas-observation-contracts-20261003-7e91/scripts/validate-land-creations.py", line 81, in validate
    raise ValueError('Created land differs from the exact source geometry')
ValueError: Created land differs from the exact source geometry
Traceback (most recent call last):
  File "/workspace/worldatlas-observation-contracts-20261003-7e91/scripts/validate-land-creations.py", line 114, in <module>
    print(json.dumps(validate(json.load(sys.stdin)), separators=(',', ':')))
                     ^^^^^^^^^^^^^^^^^^^^^^^^^^^^^^
  File "/workspace/worldatlas-observation-contracts-20261003-7e91/scripts/validate-land-creations.py", line 101, in validate
    raise ValueError('Creation parent chain differs from reviewed proof')
ValueError: Creation parent chain differs from reviewed proof
Traceback (most recent call last):
  File "/workspace/worldatlas-observation-contracts-20261003-7e91/scripts/validate-land-creations.py", line 114, in <module>
    print(json.dumps(validate(json.load(sys.stdin)), separators=(',', ':')))
                     ^^^^^^^^^^^^^^^^^^^^^^^^^^^^^^
  File "/workspace/worldatlas-observation-contracts-20261003-7e91/scripts/validate-land-creations.py", line 86, in validate
    raise ValueError('Source identity rename must not masquerade as new land')
ValueError: Source identity rename must not masquerade as new land
Traceback (most recent call last):
  File "/workspace/worldatlas-observation-contracts-20261003-7e91/scripts/validate-land-creations.py", line 114, in <module>
    print(json.dumps(validate(json.load(sys.stdin)), separators=(',', ':')))
                     ^^^^^^^^^^^^^^^^^^^^^^^^^^^^^^
  File "/workspace/worldatlas-observation-contracts-20261003-7e91/scripts/validate-land-creations.py", line 88, in validate
    raise ValueError('Existing source identity cannot be created again')
ValueError: Existing source identity cannot be created again
Traceback (most recent call last):
  File "/workspace/worldatlas-observation-contracts-20261003-7e91/scripts/validate-land-creations.py", line 114, in <module>
    print(json.dumps(validate(json.load(sys.stdin)), separators=(',', ':')))
                     ^^^^^^^^^^^^^^^^^^^^^^^^^^^^^^
  File "/workspace/worldatlas-observation-contracts-20261003-7e91/scripts/validate-land-creations.py", line 71, in validate
    rings(matches[0]['geometry']['coordinates'])
  File "/workspace/worldatlas-observation-contracts-20261003-7e91/scripts/validate-land-creations.py", line 70, in rings
    rings(row)
  File "/workspace/worldatlas-observation-contracts-20261003-7e91/scripts/validate-land-creations.py", line 67, in rings
    raise ValueError('Source polygon rings must be explicitly closed')
ValueError: Source polygon rings must be explicitly closed
✔ pure source-backed creation has a null predecessor and retains every original geometry (543.518893ms)
✔ latitude and antimeridian creation uses actual narrow land, not a world-width polygon (338.482611ms)
✔ reject existing identity, duplicate land and competing overlap without writing output (452.610325ms)
✔ reject unsupported source, altered geometry, invalid coordinates, chain gaps and disguised rename (1365.068608ms)
✔ a creation receipt cannot transfer history or add an unaccounted identity (349.915425ms)
Traceback (most recent call last):
  File "/workspace/worldatlas-observation-contracts-20261003-7e91/scripts/validate-land-creations.py", line 114, in <module>
    print(json.dumps(validate(json.load(sys.stdin)), separators=(',', ':')))
                     ^^^^^^^^^^^^^^^^^^^^^^^^^^^^^^
  File "/workspace/worldatlas-observation-contracts-20261003-7e91/scripts/validate-land-creations.py", line 62, in validate
    coordinates(matches[0]['geometry']['coordinates'])
  File "/workspace/worldatlas-observation-contracts-20261003-7e91/scripts/validate-land-creations.py", line 61, in coordinates
    coordinates(row)
  File "/workspace/worldatlas-observation-contracts-20261003-7e91/scripts/validate-land-creations.py", line 61, in coordinates
    coordinates(row)
  File "/workspace/worldatlas-observation-contracts-20261003-7e91/scripts/validate-land-creations.py", line 58, in coordinates
    raise ValueError('Invalid longitude/latitude source coordinates')
ValueError: Invalid longitude/latitude source coordinates
Traceback (most recent call last):
  File "/workspace/worldatlas-observation-contracts-20261003-7e91/scripts/validate-land-creations.py", line 114, in <module>
    print(json.dumps(validate(json.load(sys.stdin)), separators=(',', ':')))
                     ^^^^^^^^^^^^^^^^^^^^^^^^^^^^^^
  File "/workspace/worldatlas-observation-contracts-20261003-7e91/scripts/validate-land-creations.py", line 54, in validate
    raise ValueError('Invalid raw source geometry must not be silently repaired')
ValueError: Invalid raw source geometry must not be silently repaired
Traceback (most recent call last):
  File "/workspace/worldatlas-observation-contracts-20261003-7e91/scripts/validate-land-creations.py", line 114, in <module>
    print(json.dumps(validate(json.load(sys.stdin)), separators=(',', ':')))
                     ^^^^^^^^^^^^^^^^^^^^^^^^^^^^^^
  File "/workspace/worldatlas-observation-contracts-20261003-7e91/scripts/validate-land-creations.py", line 108, in validate
    raise ValueError('Creation overlaps existing or competing land: ' + other)
ValueError: Creation overlaps existing or competing land: competing
✔ staged source creation compiles and publishes identical static/hosted crosswalks (539.899804ms)
✔ invalid source coordinates, competing new land and old group mutations are rejected (481.19709ms)
✔ macro partition checks separate member coherence from source completeness and descendant approval (15.247243ms)
✔ a structural pass cannot invent semantic approval or permit regional interiors (1.642215ms)
✔ each current macro identity and adjacent-tier parent must have exact decision and envelope coverage (1.18739ms)
✔ member and footprint hashes detect cross-region reassignment and geometry edits (0.524381ms)
✔ only inspected successful sources with URLs and reproducible hashes support boundary decisions (0.996452ms)
✔ named missing islands receive explicit routing without imaginary geometry (1.5923ms)
✔ supplemental boundary sources receive the same inspection and pin requirements as retained ledgers (1.221611ms)
✔ partial named-land evidence preserves existing geometry while explicitly withholding completeness (0.788568ms)
✔ large source collections retain a bounded reference to the exact archived receipt (2.220647ms)
✔ same-tier reference split preserves exact archived originals and disjoint descendant members (2.784656ms)
✔ split successors require unique explicit new-group deltas and a complete crosswalk (2.562502ms)
✔ split endpoints cannot change tier, containing parent, registry identity or source/history proof (5.970929ms)
✔ a same-count swap of unrelated territory fails exact split-member conservation (0.697632ms)
✔ explicit local-group retirement retains every descendant and exact full archive (1.631969ms)
✔ preparation emits every split pair and retains new identities, predecessor and original baseline (18.369644ms)
✔ explicit reference creation can extract a location while retaining its original populated groups (2.802663ms)
✔ sourced creations and explicit local-group retirements can share a conserving receipt (0.555698ms)
✔ release creation crosswalks retain source relationship evidence without null-old retirement collisions (17.525712ms)
✔ retained replacements archive all six exact originals without predecessor transfer (8.131725ms)
✔ an unrelated old feature mutation is rejected (0.613885ms)
✔ exact changed feature archives cannot substitute modified originals (0.357869ms)
✔ duplicate or replaced stable identities are rejected (0.291199ms)
✔ source proof cannot authorize historical transfer or missing independent validation (0.201754ms)
✔ bounded replacement subprocess writes the same exact validated receipt (84.766506ms)
✔ current projection preserves identities and keeps source inspection separate from semantic approval (1.609205ms)
✔ source-backed projection cannot change timeline facts or invent geographic review completion (0.41759ms)
✔ current pins and exact counts must describe the actual geography (0.202284ms)
✔ complete current chains cannot be reordered or silently assigned different parents (0.429788ms)
✔ every retired or created parent has exact original archive and explicit crosswalk (0.231579ms)
✔ location conservation and exact parent descendant membership remain exhaustive (0.319982ms)
✔ source-backed projection resolves exact replacements and creations while all semantic branches remain open (480.560592ms)
✔ projection preparation rejects altered source pins, wrong order and invented historical transfers (249.081786ms)
✔ projection validator exhausts added identities, retained archives and new source-assessed groups (526.843222ms)
✔ later geometry projection preserves original inspection bytes and namespaces current predecessor snapshots (2.111422ms)
✔ successive source migrations conserve earlier additions and their sourced new groups (462.523986ms)
✔ projection predecessor loading pins both gzip layers and joins exact releases (1.32684ms)
✔ raster presentation graph includes true horizontal and vertical shared cells (1.659161ms)
✔ ocean gaps and diagonal corners do not become territorial adjacency (0.297408ms)
✔ date-line screen wrap is included and same-owner contact is ignored (0.938935ms)
✔ malformed packed rows fail closed instead of emitting an incomplete graph (0.526393ms)
✔ evidence-only pages omit empty identities but retain withdrawal-only subjects and complete claims (52.755494ms)
✔ entity pages return exactly shared whole-location winners, source dictionaries and all-tier preferred names (54.402186ms)
✔ entity cursor pages never split an attribute set and preserve aliases, examples, lifetimes and end sentinels (29.254708ms)
✔ inactive archived identities stay inspectable without inflating fixed-geography map pages (20.188064ms)
✔ page withdrawals suppress prepared fallback claims for attributes and names with no wrong truncation (28.993204ms)
✔ metadata summarization preserves all no-inhabitants proof semantics and points to original evidence (24.278278ms)
✔ mid-page writes reject the entire map page with a retryable revision conflict (22.494074ms)
✔ priority ties use the shared UTF-16 identity order instead of SQLite UTF-8 collation (22.929986ms)
✔ the shared browser format rejects incomplete, duplicated, mismatched and unscoped response pages (19.214116ms)
{"fixture":"1000-locations-9000-attributes","queries":7,"page_bytes":2393036,"elapsed_ms":136.4,"attribute_index":"attributes_location_dates","name_index":"names_entity_dates"}
✔ 1000 locations and 9000 attributes use seven bounded indexed queries instead of claim pages (5189.587592ms)
✔ finite Marcus routing is independent of sovereignty and retains provisional lower-tier roles (1.186668ms)
✔ reject asymmetric Japan exclusion, alternate macro routing and invented readiness (0.866235ms)
✔ original water-masked Marcus land reconstructs from exact OSM bytes (157.00382ms)
✔ removing the source water hole or changing the coastline is rejected (176.103905ms)
Atlas request failed /api/media/upload Media ID already identifies a different immutable object
✔ media bytes and sourced provenance survive upload, metadata-only reads and identical retries (43.909924ms)
✔ invalid or oversized provenance and maintenance never write source objects (13.534096ms)
✔ frozen migration SQL and snapshots retain their published identities (6.209277ms)
✔ new source land retains unknown owners and its original source metadata (1393.467263ms)
✔ year parsing supports BC/BCE/AD/CE and rejects invalid or out-of-range dates (1.311747ms)
✔ every location has exactly all six hierarchy levels (1818.053956ms)
✔ seed is idempotent and missing history stays missing (15534.15092ms)
✔ example intervals are opt-in and end-exclusive, including ownership changes (2774.99123ms)
✔ atomic imports reject overlapping records, invalid populations, ranks, and parents (347.918813ms)
✔ real records take precedence over examples, with no population interpolation (898.272473ms)
✔ boundary versions require polygons and sources, and resolve by date (1491.712028ms)
✔ unknown, zero population, and category colors have stable, distinct semantics (1956.653476ms)
✔ historical political records are dated, sourced, and do not extend into 2025 (1440.744855ms)
✔ both Huidong counties have complete, distinct geographical parents (1516.533604ms)
✔ inserts and updates cannot skip hierarchy levels (1.118716ms)
✔ legacy hierarchy migration preserves historical records and repairs skipped parents (46626.838555ms)
✔ topology migration retires duplicate coverage while preserving its imported history (59812.426173ms)
✔ geographic regions cross ownership borders and subdivide large countries (1621.311393ms)
✔ semantic replacements preserve source history and custom locations without transferring their values (55489.22771ms)
✔ non-Latin municipalities remain distinct and city memberships contain all districts (1621.287761ms)
✔ account proof and configured quotas/compute remain typed, scoped and free of arbitrary private fields (30.271417ms)
✔ denied organization proof stays unavailable while actual project settings remain verified (1.302751ms)
✔ missing organization and quota are explicit unknowns, never inferred from public pricing (1.098093ms)
✔ wrong project and lossy quotas fail before a misleading capacity receipt can be produced (1.22863ms)
✔ actual PostgreSQL forward DDL preserves every baseline byte and sequence, grants minimum runtime access, and retries idempotently (2421.915156ms)
✔ forward failure rolls back DDL, registry and grants without changing original bytes (1561.515222ms)
✔ registered catalog tampering and unreviewed hashes reject instead of silently repairing a database (1833.012138ms)
✔ missing reviewed rehearsal operation performs no management requests or database mutation (1.846553ms)
✔ reviewed forward operation requires an actual production baseline and exact ordered files (0.538932ms)
✔ fresh hash-pinned private Site maintenance attestation rejects stale, writable and mismatched context (1.503576ms)
✔ management workflows require explicit manual dispatch and reject push selection (59.855844ms)
✔ full rehearsal restores every original table byte, authenticates restricted read-only services, and deletes only its child (2279.213934ms)
✔ production requires authenticated successful rehearsal artifact, restores once, and delivers only encrypted app credential (3337.924482ms)
✔ missing or tampered reviewed checkpoints and missing production acknowledgement cause zero network/DB calls (67.942023ms)
✔ production branch IDs and mismatched endpoint hosts are refused before connection or production deletion (2236.014151ms)
✔ rehearsal failed cleanup preserves the exact child ID without claiming validated production handoff (1584.161059ms)
✔ artifact reader accepts one bounded receipt without extracting paths and rejects malformed archive bytes (1.637599ms)
✔ authorized direct production preserves exhaustive verification and refuses a second installation (2072.704551ms)
✔ Neon metadata verification authenticates read-only requests, follows pagination, and omits secret response fields (22.858226ms)
✔ Neon verifier rejects wrong project configuration and absent credentials without requests (1.977432ms)
✔ Neon metadata failures never retain raw HTTP/network bodies, mismatched projects, or repeated pagination cursors (6.095098ms)
✔ PostgreSQL schema splitter retains command bytes while respecting nested comments, quoted identifiers, strings and dollar bodies (0.829561ms)
✔ isolated Neon verifier applies the exact schema atomically on real PostgreSQL and exercises actual hosted services (2006.139173ms)
✔ private owner connection failures remain sanitized and cleanup still deletes the validation branch (4.139039ms)
✔ isolated SQL verifier refuses production IDs and production hosts before any SQL connection (7.582941ms)
✔ SQL driver errors are sanitized and clean up only the newly created branch (2.132244ms)
✔ cleanup failures retain the exact validation branch ID and fail the verification receipt (2.19579ms)
✔ ambiguous creation persists its unique name without guessing a deletion target or SQL connection (1.564218ms)
✔ read-only metadata helper does not accept a project mismatch supplied by the API (0.576149ms)
✔ canonical screen reports actual source-land cells for a compact territorial polygon (1.178607ms)
✔ a genuine polygon smaller than a cell remains unrepresented without assigning water (0.62367ms)
✔ archived original dry land blocks a purported new identity on that land (157.599535ms)
✔ an exact-name homonym on different land does not transfer or reuse archived identity (140.589988ms)
✔ changed archive bytes fail before considering identity absence (150.98321ms)
✔ candidate preparation refuses an existing output instead of overwriting evidence (1.509596ms)
✔ ownership assets reconstruct out-of-order compressed chunks and reject truncation (26.368689ms)
✔ version-pinned ownership digests reject mixed deployments and support host-decoded gzip (5.985412ms)
✔ hosted omission accounts for all prior bytes and preserves every current/source file exactly (21.397515ms)
✔ portable static export retains the full tree without a delivery manifest (8.298259ms)
✔ existing pinned archive tampering fails before packaging (4.791793ms)
✔ verification rejects unlisted excluded files, altered retained bytes and deployed tampering (17.38141ms)
✔ symbolic links cannot silently omit archive content (5.075902ms)
✔ contrast constraints use actual half-open interval overlap, never range envelopes (31.742429ms)
✔ parent lookups and unused-unit foreign-key checks use local parent indexes (4.039729ms)
✔ opening a populated pre-index database installs parent indexes without rewriting geography or evidence (14.735163ms)
✔ pixel ownership is exclusive and adjacent locations tile without a seam (1.557848ms)
✔ holes, water and defensive overlap handling have one integer ID per cell (0.293373ms)
✔ panning and lower-detail views sample the same canonical geographic cells (1.241652ms)
✔ province borders are stronger and local borders disappear at distant zoom (0.194223ms)
✔ Canvas fallback samples near screen resolution without four-pixel blocks (0.2125ms)
✔ fixed non-power-of-two grid projects the entire world consistently (0.226381ms)
✔ dated membership changes province lookup and picking records while retaining exact grid cells and geometry (2.811889ms)
✔ metadata refresh accepts reordered identities and atomically rejects replacements, missing and duplicate locations (0.929782ms)
✔ boundary geometry cache ignores source/date/provenance changes but detects actual dated footprints (0.395066ms)
✔ compiled ownership preserves holes, shared edges, overlaps and water at every detail level (5.284035ms)
✔ ownership survives geometry disposal and alternating zoom/pan views (1.402654ms)
✔ GPU row tables and picking retain every canonical cell, including tiny features (1.429425ms)
✔ prepacked browser fallback samples the same canonical grid (1.496156ms)
✔ placeholder translation preserves quoted values, dollar bodies and nested comments exactly (2.304224ms)
✔ only reviewed inserts and index hints are adapted; SQLite metadata needs an explicit query (0.604742ms)
✔ injected driver returns D1 results with safe numeric dates and unchanged text evidence (1.646161ms)
✔ batches remain ordered, atomic and ingestion-locked before identity allocation (0.703039ms)
✔ publication and guarded imports share a lock before fresh ReadCommitted guard snapshots (0.480173ms)
✔ driver failures preserve SQLSTATE while removing credentials, payloads and server details (1.099979ms)
✔ bounded timeouts cancel network work and preserve uncertain commit status for idempotent retries (100.743943ms)
✔ Neon HTTP wrapper submits lazy ordered queries as one transaction without exposing its URL (1.01549ms)
✔ actual PostgreSQL parses translated placeholders, idempotence and rollback without touching immutable evidence text (1628.801953ms)
✔ PostgreSQL evidence-only map pages retain retirement-only subjects without enumerating empty geography (1801.345118ms)
✔ actual PostgreSQL applies all 14 tables and hosted smoke preserves original corrected evidence (1363.242468ms)
✔ PostgreSQL claim/name readers preserve JSON bytes, stable identities, half-open dates, nulls and examples (1279.257098ms)
✔ PostgreSQL guards reject interval/source/classification/owner contradictions and roll back complete failed batches (1223.537009ms)
✔ PostgreSQL atomic correction retires overlap, retains old bytes and cannot resurrect immutable evidence (1436.374347ms)
✔ PostgreSQL rank/habitation and fixed environment guards match literal-zero proof policy (1299.486919ms)
✔ PostgreSQL catalogs/graph/media paging and compact map use actual hosted SQL with whole-location parity (1337.135731ms)
✔ PostgreSQL stages and publishes complete pinned reference geography without mutating registry/evidence (1276.247283ms)
✔ actual PostgreSQL and frozen D1 produce identical evidence/source bytes and selected-year service values (1233.588816ms)
✔ PostgreSQL compact metadata summaries retain zero-population proof semantics and evidence links (1293.204149ms)
✔ PostgreSQL geographic transaction guards reject unpublished/stale hashes and retain pinned replay receipts (1429.57299ms)
✔ verified owner restore copies all fourteen original tables, legacy bytes, archives, examples, releases and rowids (2016.974368ms)
✔ nonempty target refuses restoration without replacing evidence or disabled guards (1375.04409ms)
✔ insert failure rolls back every copied table and USER-trigger state with no unsafe partial resume (1390.368997ms)
✔ read-back verification failure rolls back source rows and prevents sequence advancement (1319.608831ms)
✔ tampered source parts and unacknowledged owner restore make no target writes (1299.886332ms)
✔ sequence-reset failure rolls back transactional RESTART and preserves all original guards (1427.019389ms)
✔ lost commit acknowledgement requires read-only verification before any retry (1373.578702ms)
✔ raw row digests preserve original text and obey D1 binary key order (0.592163ms)
✔ actual restricted LOGIN runs hosted imports, corrections, idempotent retries and selected-year readers (1905.064807ms)
✔ runtime role cannot mutate facts, suppress guards, restore revisions or escalate privileges (1406.523423ms)
✔ restricted publication updates only validated status and publication columns (1448.428799ms)
✔ idempotent maintenance preserves existing password and explicit rotation safely changes it (1510.55933ms)
✔ existing inherited, privileged, owning or broadly granted role is rejected without silent downgrade (12468.048891ms)
✔ weak credentials and inherited PUBLIC schema CREATE prevent reopening without weakening PUBLIC permissions (1207.575555ms)
✔ non-superuser schema owner retains only automatic ADMIN-without-INHERIT-or-SET role management (1527.257577ms)
✔ new requirements preserve old scopes, enforce new declarations and permit explicit legacy adoption (1.730408ms)
✔ positive real-format ledger validates actual files and binds an independent review (1.808266ms)
✔ regressions: stale vintage, entry hash, wrong source/path and conflicting generated result fail (1.421823ms)
✔ full changes include rename/deletion originals; immutable original-source refresh cannot overwrite evidence (0.674867ms)
✔ coordinate/helper policies require positive and negative controls; generators need reproducibility (0.684481ms)
✔ generator controls bind actual positive, negative and equal two-run output bytes (0.704152ms)
✔ reviews reject self approval, stale heads, omitted hashes/files and absent factual/geometry review (0.752635ms)
✔ mock remote queue checks exact blobs/head/independent receipt with read-only requests (2.502933ms)
✔ incomplete remote trees cannot become a passed byte check (0.458341ms)
✔ remote decisions reject stale exact-head reviews and a later change request (1.607974ms)
✔ browser/server adapters agree, use only matching source intervals, and preserve complete provenance (21.836603ms)
✔ source bounds, producer byte hashes, current identity and geography proof failures block publication (3.618555ms)
✔ prepared producers reject free-form environmental text even when hashes and source dates match (4.987818ms)
✔ both runtime paths reject stale manifests and tampered prepared assets (3.726186ms)
✔ duplicate input identities are rejected and hosted duplicates retain imported evidence without dropping prepared metadata (2.875694ms)
✔ bounded persistent batches import through actual hosted schema/service and are idempotent (26.329134ms)
✔ prepared reference attestations retain direct historical name priority and aliases do not become preferred (2.702403ms)
✔ retirement pages prevent every prepared fallback from resurrecting withdrawn names or attributes (62.128542ms)
✔ hosted duplicate enrichment keeps prepared provenance while preserving the imported claim (8.897761ms)
✔ completed real name and census products import persistently and resolve identically without gap filling (10048.118513ms)
✔ public manifest byte pin protects source provenance as well as record parts (4.100431ms)
✔ record APIs reject pages whose ingestion revision changed during the read (40.41306ms)
✔ client retries complete map reads for mixed revisions, caps retries and obeys cancellation (15.165872ms)
✔ reference migrations revalidate immutable claims only when every corresponding footprint stays identical (5.522335ms)
✔ chained reference revalidation preserves original evidence and pins the prior receipt archive (5.99706ms)
✔ ownership codecs preserve identity, dated labels, competing evidence and the BC/AD edge (1.902608ms)
✔ actual environmental tables decode exactly at all normal-period boundaries (11093.790328ms)
✔ reference codecs preserve supported precision and do not bridge unsupported intervals (0.435296ms)
✔ actual prepared historical records match independent compact-table interpretation (15333.082225ms)
﹣ static and server exports resolve every active location identically, with examples on and off (0.453133ms) # full static export not built
✔ missing readiness is a review candidate, not permission (1.809477ms)
✔ explicit source access blockers survive closed dependencies; prose needs review (0.534466ms)
✔ unknown lane, invalid prefixes, umbrellas and import approval are separate (0.398461ms)
✔ same-account workers retain distinct canonical leases and live work constraints (0.444369ms)
✔ all issue pages and duplicate ownership; checkpoints deduplicate by state (22.556247ms)
✔ failed reads preserve checkpoint and never report false resolutions (0.805444ms)
✔ reference restoration preserves archived IDs, source context and exact original records idempotently (8.330065ms)
✔ existing active territory names, geometry, parents and owner context are never overwritten (4.840185ms)
✔ original record ID conflicts fail explicitly and restoration rolls back broken archives (4.436597ms)
✔ the published source archive restores every original record into a fresh reference database (4771.457723ms)
✔ environmental context can be displayed without inventing historical field evidence (1.597318ms)
✔ modern supported records and historical reference context share a category and map color (0.463278ms)
✔ dated historical observations override modern context until their exclusive interval end (0.277529ms)
✔ explicit dated uncertainty and unmapped source text cannot be replaced by a baseline (0.267303ms)
✔ only supported environmental references can supply presentation context (0.168735ms)
✔ invalidated geography cannot retain environmental context or restore a dated field (0.938034ms)
✔ reference source dates and environmental caveats survive display unchanged (0.614005ms)
✔ an evidence outage leaves historical fields unknown while immutable reference context remains available (0.145619ms)
✔ missing baselines remain unknown and non-environmental fields never acquire environmental context (0.222977ms)
✔ baseline selection is deterministic and keeps the chosen source interval rather than extending it (0.295436ms)
✔ compact and legacy context decoding preserve original supported intervals and source metadata (0.457109ms)
✔ explicit metadata parent merge conserves full descendant identities and exact relationship provenance (2.89226ms)
✔ receipts without the opt-in relationship field preserve the legacy preparation contract (0.454555ms)
✔ missing, duplicate, extra and unretired merge endpoints cannot masquerade as complete crosswalks (1.946915ms)
✔ same-tier registered identities and adjacent parent conservation are required (1.28703ms)
✔ a same-count swap of unrelated territories fails exact descendant-footprint conservation (0.450759ms)
✔ complete original unit records, explicit source proof and zero historical transfer are required (1.593932ms)
✔ the complete real candidate validates all 49,589 locations and the 55-county source-backed merge (1729.494681ms)
✔ full candidate release preparation emits the explicit merge, archived predecessor and exact unchanged baseline (11166.023357ms)
✔ current manifest is closed and no region can claim invented approvals (1.383145ms)
✔ v1 worldwide approval remains compatible (0.633084ms)
✔ regional content claims depend on macro and branch approval, not unfinished worldwide descendants (1.578289ms)
✔ macro approval and explicit complete region certificates are required (0.444981ms)
✔ pins and every location target are checked against explicitly selected regions (0.744051ms)
✔ ambiguous territorial membership fails closed (0.151779ms)
✔ all name, relationship and media targets are scoped; ancillary or geographic writes are refused (0.446973ms)
✔ verified raw batches are inspected rather than trusting caller target summaries (0.453444ms)
✔ corrections require a territorial crosswalk and cannot transfer facts to another location (0.51053ms)
✔ research compiler produces deterministic bounded batches and preserves exact input/source bytes (786.522034ms)
✔ compiler rejects unsupported classifications, unsupported dates, source classes, cycles and geographic writes (0.860798ms)
✔ parent entities precede child entities and atomic correction groups stay together at batch boundaries (90.402963ms)
✔ dry-run rejects tampering and performs zero network requests (2.648443ms)
✔ import refuses mismatched geography before writes and rejects unsafe origins (17.408745ms)
✔ partial successful receipts survive failure, resumable retry skips committed batches and never logs credentials (443.41696ms)
✔ network/transient failures retry an identical ingestion within a bounded budget (1.974076ms)
✔ compiled content imports against actual frozen hosted SQL and preserves corrected evidence immutably (36.17617ms)
✔ targets first introduced by a campaign commit before its retirement transaction (17.76957ms)
✔ shared replacements stay atomic and chained corrections respect target availability (0.729169ms)
✔ each research batch carries its geographic pin and a conflict preserves prior receipts (147.730532ms)
✔ unpinned server receipts are rejected and legacy receipts are preserved while newly pinned transactions verify them (2.95169ms)
✔ temporal campaigns retain ordinary source dependencies and route atomic sourced geography corrections separately (1.510578ms)
✔ temporal compiler bounds sources/dates/classification and rejects reference mutations/unvetted footprints (1.029973ms)
✔ temporal bundle manifests validate endpoint identity, pinned receipts and resume independently of ordinary imports (3.153654ms)
✔ discovery preserves identity/source metadata and pages every result with bounded filters (112.330502ms)
✔ relationship pages exhaust both directions beyond profile truncation with date/example/withdrawal filtering (61.282591ms)
✔ media link pages preserve every active link and omit withdrawn, pending and unsupported-year links (62.881161ms)
✔ capacity reports measured bytes and declared budgets without claiming a managed quota or prepared assets (23.778038ms)
✔ catalog and graph reads reject revision changes instead of publishing inconsistent pages (17.698332ms)
✔ media campaign dry run validates original bytes and rights without network or receipts (67.525643ms)
✔ actual Worker and registerMedia roundtrip retains provenance, immutable R2 bytes and resumable receipt hashes (51.550168ms)
✔ lost upload response rereads committed identity and full bytes without a second POST (17.479262ms)
✔ failed campaign preserves verified objects and safely resumes only missing identities (29.306934ms)
✔ source mismatches, changed claims and changed local or remote bytes stop before replacing originals (18.950069ms)
✔ tampered checkpoints, duplicate content identities and missing source dependencies are rejected (16.744625ms)
✔ redirects never forward the private credential and untrusted API errors are not persisted (16.663242ms)
✔ encoded URL bounds and escaped local paths are enforced before any upload (14.289072ms)
✔ a truncated successful POST receipt is resolved by direct immutable metadata reread (16.443721ms)
✔ optional registered source archives are checked by stable ID and digest before linking provenance (18.819413ms)
✔ older services without provenance capability stop before creating immutable incomplete metadata (13.861137ms)
✔ century transport preserves exact intervals, dated identities and contested provenance with deterministic assets (125.992279ms)
✔ six schema variants partition all IDs and preserve explicit semantic openness (5.102292ms)
✔ raw hashing preserves float lexemes, signed zero, exponent precision and Unicode policy (0.788149ms)
✔ duplicate reports, stale polygons and incomplete parent chains fail (1.610298ms)
✔ parent membership cannot overlap, omit a child or claim unsupported approval (2.509824ms)
✔ owner labels and source policy identities are exhaustively crosswalked (2.170112ms)
✔ removed/new IDs require archival receipts and migration is never inferred (4.113412ms)
✔ fresh-clone reader verifies every file pin without Python or cache access (29.410249ms)
✔ changed source bytes or missing continent ledger reject the read-only snapshot (14.482193ms)
✔ a renamed complete ledger cannot leak into website deployment assets (12.939047ms)
✔ source-parent measurements require current footprint context and actual members (28.156579ms)
✔ sourced policy overlay changes exactly the three proven roles without mutating original source policy (3.281959ms)
✔ unrelated original-policy edits and duplicate correction identities require new review (11.721437ms)
✔ every crosswalked location exposes its individually supported role and unchanged source vintage (1.394392ms)
✔ Monaco and Luxembourg remain explicit stable-ID proposals with no hierarchy mutation (39.715095ms)
✖ explicit legacy staging retains every original migration and metadata byte and deploys exactly 0000–0007 (3.544204ms)
✖ default staging keeps the complete derivative and opt-in retries remove old forward files (0.614286ms)
✔ all forward migration/source/journal hashes are checked before any deployment cutoff (11.077952ms)
✖ the eight staged migrations have the original eight-migration schema and no forward tables (0.519353ms)
✖ staging requires explicit valid mode, a separate real checkout and a supported CLI flag (66.878352ms)
✔ checkpoint packing deterministically preserves all fourteen exported tables and every original byte (170.304765ms)
✔ checkpoint rejects compressed tampering, original hashes and unsafe paths without publishing partial output (69.661884ms)
✔ a recomputed gzip hash cannot bypass the independent decompression bound (65.532579ms)
✔ symlinked checkpoint parts and changed source exports are rejected without replacing evidence (60.159117ms)
✔ existing destinations are immutable and ordinary restore validates source hashes before any database call (71.183588ms)
✔ verified existing destinations reject checkpoint identity-summary tampering (85.342624ms)
✔ v2 inventories all twenty-three tables and pins every reviewed D1/PostgreSQL migration (17.434024ms)
✔ empty forward migrations preserve every v1 marker/page byte and existing fourteen-table restore (1892.357539ms)
✔ forward owner restoration streams all twenty-three tables, original JSON bytes, deferred receipts and sequence (2051.667028ms)
✔ v2 detects changing staged publication, missing source guards and unexpected factual tables (1352.897938ms)
✔ a missing target guard or source migration/raw-row proof fails before any target writes (1393.824742ms)
✔ a deferred cross-table FK failure rolls back all twenty-three tables, guards and sequence (1587.444919ms)
✔ interrupted v2 capture resumes preserved pages and its v2 cursor cannot be sent to v1 (206.044155ms)
✔ complete export marker works under managed D1 compound-SELECT limits (41.188757ms)
✔ all fourteen raw tables export exhaustively with original text, rowids and archived evidence (81.047379ms)
✔ composite keyset cursors page across releases and reject foreign, malformed or injected cursors (41.103238ms)
✔ markers detect publication and media writes outside ingestion revisions and reject raced pages (30.220494ms)
✔ oversized retained evidence is reduced through explicit 413 rather than truncated (69.057044ms)
✔ CLI exporter preserves a partial ledger, resumes hashed pages and proves frozen all-table counts (67.510484ms)
✔ CLI rejects unfrozen, changed or tampered exports without mixing checkpoints (51.495883ms)
✔ CLI overlaps bounded independent collections while preserving serial cursors and journals (132.620669ms)
✔ stalled fetch times out with its forwarded signal and retries the same cursor without rewriting preserved source pages (568.866724ms)
✔ a response with stalled JSON bytes is bounded through body consumption and preserves checkpoint receipts (580.268631ms)
✔ permanent transport stalls stop after four deadlines without logging credentials or creating a false checkpoint (3547.067891ms)
✔ external cancellation aborts fetch, JSON-body reading and retry backoff without retries or checkpoint changes (145.86296ms)
✔ malformed JSON and snapshot-conflict HTTP errors remain nonretryable, and unsafe deadline settings fail before fetching (1.344566ms)
Atlas request failed /api/geography/temporal/import Ingestion ID identifies another input
✔ Worker dated geography routes, revision, evidence and retry work on actual sqlite (97.844107ms)
Atlas request failed /api/geography/temporal/import Cross-origin writes are not permitted
Atlas request failed /api/geography/temporal/import Expected property name or '}' in JSON at position 1 (line 1 column 2)
Atlas request failed /api/geography/temporal/import Request exceeds the supported upload size
Atlas request failed /api/geography/temporal/import Dated geography import rejected; no partial changes may be used
Atlas request failed /api/geography/temporal/snapshot Year must be between 3000 BC and 2026 AD, excluding zero
Atlas request failed /api/geography/temporal/snapshot Year must be between 3000 BC and 2026 AD, excluding zero
Atlas request failed /api/geography/temporal/snapshot Year must be between 3000 BC and 2026 AD, excluding zero
Atlas request failed /api/geography/temporal/snapshot Invalid temporal snapshot stream
✔ Worker dated geography rejects unsafe writes without changing scalar/media routes on actual sqlite (50.368703ms)
Atlas request failed /api/geography/temporal/import Ingestion ID identifies another input
✔ Worker dated geography routes, revision, evidence and retry work on actual postgres (1982.000089ms)
Atlas request failed /api/geography/temporal/import Cross-origin writes are not permitted
Atlas request failed /api/geography/temporal/import Expected property name or '}' in JSON at position 1 (line 1 column 2)
Atlas request failed /api/geography/temporal/import Request exceeds the supported upload size
Atlas request failed /api/geography/temporal/import Dated geography import rejected; no partial changes may be used
Atlas request failed /api/geography/temporal/snapshot Year must be between 3000 BC and 2026 AD, excluding zero
Atlas request failed /api/geography/temporal/snapshot Year must be between 3000 BC and 2026 AD, excluding zero
Atlas request failed /api/geography/temporal/snapshot Year must be between 3000 BC and 2026 AD, excluding zero
Atlas request failed /api/geography/temporal/snapshot Invalid temporal snapshot stream
✔ Worker dated geography rejects unsafe writes without changing scalar/media routes on actual postgres (1458.011971ms)
✔ opt-in inline temporal pages retain exact standalone claims, permanent withdrawals, source and release pins (1966.526588ms)
✔ a revision change between scalar and inline temporal reads rejects the complete response (1445.374134ms)
✔ incomplete bounded temporal streams stay on the ordinary paging protocol (3605.332145ms)
✔ inline geography never widens the total scalar response byte limit (5597.619823ms)
✔ complete reference chains remain labeled fallback; BC/AD, exclusive end and province-level changes resolve identically (1609.037155ms)
✔ SQL source, tier, equal-precedence overlap, release and example guards reject atomic invalid imports (1469.193854ms)
✔ ancestor absence rejects disconnected descendants but permits atomic reparenting or existence suppression (1588.825436ms)
✔ all overlapping ancestor transitions are validated, including interior absence outside child endpoints (1432.76154ms)
✔ explicit unknown blocks weaker and opt-in examples while maintaining the complete reference chain (1464.228057ms)
✔ atomic corrections preserve original JSON text, withdrawals, stable retries and missing-replacement rollback (1481.853229ms)
✔ SQL independently prevents forged validation, dangling receipts and appending to a sealed receipt (1340.875203ms)
✔ known identity lifetimes cannot be resurrected or widened by a dated claim (1381.530419ms)
✔ paged claims retain exclusions, provenance, release and one shared revision (1335.996469ms)
✔ bounded production pages skip the reference registry in source-free years and return only winners with deduplicated sources (1600.608453ms)
✔ permanent withdrawal pages retain claims outside the selected year and share the pinned revision (1422.31567ms)
✔ legacy source metadata is byte-preflighted before materialization and oversized pages fail with a bounded retry suggestion (1784.443076ms)
✔ raw SQL cannot store fractional years or alter retained temporal facts and receipts (1384.423056ms)
✔ actual hosted winner and withdrawal streams hydrate the browser resolver without full registry reads (1454.264936ms)
✔ direct dated names precede reference attestations in any language, with stable ties and examples last (4.344338ms)
✔ unknown historical name and habitation do not imply an absent or rural settlement (5.51296ms)
✔ dated names at every level retain stable identity; aliases remain searchable outside their dates (13.995325ms)
✔ dated membership changes the hierarchy used by map colors and province borders (9.293128ms)
✔ settlement attributes and existence are separate from a location and successor links keep distinct IDs (13.983208ms)
✔ explicit uninhabited differs from unknown, and sourced states beat examples (6.582352ms)
✔ broken dated parent chains, invalid dates and interval overlaps roll back atomically (8.274273ms)
✔ future historical graph entities do not enter geographic grouping tiers (2.272565ms)
✔ registration is additive, versioned, immutable and JSON-only; conflicts fail closed (5.243984ms)
✔ false and literal zero remain sourced; absent, unknown and unresolved are distinct (1.796007ms)
✔ no year zero, interval extrapolation, lifetime overflow or modern-reference promotion (0.715488ms)
✔ numeric measurement rejects incompatible units, PPP, cohort, household weighting and uncertainty (1.606542ms)
✔ entity government, controlled identities and feature links preserve the existing graph (0.520444ms)
✔ direct/derived/reference/estimate/example precedence, explicit unknown and retirements are deterministic (1.426711ms)
✔ shared pure snapshot seam round-trips all retained source, unit and derivation metadata without mutation (0.701367ms)
✔ existing eight attributes, legacy values and precedence stay unchanged (1.28683ms)
✔ retained synthetic transport fixture matches date-pinned expected results and original bytes (2.584095ms)
✔ malformed unresolved evidence resolves to the unknown fill for every attribute, including category IDs (1.788937ms)
✔ direct unresolved evidence blocks weaker assignments and modern fallback without losing its provenance (0.81599ms)
✔ API, local import, UI preview and raw SQL reject both unresolved/non-null contract violations (77.226527ms)
✔ 0006 preserves populated claims, retirements and all existing schema objects while suppressing retained malformed claims (20.205557ms)
✔ opening a populated legacy local database retains malformed historical claims and applies the new INSERT guard (8.884162ms)
✔ explicit no-inhabitant evidence produces unsettled with its supported interval and source record provenance (2.055699ms)
✔ unknown, reference, modeled, rounded and untyped legacy zeros never imply unsettled (0.622719ms)
✔ settlement contradictions obey cross-field precedence and tied evidence remains disputed (1.053428ms)
✔ local imports accept canonical unsettled, reject both orders of direct contradictions and retain unknown/model-zero behavior (13.066195ms)
✔ hosted imports and shared resolver agree; corrections exclude retired negative claims (58.437846ms)
✔ 0003 migration preserves all old claim fields, retirement pointers, indexes and triggers (15.700997ms)
✔ existing local enum migration preserves snapshots/history and enables new rank without touching geometry (18.039542ms)
✔ precision flags prevent false habitation conflicts in both local and hosted import orders (156.144403ms)
✔ 0004 precision migration preserves claims, retirements, indexes and all other triggers (19.399862ms)
✔ source classes protect literal-zero evidence and example opt-in at the SQL boundary (49.334263ms)
✔ 0005 source-class migration preserves claims and retirement-aware contracts while matching example-zero resolution (17.930047ms)
✔ results are bound to the bot, request and issue, including denial (1.138246ms)
✔ latest matching response wins, unrelated or malformed comments cannot confer ownership (0.213452ms)
✔ positive confirmations require current exact canonical ownership, not stale success (0.805805ms)
✔ bootstrap fallback requires exact request and releases require inactive state (0.305741ms)
✔ merge responses retain exact PR binding and embedded HTML cannot break the marker (0.230057ms)
ℹ tests 604
ℹ suites 0
ℹ pass 599
ℹ fail 4
ℹ cancelled 0
ℹ skipped 1
ℹ todo 0
ℹ duration_ms 255271.635349

✖ failing tests:

test at test/stage-site-migrations.test.mjs:20:1
✖ explicit legacy staging retains every original migration and metadata byte and deploys exactly 0000–0007 (3.544204ms)
  Error: ENOENT: no such file or directory, scandir '/workspace/worldatlas-observation-contracts-20261003-7e91/dist/drizzle'
      at read (node:fs:1536:35)
      at readdirSyncRecursive (node:fs:1554:5)
      at Object.readdirSync (node:fs:1628:12)
      at snapshot (file:///workspace/worldatlas-observation-contracts-20261003-7e91/test/stage-site-migrations.test.mjs:17:48)
      at TestContext.<anonymous> (file:///workspace/worldatlas-observation-contracts-20261003-7e91/test/stage-site-migrations.test.mjs:21:64)
      at Test.runInAsyncScope (node:async_hooks:227:14)
      at Test.run (node:internal/test_runner/test:1382:25)
      at Test.start (node:internal/test_runner/test:1242:17)
      at startSubtestAfterBootstrap (node:internal/test_runner/harness:387:17) {
    errno: -2,
    code: 'ENOENT',
    syscall: 'scandir',
    path: '/workspace/worldatlas-observation-contracts-20261003-7e91/dist/drizzle'
  }

test at test/stage-site-migrations.test.mjs:51:1
✖ default staging keeps the complete derivative and opt-in retries remove old forward files (0.614286ms)
  Error: ENOENT: no such file or directory, open '/workspace/worldatlas-observation-contracts-20261003-7e91/dist/drizzle/transport-receipt.json'
      at Object.openSync (node:fs:622:18)
      at Object.readFileSync (node:fs:488:35)
      at validateSiteMigrationInputs (file:///workspace/worldatlas-observation-contracts-20261003-7e91/scripts/stage-site-migrations.mjs:7:30)
      at stageSiteMigrations (file:///workspace/worldatlas-observation-contracts-20261003-7e91/scripts/stage-site-migrations.mjs:27:70)
      at TestContext.<anonymous> (file:///workspace/worldatlas-observation-contracts-20261003-7e91/test/stage-site-migrations.test.mjs:53:23)
      at Test.runInAsyncScope (node:async_hooks:227:14)
      at Test.run (node:internal/test_runner/test:1382:25)
      at Test.processPendingSubtests (node:internal/test_runner/test:960:18)
      at Test.postRun (node:internal/test_runner/test:1522:19)
      at Test.run (node:internal/test_runner/test:1447:12) {
    errno: -2,
    code: 'ENOENT',
    syscall: 'open',
    path: '/workspace/worldatlas-observation-contracts-20261003-7e91/dist/drizzle/transport-receipt.json'
  }

test at test/stage-site-migrations.test.mjs:90:1
✖ the eight staged migrations have the original eight-migration schema and no forward tables (0.519353ms)
  Error: ENOENT: no such file or directory, open '/workspace/worldatlas-observation-contracts-20261003-7e91/dist/drizzle/transport-receipt.json'
      at Object.openSync (node:fs:622:18)
      at Object.readFileSync (node:fs:488:35)
      at validateSiteMigrationInputs (file:///workspace/worldatlas-observation-contracts-20261003-7e91/scripts/stage-site-migrations.mjs:7:30)
      at stageSiteMigrations (file:///workspace/worldatlas-observation-contracts-20261003-7e91/scripts/stage-site-migrations.mjs:27:70)
      at TestContext.<anonymous> (file:///workspace/worldatlas-observation-contracts-20261003-7e91/test/stage-site-migrations.test.mjs:93:3)
      at Test.runInAsyncScope (node:async_hooks:227:14)
      at Test.run (node:internal/test_runner/test:1382:25)
      at Test.processPendingSubtests (node:internal/test_runner/test:960:18)
      at Test.postRun (node:internal/test_runner/test:1522:19)
      at Test.run (node:internal/test_runner/test:1447:12) {
    errno: -2,
    code: 'ENOENT',
    syscall: 'open',
    path: '/workspace/worldatlas-observation-contracts-20261003-7e91/dist/drizzle/transport-receipt.json'
  }

test at test/stage-site-migrations.test.mjs:106:1
✖ staging requires explicit valid mode, a separate real checkout and a supported CLI flag (66.878352ms)
  AssertionError [ERR_ASSERTION]: node:fs:622
    return binding.open(
                   ^
  
  Error: ENOENT: no such file or directory, open '/workspace/worldatlas-observation-contracts-20261003-7e91/dist/drizzle/transport-receipt.json'
      at Object.openSync (node:fs:622:18)
      at Object.readFileSync (node:fs:488:35)
      at validateSiteMigrationInputs (file:///workspace/worldatlas-observation-contracts-20261003-7e91/scripts/stage-site-migrations.mjs:7:30)
      at stageSiteMigrations (file:///workspace/worldatlas-observation-contracts-20261003-7e91/scripts/stage-site-migrations.mjs:27:70)
      at file:///workspace/worldatlas-observation-contracts-20261003-7e91/scripts/stage-site-migrations.mjs:52:374
      at ModuleJob.run (node:internal/modules/esm/module_job:439:25)
      at async node:internal/modules/esm/loader:643:26
      at async asyncRunEntryPointWithESMLoader (node:internal/modules/run_main:101:5) {
    errno: -2,
    code: 'ENOENT',
    syscall: 'open',
    path: '/workspace/worldatlas-observation-contracts-20261003-7e91/dist/drizzle/transport-receipt.json'
  }
  
  Node.js v24.19.0
  
  
  1 !== 0
  
      at TestContext.<anonymous> (file:///workspace/worldatlas-observation-contracts-20261003-7e91/test/stage-site-migrations.test.mjs:116:10)
      at Test.runInAsyncScope (node:async_hooks:227:14)
      at Test.run (node:internal/test_runner/test:1382:25)
      at Test.processPendingSubtests (node:internal/test_runner/test:960:18)
      at Test.postRun (node:internal/test_runner/test:1522:19)
      at Test.run (node:internal/test_runner/test:1447:12)
      at async Test.processPendingSubtests (node:internal/test_runner/test:960:7) {
    generatedMessage: false,
    code: 'ERR_ASSERTION',
    actual: 1,
    expected: 0,
    operator: 'strictEqual',
    diff: 'simple'
  }
