
> world-atlas@0.1.0 test
> node --test --test-concurrency=2 test/*.test.mjs

✔ attributes resolve independently with direct evidence ahead of spatial derivations and examples (1.911421ms)
✔ field evidence does not erase an independently supported attribute and examples do not mask modern reference (0.273092ms)
✔ typed imports reject overlapping field records and preserve stable category IDs (16.347658ms)
✔ no-year-zero resolution, exclusive interval ends and opt-in examples remain deterministic (0.550901ms)
✔ compact references preserve supported dates and field provenance (1.126998ms)
✔ reference territories resolve to their political owner without changing geographic identity (0.20588ms)
✔ dated non-example footprint fingerprints change with geometry/date and ignore examples (1197.235054ms)
✔ boundary fingerprints verify the archived executed canonical algorithm (380.055669ms)
✔ changed footprints invalidate cached values while direct evidence can still resolve the location (189.828119ms)
✔ fixed graph assignment is independent of input ordering and meets a dense categorical control (85.524347ms)
✔ concurrent names sharing the upstream ID get distinct presentation colors without new source IDs (5.916437ms)
✔ unconstrained names of the same identity retain the same preferred color (3.037699ms)
✔ invalid or incomplete category graphs are rejected (0.557771ms)
✔ the shipped palette passes all pinned historical constraints and matches the audited modern candidate (28.128504ms)
✔ map and legend presentation keys preserve source identities and distinguish concurrent names (0.896771ms)
✔ shared named modes distinguish display groups; fixed classifications and hierarchy use stable IDs (0.745354ms)
✔ published OKLab reference controls include white, black and red (1.343835ms)
✔ full-severity models preserve achromatic controls and reduce red/green separation (0.629499ms)
✔ generated HSL colors decode consistently and malformed colors are rejected (1.574864ms)
✔ source-name display distinction preserves entity identity without ambiguous concatenation (0.248926ms)
✔ older Workers negotiate the sparse limit without masking unrelated bad requests (49.246842ms)
✔ complete inline temporal streams use the existing pin and revision validator without extra HTTP reads (7.150768ms)
✔ inline temporal revision or release drift restarts the scalar snapshot rather than repinning it (4.99005ms)
✔ absent inline temporal pages retain bounded ordinary geography paging (3.87489ms)
✔ partial inline temporal pages cannot become authoritative or trigger unbounded reads (4.216084ms)
✔ compact client hydrates two atomic entity pages and retains shared source provenance (3.568948ms)
✔ oversized second page reduces its limit and retries its cursor without duplicating completed pages (3.494748ms)
✔ a first-page size retry reaches the reduced request and preserves retirement authority (2.928584ms)
✔ retryable conflicts and cross-page revision changes restart the complete compact snapshot (3.669991ms)
✔ three persistently inconsistent attempts produce unavailable evidence without cold-cache authority (4.337798ms)
✔ warm failures retain claims and withdrawals atomically only for the same year and example setting (3.297921ms)
✔ malformed compact pages, incorrect years and cursor cycles fail atomically (14.733956ms)
✔ compact client propagates aborts and passes the signal to its network request (2.400608ms)
✔ clients without a compact capability keep the original three-stream protocol (2.631376ms)
✔ the geography capability enables compact reads through the actual manifest loader (2.60033ms)
{"baselineRuns":28809329,"boundaryAndGapCells":115237316,"legacyBytes":463046592,"compactBytes":232571960}
✔ every published canonical run survives compact packing, including its boundary cells and gaps (23881.323262ms)
✔ compact full coordinate range, split high owner bits, seam cells and owner capacity are exact (105.945927ms)
✔ v1 and v2 asset loaders preserve gzip/raw words, split row chunks and reject ambiguous manifests (61.189963ms)
✔ shuffled and row-local varint transports reconstruct every packed bit across chunk and empty-row boundaries (174.664437ms)
{"results":[{"version":1,"mismatches":0,"error":0},{"version":2,"mismatches":0,"error":0}],"high":{"pixel":[193,71,29,255],"error":0,"size":262144,"maxTextureSize":8192,"navigationOwnershipUploads":0}}
✔ real WebGL framebuffer agrees for legacy/compact holes, odd runs, maximum coordinates and high IDs (1085.284541ms)
✔ backend cutover is explicit and cannot expose credentials or silently return D1 (1.078265ms)
✔ transfer maintenance blocks every API mutation before touching a database or object bucket (34.649793ms)
✔ PostgreSQL diagnostics and raw export routes use the selected backend and retain honest quota status (1814.127626ms)
✔ continent filters follow location membership for overseas and transcontinental reference owners (1.599271ms)
✔ all six continent scopes partition every prepared location and reconcile reference profiles (1094.12052ms)
✔ bounded source-policy projection is exact, reproducible, and small enough to deploy (73.371142ms)
✔ coverage corrections count selected location identities on every applicable continent (160.892953ms)
✔ coverage presents corrected roles with collapsed evidence and explicitly retained earlier descriptions (11.664566ms)
✔ duplicate role IDs and stale policy assumptions cannot silently update coverage (1.385687ms)
✔ standard envelope roundtrip uses fresh randomness, authenticated context and no plaintext fields (10.151055ms)
✔ tampered ciphertext, authentication tag, IV, wrapped key and recipient are rejected (8.477664ms)
✔ malformed or oversized envelopes, unapproved algorithms and invalid intervals fail closed (2.070099ms)
✔ owner credentials, other endpoints, missing TLS and non-RSA keys cannot be transported (1.268301ms)
✔ private delivery writes owner-only outside-Git file and refuses wrong digest, unsafe permissions, symlinks and overwrite (7.422864ms)
✔ CLI encryption/decryption returns metadata only and failures never print plaintext or key material (127.287239ms)
✔ exact upload archive accounting includes transport/config and preserves excluded sources (45.649352ms)
✔ reserve breaches fail before hard limits and diagnostics name large files/categories (0.59706ms)
✔ staged Site inventory agrees with actual archive and rejects redundant transport/linked inputs (18.318812ms)
✔ fixed environmental database guards reproduce exactly from the shared registry (1.938391ms)
✔ all fixed IDs, display labels, explicit legacy aliases and null pass raw local and hosted SQL (233.273783ms)
✔ unlisted environmental values reject every local import and raw snapshot/history/typed insertion (23.389322ms)
✔ adding local guards preserves existing unrecognized evidence byte for byte and blocks changed values (5.945869ms)
✔ hosted migration retains old claim bytes, permits exact retries and still rejects stable-ID collisions (17.07334ms)
✔ fixed environmental classifications have unique stable identities and cover every existing reference value (1.503806ms)
✔ classification API exposes the exact fixed vocabulary independently of database content (18.913578ms)
✔ aliases and stable IDs produce identical whole-location values, colors and category identities (1.440701ms)
✔ preview, both importers and raw SQL reject environmental typos while retaining explicit unknowns (36.114034ms)
✔ grandfathered free-form evidence is retained and exact hosted replays stay idempotent without admitting new text (17.860451ms)
✔ accepted aliases and canonical identities remain source evidence instead of rewriting imported records (21.377931ms)
✔ verifies bytes without claiming factual correctness (2.341649ms)
✔ schema-only validation reports unverified bytes (0.168944ms)
✔ known broken pins, stale baseline, entry hashes and contradictory summaries fail (1.393479ms)
✔ source access/license limits remain explicit; no unsafe retention (0.469627ms)
✔ research cannot grant approval; supported conclusions need known sources (0.327192ms)
✔ containing-file inventory verifies actual subject IDs, not optional properties.part (0.40482ms)
✔ compressed vs uncompressed hashes and decompression budgets are checked (1.193659ms)
✔ paths and symlinks cannot escape candidate reader (1.266518ms)
✔ unverified withdrawals suppress every attribute source and modern owner fallback without modifying content (1.710968ms)
✔ maintainer gate publishes complete signed, byte-verified products on both databases (2098.638184ms)
✔ forged signatures, altered R2 bytes and incomplete inventories cannot publish (1568.41169ms)
✔ selection corrections are source bounded, sealed, retirement-aware and preserve original bytes (1594.00502ms)
✔ manifest and streamed object limits reject arbitrary classifications, duplicate IDs and registry byte tampering (1401.280652ms)
✔ obsolete known evidence is removed before precedence while explicit unknown and sourced continuity remain eligible (0.96917ms)
✔ even a trusted signed receipt cannot publish overlapping grid runs or wrong decoded bytes (1518.545279ms)
✔ a reference correction retains exact claim bytes, original coordinates and the complete original chain (7.002253ms)
✔ all receipted predecessor identities restore without overwriting active geography or transferring evidence (430.136855ms)
✔ bounded import concurrency defaults to six and accepts only one through eight (1.032225ms)
✔ stage then finalize publishes atomically without replaying ownership batches (58.321328ms)
✔ append-only source batches import before newly registered geography and retain the original source bytes (33.116625ms)
✔ interrupted real-D1 staging resumes explicit or hidden staged releases without rewriting history (71.751908ms)
✔ a mismatched existing staged or published manifest blocks all geographic staging before writes (52.85771ms)
✔ identical archive bytes upload once with a stable first-sorted name and preserve every receipt alias across retries (2.073986ms)
✔ four retained metadata predecessors replay before a late creation and a future second addition (5.175901ms)
✔ mixed creation and metadata chronology must be explicit (4.34651ms)
✔ a creation snapshot cannot advance a previous metadata identity or alter its full source record (3.20503ms)
✔ skipped, duplicate, reordered and mutated sequence pins fail (3.35833ms)
✔ metadata archive tampering still fails at its chronological predecessor (0.929731ms)
✔ legacy noncreation order remains stable and an unused new group is rejected (1.959673ms)
✔ derived child counts must equal actual before and after immediate memberships (2.447679ms)
✔ legacy index remains unchanged; verified extension resolves new release (3.164969ms)
✔ pointer rejects traversal, wrong digest and changed predecessor bytes (1.472569ms)
✔ extension rejects altered predecessor release or batch metadata (1.02827ms)
✔ extension rejects duplicate identities, decreasing versions and repeated batch paths (1.278307ms)
✔ manifest pointers cannot load symbolic links (0.539222ms)
✔ compressed transport retains exact JSON bytes and rejects transport or payload tampering (0.394073ms)
✔ staging is invisible; publication requires complete pinned membership and preserves original registry (35.686087ms)
✔ rename/reparent releases and same-tier merge crosswalk preserve historical evidence and archived releases (34.665189ms)
✔ manifest counts, complete same-release chains, no-year-zero calendar labels and hashes are real gates (32.460226ms)
✔ bounded atomic staging rejects unknown/nongeographic/example identities and wrong-tier parents (21.676716ms)
✔ immutable staged contents and ingestion collisions reject atomically; raw SQL blocks cycles and publication bypass (19.591554ms)
✔ crosswalk evidence, tier identity and retired membership must match the published release (30.624591ms)
✔ published pages use indexed keyset queries and older releases remain inspectable (26.717853ms)
✔ streamed publication hashing matches exported UTF-8 canonical hashes across page boundaries (129.161882ms)
✔ source-backed new territory publishes with a null predecessor and no invented historical attributes (35.844747ms)
✔ live geography concurrency verifier refuses production, shared sessions and missing interactive drivers before writes (1.450997ms)
✔ geography has its own branch and exactly one matching type (1.642765ms)
✔ declared geography ownership is finite, safe and limited to source evidence namespaces (0.354193ms)
✔ geography cannot edit core, history, another packet or an undeclared proposal directory (0.397459ms)
✔ engineering consumes but preserves geography evidence while existing lanes still work (0.196386ms)
✔ geography claims retain exact ownership through renewal and rotation, without content approval (1.326429ms)
✔ claims and PRs refuse issue ownership expansion and incompatible modes (0.603579ms)
✔ actual linked GitHub issue supplies geography ownership, not a PR-controlled declaration (1.38042ms)
✔ real geography Git scope checks renamed source paths, symlinks and issue-backed CLI ownership (114.840755ms)
✔ lane IDs must be explicit and safe (5.816174ms)
✔ research owns only campaign files, excluding shared handovers and other campaigns (0.341655ms)
✔ engineering preserves research and other engineering progress (0.163056ms)
✔ partial and final PRs link one issue without needing a document tracker ID (0.693355ms)
✔ PR policy rejects ambiguous issue links and accidental additional closures (0.236136ms)
✔ GitHub issue type agrees with its lane and references an open issue (0.221524ms)
✔ real git diff checks rename source paths, not only allowed destinations (30.452612ms)
✔ another lane advancing work is not mistaken for this branch changing its files (39.126982ms)
✔ remote issue validation reads only the event repository and requires successful labeled issue metadata (8.21489ms)
✔ hosted catalog keeps active ancestor closure and categories as undated identities without ancient source coverage (38.073946ms)
{"catalog_batches_imported":438,"entities":85315,"categories":1446,"sources":374,"active_units":5810,"archived_units":10259}
✔ every generated hosted catalog batch imports through the actual service and generated D1 constraints (11492.469755ms)
✔ a failed evidence stream cannot mix live claims with an absent retirement snapshot (35.225561ms)
✔ dated geography shares scalar revision and complete same-year cache authority (10.137098ms)
✔ transport compiler changes exactly the pinned 21 guards and preserves all other raw SQL and metadata (8.374161ms)
✔ raw and derivative guards have identical original schemas and preserve all 21 conditions and error messages (11.701005ms)
✔ native workerd D1 reproduces CASE-block truncation and applies the derivative over populated retained claims (4471.64985ms)
✔ geographic pin guards the write transaction and retains exact original replay context (48.271643ms)
✔ publication between preflight and batch rejects stale pins atomically, staged/malformed pins never authorize writes (32.483037ms)
✔ unknown pinned commit outcome stays retryable and never claims a rollback (25.157716ms)
✔ profile titles prefer direct dated evidence over English reference attestations and opt-in examples (18.707566ms)
✔ hosted imports preserve whole-location raw values, precedence evidence and exact intervals (18.443297ms)
✔ stable ID collisions roll back the entire batch and identical evidence stays idempotent (19.05602ms)
✔ all tiers and nongeographic graph entities obey parent contracts (17.33079ms)
✔ source intervals, category identity, typed scalars and habitation contradictions reject imports (21.140502ms)
✔ raw SQL protects typed records, Unicode blank evidence, no-year-zero and retained identity (16.875744ms)
✔ dated names and graph claims are sourced, pageable and never silently become ancient names (19.855465ms)
✔ examples remain opt-in and bounded attribute pages preserve every location record (28.012559ms)
✔ media metadata is immutable and content-addressed with retained sourced links (16.817327ms)
✔ raw SQL rejects half-dated graph and media links (14.508887ms)
✔ dated graph assertions cannot exceed known endpoint lifetimes (20.1173ms)
✔ category IDs are shared graph identities and fictional entities remain opt-in (23.552567ms)
✔ example media on real locations stays opt-in regardless of link source (17.541378ms)
✔ reference and estimate source classes cannot masquerade as direct evidence (21.671222ms)
✔ sourced corrections supersede attributes atomically while preserving old evidence (16.956797ms)
✔ dated name corrections and habitation withdrawal update every reader and conflict check (19.191595ms)
✔ withdrawn relationships and media links disappear from profiles but remain inspectable (23.933938ms)
✔ failed replacements roll back retirements and the ingestion ledger together (19.283043ms)
✔ raw SQL keeps retirement provenance sourced, immutable, unique and atomically finalized (19.505408ms)
✔ supersession chains remain traceable and cannot form cycles (22.06854ms)
✔ evidence history keeps fictional claims opt-in after retirement (17.073843ms)
✔ map name paging excludes future graph names while default queries retain them (17.981731ms)
✔ both sparse streams complete under fixed pins/revision before legacy history becomes authoritative (7.989591ms)
✔ a source-free year makes exactly two bounded requests and retains caller-owned unrelated history (0.501045ms)
✔ identical affected rows and sources across pages deduplicate without granting conflicting claims authority (3.724253ms)
✔ permanent withdrawals apply independently and cross-stream active/withdrawn contradictions reject completion (1.344727ms)
✔ expected scalar revision never silently repins or locally retries a partial snapshot (1.33381ms)
✔ unanchored standalone reads retry both streams within the bounded attempt budget (1.171846ms)
✔ abort/cancellation preserves its reason and no completed or partial result escapes (0.44472ms)
✔ retryable oversized pages reduce only that stream limit and keep the same cursor/revision (0.667206ms)
✔ rows, cursors, response/aggregate budgets and malformed source/capability reject authority (1.989488ms)
✔ explicit unknown parents and BC/AD boundaries retain source evidence and reference context (0.747817ms)
✔ dated parent bridge preserves stable identity, source support and effective complete chains (2.535061ms)
✔ explicit unknown membership keeps the reference chain and original uncertainty rather than adopting a weaker claim (0.290898ms)
✔ existence exclusions survive adaptation, including sourced unknown and BC/AD reference exclusions without year zero (0.396778ms)
✔ bridge rejects wrong release, unsupported source/year, examples, withdrawn winners and unvetted footprints (0.909851ms)
✔ joined-source snapshots hydrate exact JSON text metadata without requiring a duplicate source dictionary (0.555007ms)
✔ shared temporal parent/existence resolution matches direct/derived/reference/example precedence independently of language and IDs (1.083433ms)
✔ complete hosted snapshot authority removes withdrawn legacy IDs and overridden fields without reviving excluded entities (0.592833ms)
✔ bounded production pages hydrate source-deduplicated winners and generate histories/exclusions without a full reference registry (0.592343ms)
✔ bounded withdrawals remain authoritative independently of selected-year claims; malformed stream/context cannot become history (0.838013ms)
✔ source IDs are ordinary stable identities even when their spelling matches JavaScript object properties (0.397228ms)
✔ import preview rejects invalid dates, scalar values and unsupported source intervals before upload (2.271614ms)
✔ import preview enforces whole-batch row and UTF-8 byte bounds (5.068469ms)
✔ import submission preserves evidence and reports database rejection without treating it as saved (23.945329ms)
✔ source-backed corrections preview withdrawal and replacement while retaining source evidence (0.607606ms)
✔ JSON projection retains original nested formatting and appends bounded one-line entries (2.124722ms)
✔ JSON projection handles changed array rows, escaped strings, empty containers and removals (0.393293ms)
✔ province projection changes only province metadata and retains canonical cell/index bounds (1.217455ms)
✔ append-only release retains original generations and drops regenerated baseline (1.082952ms)
✔ evidence composes unchanged territory while preserving original supported facts (0.943582ms)
✔ apply rejects unapproved hash and rolls back partial metadata transaction (1.438148ms)
✔ immutable bytes changing after preparation block application (0.395837ms)
✔ successful metadata install records a committed journal and retains rollback originals (0.717501ms)
✔ dry run validates a whole generation without changing any live bytes (18.806444ms)
✔ apply requires the exact dry-run hash and preserves database/catalog/history originals (14.859706ms)
✔ failure during the multi-path commit restores every original live byte (6.531765ms)
✔ stale runtime, prepared source hashes, province membership and grid counts fail before activation (13.888331ms)
✔ approved hashes prevent changes between inspection and activation (4.248724ms)
✔ unexpected predecessor files or changed historical payload block approved activation (8.733383ms)
✔ path traversal and staging symlinks cannot replace unrelated files (2.860282ms)
✔ duplicate geographic identities and empty groups cannot pass as a complete hierarchy (2.227667ms)
✔ a genuine unknown-attribute creation installs reversibly without changing original history (279.926355ms)
✔ ordered replacement then pure creation validates exact current ancestry and pinned source bytes (295.611582ms)
✔ composed installer rejects skipped or reordered manifests, changed pins and unmatched creation inventories (955.591587ms)
✔ composed installer rejects child historical transfers and changed source archive bytes (428.809081ms)
✔ geometry evidence cannot silently authorize current source-name changes (342.029449ms)
✔ source-name correction requires pinned exact metadata before/after evidence (606.909717ms)
✔ installer summary pins geometry proof members and rejects altered evidence after approval (338.913406ms)
✔ serialized contenders on one issue have exactly one holder even under the same GitHub account (2.461722ms)
✔ renewal and release require the actual worker plus ownership nonce (0.495297ms)
✔ an idempotent lost-response retry retains original ownership (0.350008ms)
✔ renewal, rotation and reassignment retain one canonical comment ID (0.365661ms)
✔ umbrella, blocked, oversized and unresolved dependency scopes cannot be claimed (0.425802ms)
✔ expired reservations cannot silently discard branches or active PR/live operations (1.140961ms)
✔ multiple PRs retain ownership and rotate branches only after previous work completes (0.352561ms)
✔ canonical comments cannot be impersonated or ambiguous (0.270538ms)
✔ PR validation uses current exact-branch ownership and rejects expired or blocked claims (0.483559ms)
✔ location-content claims wait for worldwide approval while source-only work can start (78.25575ms)
✔ the PR budget cannot be bypassed by claiming another part indefinitely (0.283467ms)
✔ pagination inspects later pages rather than assuming only the first page exists (0.256227ms)
✔ claim lock keys use canonical issue numbers so aliases cannot acquire independent locks (0.32479ms)
✔ approved research is bound to all three geographic pins and ordinary bot audit text is not authority (0.290318ms)
Traceback (most recent call last):
  File "/workspace/worldatlas-observation-contracts-20261003-7e91/scripts/validate-land-creations.py", line 114, in <module>
    print(json.dumps(validate(json.load(sys.stdin)), separators=(',', ':')))
                     ^^^^^^^^^^^^^^^^^^^^^^^^^^^^^^
  File "/workspace/worldatlas-observation-contracts-20261003-7e91/scripts/validate-land-creations.py", line 108, in validate
    raise ValueError('Creation overlaps existing or competing land: ' + other)
ValueError: Creation overlaps existing or competing land: original
Traceback (most recent call last):
  File "/workspace/worldatlas-observation-contracts-20261003-7e91/scripts/validate-land-creations.py", line 114, in <module>
    print(json.dumps(validate(json.load(sys.stdin)), separators=(',', ':')))
                     ^^^^^^^^^^^^^^^^^^^^^^^^^^^^^^
  File "/workspace/worldatlas-observation-contracts-20261003-7e91/scripts/validate-land-creations.py", line 108, in validate
    raise ValueError('Creation overlaps existing or competing land: ' + other)
ValueError: Creation overlaps existing or competing land: original
Traceback (most recent call last):
  File "/workspace/worldatlas-observation-contracts-20261003-7e91/scripts/validate-land-creations.py", line 114, in <module>
    print(json.dumps(validate(json.load(sys.stdin)), separators=(',', ':')))
                     ^^^^^^^^^^^^^^^^^^^^^^^^^^^^^^
  File "/workspace/worldatlas-observation-contracts-20261003-7e91/scripts/validate-land-creations.py", line 91, in validate
    raise ValueError('Ambiguous existing name requires explicit identity review')
ValueError: Ambiguous existing name requires explicit identity review
Traceback (most recent call last):
  File "/workspace/worldatlas-observation-contracts-20261003-7e91/scripts/validate-land-creations.py", line 114, in <module>
    print(json.dumps(validate(json.load(sys.stdin)), separators=(',', ':')))
                     ^^^^^^^^^^^^^^^^^^^^^^^^^^^^^^
  File "/workspace/worldatlas-observation-contracts-20261003-7e91/scripts/validate-land-creations.py", line 36, in validate
    raise ValueError('Creation requires source identity, URL, license and attribution')
ValueError: Creation requires source identity, URL, license and attribution
Traceback (most recent call last):
  File "/workspace/worldatlas-observation-contracts-20261003-7e91/scripts/validate-land-creations.py", line 114, in <module>
    print(json.dumps(validate(json.load(sys.stdin)), separators=(',', ':')))
                     ^^^^^^^^^^^^^^^^^^^^^^^^^^^^^^
  File "/workspace/worldatlas-observation-contracts-20261003-7e91/scripts/validate-land-creations.py", line 46, in validate
    raise ValueError('Creation source bytes changed')
ValueError: Creation source bytes changed
Traceback (most recent call last):
  File "/workspace/worldatlas-observation-contracts-20261003-7e91/scripts/validate-land-creations.py", line 114, in <module>
    print(json.dumps(validate(json.load(sys.stdin)), separators=(',', ':')))
                     ^^^^^^^^^^^^^^^^^^^^^^^^^^^^^^
  File "/workspace/worldatlas-observation-contracts-20261003-7e91/scripts/validate-land-creations.py", line 39, in validate
    raise ValueError('Invalid source support interval')
ValueError: Invalid source support interval
Traceback (most recent call last):
  File "/workspace/worldatlas-observation-contracts-20261003-7e91/scripts/validate-land-creations.py", line 114, in <module>
    print(json.dumps(validate(json.load(sys.stdin)), separators=(',', ':')))
                     ^^^^^^^^^^^^^^^^^^^^^^^^^^^^^^
  File "/workspace/worldatlas-observation-contracts-20261003-7e91/scripts/validate-land-creations.py", line 81, in validate
    raise ValueError('Created land differs from the exact source geometry')
ValueError: Created land differs from the exact source geometry
Traceback (most recent call last):
  File "/workspace/worldatlas-observation-contracts-20261003-7e91/scripts/validate-land-creations.py", line 114, in <module>
    print(json.dumps(validate(json.load(sys.stdin)), separators=(',', ':')))
                     ^^^^^^^^^^^^^^^^^^^^^^^^^^^^^^
  File "/workspace/worldatlas-observation-contracts-20261003-7e91/scripts/validate-land-creations.py", line 101, in validate
    raise ValueError('Creation parent chain differs from reviewed proof')
ValueError: Creation parent chain differs from reviewed proof
Traceback (most recent call last):
  File "/workspace/worldatlas-observation-contracts-20261003-7e91/scripts/validate-land-creations.py", line 114, in <module>
    print(json.dumps(validate(json.load(sys.stdin)), separators=(',', ':')))
                     ^^^^^^^^^^^^^^^^^^^^^^^^^^^^^^
  File "/workspace/worldatlas-observation-contracts-20261003-7e91/scripts/validate-land-creations.py", line 86, in validate
    raise ValueError('Source identity rename must not masquerade as new land')
ValueError: Source identity rename must not masquerade as new land
Traceback (most recent call last):
  File "/workspace/worldatlas-observation-contracts-20261003-7e91/scripts/validate-land-creations.py", line 114, in <module>
    print(json.dumps(validate(json.load(sys.stdin)), separators=(',', ':')))
                     ^^^^^^^^^^^^^^^^^^^^^^^^^^^^^^
  File "/workspace/worldatlas-observation-contracts-20261003-7e91/scripts/validate-land-creations.py", line 88, in validate
    raise ValueError('Existing source identity cannot be created again')
ValueError: Existing source identity cannot be created again
Traceback (most recent call last):
  File "/workspace/worldatlas-observation-contracts-20261003-7e91/scripts/validate-land-creations.py", line 114, in <module>
    print(json.dumps(validate(json.load(sys.stdin)), separators=(',', ':')))
                     ^^^^^^^^^^^^^^^^^^^^^^^^^^^^^^
  File "/workspace/worldatlas-observation-contracts-20261003-7e91/scripts/validate-land-creations.py", line 71, in validate
    rings(matches[0]['geometry']['coordinates'])
  File "/workspace/worldatlas-observation-contracts-20261003-7e91/scripts/validate-land-creations.py", line 70, in rings
    rings(row)
  File "/workspace/worldatlas-observation-contracts-20261003-7e91/scripts/validate-land-creations.py", line 67, in rings
    raise ValueError('Source polygon rings must be explicitly closed')
ValueError: Source polygon rings must be explicitly closed
✔ pure source-backed creation has a null predecessor and retains every original geometry (500.198233ms)
✔ latitude and antimeridian creation uses actual narrow land, not a world-width polygon (262.125459ms)
✔ reject existing identity, duplicate land and competing overlap without writing output (525.244205ms)
✔ reject unsupported source, altered geometry, invalid coordinates, chain gaps and disguised rename (1348.672431ms)
✔ a creation receipt cannot transfer history or add an unaccounted identity (307.259657ms)
Traceback (most recent call last):
  File "/workspace/worldatlas-observation-contracts-20261003-7e91/scripts/validate-land-creations.py", line 114, in <module>
    print(json.dumps(validate(json.load(sys.stdin)), separators=(',', ':')))
                     ^^^^^^^^^^^^^^^^^^^^^^^^^^^^^^
  File "/workspace/worldatlas-observation-contracts-20261003-7e91/scripts/validate-land-creations.py", line 62, in validate
    coordinates(matches[0]['geometry']['coordinates'])
  File "/workspace/worldatlas-observation-contracts-20261003-7e91/scripts/validate-land-creations.py", line 61, in coordinates
    coordinates(row)
  File "/workspace/worldatlas-observation-contracts-20261003-7e91/scripts/validate-land-creations.py", line 61, in coordinates
    coordinates(row)
  File "/workspace/worldatlas-observation-contracts-20261003-7e91/scripts/validate-land-creations.py", line 58, in coordinates
    raise ValueError('Invalid longitude/latitude source coordinates')
ValueError: Invalid longitude/latitude source coordinates
Traceback (most recent call last):
  File "/workspace/worldatlas-observation-contracts-20261003-7e91/scripts/validate-land-creations.py", line 114, in <module>
    print(json.dumps(validate(json.load(sys.stdin)), separators=(',', ':')))
                     ^^^^^^^^^^^^^^^^^^^^^^^^^^^^^^
  File "/workspace/worldatlas-observation-contracts-20261003-7e91/scripts/validate-land-creations.py", line 54, in validate
    raise ValueError('Invalid raw source geometry must not be silently repaired')
ValueError: Invalid raw source geometry must not be silently repaired
Traceback (most recent call last):
  File "/workspace/worldatlas-observation-contracts-20261003-7e91/scripts/validate-land-creations.py", line 114, in <module>
    print(json.dumps(validate(json.load(sys.stdin)), separators=(',', ':')))
                     ^^^^^^^^^^^^^^^^^^^^^^^^^^^^^^
  File "/workspace/worldatlas-observation-contracts-20261003-7e91/scripts/validate-land-creations.py", line 108, in validate
    raise ValueError('Creation overlaps existing or competing land: ' + other)
ValueError: Creation overlaps existing or competing land: competing
✔ staged source creation compiles and publishes identical static/hosted crosswalks (512.693745ms)
✔ invalid source coordinates, competing new land and old group mutations are rejected (433.761312ms)
✔ macro partition checks separate member coherence from source completeness and descendant approval (11.933723ms)
✔ a structural pass cannot invent semantic approval or permit regional interiors (1.496286ms)
✔ each current macro identity and adjacent-tier parent must have exact decision and envelope coverage (1.161111ms)
✔ member and footprint hashes detect cross-region reassignment and geometry edits (0.567205ms)
✔ only inspected successful sources with URLs and reproducible hashes support boundary decisions (0.70996ms)
✔ named missing islands receive explicit routing without imaginary geometry (1.22657ms)
✔ supplemental boundary sources receive the same inspection and pin requirements as retained ledgers (0.992797ms)
✔ partial named-land evidence preserves existing geometry while explicitly withholding completeness (0.770632ms)
✔ large source collections retain a bounded reference to the exact archived receipt (2.19551ms)
✔ same-tier reference split preserves exact archived originals and disjoint descendant members (2.090823ms)
✔ split successors require unique explicit new-group deltas and a complete crosswalk (2.764408ms)
✔ split endpoints cannot change tier, containing parent, registry identity or source/history proof (2.956348ms)
✔ a same-count swap of unrelated territory fails exact split-member conservation (1.437537ms)
✔ explicit local-group retirement retains every descendant and exact full archive (1.749919ms)
✔ preparation emits every split pair and retains new identities, predecessor and original baseline (19.352719ms)
✔ explicit reference creation can extract a location while retaining its original populated groups (2.85143ms)
✔ sourced creations and explicit local-group retirements can share a conserving receipt (0.56374ms)
✔ release creation crosswalks retain source relationship evidence without null-old retirement collisions (4.60923ms)
✔ retained replacements archive all six exact originals without predecessor transfer (9.731703ms)
✔ an unrelated old feature mutation is rejected (0.560045ms)
✔ exact changed feature archives cannot substitute modified originals (0.277829ms)
✔ duplicate or replaced stable identities are rejected (0.241094ms)
✔ source proof cannot authorize historical transfer or missing independent validation (0.226411ms)
✔ bounded replacement subprocess writes the same exact validated receipt (55.241951ms)
✔ current projection preserves identities and keeps source inspection separate from semantic approval (1.55849ms)
✔ source-backed projection cannot change timeline facts or invent geographic review completion (0.488146ms)
✔ current pins and exact counts must describe the actual geography (0.19929ms)
✔ complete current chains cannot be reordered or silently assigned different parents (0.601477ms)
✔ every retired or created parent has exact original archive and explicit crosswalk (0.239371ms)
✔ location conservation and exact parent descendant membership remain exhaustive (0.239872ms)
✔ source-backed projection resolves exact replacements and creations while all semantic branches remain open (555.546625ms)
✔ projection preparation rejects altered source pins, wrong order and invented historical transfers (284.366107ms)
✔ projection validator exhausts added identities, retained archives and new source-assessed groups (537.811053ms)
✔ later geometry projection preserves original inspection bytes and namespaces current predecessor snapshots (1.956449ms)
✔ successive source migrations conserve earlier additions and their sourced new groups (557.693722ms)
✔ projection predecessor loading pins both gzip layers and joins exact releases (1.799102ms)
✔ raster presentation graph includes true horizontal and vertical shared cells (2.603333ms)
✔ ocean gaps and diagonal corners do not become territorial adjacency (0.308135ms)
✔ date-line screen wrap is included and same-owner contact is ignored (0.859265ms)
✔ malformed packed rows fail closed instead of emitting an incomplete graph (0.426933ms)
✔ evidence-only pages omit empty identities but retain withdrawal-only subjects and complete claims (48.294463ms)
✔ entity pages return exactly shared whole-location winners, source dictionaries and all-tier preferred names (30.792236ms)
✔ entity cursor pages never split an attribute set and preserve aliases, examples, lifetimes and end sentinels (29.444435ms)
✔ inactive archived identities stay inspectable without inflating fixed-geography map pages (21.361214ms)
✔ page withdrawals suppress prepared fallback claims for attributes and names with no wrong truncation (20.219892ms)
✔ metadata summarization preserves all no-inhabitants proof semantics and points to original evidence (43.891006ms)
✔ mid-page writes reject the entire map page with a retryable revision conflict (18.648785ms)
✔ priority ties use the shared UTF-16 identity order instead of SQLite UTF-8 collation (20.027503ms)
✔ the shared browser format rejects incomplete, duplicated, mismatched and unscoped response pages (23.184562ms)
{"fixture":"1000-locations-9000-attributes","queries":7,"page_bytes":2393036,"elapsed_ms":139.4,"attribute_index":"attributes_location_dates","name_index":"names_entity_dates"}
✔ 1000 locations and 9000 attributes use seven bounded indexed queries instead of claim pages (5333.864025ms)
✔ finite Marcus routing is independent of sovereignty and retains provisional lower-tier roles (0.764853ms)
✔ reject asymmetric Japan exclusion, alternate macro routing and invented readiness (0.582348ms)
✔ original water-masked Marcus land reconstructs from exact OSM bytes (159.239386ms)
✔ removing the source water hole or changing the coastline is rejected (176.411886ms)
Atlas request failed /api/media/upload Media ID already identifies a different immutable object
✔ media bytes and sourced provenance survive upload, metadata-only reads and identical retries (43.22927ms)
✔ invalid or oversized provenance and maintenance never write source objects (13.097329ms)
✔ frozen migration SQL and snapshots retain their published identities (6.328107ms)
✔ new source land retains unknown owners and its original source metadata (1464.644728ms)
✔ year parsing supports BC/BCE/AD/CE and rejects invalid or out-of-range dates (1.139438ms)
✔ every location has exactly all six hierarchy levels (2047.935993ms)
✔ seed is idempotent and missing history stays missing (16345.817975ms)
✔ example intervals are opt-in and end-exclusive, including ownership changes (3019.396192ms)
✔ atomic imports reject overlapping records, invalid populations, ranks, and parents (347.801363ms)
✔ real records take precedence over examples, with no population interpolation (931.583305ms)
✔ boundary versions require polygons and sources, and resolve by date (1516.651945ms)
✔ unknown, zero population, and category colors have stable, distinct semantics (1598.410009ms)
✔ historical political records are dated, sourced, and do not extend into 2025 (1611.880494ms)
✔ both Huidong counties have complete, distinct geographical parents (1714.387601ms)
✔ inserts and updates cannot skip hierarchy levels (1.388767ms)
✔ legacy hierarchy migration preserves historical records and repairs skipped parents (45891.12951ms)
✔ topology migration retires duplicate coverage while preserving its imported history (59919.482896ms)
✔ geographic regions cross ownership borders and subdivide large countries (1860.342147ms)
✔ semantic replacements preserve source history and custom locations without transferring their values (58743.111471ms)
✔ non-Latin municipalities remain distinct and city memberships contain all districts (1719.175473ms)
✔ account proof and configured quotas/compute remain typed, scoped and free of arbitrary private fields (23.080215ms)
✔ denied organization proof stays unavailable while actual project settings remain verified (1.388273ms)
✔ missing organization and quota are explicit unknowns, never inferred from public pricing (1.119027ms)
✔ wrong project and lossy quotas fail before a misleading capacity receipt can be produced (1.171086ms)
✔ actual PostgreSQL forward DDL preserves every baseline byte and sequence, grants minimum runtime access, and retries idempotently (2559.628986ms)
✔ forward failure rolls back DDL, registry and grants without changing original bytes (1616.651969ms)
✔ registered catalog tampering and unreviewed hashes reject instead of silently repairing a database (1722.042309ms)
✔ missing reviewed rehearsal operation performs no management requests or database mutation (2.180868ms)
✔ reviewed forward operation requires an actual production baseline and exact ordered files (0.534806ms)
✔ fresh hash-pinned private Site maintenance attestation rejects stale, writable and mismatched context (1.175783ms)
✔ management workflows require explicit manual dispatch and reject push selection (67.019854ms)
✔ full rehearsal restores every original table byte, authenticates restricted read-only services, and deletes only its child (2315.686856ms)
✔ production requires authenticated successful rehearsal artifact, restores once, and delivers only encrypted app credential (3477.78418ms)
✔ missing or tampered reviewed checkpoints and missing production acknowledgement cause zero network/DB calls (74.096207ms)
✔ production branch IDs and mismatched endpoint hosts are refused before connection or production deletion (2438.372726ms)
✔ rehearsal failed cleanup preserves the exact child ID without claiming validated production handoff (1554.78557ms)
✔ artifact reader accepts one bounded receipt without extracting paths and rejects malformed archive bytes (1.573392ms)
✔ authorized direct production preserves exhaustive verification and refuses a second installation (1595.73979ms)
✔ Neon metadata verification authenticates read-only requests, follows pagination, and omits secret response fields (30.416282ms)
✔ Neon verifier rejects wrong project configuration and absent credentials without requests (2.75953ms)
✔ Neon metadata failures never retain raw HTTP/network bodies, mismatched projects, or repeated pagination cursors (4.380153ms)
✔ PostgreSQL schema splitter retains command bytes while respecting nested comments, quoted identifiers, strings and dollar bodies (0.93529ms)
✔ isolated Neon verifier applies the exact schema atomically on real PostgreSQL and exercises actual hosted services (2141.66684ms)
✔ private owner connection failures remain sanitized and cleanup still deletes the validation branch (4.39779ms)
✔ isolated SQL verifier refuses production IDs and production hosts before any SQL connection (8.417069ms)
✔ SQL driver errors are sanitized and clean up only the newly created branch (2.428061ms)
✔ cleanup failures retain the exact validation branch ID and fail the verification receipt (2.304084ms)
✔ ambiguous creation persists its unique name without guessing a deletion target or SQL connection (1.806653ms)
✔ read-only metadata helper does not accept a project mismatch supplied by the API (0.53062ms)
✔ canonical screen reports actual source-land cells for a compact territorial polygon (1.271817ms)
✔ a genuine polygon smaller than a cell remains unrepresented without assigning water (0.659764ms)
✔ archived original dry land blocks a purported new identity on that land (170.406609ms)
✔ an exact-name homonym on different land does not transfer or reuse archived identity (167.597019ms)
✔ changed archive bytes fail before considering identity absence (161.367383ms)
✔ candidate preparation refuses an existing output instead of overwriting evidence (1.389745ms)
✔ ownership assets reconstruct out-of-order compressed chunks and reject truncation (39.326818ms)
✔ version-pinned ownership digests reject mixed deployments and support host-decoded gzip (7.241808ms)
✔ hosted omission accounts for all prior bytes and preserves every current/source file exactly (32.758636ms)
✔ portable static export retains the full tree without a delivery manifest (12.02632ms)
✔ existing pinned archive tampering fails before packaging (6.194369ms)
✔ verification rejects unlisted excluded files, altered retained bytes and deployed tampering (22.572209ms)
✔ symbolic links cannot silently omit archive content (6.621693ms)
✔ contrast constraints use actual half-open interval overlap, never range envelopes (29.46478ms)
✔ parent lookups and unused-unit foreign-key checks use local parent indexes (4.090486ms)
✔ opening a populated pre-index database installs parent indexes without rewriting geography or evidence (14.329873ms)
✔ pixel ownership is exclusive and adjacent locations tile without a seam (1.632482ms)
✔ holes, water and defensive overlap handling have one integer ID per cell (0.239351ms)
✔ panning and lower-detail views sample the same canonical geographic cells (0.811874ms)
✔ province borders are stronger and local borders disappear at distant zoom (0.175594ms)
✔ Canvas fallback samples near screen resolution without four-pixel blocks (0.261684ms)
✔ fixed non-power-of-two grid projects the entire world consistently (0.295515ms)
✔ dated membership changes province lookup and picking records while retaining exact grid cells and geometry (2.863957ms)
✔ metadata refresh accepts reordered identities and atomically rejects replacements, missing and duplicate locations (1.11456ms)
✔ boundary geometry cache ignores source/date/provenance changes but detects actual dated footprints (0.290658ms)
✔ compiled ownership preserves holes, shared edges, overlaps and water at every detail level (8.186171ms)
✔ ownership survives geometry disposal and alternating zoom/pan views (1.404688ms)
✔ GPU row tables and picking retain every canonical cell, including tiny features (1.624238ms)
✔ prepacked browser fallback samples the same canonical grid (1.793854ms)
✔ placeholder translation preserves quoted values, dollar bodies and nested comments exactly (2.598247ms)
✔ only reviewed inserts and index hints are adapted; SQLite metadata needs an explicit query (0.695939ms)
✔ injected driver returns D1 results with safe numeric dates and unchanged text evidence (1.79114ms)
✔ batches remain ordered, atomic and ingestion-locked before identity allocation (0.76909ms)
✔ publication and guarded imports share a lock before fresh ReadCommitted guard snapshots (0.603179ms)
✔ driver failures preserve SQLSTATE while removing credentials, payloads and server details (1.322594ms)
✔ bounded timeouts cancel network work and preserve uncertain commit status for idempotent retries (100.554133ms)
✔ Neon HTTP wrapper submits lazy ordered queries as one transaction without exposing its URL (1.214201ms)
✔ actual PostgreSQL parses translated placeholders, idempotence and rollback without touching immutable evidence text (1762.296531ms)
✔ PostgreSQL evidence-only map pages retain retirement-only subjects without enumerating empty geography (1926.346614ms)
✔ actual PostgreSQL applies all 14 tables and hosted smoke preserves original corrected evidence (1373.152315ms)
✔ PostgreSQL claim/name readers preserve JSON bytes, stable identities, half-open dates, nulls and examples (1413.450101ms)
✔ PostgreSQL guards reject interval/source/classification/owner contradictions and roll back complete failed batches (1317.251112ms)
✔ PostgreSQL atomic correction retires overlap, retains old bytes and cannot resurrect immutable evidence (1335.251834ms)
✔ PostgreSQL rank/habitation and fixed environment guards match literal-zero proof policy (1281.402142ms)
✔ PostgreSQL catalogs/graph/media paging and compact map use actual hosted SQL with whole-location parity (1296.327233ms)
✔ PostgreSQL stages and publishes complete pinned reference geography without mutating registry/evidence (1334.504844ms)
✔ actual PostgreSQL and frozen D1 produce identical evidence/source bytes and selected-year service values (1256.064734ms)
✔ PostgreSQL compact metadata summaries retain zero-population proof semantics and evidence links (1346.534399ms)
✔ PostgreSQL geographic transaction guards reject unpublished/stale hashes and retain pinned replay receipts (1488.71826ms)
✔ verified owner restore copies all fourteen original tables, legacy bytes, archives, examples, releases and rowids (2073.291986ms)
✔ nonempty target refuses restoration without replacing evidence or disabled guards (1323.433118ms)
✔ insert failure rolls back every copied table and USER-trigger state with no unsafe partial resume (1433.990288ms)
✔ read-back verification failure rolls back source rows and prevents sequence advancement (1280.280817ms)
✔ tampered source parts and unacknowledged owner restore make no target writes (1313.037758ms)
✔ sequence-reset failure rolls back transactional RESTART and preserves all original guards (1370.82989ms)
✔ lost commit acknowledgement requires read-only verification before any retry (1531.546768ms)
✔ raw row digests preserve original text and obey D1 binary key order (0.570172ms)
✔ actual restricted LOGIN runs hosted imports, corrections, idempotent retries and selected-year readers (2070.652521ms)
✔ runtime role cannot mutate facts, suppress guards, restore revisions or escalate privileges (1465.556929ms)
✔ restricted publication updates only validated status and publication columns (1348.471619ms)
✔ idempotent maintenance preserves existing password and explicit rotation safely changes it (1433.88433ms)
✔ existing inherited, privileged, owning or broadly granted role is rejected without silent downgrade (11792.402314ms)
✔ weak credentials and inherited PUBLIC schema CREATE prevent reopening without weakening PUBLIC permissions (1223.861836ms)
✔ non-superuser schema owner retains only automatic ADMIN-without-INHERIT-or-SET role management (1593.807022ms)
✔ new requirements preserve old scopes, enforce new declarations and permit explicit legacy adoption (2.151812ms)
✔ positive real-format ledger validates actual files and binds an independent review (1.812371ms)
✔ regressions: stale vintage, entry hash, wrong source/path and conflicting generated result fail (1.375873ms)
✔ full changes include rename/deletion originals; immutable original-source refresh cannot overwrite evidence (0.653695ms)
✔ coordinate/helper policies require positive and negative controls; generators need reproducibility (0.738473ms)
✔ generator controls bind actual positive, negative and equal two-run output bytes (0.740045ms)
✔ reviews reject self approval, stale heads, omitted hashes/files and absent factual/geometry review (0.848388ms)
✔ mock remote queue checks exact blobs/head/independent receipt with read-only requests (2.678997ms)
✔ incomplete remote trees cannot become a passed byte check (0.575427ms)
✔ remote decisions reject stale exact-head reviews and a later change request (1.763126ms)
✔ browser/server adapters agree, use only matching source intervals, and preserve complete provenance (30.329635ms)
✔ source bounds, producer byte hashes, current identity and geography proof failures block publication (3.708808ms)
✔ prepared producers reject free-form environmental text even when hashes and source dates match (5.554049ms)
✔ both runtime paths reject stale manifests and tampered prepared assets (3.789931ms)
✔ duplicate input identities are rejected and hosted duplicates retain imported evidence without dropping prepared metadata (2.58841ms)
✔ bounded persistent batches import through actual hosted schema/service and are idempotent (27.264301ms)
✔ prepared reference attestations retain direct historical name priority and aliases do not become preferred (2.565145ms)
✔ retirement pages prevent every prepared fallback from resurrecting withdrawn names or attributes (67.256491ms)
✔ hosted duplicate enrichment keeps prepared provenance while preserving the imported claim (9.242217ms)
✔ completed real name and census products import persistently and resolve identically without gap filling (9517.247458ms)
✔ public manifest byte pin protects source provenance as well as record parts (4.074007ms)
✔ record APIs reject pages whose ingestion revision changed during the read (46.041453ms)
✔ client retries complete map reads for mixed revisions, caps retries and obeys cancellation (12.582673ms)
✔ reference migrations revalidate immutable claims only when every corresponding footprint stays identical (16.174643ms)
✔ chained reference revalidation preserves original evidence and pins the prior receipt archive (6.646768ms)
✔ ownership codecs preserve identity, dated labels, competing evidence and the BC/AD edge (2.186538ms)
✔ actual environmental tables decode exactly at all normal-period boundaries (10281.435152ms)
✔ reference codecs preserve supported precision and do not bridge unsupported intervals (0.404119ms)
✔ actual prepared historical records match independent compact-table interpretation (14983.739346ms)
✔ static and server exports resolve every active location identically, with examples on and off (121504.524115ms)
✔ missing readiness is a review candidate, not permission (2.737969ms)
✔ explicit source access blockers survive closed dependencies; prose needs review (1.6645ms)
✔ unknown lane, invalid prefixes, umbrellas and import approval are separate (0.528161ms)
✔ same-account workers retain distinct canonical leases and live work constraints (0.584751ms)
✔ all issue pages and duplicate ownership; checkpoints deduplicate by state (19.155526ms)
✔ failed reads preserve checkpoint and never report false resolutions (0.701598ms)
✔ reference restoration preserves archived IDs, source context and exact original records idempotently (10.179811ms)
✔ existing active territory names, geometry, parents and owner context are never overwritten (5.33859ms)
✔ original record ID conflicts fail explicitly and restoration rolls back broken archives (6.336866ms)
✔ the published source archive restores every original record into a fresh reference database (4666.112231ms)
✔ environmental context can be displayed without inventing historical field evidence (2.057813ms)
✔ modern supported records and historical reference context share a category and map color (0.875149ms)
✔ dated historical observations override modern context until their exclusive interval end (0.226872ms)
✔ explicit dated uncertainty and unmapped source text cannot be replaced by a baseline (0.280243ms)
✔ only supported environmental references can supply presentation context (0.173461ms)
✔ invalidated geography cannot retain environmental context or restore a dated field (0.197548ms)
✔ reference source dates and environmental caveats survive display unchanged (0.72344ms)
✔ an evidence outage leaves historical fields unknown while immutable reference context remains available (0.143015ms)
✔ missing baselines remain unknown and non-environmental fields never acquire environmental context (0.402377ms)
✔ baseline selection is deterministic and keeps the chosen source interval rather than extending it (0.283728ms)
✔ compact and legacy context decoding preserve original supported intervals and source metadata (0.431391ms)
✔ explicit metadata parent merge conserves full descendant identities and exact relationship provenance (3.00473ms)
✔ receipts without the opt-in relationship field preserve the legacy preparation contract (0.520733ms)
✔ missing, duplicate, extra and unretired merge endpoints cannot masquerade as complete crosswalks (1.846017ms)
✔ same-tier registered identities and adjacent parent conservation are required (1.177851ms)
✔ a same-count swap of unrelated territories fails exact descendant-footprint conservation (0.61819ms)
✔ complete original unit records, explicit source proof and zero historical transfer are required (1.753768ms)
✔ the complete real candidate validates all 49,589 locations and the 55-county source-backed merge (1726.657519ms)
✔ full candidate release preparation emits the explicit merge, archived predecessor and exact unchanged baseline (11723.415627ms)
✔ current manifest is closed and no region can claim invented approvals (2.047938ms)
✔ v1 worldwide approval remains compatible (0.992868ms)
✔ regional content claims depend on macro and branch approval, not unfinished worldwide descendants (2.529634ms)
✔ macro approval and explicit complete region certificates are required (0.505062ms)
✔ pins and every location target are checked against explicitly selected regions (0.796481ms)
✔ ambiguous territorial membership fails closed (0.156666ms)
✔ all name, relationship and media targets are scoped; ancillary or geographic writes are refused (0.452983ms)
✔ verified raw batches are inspected rather than trusting caller target summaries (1.46538ms)
✔ corrections require a territorial crosswalk and cannot transfer facts to another location (0.57002ms)
✔ research compiler produces deterministic bounded batches and preserves exact input/source bytes (742.793273ms)
✔ compiler rejects unsupported classifications, unsupported dates, source classes, cycles and geographic writes (0.920157ms)
✔ parent entities precede child entities and atomic correction groups stay together at batch boundaries (86.447424ms)
✔ dry-run rejects tampering and performs zero network requests (2.554722ms)
✔ import refuses mismatched geography before writes and rejects unsafe origins (17.789517ms)
✔ partial successful receipts survive failure, resumable retry skips committed batches and never logs credentials (445.604087ms)
✔ network/transient failures retry an identical ingestion within a bounded budget (2.168229ms)
✔ compiled content imports against actual frozen hosted SQL and preserves corrected evidence immutably (30.209657ms)
✔ targets first introduced by a campaign commit before its retirement transaction (23.68033ms)
✔ shared replacements stay atomic and chained corrections respect target availability (1.071906ms)
✔ each research batch carries its geographic pin and a conflict preserves prior receipts (152.245439ms)
✔ unpinned server receipts are rejected and legacy receipts are preserved while newly pinned transactions verify them (3.223141ms)
✔ temporal campaigns retain ordinary source dependencies and route atomic sourced geography corrections separately (1.530408ms)
✔ temporal compiler bounds sources/dates/classification and rejects reference mutations/unvetted footprints (1.122183ms)
✔ temporal bundle manifests validate endpoint identity, pinned receipts and resume independently of ordinary imports (3.200106ms)
✔ discovery preserves identity/source metadata and pages every result with bounded filters (144.560569ms)
✔ relationship pages exhaust both directions beyond profile truncation with date/example/withdrawal filtering (56.604261ms)
✔ media link pages preserve every active link and omit withdrawn, pending and unsupported-year links (77.460932ms)
✔ capacity reports measured bytes and declared budgets without claiming a managed quota or prepared assets (21.485ms)
✔ catalog and graph reads reject revision changes instead of publishing inconsistent pages (18.055647ms)
✔ media campaign dry run validates original bytes and rights without network or receipts (89.747991ms)
✔ actual Worker and registerMedia roundtrip retains provenance, immutable R2 bytes and resumable receipt hashes (48.756365ms)
✔ lost upload response rereads committed identity and full bytes without a second POST (17.170604ms)
✔ failed campaign preserves verified objects and safely resumes only missing identities (25.63643ms)
✔ source mismatches, changed claims and changed local or remote bytes stop before replacing originals (19.287766ms)
✔ tampered checkpoints, duplicate content identities and missing source dependencies are rejected (21.393292ms)
✔ redirects never forward the private credential and untrusted API errors are not persisted (16.948128ms)
✔ encoded URL bounds and escaped local paths are enforced before any upload (14.706207ms)
✔ a truncated successful POST receipt is resolved by direct immutable metadata reread (15.633015ms)
✔ optional registered source archives are checked by stable ID and digest before linking provenance (20.090797ms)
✔ older services without provenance capability stop before creating immutable incomplete metadata (14.954882ms)
✔ century transport preserves exact intervals, dated identities and contested provenance with deterministic assets (132.448684ms)
✔ six schema variants partition all IDs and preserve explicit semantic openness (4.992379ms)
✔ raw hashing preserves float lexemes, signed zero, exponent precision and Unicode policy (0.824533ms)
✔ duplicate reports, stale polygons and incomplete parent chains fail (1.81011ms)
✔ parent membership cannot overlap, omit a child or claim unsupported approval (3.00445ms)
✔ owner labels and source policy identities are exhaustively crosswalked (2.494632ms)
✔ removed/new IDs require archival receipts and migration is never inferred (4.238612ms)
✔ fresh-clone reader verifies every file pin without Python or cache access (27.246228ms)
✔ changed source bytes or missing continent ledger reject the read-only snapshot (17.604628ms)
✔ a renamed complete ledger cannot leak into website deployment assets (14.532345ms)
✔ source-parent measurements require current footprint context and actual members (36.935058ms)
✔ sourced policy overlay changes exactly the three proven roles without mutating original source policy (3.73307ms)
✔ unrelated original-policy edits and duplicate correction identities require new review (9.473907ms)
✔ every crosswalked location exposes its individually supported role and unchanged source vintage (1.586072ms)
✔ Monaco and Luxembourg remain explicit stable-ID proposals with no hierarchy mutation (46.225148ms)
✔ explicit legacy staging retains every original migration and metadata byte and deploys exactly 0000–0007 (20.484571ms)
✔ default staging keeps the complete derivative and opt-in retries remove old forward files (15.077547ms)
✔ all forward migration/source/journal hashes are checked before any deployment cutoff (9.158441ms)
✔ the eight staged migrations have the original eight-migration schema and no forward tables (23.180827ms)
✔ staging requires explicit valid mode, a separate real checkout and a supported CLI flag (103.300689ms)
✔ checkpoint packing deterministically preserves all fourteen exported tables and every original byte (186.131509ms)
✔ checkpoint rejects compressed tampering, original hashes and unsafe paths without publishing partial output (73.094998ms)
✔ a recomputed gzip hash cannot bypass the independent decompression bound (75.329848ms)
✔ symlinked checkpoint parts and changed source exports are rejected without replacing evidence (65.758725ms)
✔ existing destinations are immutable and ordinary restore validates source hashes before any database call (74.747411ms)
✔ verified existing destinations reject checkpoint identity-summary tampering (97.447932ms)
✔ v2 inventories all twenty-three tables and pins every reviewed D1/PostgreSQL migration (18.477258ms)
✔ empty forward migrations preserve every v1 marker/page byte and existing fourteen-table restore (1839.981892ms)
✔ forward owner restoration streams all twenty-three tables, original JSON bytes, deferred receipts and sequence (2304.68811ms)
✔ v2 detects changing staged publication, missing source guards and unexpected factual tables (1435.920127ms)
✔ a missing target guard or source migration/raw-row proof fails before any target writes (1616.236422ms)
✔ a deferred cross-table FK failure rolls back all twenty-three tables, guards and sequence (1583.001936ms)
✔ interrupted v2 capture resumes preserved pages and its v2 cursor cannot be sent to v1 (228.276926ms)
✔ complete export marker works under managed D1 compound-SELECT limits (49.414401ms)
✔ all fourteen raw tables export exhaustively with original text, rowids and archived evidence (104.297459ms)
✔ composite keyset cursors page across releases and reject foreign, malformed or injected cursors (50.840542ms)
✔ markers detect publication and media writes outside ingestion revisions and reject raced pages (33.838685ms)
✔ oversized retained evidence is reduced through explicit 413 rather than truncated (79.200345ms)
✔ CLI exporter preserves a partial ledger, resumes hashed pages and proves frozen all-table counts (82.726778ms)
✔ CLI rejects unfrozen, changed or tampered exports without mixing checkpoints (54.71892ms)
✔ CLI overlaps bounded independent collections while preserving serial cursors and journals (150.380953ms)
✔ stalled fetch times out with its forwarded signal and retries the same cursor without rewriting preserved source pages (585.839707ms)
✔ a response with stalled JSON bytes is bounded through body consumption and preserves checkpoint receipts (575.120328ms)
✔ permanent transport stalls stop after four deadlines without logging credentials or creating a false checkpoint (3549.020939ms)
✔ external cancellation aborts fetch, JSON-body reading and retry backoff without retries or checkpoint changes (147.879356ms)
✔ malformed JSON and snapshot-conflict HTTP errors remain nonretryable, and unsafe deadline settings fail before fetching (1.16855ms)
Atlas request failed /api/geography/temporal/import Ingestion ID identifies another input
✔ Worker dated geography routes, revision, evidence and retry work on actual sqlite (91.920566ms)
Atlas request failed /api/geography/temporal/import Cross-origin writes are not permitted
Atlas request failed /api/geography/temporal/import Expected property name or '}' in JSON at position 1 (line 1 column 2)
Atlas request failed /api/geography/temporal/import Request exceeds the supported upload size
Atlas request failed /api/geography/temporal/import Dated geography import rejected; no partial changes may be used
Atlas request failed /api/geography/temporal/snapshot Year must be between 3000 BC and 2026 AD, excluding zero
Atlas request failed /api/geography/temporal/snapshot Year must be between 3000 BC and 2026 AD, excluding zero
Atlas request failed /api/geography/temporal/snapshot Year must be between 3000 BC and 2026 AD, excluding zero
Atlas request failed /api/geography/temporal/snapshot Invalid temporal snapshot stream
✔ Worker dated geography rejects unsafe writes without changing scalar/media routes on actual sqlite (36.485006ms)
Atlas request failed /api/geography/temporal/import Ingestion ID identifies another input
✔ Worker dated geography routes, revision, evidence and retry work on actual postgres (1984.638537ms)
Atlas request failed /api/geography/temporal/import Cross-origin writes are not permitted
Atlas request failed /api/geography/temporal/import Expected property name or '}' in JSON at position 1 (line 1 column 2)
Atlas request failed /api/geography/temporal/import Request exceeds the supported upload size
Atlas request failed /api/geography/temporal/import Dated geography import rejected; no partial changes may be used
Atlas request failed /api/geography/temporal/snapshot Year must be between 3000 BC and 2026 AD, excluding zero
Atlas request failed /api/geography/temporal/snapshot Year must be between 3000 BC and 2026 AD, excluding zero
Atlas request failed /api/geography/temporal/snapshot Year must be between 3000 BC and 2026 AD, excluding zero
Atlas request failed /api/geography/temporal/snapshot Invalid temporal snapshot stream
✔ Worker dated geography rejects unsafe writes without changing scalar/media routes on actual postgres (1445.978818ms)
✔ opt-in inline temporal pages retain exact standalone claims, permanent withdrawals, source and release pins (1957.474498ms)
✔ a revision change between scalar and inline temporal reads rejects the complete response (1464.731562ms)
✔ incomplete bounded temporal streams stay on the ordinary paging protocol (3577.381614ms)
✔ inline geography never widens the total scalar response byte limit (5451.052688ms)
✔ complete reference chains remain labeled fallback; BC/AD, exclusive end and province-level changes resolve identically (1468.595963ms)
✔ SQL source, tier, equal-precedence overlap, release and example guards reject atomic invalid imports (1401.283815ms)
✔ ancestor absence rejects disconnected descendants but permits atomic reparenting or existence suppression (1455.529427ms)
✔ all overlapping ancestor transitions are validated, including interior absence outside child endpoints (1464.497251ms)
✔ explicit unknown blocks weaker and opt-in examples while maintaining the complete reference chain (1519.693061ms)
✔ atomic corrections preserve original JSON text, withdrawals, stable retries and missing-replacement rollback (1473.066009ms)
✔ SQL independently prevents forged validation, dangling receipts and appending to a sealed receipt (1439.654038ms)
✔ known identity lifetimes cannot be resurrected or widened by a dated claim (1526.411229ms)
✔ paged claims retain exclusions, provenance, release and one shared revision (1477.62059ms)
✔ bounded production pages skip the reference registry in source-free years and return only winners with deduplicated sources (1496.320444ms)
✔ permanent withdrawal pages retain claims outside the selected year and share the pinned revision (1507.473372ms)
✔ legacy source metadata is byte-preflighted before materialization and oversized pages fail with a bounded retry suggestion (1661.124348ms)
✔ raw SQL cannot store fractional years or alter retained temporal facts and receipts (1357.94979ms)
✔ actual hosted winner and withdrawal streams hydrate the browser resolver without full registry reads (1385.421488ms)
✔ direct dated names precede reference attestations in any language, with stable ties and examples last (4.404414ms)
✔ unknown historical name and habitation do not imply an absent or rural settlement (5.639985ms)
✔ dated names at every level retain stable identity; aliases remain searchable outside their dates (13.579193ms)
✔ dated membership changes the hierarchy used by map colors and province borders (10.98766ms)
✔ settlement attributes and existence are separate from a location and successor links keep distinct IDs (14.419178ms)
✔ explicit uninhabited differs from unknown, and sourced states beat examples (6.693242ms)
✔ broken dated parent chains, invalid dates and interval overlaps roll back atomically (8.150987ms)
✔ future historical graph entities do not enter geographic grouping tiers (2.035607ms)
✔ registration is additive, versioned, immutable and JSON-only; conflicts fail closed (4.174463ms)
✔ serialization hooks/getters cannot replace module identity or metadata, and never execute (2.15549ms)
✔ false and literal zero remain sourced; absent, unknown and unresolved are distinct (0.847237ms)
✔ no year zero, interval extrapolation, lifetime overflow or modern-reference promotion (0.525503ms)
✔ numeric measurement rejects incompatible units, PPP, cohort, household weighting and uncertainty (1.927406ms)
✔ entity government, controlled identities and feature links preserve the existing graph (0.516088ms)
✔ direct/derived/reference/estimate/example precedence, explicit unknown and retirements are deterministic (0.831093ms)
✔ directly quoted estimates retain estimate labels and the preserved method-based priority (0.250898ms)
✔ shared pure snapshot seam round-trips all retained source, unit and derivation metadata without mutation (0.515487ms)
✔ existing eight attributes, legacy values and precedence stay unchanged (0.86904ms)
✔ retained synthetic transport fixture matches date-pinned expected results and original bytes (1.832162ms)
✔ malformed unresolved evidence resolves to the unknown fill for every attribute, including category IDs (1.888006ms)
✔ direct unresolved evidence blocks weaker assignments and modern fallback without losing its provenance (0.946036ms)
✔ API, local import, UI preview and raw SQL reject both unresolved/non-null contract violations (68.686068ms)
✔ 0006 preserves populated claims, retirements and all existing schema objects while suppressing retained malformed claims (23.750926ms)
✔ opening a populated legacy local database retains malformed historical claims and applies the new INSERT guard (9.729247ms)
✔ explicit no-inhabitant evidence produces unsettled with its supported interval and source record provenance (1.876449ms)
✔ unknown, reference, modeled, rounded and untyped legacy zeros never imply unsettled (0.572493ms)
✔ settlement contradictions obey cross-field precedence and tied evidence remains disputed (0.882861ms)
✔ local imports accept canonical unsettled, reject both orders of direct contradictions and retain unknown/model-zero behavior (12.608679ms)
✔ hosted imports and shared resolver agree; corrections exclude retired negative claims (55.402372ms)
✔ 0003 migration preserves all old claim fields, retirement pointers, indexes and triggers (15.571695ms)
✔ existing local enum migration preserves snapshots/history and enables new rank without touching geometry (17.141231ms)
✔ precision flags prevent false habitation conflicts in both local and hosted import orders (137.067386ms)
✔ 0004 precision migration preserves claims, retirements, indexes and all other triggers (20.171419ms)
✔ source classes protect literal-zero evidence and example opt-in at the SQL boundary (42.475204ms)
✔ 0005 source-class migration preserves claims and retirement-aware contracts while matching example-zero resolution (21.921758ms)
✔ results are bound to the bot, request and issue, including denial (0.987308ms)
✔ latest matching response wins, unrelated or malformed comments cannot confer ownership (0.173782ms)
✔ positive confirmations require current exact canonical ownership, not stale success (0.829941ms)
✔ bootstrap fallback requires exact request and releases require inactive state (0.374024ms)
✔ merge responses retain exact PR binding and embedded HTML cannot break the marker (0.220823ms)
ℹ tests 606
ℹ suites 0
ℹ pass 606
ℹ fail 0
ℹ cancelled 0
ℹ skipped 0
ℹ todo 0
ℹ duration_ms 322555.207026
