✔ independent record bindings reject coherent wrong joins, incomplete and vacuous coverage (1.253375ms)
✔ new requirements preserve old scopes, enforce new declarations and permit explicit legacy adoption (0.692417ms)
✔ positive real-format ledger validates actual files and binds an independent review (1.500084ms)
✔ regressions: stale vintage, entry hash, wrong source/path and conflicting generated result fail (0.886125ms)
✔ full changes include rename/deletion originals; immutable original-source refresh cannot overwrite evidence (0.377ms)
✔ coordinate/helper policies require positive and negative controls; generators need reproducibility (0.338417ms)
✔ generator controls bind actual positive, negative and equal two-run output bytes (0.374625ms)
✔ Washington-style generated narrative/table mismatch fails against the same numeric ledger (0.324417ms)
✔ reviews reject self approval, stale heads, omitted hashes/files and absent factual/geometry review (0.444208ms)
✔ mock remote queue checks exact blobs/head/independent receipt with read-only requests (1.955375ms)
✔ incomplete remote trees cannot become a passed byte check (0.194833ms)
✔ remote decisions reject stale exact-head reviews and a later change request (1.129583ms)
✔ unchanged authored evidence survives unrelated main advance, while current metrics require refresh (0.1435ms)
✔ trusted hosted gate checks a new limited prior-evidence registry and still rejects nonancestor baselines (0.938709ms)
✔ fresh remote review, head, tree/path and reservation checks reject after immutable bytes were reused (4.232792ms)
✔ acceptance/disposition binding invalidates substantive changes but preserves JSON formatting and progress comments (0.830208ms)
✔ binding activation preserves existing PRs and rejects unknown activation timestamps (0.064375ms)
✔ compact review binds canonical complete inventory and preserves literal receipts (0.261583ms)
✔ compact reviews refuse malformed, mixed, omitted, changed and renamed inventories (0.979375ms)
✔ compact inventory does not weaken head, reviewer, contract, domain or limit authority (0.408458ms)
✔ normal remote comment route admits a complete compact review beyond literal GitHub comment size (40.939209ms)
ℹ tests 21
ℹ suites 0
ℹ pass 21
ℹ fail 0
ℹ cancelled 0
ℹ skipped 0
ℹ todo 0
ℹ duration_ms 123.453958
