{"context": "CRS84-original-binary64", "source": "dgt_0502", "segments": 25315, "nonadjacent_candidates": 2, "topology_contacts": 0, "ray_candidates": 9001, "elapsed": 0.7612932080228347}
{"context": "CRS84-original-binary64", "source": "dgt_0505", "segments": 12211, "nonadjacent_candidates": 2, "topology_contacts": 0, "ray_candidates": 33231, "elapsed": 0.8012378750136122}
{"context": "CRS84-original-binary64", "source": "dgt_0511", "segments": 11251, "nonadjacent_candidates": 1, "topology_contacts": 0, "ray_candidates": 806, "elapsed": 0.3999460829945747}
{"context": "CRS84-original-binary64", "source": "dgt_1212", "segments": 10199, "nonadjacent_candidates": 4, "topology_contacts": 0, "ray_candidates": 0, "elapsed": 0.38380475001758896}
{"context": "CRS84-original-binary64", "source": "ign_adminunit_1172975", "segments": 1499, "nonadjacent_candidates": 1, "topology_contacts": 0, "ray_candidates": 46006, "elapsed": 0.8146143749763723}
{"context": "CRS84-original-binary64", "source": "ign_adminunit_1173013", "segments": 401, "nonadjacent_candidates": 5, "topology_contacts": 0, "ray_candidates": 2435, "elapsed": 0.32622208300745115}
{"context": "CRS84-original-binary64", "source": "ign_adminunit_1173029", "segments": 458, "nonadjacent_candidates": 0, "topology_contacts": 0, "ray_candidates": 15, "elapsed": 0.35088537499541417}
{"context": "CRS84-original-binary64", "source": "ign_adminunit_1173031", "segments": 813, "nonadjacent_candidates": 0, "topology_contacts": 0, "ray_candidates": 4098, "elapsed": 0.31312691600760445}
{"context": "CRS84-original-binary64", "source": "ign_adminunit_1173060", "segments": 764, "nonadjacent_candidates": 3, "topology_contacts": 0, "ray_candidates": 212, "elapsed": 0.2766166660003364}
{"context": "CRS84-original-binary64", "source": "ign_adminunit_1173085", "segments": 565, "nonadjacent_candidates": 1, "topology_contacts": 0, "ray_candidates": 4439, "elapsed": 0.3889427079993766}
{"context": "CRS84-original-binary64", "source": "ign_adminunit_1173135", "segments": 791, "nonadjacent_candidates": 6, "topology_contacts": 0, "ray_candidates": 4981, "elapsed": 0.3215627500030678}
{"context": "CRS84-original-binary64", "source": "ign_adminunit_1173184", "segments": 690, "nonadjacent_candidates": 0, "topology_contacts": 0, "ray_candidates": 11333, "elapsed": 0.38495041700662114}
{"context": "CRS84-original-binary64", "source": "original_gap", "segments": 65, "nonadjacent_candidates": 3, "topology_contacts": 0, "ray_candidates": 36322, "elapsed": 0.6970400830032304}
{"context": "EPSG25829-projected-binary64", "source": "dgt_0502", "segments": 25315, "nonadjacent_candidates": 2, "topology_contacts": 0, "ray_candidates": 9112, "elapsed": 0.6698644580028486}
{"context": "EPSG25829-projected-binary64", "source": "dgt_0505", "segments": 12211, "nonadjacent_candidates": 0, "topology_contacts": 0, "ray_candidates": 33555, "elapsed": 0.8336618329922203}
{"context": "EPSG25829-projected-binary64", "source": "dgt_0511", "segments": 11251, "nonadjacent_candidates": 1, "topology_contacts": 0, "ray_candidates": 810, "elapsed": 0.41340962500544265}
{"context": "EPSG25829-projected-binary64", "source": "dgt_1212", "segments": 10199, "nonadjacent_candidates": 4, "topology_contacts": 0, "ray_candidates": 0, "elapsed": 0.3965191669994965}
{"context": "EPSG25829-projected-binary64", "source": "ign_adminunit_1172975", "segments": 1499, "nonadjacent_candidates": 1, "topology_contacts": 0, "ray_candidates": 45427, "elapsed": 0.8606176250032149}
{"context": "EPSG25829-projected-binary64", "source": "ign_adminunit_1173013", "segments": 401, "nonadjacent_candidates": 5, "topology_contacts": 0, "ray_candidates": 3215, "elapsed": 0.2997580830124207}
{"context": "EPSG25829-projected-binary64", "source": "ign_adminunit_1173029", "segments": 458, "nonadjacent_candidates": 0, "topology_contacts": 0, "ray_candidates": 18, "elapsed": 0.2679702079913113}
{"context": "EPSG25829-projected-binary64", "source": "ign_adminunit_1173031", "segments": 813, "nonadjacent_candidates": 0, "topology_contacts": 0, "ray_candidates": 3958, "elapsed": 0.3511814170051366}
{"context": "EPSG25829-projected-binary64", "source": "ign_adminunit_1173060", "segments": 764, "nonadjacent_candidates": 3, "topology_contacts": 0, "ray_candidates": 218, "elapsed": 0.34682616699137725}
{"context": "EPSG25829-projected-binary64", "source": "ign_adminunit_1173085", "segments": 565, "nonadjacent_candidates": 1, "topology_contacts": 0, "ray_candidates": 6681, "elapsed": 0.37325295800110325}
{"context": "EPSG25829-projected-binary64", "source": "ign_adminunit_1173135", "segments": 791, "nonadjacent_candidates": 6, "topology_contacts": 0, "ray_candidates": 5919, "elapsed": 0.3507259580073878}
{"context": "EPSG25829-projected-binary64", "source": "ign_adminunit_1173184", "segments": 690, "nonadjacent_candidates": 0, "topology_contacts": 0, "ray_candidates": 10933, "elapsed": 0.5683039159921464}
{"context": "EPSG25829-projected-binary64", "source": "original_gap", "segments": 65, "nonadjacent_candidates": 3, "topology_contacts": 0, "ray_candidates": 35547, "elapsed": 0.73009766699397}
{"CRS84-original-binary64": {"counts": {"portugal-only": 21325, "spain-only": 244, "both": 5, "neither": 1}, "gap": {"inside": 21575}, "mismatches": 0}, "EPSG25829-projected-binary64": {"counts": {"portugal-only": 21325, "spain-only": 244, "both": 5, "neither": 1}, "gap": {"inside": 21572, "outside": 3}, "mismatches": 0}}
