✔ actual claim runner rejects blocker, dependency, budget and ownership drift without writing a reservation (186.764875ms)
✔ actual claim runner still writes one accepted canonical reservation for stable eligible inputs (8.402042ms)
✔ package applicability comes only from the enforced declaration (186.044541ms)
✔ renamed or copied runtime origins cannot hide behind documentation or receipt destinations (13.599125ms)
✔ PR inventory exhausts pages and catches a relevant path on a later page (4.670875ms)
✔ PR missing pages, changed heads, unavailable lookup and malformed inventories default full (1.048333ms)
✔ push before/after comparison includes rename origins and fails full for missing or capped inventories (2.4015ms)
✔ API failures use bounded authenticated read-only requests (1.383334ms)
✔ workflow keeps trusted bootstrap fallback and runs package checks only when their inputs can change (100.894625ms)
✔ promoting research is explicit and exact, without freezing implementation bytes (7.339625ms)
✔ unavailable or altered declaration bytes conservatively require the package build (1.046209ms)
✔ quota-blocked classification fails the required package job before expensive setup (0.735ms)
✔ only read-only superseded PR work is cancelled; main package and merge scheduling remain separate (0.486291ms)
✔ one exact-OID batch replaces blob REST reads while mutable authority remains fresh (439.48375ms)
✔ malformed inventory, wrong repository, oversized objects and conflicting sizes are rejected before fetch (51.513583ms)
✔ truncated or corrupted object bytes never become successful evidence (147.325334ms)
✔ failed fetch publishes no cache entry and never exposes credentials (41.699ms)
✔ missing object in a partial batch fails without accepting the available prefix (265.378417ms)
✔ quota retry only retries an explicit read rejection, and accounts every attempt (30.519542ms)
✔ ordinary permission denial, write denial, and ambiguous write never retry (2.297375ms)
✔ read retry respects its finite phase deadline and repeated concurrent exhaustion (1.009584ms)
✔ actual repository capacity overrides unrelated generic capacity (0.356791ms)
✔ secondary limits cannot masquerade as positive capacity (0.266625ms)
✔ invalid capacity headers fail closed and concurrent reads cannot replace probe headers (69.330125ms)
✔ capacity wait honors secondary retry-after before the next actual observation (28.933875ms)
✔ quota classifier rejects malformed or irrelevant error metadata (3.870917ms)
✔ scheduler with real zero capacity neither inventories the queue nor spends a dispatch attempt (10.869708ms)
✔ final paid-call allowance covers actual HTTP retries and preserves recovery capacity (8.858417ms)
✔ final deadline is checked before a retry actually sends HTTP (1.610875ms)
✔ accounting observes real repository headers without an extra capacity poll or retained secrets (2.050083ms)
✔ unknown or wrong-resource headers cannot manufacture an observed repository quota (0.299875ms)
✔ deployment classification quota refusal does not authorize a wasteful full-build fallback (19.5005ms)
✔ deployment transport ambiguity counts its attempt without inventing quota or retrying (0.257083ms)
✔ lane IDs must be explicit and safe (4.044292ms)
✔ research owns only campaign files, excluding shared handovers and other campaigns (0.661875ms)
✔ engineering preserves research and other engineering progress (0.279333ms)
✔ partial and final PRs link one issue without needing a document tracker ID (1.090834ms)
✔ PR policy rejects ambiguous issue links and accidental additional closures (1.331292ms)
✔ GitHub issue type agrees with its lane and references an open issue (0.182833ms)
✔ real git diff checks rename source paths, not only allowed destinations (486.856417ms)
✔ another lane advancing work is not mistaken for this branch changing its files (631.396833ms)
✔ remote issue validation reads only the event repository and requires successful labeled issue metadata (17.498542ms)
✔ geography may own narrower subdirectories without acquiring sibling or parent files (1.606125ms)
✔ quota refusal before mutation persists reset, accounts attempts and avoids another doomed notification (8.405084ms)
✔ denied canonical write cannot be replayed or mistaken for an accepted claim (1.607083ms)
✔ ambiguous write is never retried and remains distinguishable from proven quota exhaustion (0.405625ms)
✔ successful canonical mutation is preserved when durable confirmation cannot be delivered (0.273375ms)
✔ fast parallel quota refusal drains bounded reads before recording actual HTTP attempts (53.898791ms)
✔ serialized contenders on one issue have exactly one holder even under the same GitHub account (7.898042ms)
✔ renewal and release require the actual worker plus ownership nonce (2.312375ms)
✔ an idempotent lost-response retry retains original ownership (0.217792ms)
✔ renewal, rotation and reassignment retain one canonical comment ID (0.397708ms)
✔ umbrella, blocked, oversized and unresolved dependency scopes cannot be claimed (0.975667ms)
✔ expired reservations cannot silently discard branches or active PR/live operations (2.055416ms)
✔ multiple PRs retain ownership and rotate branches only after previous work completes (0.391417ms)
✔ canonical comments cannot be impersonated or ambiguous (0.140833ms)
✔ PR validation uses current exact-branch ownership and rejects expired or blocked claims (0.356083ms)
✔ location-content claims wait for worldwide approval while source-only work can start (264.291458ms)
✔ the PR budget cannot be bypassed by claiming another part indefinitely (0.932833ms)
✔ pagination inspects later pages rather than assuming only the first page exists (0.808584ms)
✔ claim lock keys use canonical issue numbers so aliases cannot acquire independent locks (0.670791ms)
✔ approved research is bound to all three geographic pins and ordinary bot audit text is not authority (1.062333ms)
✔ production-only child is reserved by its publisher, not an ordinary implementer (0.77675ms)
✔ production child accepts only original-issue or legacy tracking and designated publisher (1.265083ms)
✔ actual workflow binds distinct five/ten minute budgets, with explicit finalization and attempt margins (1.174041ms)
✔ actual registration refuses a second 181-second wait inside its real remaining job budget (206.473375ms)
✔ 361-second wait is rejected before sleeping; short explicit GET retry succeeds and registers the same identity once (16.563167ms)
✔ setup, metadata and earlier requests are charged before another read or write is admitted (1.959875ms)
✔ primary reset shares the actual deadline and ordinary permission denial never retries (8.367375ms)
✔ oversleep rechecks admission and preserves the original quota cause without sending another HTTP attempt (6.235667ms)
✔ delayed body cannot turn an exhausted job into successful registration; wall clock rollback grants no extra time (5.44925ms)
✔ ambiguous write is attempted once; existing durable request replays without another POST (12.069416ms)
✔ bootstrap quota is not retried; complete unambiguous run/attempt authority is required before queue work (17.869542ms)
✔ scheduler capacity refusal stays distinct and consumes no dispatch attempt (3.149416ms)
✔ a quota wait during actual scheduling cannot backdate a new dispatch/recovery discovery window (4.027084ms)
✔ existing final HTTP-admission hook composes with job timing rather than replacing it (1.447083ms)
✔ actual CLI emits a controlled quota refusal and accounting with failing exit status before registration can advance (220.041125ms)
✔ executing workflow commit rejects newer-main timeout and mixed-vintage checkout before HTTP (0.824083ms)
✔ real premerge entry authenticates 302 complete bodies with one REST manifest and one Git batch (112.842167ms)
✔ corrupt transported bytes cannot become a successful gate and temporary objects are released (67.67025ms)
✔ quota refusal retains its real reset and refuses without a retry storm (47.7995ms)
✔ stale current PR head is rejected before any evidence download (47.702916ms)
✔ foreign repository events cannot create a transport or contact GitHub (3.359791ms)
✔ independent record bindings reject coherent wrong joins, incomplete and vacuous coverage (11.329042ms)
✔ new requirements preserve old scopes, enforce new declarations and permit explicit legacy adoption (7.686625ms)
✔ positive real-format ledger validates actual files and binds an independent review (12.669334ms)
✔ regressions: stale vintage, entry hash, wrong source/path and conflicting generated result fail (3.542166ms)
✔ full changes include rename/deletion originals; immutable original-source refresh cannot overwrite evidence (1.895375ms)
✔ coordinate/helper policies require positive and negative controls; generators need reproducibility (1.282459ms)
✔ generator controls bind actual positive, negative and equal two-run output bytes (8.305709ms)
✔ Washington-style generated narrative/table mismatch fails against the same numeric ledger (4.116708ms)
✔ reviews reject self approval, stale heads, omitted hashes/files and absent factual/geometry review (3.104708ms)
✔ mock remote queue checks exact blobs/head/independent receipt with read-only requests (50.434459ms)
✔ incomplete remote trees cannot become a passed byte check (3.025125ms)
✔ remote decisions reject stale exact-head reviews and a later change request (28.4775ms)
✔ unchanged authored evidence survives unrelated main advance, while current metrics require refresh (1.317625ms)
✔ trusted hosted gate checks a new limited prior-evidence registry and still rejects nonancestor baselines (13.17775ms)
✔ fresh remote review, head, tree/path and reservation checks reject after immutable bytes were reused (49.898708ms)
✔ acceptance/disposition binding invalidates substantive changes but preserves JSON formatting and progress comments (1.972583ms)
✔ binding activation preserves existing PRs and rejects unknown activation timestamps (0.094667ms)
✔ issue-claims.yml: actual sparse declarations include trusted module dependencies (345.698416ms)
✔ worker-merge.yml: actual sparse declarations include trusted module dependencies (959.703709ms)
✔ handoff-scope.yml: actual sparse declarations include trusted module dependencies (510.057041ms)
✔ queue-readiness-audit.yml: actual sparse declarations include trusted module dependencies (172.468917ms)
✔ merge-scheduler.yml: actual sparse declarations include trusted module dependencies (507.602042ms)
✔ negative control: old scripts-only tree cannot load relocated regional gate (168.109792ms)
✔ sparse candidate still detects changes and rename sources outside the working tree (475.925ms)
✔ results are bound to the bot, request and issue, including denial (0.79725ms)
✔ latest matching response wins, unrelated or malformed comments cannot confer ownership (0.290833ms)
✔ positive confirmations require current exact canonical ownership, not stale success (0.746125ms)
✔ bootstrap fallback requires exact request and releases require inactive state (0.683125ms)
✔ merge responses retain exact PR binding and embedded HTML cannot break the marker (0.392291ms)
ℹ tests 112
ℹ suites 0
ℹ pass 112
ℹ fail 0
ℹ cancelled 0
ℹ skipped 0
ℹ todo 0
ℹ duration_ms 3667.68375
