✔ actual immutable entry rejects owner loss/reassignment with rawworld geometry unchanged (15619.849458ms)
✔ missing native selection, dishonest row partition and unsupported additive hook fail closed (1075.215083ms)
✔ changed actual asset body cannot hide behind an unchanged manifest descriptor (558.287959ms)
✔ full stable owner identity detects coherent index relabel and boundary-sized gaps (0.229542ms)
✔ full ledger comparison retains zero-cell primitives and rejects coherent omission/source drift (0.313375ms)
✔ aggregate admission rejects before any actual body read (0.302958ms)
✔ complete bootstrap admission precedes runtime opens and trusted code reads (0.413083ms)
✔ missing original proof object uses only the exact whole same-path retained receipt (737.369334ms)
✔ manifest-bound immutable native transport restores full cross-fragment original members (740.299958ms)
✔ actual selected entry compares typed whole native bank against ordinary predecessor (1385.033708ms)
✔ selected continuous source consumes exact encoded override and rejects incomplete or stale maps (4391.652125ms)
✔ explicit v2 authority conservation permits append but preserves every original zero-cell primitive (1.48675ms)
✔ whole original rule custody derives actual issued preimage and refuses rebinding before selection (2055.531125ms)
✔ cold selected continuous operands preserve complete neighbors and original loss/overlap comparisons (23095.508833ms)
✔ renewed immutable artifact entry binds complete catalogue and independent authority (1489.791542ms)
ℹ tests 15
ℹ suites 0
ℹ pass 15
ℹ fail 0
ℹ cancelled 0
ℹ skipped 0
ℹ todo 0
ℹ duration_ms 51225.41225
