test_candidate_cannot_disable_gap_detection (__main__.TrustedCheckControls.test_candidate_cannot_disable_gap_detection) ... ok
test_candidate_part_symlink_is_rejected (__main__.TrustedCheckControls.test_candidate_part_symlink_is_rejected) ... ok
test_existing_invalid_geometry_is_checked_on_metadata_part_change (__main__.TrustedCheckControls.test_existing_invalid_geometry_is_checked_on_metadata_part_change) ... ok
test_external_package_and_policy_tampering_is_rejected (__main__.TrustedCheckControls.test_external_package_and_policy_tampering_is_rejected) ... ok
test_external_src_code_tampering_is_rejected (__main__.TrustedCheckControls.test_external_src_code_tampering_is_rejected) ... ok
test_metadata_only_part_change_still_validates (__main__.TrustedCheckControls.test_metadata_only_part_change_still_validates) ... ok
test_missing_or_symlinked_external_input_is_rejected (__main__.TrustedCheckControls.test_missing_or_symlinked_external_input_is_rejected) ... ok
test_release_pointer_mismatch_is_not_inapplicable (__main__.TrustedCheckControls.test_release_pointer_mismatch_is_not_inapplicable) ... ok
test_shallow_partial_fetch_reads_lazy_blobs_without_candidate_code (__main__.TrustedCheckControls.test_shallow_partial_fetch_reads_lazy_blobs_without_candidate_code) ... ok
test_source_only_candidate_cannot_execute_its_script (__main__.TrustedCheckControls.test_source_only_candidate_cannot_execute_its_script) ... ok
test_two_individually_valid_proposals_fail_when_combined (__main__.TrustedCheckControls.test_two_individually_valid_proposals_fail_when_combined) ... ok
test_unfixed_commit_and_existing_report_fail_closed (__main__.TrustedCheckControls.test_unfixed_commit_and_existing_report_fail_closed) ... ok
test_untracked_import_shadow_files_are_rejected (__main__.TrustedCheckControls.test_untracked_import_shadow_files_are_rejected) ... ok
test_untracked_src_import_shadow_is_rejected (__main__.TrustedCheckControls.test_untracked_src_import_shadow_is_rejected) ... ok
test_untrusted_checkout_cannot_run (__main__.TrustedCheckControls.test_untrusted_checkout_cannot_run) ... ok
test_valid_joint_move_is_allowed (__main__.TrustedCheckControls.test_valid_joint_move_is_allowed) ... ok
test_working_tree_checker_change_cannot_run (__main__.TrustedCheckControls.test_working_tree_checker_change_cannot_run) ... ok

----------------------------------------------------------------------
Ran 17 tests in 25.696s

OK
