✔ verifies bytes without claiming factual correctness (3.721292ms)
✔ schema-only validation reports unverified bytes (0.18825ms)
✔ known broken pins, stale baseline, entry hashes and contradictory summaries fail (2.314625ms)
✔ source access/license limits remain explicit; no unsafe retention (0.375ms)
✔ research cannot grant approval; supported conclusions need known sources (0.201458ms)
✔ containing-file inventory verifies actual subject IDs, not optional properties.part (1.223459ms)
✔ compressed vs uncompressed hashes and decompression budgets are checked (1.242209ms)
✔ paths and symlinks cannot escape candidate reader (2.437959ms)
✔ new identity registry is checked against retained prior roster without claiming source or geometry approval (0.812292ms)
✔ prior inventory cannot accept invented subjects, candidate baselines or ambiguous authority (0.937375ms)
✔ identity-only projection rejects duplicates, geometry and altered native IDs even with updated output hashes (1.462333ms)
✔ declared gzip .bin containing files preserve complete mixed 45-component/eight-contact membership (5.286334ms)
✔ subject gzip declaration does not accept unsupported bytes, wrong hashes or coherently missing subjects (7.550584ms)
✔ actual subject decompression remains bounded for legacy gzip with small encoded bytes (0.47225ms)
✔ prior inventory and candidate registry decode their declared gzip .bin descriptors at correct vintages (0.751875ms)
✔ geography has its own branch and exactly one matching type (2.763041ms)
✔ declared geography ownership is finite, safe and limited to source evidence namespaces (0.34275ms)
✔ geography cannot edit core, history, another packet or an undeclared proposal directory (0.246ms)
✔ engineering consumes but preserves geography evidence while existing lanes still work (0.105333ms)
✔ geography claims retain exact ownership through renewal and rotation, without content approval (8.986333ms)
✔ claims and PRs refuse issue ownership expansion and incompatible modes (1.607917ms)
✔ actual linked GitHub issue supplies geography ownership, not a PR-controlled declaration (3.183708ms)
✔ real geography Git scope checks renamed source paths, symlinks and issue-backed CLI ownership (642.89225ms)
✔ lane IDs must be explicit and safe (3.24225ms)
✔ research owns only campaign files, excluding shared handovers and other campaigns (0.267375ms)
✔ engineering preserves research and other engineering progress (0.099458ms)
✔ partial and final PRs link one issue without needing a document tracker ID (2.249833ms)
✔ PR policy rejects ambiguous issue links and accidental additional closures (0.150458ms)
✔ GitHub issue type agrees with its lane and references an open issue (0.154708ms)
✔ real git diff checks rename source paths, not only allowed destinations (230.53625ms)
✔ another lane advancing work is not mistaken for this branch changing its files (296.770875ms)
✔ remote issue validation reads only the event repository and requires successful labeled issue metadata (8.225666ms)
✔ geography may own narrower subdirectories without acquiring sibling or parent files (0.386583ms)
✔ historical bytes and metric evaluation use distinct authenticated vintages (4.071709ms)
✔ wrong hashes/commits, missing versions, candidate historical bytes and unsupported version declarations fail (3.068834ms)
✔ duplicate paths at different vintages require explicit pin and metric identities (0.860625ms)
✔ historical inventories retain bounded file/phase/commit admission (0.546667ms)
✔ subject lookup selects the declared historical file rather than snapshot bytes (0.679208ms)
✔ structured references cannot silently use another historical version (0.521375ms)
✔ trusted hosted gate authenticates each vintage before loading and preserves independent evaluation (2.448166ms)
✔ trusted hosted gate refuses nonancestor/missing commits and absent immutable files despite candidate copies (0.885125ms)
✔ prior-evidence subject rosters use their selected commit and preserve source limitations (1.485041ms)
✔ historical versions do not widen remote descriptors or tree reads (6.02125ms)
✔ altering consumed historical bytes fails while hashes and summaries remain unchanged (0.191292ms)
✔ composed geography identities select historical bytes while retaining existing binding rules (0.750542ms)
✔ local validation rejects excess descriptors and ignored source commit declarations before reading (0.654416ms)
✔ serialized contenders on one issue have exactly one holder even under the same GitHub account (7.529291ms)
✔ renewal and release require the actual worker plus ownership nonce (1.610625ms)
✔ an idempotent lost-response retry retains original ownership (0.609208ms)
✔ renewal, rotation and reassignment retain one canonical comment ID (1.101458ms)
✔ umbrella, blocked, oversized and unresolved dependency scopes cannot be claimed (2.654542ms)
✔ expired reservations cannot silently discard branches or active PR/live operations (0.536375ms)
✔ multiple PRs retain ownership and rotate branches only after previous work completes (0.33075ms)
✔ canonical comments cannot be impersonated or ambiguous (0.654375ms)
✔ PR validation uses current exact-branch ownership and rejects expired or blocked claims (1.542667ms)
✔ location-content claims wait for worldwide approval while source-only work can start (63.728542ms)
✔ the PR budget cannot be bypassed by claiming another part indefinitely (0.269875ms)
✔ pagination inspects later pages rather than assuming only the first page exists (0.179167ms)
✔ claim lock keys use canonical issue numbers so aliases cannot acquire independent locks (0.170209ms)
✔ approved research is bound to all three geographic pins and ordinary bot audit text is not authority (0.241083ms)
✔ production-only child is reserved by its publisher, not an ordinary implementer (0.264834ms)
✔ production child accepts only original-issue or legacy tracking and designated publisher (0.319ms)
✔ independent record bindings reject coherent wrong joins, incomplete and vacuous coverage (2.766875ms)
✔ new requirements preserve old scopes, enforce new declarations and permit explicit legacy adoption (1.088458ms)
✔ positive real-format ledger validates actual files and binds an independent review (3.025709ms)
✔ regressions: stale vintage, entry hash, wrong source/path and conflicting generated result fail (1.112416ms)
✔ full changes include rename/deletion originals; immutable original-source refresh cannot overwrite evidence (0.514667ms)
✔ coordinate/helper policies require positive and negative controls; generators need reproducibility (0.368917ms)
✔ generator controls bind actual positive, negative and equal two-run output bytes (0.412333ms)
✔ Washington-style generated narrative/table mismatch fails against the same numeric ledger (0.318125ms)
✔ reviews reject self approval, stale heads, omitted hashes/files and absent factual/geometry review (1.642792ms)
✔ mock remote queue checks exact blobs/head/independent receipt with read-only requests (5.391583ms)
✔ incomplete remote trees cannot become a passed byte check (0.620084ms)
✔ remote decisions reject stale exact-head reviews and a later change request (2.889416ms)
✔ unchanged authored evidence survives unrelated main advance, while current metrics require refresh (0.286167ms)
✔ trusted hosted gate checks a new limited prior-evidence registry and still rejects nonancestor baselines (3.152708ms)
✔ fresh remote review, head, tree/path and reservation checks reject after immutable bytes were reused (5.775083ms)
✔ acceptance/disposition binding invalidates substantive changes but preserves JSON formatting and progress comments (0.988083ms)
✔ binding activation preserves existing PRs and rejects unknown activation timestamps (0.074167ms)
✔ compact review binds canonical complete inventory and preserves literal receipts (0.276542ms)
✔ compact reviews refuse malformed, mixed, omitted, changed and renamed inventories (2.712667ms)
✔ compact inventory does not weaken head, reviewer, contract, domain or limit authority (2.576ms)
✔ normal remote comment route admits a complete compact review beyond literal GitHub comment size (68.548709ms)
✔ current manifest is closed and no region can claim invented approvals (1.314667ms)
✔ v1 worldwide approval remains compatible (1.088333ms)
✔ regional content claims depend on macro and branch approval, not unfinished worldwide descendants (6.408333ms)
✔ macro approval and explicit complete region certificates are required (0.261083ms)
✔ pins and every location target are checked against explicitly selected regions (0.453084ms)
✔ ambiguous territorial membership fails closed (0.365833ms)
✔ all name, relationship and media targets are scoped; ancillary or geographic writes are refused (0.281208ms)
✔ verified raw batches are inspected rather than trusting caller target summaries (0.321ms)
✔ corrections require a territorial crosswalk and cannot transfer facts to another location (0.75975ms)
✔ worker-merge.yml: actual geographic checkout imports its complete trusted closure (239.064958ms)
✔ merge-integration-checks.yml: actual geographic checkout imports its complete trusted closure (199.904375ms)
✔ negative control: old geographic sparse tree omits mandatory coordinator bodies (142.165875ms)
✔ issue-claims.yml: actual sparse declarations include trusted module dependencies (132.999917ms)
✔ worker-merge.yml: actual sparse declarations include trusted module dependencies (628.256875ms)
✔ merge-integration-checks.yml: actual sparse declarations include trusted module dependencies (919.871ms)
✔ queue-readiness-audit.yml: actual sparse declarations include trusted module dependencies (116.724625ms)
✔ merge-scheduler.yml: actual sparse declarations include trusted module dependencies (236.354084ms)
✔ negative control: old scripts-only tree cannot load relocated regional gate (105.500292ms)
✔ sparse candidate still detects changes and rename sources outside the working tree (339.666084ms)
✔ merge-integration-checks.yml: immutable normal routes build Cloudflare and retain the separate Site gate (162.397458ms)
✔ worker-merge.yml: immutable normal routes build Cloudflare and retain the separate Site gate (118.9185ms)
✔ actual scope candidate sparse declaration contains cold-checkout test imports (419.462125ms)
✔ results are bound to the bot, request and issue, including denial (1.892667ms)
✔ latest matching response wins, unrelated or malformed comments cannot confer ownership (0.196291ms)
✔ positive confirmations require current exact canonical ownership, not stale success (0.798375ms)
✔ bootstrap fallback requires exact request and releases require inactive state (0.339542ms)
✔ merge responses retain exact PR binding and embedded HTML cannot break the marker (0.170542ms)
ℹ tests 110
ℹ suites 0
ℹ pass 110
ℹ fail 0
ℹ cancelled 0
ℹ skipped 0
ℹ todo 0
ℹ duration_ms 3954.753959
