✔ verifies bytes without claiming factual correctness (3.445917ms)
✔ schema-only validation reports unverified bytes (0.307375ms)
✔ known broken pins, stale baseline, entry hashes and contradictory summaries fail (2.4355ms)
✔ source access/license limits remain explicit; no unsafe retention (0.778709ms)
✔ research cannot grant approval; supported conclusions need known sources (0.344625ms)
✔ containing-file inventory verifies actual subject IDs, not optional properties.part (0.997667ms)
✔ compressed vs uncompressed hashes and decompression budgets are checked (1.573834ms)
✔ paths and symlinks cannot escape candidate reader (2.6235ms)
✔ new identity registry is checked against retained prior roster without claiming source or geometry approval (1.224083ms)
✔ prior inventory cannot accept invented subjects, candidate baselines or ambiguous authority (1.928042ms)
✔ identity-only projection rejects duplicates, geometry and altered native IDs even with updated output hashes (2.394625ms)
✔ declared gzip .bin containing files preserve complete mixed 45-component/eight-contact membership (2.564833ms)
✔ subject gzip declaration does not accept unsupported bytes, wrong hashes or coherently missing subjects (4.44325ms)
✔ actual subject decompression remains bounded for legacy gzip with small encoded bytes (1.80125ms)
✔ prior inventory and candidate registry decode their declared gzip .bin descriptors at correct vintages (1.865375ms)
✔ geography has its own branch and exactly one matching type (1.897917ms)
✔ declared geography ownership is finite, safe and limited to source evidence namespaces (0.327083ms)
✔ geography cannot edit core, history, another packet or an undeclared proposal directory (0.989ms)
✔ engineering consumes but preserves geography evidence while existing lanes still work (0.329208ms)
✔ geography claims retain exact ownership through renewal and rotation, without content approval (5.361833ms)
✔ claims and PRs refuse issue ownership expansion and incompatible modes (1.622375ms)
✔ actual linked GitHub issue supplies geography ownership, not a PR-controlled declaration (2.800333ms)
✔ real geography Git scope checks renamed source paths, symlinks and issue-backed CLI ownership (648.837917ms)
✔ lane IDs must be explicit and safe (1.522417ms)
✔ research owns only campaign files, excluding shared handovers and other campaigns (0.217125ms)
✔ engineering preserves research and other engineering progress (0.098042ms)
✔ partial and final PRs link one issue without needing a document tracker ID (2.357958ms)
✔ PR policy rejects ambiguous issue links and accidental additional closures (0.444959ms)
✔ GitHub issue type agrees with its lane and references an open issue (0.445209ms)
✔ real git diff checks rename source paths, not only allowed destinations (257.275833ms)
✔ another lane advancing work is not mistaken for this branch changing its files (276.793792ms)
✔ remote issue validation reads only the event repository and requires successful labeled issue metadata (7.6955ms)
✔ geography may own narrower subdirectories without acquiring sibling or parent files (0.37375ms)
✔ historical bytes and metric evaluation use distinct authenticated vintages (4.861667ms)
✔ wrong hashes/commits, missing versions, candidate historical bytes and unsupported version declarations fail (1.834375ms)
✔ duplicate paths at different vintages require explicit pin and metric identities (1.253875ms)
✔ historical inventories retain bounded file/phase/commit admission (0.31525ms)
✔ subject lookup selects the declared historical file rather than snapshot bytes (0.457959ms)
✔ structured references cannot silently use another historical version (0.737292ms)
✔ trusted hosted gate authenticates each vintage before loading and preserves independent evaluation (1.901791ms)
✔ trusted hosted gate refuses nonancestor/missing commits and absent immutable files despite candidate copies (0.981083ms)
✔ prior-evidence subject rosters use their selected commit and preserve source limitations (0.693ms)
✔ historical versions do not widen remote descriptors or tree reads (5.778708ms)
✔ altering consumed historical bytes fails while hashes and summaries remain unchanged (0.209ms)
✔ composed geography identities select historical bytes while retaining existing binding rules (1.902458ms)
✔ local validation rejects excess descriptors and ignored source commit declarations before reading (0.747417ms)
✔ serialized contenders on one issue have exactly one holder even under the same GitHub account (11.222542ms)
✔ renewal and release require the actual worker plus ownership nonce (0.739042ms)
✔ an idempotent lost-response retry retains original ownership (0.194792ms)
✔ renewal, rotation and reassignment retain one canonical comment ID (0.630167ms)
✔ umbrella, blocked, oversized and unresolved dependency scopes cannot be claimed (0.342834ms)
✔ expired reservations cannot silently discard branches or active PR/live operations (0.492625ms)
✔ multiple PRs retain ownership and rotate branches only after previous work completes (0.326125ms)
✔ canonical comments cannot be impersonated or ambiguous (0.134542ms)
✔ PR validation uses current exact-branch ownership and rejects expired or blocked claims (0.335583ms)
✔ location-content claims wait for worldwide approval while source-only work can start (65.964291ms)
✔ the PR budget cannot be bypassed by claiming another part indefinitely (0.746417ms)
✔ pagination inspects later pages rather than assuming only the first page exists (0.435459ms)
✔ claim lock keys use canonical issue numbers so aliases cannot acquire independent locks (0.48075ms)
✔ approved research is bound to all three geographic pins and ordinary bot audit text is not authority (0.872916ms)
✔ production-only child is reserved by its publisher, not an ordinary implementer (0.673833ms)
✔ production child accepts only original-issue or legacy tracking and designated publisher (0.380542ms)
✔ independent record bindings reject coherent wrong joins, incomplete and vacuous coverage (3.194625ms)
✔ new requirements preserve old scopes, enforce new declarations and permit explicit legacy adoption (0.883291ms)
✔ positive real-format ledger validates actual files and binds an independent review (4.582291ms)
✔ regressions: stale vintage, entry hash, wrong source/path and conflicting generated result fail (0.973333ms)
✔ full changes include rename/deletion originals; immutable original-source refresh cannot overwrite evidence (1.674125ms)
✔ coordinate/helper policies require positive and negative controls; generators need reproducibility (0.861125ms)
✔ generator controls bind actual positive, negative and equal two-run output bytes (0.866042ms)
✔ Washington-style generated narrative/table mismatch fails against the same numeric ledger (0.375709ms)
✔ reviews reject self approval, stale heads, omitted hashes/files and absent factual/geometry review (0.500833ms)
✔ mock remote queue checks exact blobs/head/independent receipt with read-only requests (2.811083ms)
✔ incomplete remote trees cannot become a passed byte check (2.169708ms)
✔ remote decisions reject stale exact-head reviews and a later change request (0.951917ms)
✔ unchanged authored evidence survives unrelated main advance, while current metrics require refresh (0.162958ms)
✔ trusted hosted gate checks a new limited prior-evidence registry and still rejects nonancestor baselines (1.346708ms)
✔ fresh remote review, head, tree/path and reservation checks reject after immutable bytes were reused (6.280583ms)
✔ acceptance/disposition binding invalidates substantive changes but preserves JSON formatting and progress comments (1.217875ms)
✔ binding activation preserves existing PRs and rejects unknown activation timestamps (0.071875ms)
✔ compact review binds canonical complete inventory and preserves literal receipts (0.814542ms)
✔ compact reviews refuse malformed, mixed, omitted, changed and renamed inventories (1.072208ms)
✔ compact inventory does not weaken head, reviewer, contract, domain or limit authority (0.426375ms)
✔ normal remote comment route admits a complete compact review beyond literal GitHub comment size (71.429792ms)
✔ current manifest is closed and no region can claim invented approvals (1.891792ms)
✔ v1 worldwide approval remains compatible (0.788125ms)
✔ regional content claims depend on macro and branch approval, not unfinished worldwide descendants (3.021292ms)
✔ macro approval and explicit complete region certificates are required (0.267084ms)
✔ pins and every location target are checked against explicitly selected regions (0.451209ms)
✔ ambiguous territorial membership fails closed (0.089709ms)
✔ all name, relationship and media targets are scoped; ancillary or geographic writes are refused (0.339291ms)
✔ verified raw batches are inspected rather than trusting caller target summaries (0.22525ms)
✔ corrections require a territorial crosswalk and cannot transfer facts to another location (0.321042ms)
✔ worker-merge.yml: actual geographic checkout imports its complete trusted closure (239.831041ms)
✔ merge-integration-checks.yml: actual geographic checkout imports its complete trusted closure (195.884084ms)
✔ negative control: old geographic sparse tree omits mandatory coordinator bodies (148.620375ms)
✔ issue-claims.yml: actual sparse declarations include trusted module dependencies (131.832708ms)
✔ worker-merge.yml: actual sparse declarations include trusted module dependencies (671.9155ms)
✔ merge-integration-checks.yml: actual sparse declarations include trusted module dependencies (1050.192125ms)
✔ queue-readiness-audit.yml: actual sparse declarations include trusted module dependencies (118.219042ms)
✔ merge-scheduler.yml: actual sparse declarations include trusted module dependencies (253.194541ms)
✔ negative control: old scripts-only tree cannot load relocated regional gate (115.118042ms)
✔ sparse candidate still detects changes and rename sources outside the working tree (295.2785ms)
✔ merge-integration-checks.yml: immutable normal routes build Cloudflare and retain the separate Site gate (241.010208ms)
✔ worker-merge.yml: immutable normal routes build Cloudflare and retain the separate Site gate (119.94ms)
✔ actual scope candidate sparse declaration contains cold-checkout test imports (508.282958ms)
✔ merge-integration-checks.yml: actual post-build readback refuses missing selected helper (626.159167ms)
✔ worker-merge.yml: actual post-build readback refuses missing selected helper (313.4845ms)
✔ results are bound to the bot, request and issue, including denial (1.198ms)
✔ latest matching response wins, unrelated or malformed comments cannot confer ownership (0.150541ms)
✔ positive confirmations require current exact canonical ownership, not stale success (0.787792ms)
✔ bootstrap fallback requires exact request and releases require inactive state (0.183667ms)
✔ merge responses retain exact PR binding and embedded HTML cannot break the marker (0.144333ms)
ℹ tests 112
ℹ suites 0
ℹ pass 112
ℹ fail 0
ℹ cancelled 0
ℹ skipped 0
ℹ todo 0
ℹ duration_ms 5227.912417
