✔ actual immutable entry rejects owner loss/reassignment with rawworld geometry unchanged (13585.915334ms)
✔ missing native selection, dishonest row partition and unsupported additive hook fail closed (1096.29075ms)
✔ changed actual asset body cannot hide behind an unchanged manifest descriptor (543.354833ms)
✔ full stable owner identity detects coherent index relabel and boundary-sized gaps (0.215209ms)
✔ full ledger comparison retains zero-cell primitives and rejects coherent omission/source drift (0.301333ms)
✔ aggregate admission rejects before any actual body read (0.126958ms)
✔ complete bootstrap admission precedes runtime opens and trusted code reads (0.393125ms)
✔ missing original proof object uses only the exact whole same-path retained receipt (697.463541ms)
✔ manifest-bound immutable native transport restores full cross-fragment original members (644.156833ms)
✔ actual selected entry compares typed whole native bank against ordinary predecessor (1314.57675ms)
✔ selected continuous source consumes exact encoded override and rejects incomplete or stale maps (4203.405042ms)
✔ explicit v2 authority conservation permits append but preserves every original zero-cell primitive (1.557916ms)
✔ whole original rule custody derives actual issued preimage and refuses rebinding before selection (1797.213292ms)
✔ cold selected continuous operands preserve complete neighbors and original loss/overlap comparisons (17740.36ms)
✔ renewed immutable artifact entry binds complete catalogue and independent authority (1203.324834ms)
✔ registered 533-role authority derives complete custody without raising actual read caps (3129.811416ms)
✔ Cloudflare fourth entry is explicit and cannot reinterpret historical profile shapes (26.682166ms)
✔ genuine Cloudflare authority retains complete 533 roles and four explicit entry profiles (3081.800791ms)
ℹ tests 18
ℹ suites 0
ℹ pass 18
ℹ fail 0
ℹ cancelled 0
ℹ skipped 0
ℹ todo 0
ℹ duration_ms 49149.469084
