2026-10-09T12:12:17.3011499Z Current runner version: '2.337.0'
2026-10-09T12:12:17.3037343Z ##[group]Runner Image Provisioner
2026-10-09T12:12:17.3038252Z Hosted Compute Agent
2026-10-09T12:12:17.3038970Z Version: 20261002.596
2026-10-09T12:12:17.3039645Z Commit: c3d12f3313a95f25162a1503be624f3b0617f8c0
2026-10-09T12:12:17.3040393Z Build Date: 2026-10-02T22:28:27Z
2026-10-09T12:12:17.3041197Z Worker ID: {3376d114-eddd-4b0b-a805-cba203b86d64}
2026-10-09T12:12:17.3041966Z Region: westcentralus
2026-10-09T12:12:17.3042599Z Cloud: Azure
2026-10-09T12:12:17.3043164Z ##[endgroup]
2026-10-09T12:12:17.3044602Z ##[group]Operating System
2026-10-09T12:12:17.3045366Z Ubuntu
2026-10-09T12:12:17.3046163Z 24.04.5
2026-10-09T12:12:17.3046685Z LTS
2026-10-09T12:12:17.3047306Z ##[endgroup]
2026-10-09T12:12:17.3047869Z ##[group]Runner Image
2026-10-09T12:12:17.3048578Z Image: ubuntu-24.04
2026-10-09T12:12:17.3049197Z Version: 20261004.327.1
2026-10-09T12:12:17.3050525Z Included Software: https://github.com/actions/runner-images/blob/ubuntu24/20261004.327/images/ubuntu/Ubuntu2404-Readme.md
2026-10-09T12:12:17.3052113Z Image Release: https://github.com/actions/runner-images/releases/tag/ubuntu24%2F20261004.327
2026-10-09T12:12:17.3053177Z ##[endgroup]
2026-10-09T12:12:17.3054501Z ##[group]GITHUB_TOKEN Permissions
2026-10-09T12:12:17.3056752Z Contents: read
2026-10-09T12:12:17.3057402Z Issues: read
2026-10-09T12:12:17.3057963Z Metadata: read
2026-10-09T12:12:17.3058671Z PullRequests: read
2026-10-09T12:12:17.3059307Z ##[endgroup]
2026-10-09T12:12:17.3061433Z Secret source: Actions
2026-10-09T12:12:17.3062495Z Cache mode: write
2026-10-09T12:12:17.3063264Z Prepare workflow directory
2026-10-09T12:12:17.3457118Z Prepare all required actions
2026-10-09T12:12:17.3504382Z Getting action download info
2026-10-09T12:12:17.6755907Z Download action repository 'actions/checkout@d23441a48e516b6c34aea4fa41551a30e30af803' (SHA:d23441a48e516b6c34aea4fa41551a30e30af803)
2026-10-09T12:12:17.7703453Z Download action repository 'actions/setup-node@249970729cb0ef3589644e2896645e5dc5ba9c38' (SHA:249970729cb0ef3589644e2896645e5dc5ba9c38)
2026-10-09T12:12:17.8947068Z Download action repository 'actions/setup-python@a26af69be951a213d495a4c3e4e4022e16d87065' (SHA:a26af69be951a213d495a4c3e4e4022e16d87065)
2026-10-09T12:12:17.9728506Z Download action repository 'actions/upload-artifact@ea165f8d65b6e75b540449e92b4886f43607fa02' (SHA:ea165f8d65b6e75b540449e92b4886f43607fa02)
2026-10-09T12:12:18.1888266Z Complete job name: geography
2026-10-09T12:12:18.2692176Z ##[group]Run actions/checkout@d23441a48e516b6c34aea4fa41551a30e30af803
2026-10-09T12:12:18.2693551Z with:
2026-10-09T12:12:18.2694292Z   ref: 381d8733e2f105ac16e764c20bb800c40cafea3a
2026-10-09T12:12:18.2694943Z   persist-credentials: false
2026-10-09T12:12:18.2695502Z   sparse-checkout: scripts
src
.github

2026-10-09T12:12:18.2696312Z   repository: ChengshuLi/WorldAtlas
2026-10-09T12:12:18.2700077Z   token: ***
2026-10-09T12:12:18.2700533Z   ssh-strict: true
2026-10-09T12:12:18.2700988Z   ssh-user: git
2026-10-09T12:12:18.2701438Z   clean: true
2026-10-09T12:12:18.2701943Z   sparse-checkout-cone-mode: true
2026-10-09T12:12:18.2702499Z   fetch-depth: 1
2026-10-09T12:12:18.2702971Z   fetch-tags: false
2026-10-09T12:12:18.2703432Z   show-progress: true
2026-10-09T12:12:18.2703899Z   lfs: false
2026-10-09T12:12:18.2704333Z   submodules: false
2026-10-09T12:12:18.2704802Z   set-safe-directory: true
2026-10-09T12:12:18.2705325Z   allow-unsafe-pr-checkout: false
2026-10-09T12:12:18.2706349Z ##[endgroup]
2026-10-09T12:12:18.3815133Z Syncing repository: ChengshuLi/WorldAtlas
2026-10-09T12:12:18.3818525Z ##[group]Getting Git version info
2026-10-09T12:12:18.3819838Z Working directory is '/home/runner/work/WorldAtlas/WorldAtlas'
2026-10-09T12:12:18.3821770Z [command]/usr/bin/git version
2026-10-09T12:12:18.3933546Z git version 2.55.0
2026-10-09T12:12:18.3961251Z ##[endgroup]
2026-10-09T12:12:18.3980596Z Temporarily overriding HOME='/home/runner/work/_temp/82e00b35-4b80-470e-adc9-0d71f183b3e6' before making global git config changes
2026-10-09T12:12:18.3983965Z Adding repository directory to the temporary git global config as a safe directory
2026-10-09T12:12:18.3986682Z [command]/usr/bin/git config --global --add safe.directory /home/runner/work/WorldAtlas/WorldAtlas
2026-10-09T12:12:18.4059299Z Deleting the contents of '/home/runner/work/WorldAtlas/WorldAtlas'
2026-10-09T12:12:18.4067592Z ##[group]Determining repository object format
2026-10-09T12:12:18.4069823Z ##[endgroup]
2026-10-09T12:12:18.4072160Z ##[group]Initializing the repository
2026-10-09T12:12:18.4078407Z [command]/usr/bin/git init /home/runner/work/WorldAtlas/WorldAtlas
2026-10-09T12:12:18.4213459Z hint: Using 'master' as the name for the initial branch. This default branch name
2026-10-09T12:12:18.4215422Z hint: will change to "main" in Git 3.0. To configure the initial branch name
2026-10-09T12:12:18.4216933Z hint: to use in all of your new repositories, which will suppress this warning,
2026-10-09T12:12:18.4217947Z hint: call:
2026-10-09T12:12:18.4218661Z hint:
2026-10-09T12:12:18.4219744Z hint: 	git config --global init.defaultBranch <name>
2026-10-09T12:12:18.4220561Z hint:
2026-10-09T12:12:18.4221177Z hint: Names commonly chosen instead of 'master' are 'main', 'trunk' and
2026-10-09T12:12:18.4222156Z hint: 'development'. The just-created branch can be renamed via this command:
2026-10-09T12:12:18.4222934Z hint:
2026-10-09T12:12:18.4223376Z hint: 	git branch -m <name>
2026-10-09T12:12:18.4223874Z hint:
2026-10-09T12:12:18.4224555Z hint: Disable this message with "git config set advice.defaultBranchName false"
2026-10-09T12:12:18.4226001Z Initialized empty Git repository in /home/runner/work/WorldAtlas/WorldAtlas/.git/
2026-10-09T12:12:18.4236375Z [command]/usr/bin/git remote add origin https://github.com/ChengshuLi/WorldAtlas
2026-10-09T12:12:18.4287146Z ##[endgroup]
2026-10-09T12:12:18.4292559Z ##[group]Disabling automatic garbage collection
2026-10-09T12:12:18.4293334Z [command]/usr/bin/git config --local gc.auto 0
2026-10-09T12:12:18.4324847Z ##[endgroup]
2026-10-09T12:12:18.4326562Z ##[group]Setting up auth
2026-10-09T12:12:18.4327471Z Removing SSH command configuration
2026-10-09T12:12:18.4333563Z [command]/usr/bin/git config --local --name-only --get-regexp core\.sshCommand
2026-10-09T12:12:18.4369258Z [command]/usr/bin/git submodule foreach --recursive sh -c "git config --local --name-only --get-regexp 'core\.sshCommand' && git config --local --unset-all 'core.sshCommand' || :"
2026-10-09T12:12:18.4790892Z Removing HTTP extra header
2026-10-09T12:12:18.4798086Z [command]/usr/bin/git config --local --name-only --get-regexp http\.https\:\/\/github\.com\/\.extraheader
2026-10-09T12:12:18.4837871Z [command]/usr/bin/git submodule foreach --recursive sh -c "git config --local --name-only --get-regexp 'http\.https\:\/\/github\.com\/\.extraheader' && git config --local --unset-all 'http.https://github.com/.extraheader' || :"
2026-10-09T12:12:18.5061078Z Removing includeIf entries pointing to credentials config files
2026-10-09T12:12:18.5067471Z [command]/usr/bin/git config --local --name-only --get-regexp ^includeIf\.gitdir:
2026-10-09T12:12:18.5106278Z [command]/usr/bin/git submodule foreach --recursive git config --local --show-origin --name-only --get-regexp remote.origin.url
2026-10-09T12:12:18.5334465Z [command]/usr/bin/git config --file /home/runner/work/_temp/git-credentials-bdc361ec-5580-4f64-94f2-1e2abfbf2c72.config http.https://github.com/.extraheader AUTHORIZATION: basic ***
2026-10-09T12:12:18.5376987Z [command]/usr/bin/git config --local includeIf.gitdir:/home/runner/work/WorldAtlas/WorldAtlas/.git.path /home/runner/work/_temp/git-credentials-bdc361ec-5580-4f64-94f2-1e2abfbf2c72.config
2026-10-09T12:12:18.5412867Z [command]/usr/bin/git config --local includeIf.gitdir:/home/runner/work/WorldAtlas/WorldAtlas/.git/worktrees/*.path /home/runner/work/_temp/git-credentials-bdc361ec-5580-4f64-94f2-1e2abfbf2c72.config
2026-10-09T12:12:18.5469762Z [command]/usr/bin/git config --local includeIf.gitdir:/github/workspace/.git.path /github/runner_temp/git-credentials-bdc361ec-5580-4f64-94f2-1e2abfbf2c72.config
2026-10-09T12:12:18.5510103Z [command]/usr/bin/git config --local includeIf.gitdir:/github/workspace/.git/worktrees/*.path /github/runner_temp/git-credentials-bdc361ec-5580-4f64-94f2-1e2abfbf2c72.config
2026-10-09T12:12:18.5539850Z ##[endgroup]
2026-10-09T12:12:18.5540639Z ##[group]Fetching the repository
2026-10-09T12:12:18.5548412Z [command]/usr/bin/git -c protocol.version=2 fetch --no-tags --prune --no-recurse-submodules --filter=blob:none --depth=1 origin 381d8733e2f105ac16e764c20bb800c40cafea3a
2026-10-09T12:12:19.2824467Z From https://github.com/ChengshuLi/WorldAtlas
2026-10-09T12:12:19.2826759Z  * branch            381d8733e2f105ac16e764c20bb800c40cafea3a -> FETCH_HEAD
2026-10-09T12:12:19.2838457Z [command]/usr/bin/git rev-parse --verify --quiet 381d8733e2f105ac16e764c20bb800c40cafea3a^{object}
2026-10-09T12:12:19.2868138Z 381d8733e2f105ac16e764c20bb800c40cafea3a
2026-10-09T12:12:19.2874890Z ##[endgroup]
2026-10-09T12:12:19.2877333Z ##[group]Determining the checkout info
2026-10-09T12:12:19.2879781Z ##[endgroup]
2026-10-09T12:12:19.2881963Z ##[group]Setting up sparse checkout
2026-10-09T12:12:19.2884021Z [command]/usr/bin/git sparse-checkout set scripts src .github
2026-10-09T12:12:19.2936104Z ##[endgroup]
2026-10-09T12:12:19.2938631Z ##[group]Checking out the ref
2026-10-09T12:12:19.2941236Z [command]/usr/bin/git checkout --progress --force 381d8733e2f105ac16e764c20bb800c40cafea3a
2026-10-09T12:12:20.3165944Z Note: switching to '381d8733e2f105ac16e764c20bb800c40cafea3a'.
2026-10-09T12:12:20.3166452Z 
2026-10-09T12:12:20.3166760Z You are in 'detached HEAD' state. You can look around, make experimental
2026-10-09T12:12:20.3167337Z changes and commit them, and you can discard any commits you make in this
2026-10-09T12:12:20.3167933Z state without impacting any branches by switching back to a branch.
2026-10-09T12:12:20.3168259Z 
2026-10-09T12:12:20.3168487Z If you want to create a new branch to retain commits you create, you may
2026-10-09T12:12:20.3169023Z do so (now or later) by using -c with the switch command. Example:
2026-10-09T12:12:20.3169323Z 
2026-10-09T12:12:20.3169472Z   git switch -c <new-branch-name>
2026-10-09T12:12:20.3169688Z 
2026-10-09T12:12:20.3169862Z Or undo this operation with:
2026-10-09T12:12:20.3170063Z 
2026-10-09T12:12:20.3170176Z   git switch -
2026-10-09T12:12:20.3170342Z 
2026-10-09T12:12:20.3170611Z Turn off this advice by setting config variable advice.detachedHead to false
2026-10-09T12:12:20.3170963Z 
2026-10-09T12:12:20.3171570Z HEAD is now at 381d873 Protect selected effective geography and authenticate qualified native artifacts
2026-10-09T12:12:20.3178472Z ##[endgroup]
2026-10-09T12:12:20.3226366Z [command]/usr/bin/git log -1 --format=%H
2026-10-09T12:12:20.3255199Z 381d8733e2f105ac16e764c20bb800c40cafea3a
2026-10-09T12:12:20.3267178Z ##[group]Removing auth
2026-10-09T12:12:20.3267802Z Removing SSH command configuration
2026-10-09T12:12:20.3271544Z [command]/usr/bin/git config --local --name-only --get-regexp core\.sshCommand
2026-10-09T12:12:20.3307087Z [command]/usr/bin/git submodule foreach --recursive sh -c "git config --local --name-only --get-regexp 'core\.sshCommand' && git config --local --unset-all 'core.sshCommand' || :"
2026-10-09T12:12:20.3561208Z Removing HTTP extra header
2026-10-09T12:12:20.3564911Z [command]/usr/bin/git config --local --name-only --get-regexp http\.https\:\/\/github\.com\/\.extraheader
2026-10-09T12:12:20.3603745Z [command]/usr/bin/git submodule foreach --recursive sh -c "git config --local --name-only --get-regexp 'http\.https\:\/\/github\.com\/\.extraheader' && git config --local --unset-all 'http.https://github.com/.extraheader' || :"
2026-10-09T12:12:20.3852859Z Removing includeIf entries pointing to credentials config files
2026-10-09T12:12:20.3856854Z [command]/usr/bin/git config --local --name-only --get-regexp ^includeIf\.gitdir:
2026-10-09T12:12:20.3888316Z includeif.gitdir:/home/runner/work/WorldAtlas/WorldAtlas/.git.path
2026-10-09T12:12:20.3889856Z includeif.gitdir:/home/runner/work/WorldAtlas/WorldAtlas/.git/worktrees/*.path
2026-10-09T12:12:20.3891422Z includeif.gitdir:/github/workspace/.git.path
2026-10-09T12:12:20.3892235Z includeif.gitdir:/github/workspace/.git/worktrees/*.path
2026-10-09T12:12:20.3901543Z [command]/usr/bin/git config --local --get-all includeif.gitdir:/home/runner/work/WorldAtlas/WorldAtlas/.git.path
2026-10-09T12:12:20.3928717Z /home/runner/work/_temp/git-credentials-bdc361ec-5580-4f64-94f2-1e2abfbf2c72.config
2026-10-09T12:12:20.3938804Z [command]/usr/bin/git config --local --unset includeif.gitdir:/home/runner/work/WorldAtlas/WorldAtlas/.git.path /home/runner/work/_temp/git-credentials-bdc361ec-5580-4f64-94f2-1e2abfbf2c72.config
2026-10-09T12:12:20.3975425Z [command]/usr/bin/git config --local --get-all includeif.gitdir:/home/runner/work/WorldAtlas/WorldAtlas/.git/worktrees/*.path
2026-10-09T12:12:20.4001203Z /home/runner/work/_temp/git-credentials-bdc361ec-5580-4f64-94f2-1e2abfbf2c72.config
2026-10-09T12:12:20.4010443Z [command]/usr/bin/git config --local --unset includeif.gitdir:/home/runner/work/WorldAtlas/WorldAtlas/.git/worktrees/*.path /home/runner/work/_temp/git-credentials-bdc361ec-5580-4f64-94f2-1e2abfbf2c72.config
2026-10-09T12:12:20.4047131Z [command]/usr/bin/git config --local --get-all includeif.gitdir:/github/workspace/.git.path
2026-10-09T12:12:20.4073341Z /github/runner_temp/git-credentials-bdc361ec-5580-4f64-94f2-1e2abfbf2c72.config
2026-10-09T12:12:20.4115932Z [command]/usr/bin/git config --local --unset includeif.gitdir:/github/workspace/.git.path /github/runner_temp/git-credentials-bdc361ec-5580-4f64-94f2-1e2abfbf2c72.config
2026-10-09T12:12:20.4161016Z [command]/usr/bin/git config --local --get-all includeif.gitdir:/github/workspace/.git/worktrees/*.path
2026-10-09T12:12:20.4197701Z /github/runner_temp/git-credentials-bdc361ec-5580-4f64-94f2-1e2abfbf2c72.config
2026-10-09T12:12:20.4199389Z [command]/usr/bin/git config --local --unset includeif.gitdir:/github/workspace/.git/worktrees/*.path /github/runner_temp/git-credentials-bdc361ec-5580-4f64-94f2-1e2abfbf2c72.config
2026-10-09T12:12:20.4233392Z [command]/usr/bin/git submodule foreach --recursive git config --local --show-origin --name-only --get-regexp remote.origin.url
2026-10-09T12:12:20.4476728Z Removing credentials config '/home/runner/work/_temp/git-credentials-bdc361ec-5580-4f64-94f2-1e2abfbf2c72.config'
2026-10-09T12:12:20.4489903Z ##[endgroup]
2026-10-09T12:12:20.4738883Z ##[group]Run actions/setup-node@249970729cb0ef3589644e2896645e5dc5ba9c38
2026-10-09T12:12:20.4739360Z with:
2026-10-09T12:12:20.4739609Z   node-version: 24
2026-10-09T12:12:20.4739875Z   check-latest: false
2026-10-09T12:12:20.4742326Z   token: ***
2026-10-09T12:12:20.4742595Z   package-manager-cache: true
2026-10-09T12:12:20.4742895Z ##[endgroup]
2026-10-09T12:12:20.6150683Z Found in cache @ /opt/hostedtoolcache/node/24.21.0/x64
2026-10-09T12:12:20.6154630Z ##[group]Environment details
2026-10-09T12:12:21.4118953Z node: v24.21.0
2026-10-09T12:12:21.4119636Z npm: 11.19.0
2026-10-09T12:12:21.4120019Z yarn: 1.22.22
2026-10-09T12:12:21.4121334Z ##[endgroup]
2026-10-09T12:12:21.4317747Z ##[group]Run actions/setup-python@a26af69be951a213d495a4c3e4e4022e16d87065
2026-10-09T12:12:21.4318202Z with:
2026-10-09T12:12:21.4318418Z   python-version: 3.12
2026-10-09T12:12:21.4318657Z   check-latest: false
2026-10-09T12:12:21.4321066Z   token: ***
2026-10-09T12:12:21.4321291Z   update-environment: true
2026-10-09T12:12:21.4321533Z   allow-prereleases: false
2026-10-09T12:12:21.4321773Z   freethreaded: false
2026-10-09T12:12:21.4321986Z ##[endgroup]
2026-10-09T12:12:21.5678766Z ##[group]Installed versions
2026-10-09T12:12:21.5791050Z (node:2498) [DEP0040] DeprecationWarning: The `punycode` module is deprecated. Please use a userland alternative instead.
2026-10-09T12:12:21.5792659Z (Use `node --trace-deprecation ...` to show where the warning was created)
2026-10-09T12:12:21.5793681Z Successfully set up CPython (3.12.15)
2026-10-09T12:12:21.5794488Z ##[endgroup]
2026-10-09T12:12:21.5990896Z ##[group]Run python -m pip install -r requirements.txt
2026-10-09T12:12:21.5991651Z [36;1mpython -m pip install -r requirements.txt[0m
2026-10-09T12:12:21.6330996Z shell: /usr/bin/bash -e {0}
2026-10-09T12:12:21.6331386Z env:
2026-10-09T12:12:21.6331729Z   pythonLocation: /opt/hostedtoolcache/Python/3.12.15/x64
2026-10-09T12:12:21.6332273Z   PKG_CONFIG_PATH: /opt/hostedtoolcache/Python/3.12.15/x64/lib/pkgconfig
2026-10-09T12:12:21.6332809Z   Python_ROOT_DIR: /opt/hostedtoolcache/Python/3.12.15/x64
2026-10-09T12:12:21.6333284Z   Python2_ROOT_DIR: /opt/hostedtoolcache/Python/3.12.15/x64
2026-10-09T12:12:21.6333746Z   Python3_ROOT_DIR: /opt/hostedtoolcache/Python/3.12.15/x64
2026-10-09T12:12:21.6334215Z   LD_LIBRARY_PATH: /opt/hostedtoolcache/Python/3.12.15/x64/lib
2026-10-09T12:12:21.6334609Z ##[endgroup]
2026-10-09T12:12:23.9365446Z Collecting numpy==2.3.5 (from -r requirements.txt (line 2))
2026-10-09T12:12:24.0305479Z   Downloading numpy-2.3.5-cp312-cp312-manylinux_2_27_x86_64.manylinux_2_28_x86_64.whl.metadata (62 kB)
2026-10-09T12:12:24.1577531Z Collecting shapely==2.1.2 (from -r requirements.txt (line 3))
2026-10-09T12:12:24.1769391Z   Downloading shapely-2.1.2-cp312-cp312-manylinux2014_x86_64.manylinux_2_17_x86_64.whl.metadata (6.8 kB)
2026-10-09T12:12:24.2630908Z Collecting pyproj==3.7.2 (from -r requirements.txt (line 4))
2026-10-09T12:12:24.2829374Z   Downloading pyproj-3.7.2-cp312-cp312-manylinux_2_28_x86_64.whl.metadata (31 kB)
2026-10-09T12:12:24.3885109Z Collecting rasterio==1.4.3 (from -r requirements.txt (line 5))
2026-10-09T12:12:24.4090399Z   Downloading rasterio-1.4.3-cp312-cp312-manylinux_2_17_x86_64.manylinux2014_x86_64.whl.metadata (9.1 kB)
2026-10-09T12:12:24.5465205Z Collecting scipy==1.17.0 (from -r requirements.txt (line 6))
2026-10-09T12:12:24.5665238Z   Downloading scipy-1.17.0-cp312-cp312-manylinux_2_27_x86_64.manylinux_2_28_x86_64.whl.metadata (62 kB)
2026-10-09T12:12:24.6180390Z Collecting certifi (from pyproj==3.7.2->-r requirements.txt (line 4))
2026-10-09T12:12:24.6370298Z   Downloading certifi-2026.7.22-py3-none-any.whl.metadata (2.5 kB)
2026-10-09T12:12:24.6715058Z Collecting affine (from rasterio==1.4.3->-r requirements.txt (line 5))
2026-10-09T12:12:24.6916565Z   Downloading affine-3.0.1-py3-none-any.whl.metadata (4.5 kB)
2026-10-09T12:12:24.7287964Z Collecting attrs (from rasterio==1.4.3->-r requirements.txt (line 5))
2026-10-09T12:12:24.7479720Z   Downloading attrs-26.1.0-py3-none-any.whl.metadata (8.8 kB)
2026-10-09T12:12:25.5290702Z Collecting click>=4.0 (from rasterio==1.4.3->-r requirements.txt (line 5))
2026-10-09T12:12:25.5481184Z   Downloading click-8.5.0-py3-none-any.whl.metadata (2.6 kB)
2026-10-09T12:12:25.8014405Z Collecting cligj>=0.5 (from rasterio==1.4.3->-r requirements.txt (line 5))
2026-10-09T12:12:25.8203866Z   Downloading cligj-0.7.2-py3-none-any.whl.metadata (5.0 kB)
2026-10-09T12:12:25.8475994Z Collecting click-plugins (from rasterio==1.4.3->-r requirements.txt (line 5))
2026-10-09T12:12:25.8667480Z   Downloading click_plugins-1.1.1.2-py2.py3-none-any.whl.metadata (6.5 kB)
2026-10-09T12:12:25.9063333Z Collecting pyparsing (from rasterio==1.4.3->-r requirements.txt (line 5))
2026-10-09T12:12:25.9252365Z   Downloading pyparsing-3.3.3-py3-none-any.whl.metadata (5.9 kB)
2026-10-09T12:12:25.9549609Z Downloading numpy-2.3.5-cp312-cp312-manylinux_2_27_x86_64.manylinux_2_28_x86_64.whl (16.6 MB)
2026-10-09T12:12:26.1832390Z    ━━━━━━━━━━━━━━━━━━━━━━━━━━━━━━━━━━━━━━━━ 16.6/16.6 MB 85.4 MB/s  0:00:00
2026-10-09T12:12:26.2028771Z Downloading shapely-2.1.2-cp312-cp312-manylinux2014_x86_64.manylinux_2_17_x86_64.whl (3.1 MB)
2026-10-09T12:12:26.2173249Z    ━━━━━━━━━━━━━━━━━━━━━━━━━━━━━━━━━━━━━━━━ 3.1/3.1 MB 233.9 MB/s  0:00:00
2026-10-09T12:12:26.2396709Z Downloading pyproj-3.7.2-cp312-cp312-manylinux_2_28_x86_64.whl (9.6 MB)
2026-10-09T12:12:26.2825058Z    ━━━━━━━━━━━━━━━━━━━━━━━━━━━━━━━━━━━━━━━━ 9.6/9.6 MB 229.3 MB/s  0:00:00
2026-10-09T12:12:26.3026643Z Downloading rasterio-1.4.3-cp312-cp312-manylinux_2_17_x86_64.manylinux2014_x86_64.whl (22.3 MB)
2026-10-09T12:12:26.3871839Z    ━━━━━━━━━━━━━━━━━━━━━━━━━━━━━━━━━━━━━━━━ 22.3/22.3 MB 269.2 MB/s  0:00:00
2026-10-09T12:12:26.4066126Z Downloading scipy-1.17.0-cp312-cp312-manylinux_2_27_x86_64.manylinux_2_28_x86_64.whl (35.0 MB)
2026-10-09T12:12:26.5388824Z    ━━━━━━━━━━━━━━━━━━━━━━━━━━━━━━━━━━━━━━━━ 35.0/35.0 MB 268.1 MB/s  0:00:00
2026-10-09T12:12:26.5582581Z Downloading click-8.5.0-py3-none-any.whl (125 kB)
2026-10-09T12:12:26.5796296Z Downloading cligj-0.7.2-py3-none-any.whl (7.1 kB)
2026-10-09T12:12:26.6005508Z Downloading affine-3.0.1-py3-none-any.whl (10 kB)
2026-10-09T12:12:26.6216563Z Downloading attrs-26.1.0-py3-none-any.whl (67 kB)
2026-10-09T12:12:26.6428248Z Downloading certifi-2026.7.22-py3-none-any.whl (136 kB)
2026-10-09T12:12:26.6642750Z Downloading click_plugins-1.1.1.2-py2.py3-none-any.whl (11 kB)
2026-10-09T12:12:26.6866330Z Downloading pyparsing-3.3.3-py3-none-any.whl (126 kB)
2026-10-09T12:12:26.9722850Z Installing collected packages: pyparsing, numpy, click, certifi, attrs, shapely, scipy, pyproj, cligj, click-plugins, affine, rasterio
2026-10-09T12:12:34.1033954Z 
2026-10-09T12:12:34.1051668Z Successfully installed affine-3.0.1 attrs-26.1.0 certifi-2026.7.22 click-8.5.0 click-plugins-1.1.1.2 cligj-0.7.2 numpy-2.3.5 pyparsing-3.3.3 pyproj-3.7.2 rasterio-1.4.3 scipy-1.17.0 shapely-2.1.2
2026-10-09T12:12:34.1722484Z ##[group]Run if test -f scripts/run-geographic-check.py; then
2026-10-09T12:12:34.1723008Z [36;1mif test -f scripts/run-geographic-check.py; then[0m
2026-10-09T12:12:34.1723564Z [36;1m  python -I -B scripts/run-geographic-check.py --fetch --out geography-check.json[0m
2026-10-09T12:12:34.1745129Z [36;1melse[0m
2026-10-09T12:12:34.1745887Z [36;1m  # Only this named activation branch can report bootstrap absence,[0m
2026-10-09T12:12:34.1746686Z [36;1m  # and only after trusted API code proves it changes no live data.[0m
2026-10-09T12:12:34.1747392Z [36;1m  node --input-type=module <<'NODE'[0m
2026-10-09T12:12:34.1747917Z [36;1mimport fs from 'node:fs';[0m
2026-10-09T12:12:34.1748626Z [36;1mimport {githubAPI, githubPages} from './scripts/issue-claim-contract.mjs';[0m
2026-10-09T12:12:34.1749728Z [36;1mconst event = JSON.parse(fs.readFileSync(process.env.GITHUB_EVENT_PATH, 'utf8'));[0m
2026-10-09T12:12:34.1750848Z [36;1mconst repo = process.env.GITHUB_REPOSITORY, number = event.pull_request?.number;[0m
2026-10-09T12:12:34.1752015Z [36;1mif (!/^[-\w.]+\/[-\w.]+$/.test(repo ?? '') || !Number.isSafeInteger(number)) throw Error('Invalid bootstrap event');[0m
2026-10-09T12:12:34.1753104Z [36;1mconst api = githubAPI(process.env.GH_TOKEN), root = `/repos/${repo}`;[0m
2026-10-09T12:12:34.1753886Z [36;1mconst pr = await api(`${root}/pulls/${number}`);[0m
2026-10-09T12:12:34.1754568Z [36;1mif (pr.head.sha !== process.env.GEOGRAPHY_CANDIDATE ||[0m
2026-10-09T12:12:34.1755382Z [36;1m    pr.head.ref !== 'engineering/geographic-gate-920-20261005-local04' ||[0m
2026-10-09T12:12:34.1756482Z [36;1m    pr.head.repo?.full_name !== repo || pr.base.ref !== 'main' ||[0m
2026-10-09T12:12:34.1757442Z [36;1m    !Number.isSafeInteger(pr.changed_files) || pr.changed_files < 1 || pr.changed_files > 3000) {[0m
2026-10-09T12:12:34.1758640Z [36;1m  throw Error('Geographic checker unavailable outside the bounded activation PR');[0m
2026-10-09T12:12:34.1759424Z [36;1m}[0m
2026-10-09T12:12:34.1760006Z [36;1mconst files = await githubPages(api, `${root}/pulls/${number}/files`);[0m
2026-10-09T12:12:34.1761059Z [36;1mif (files.length !== pr.changed_files || new Set(files.map(f => f.filename)).size !== files.length ||[0m
2026-10-09T12:12:34.1762354Z [36;1m    files.some(f => [f.filename, f.previous_filename].filter(Boolean).some(name => name.startsWith('data/')))) {[0m
2026-10-09T12:12:34.1763601Z [36;1m  throw Error('Bootstrap cannot waive changed live data or an incomplete inventory');[0m
2026-10-09T12:12:34.1764164Z [36;1m}[0m
2026-10-09T12:12:34.1764567Z [36;1mfs.writeFileSync('geography-check.json', JSON.stringify({status: 'bootstrap-unavailable',[0m
2026-10-09T12:12:34.1765182Z [36;1m  geometry_validated: false, live_data_changed: false, head_sha: pr.head.sha,[0m
2026-10-09T12:12:34.1766412Z [36;1m  limits: ['Only the named activation PR; the combined check becomes mandatory after merge.']}) + '\n');[0m
2026-10-09T12:12:34.1766905Z [36;1mNODE[0m
2026-10-09T12:12:34.1767094Z [36;1mfi[0m
2026-10-09T12:12:34.1832200Z shell: /usr/bin/bash -e {0}
2026-10-09T12:12:34.1832448Z env:
2026-10-09T12:12:34.1832723Z   pythonLocation: /opt/hostedtoolcache/Python/3.12.15/x64
2026-10-09T12:12:34.1833172Z   PKG_CONFIG_PATH: /opt/hostedtoolcache/Python/3.12.15/x64/lib/pkgconfig
2026-10-09T12:12:34.1833611Z   Python_ROOT_DIR: /opt/hostedtoolcache/Python/3.12.15/x64
2026-10-09T12:12:34.1833986Z   Python2_ROOT_DIR: /opt/hostedtoolcache/Python/3.12.15/x64
2026-10-09T12:12:34.1834363Z   Python3_ROOT_DIR: /opt/hostedtoolcache/Python/3.12.15/x64
2026-10-09T12:12:34.1834742Z   LD_LIBRARY_PATH: /opt/hostedtoolcache/Python/3.12.15/x64/lib
2026-10-09T12:12:34.1837643Z   GH_TOKEN: ***
2026-10-09T12:12:34.1837872Z   GEOGRAPHY_PR_NUMBER: 1603
2026-10-09T12:12:34.1838197Z   GEOGRAPHY_REVIEWED_HEAD: 7d4e7f8584ecd1da12974750c230ced30acc8a34
2026-10-09T12:12:34.1838634Z   GEOGRAPHY_BASELINE: 381d8733e2f105ac16e764c20bb800c40cafea3a
2026-10-09T12:12:34.1839253Z   GEOGRAPHY_CANDIDATE: 7d4e7f8584ecd1da12974750c230ced30acc8a34
2026-10-09T12:12:34.1839600Z ##[endgroup]
2026-10-09T12:12:34.8726922Z Traceback (most recent call last):
2026-10-09T12:12:34.8728246Z   File "/home/runner/work/WorldAtlas/WorldAtlas/scripts/run-geographic-check.py", line 408, in <module>
2026-10-09T12:12:34.8729369Z     raise SystemExit(main())
2026-10-09T12:12:34.8729952Z                      ^^^^^^
2026-10-09T12:12:34.8730953Z   File "/home/runner/work/WorldAtlas/WorldAtlas/scripts/run-geographic-check.py", line 384, in main
2026-10-09T12:12:34.8732109Z     verify_trusted_checkout(repo, args.baseline)
2026-10-09T12:12:34.8733249Z   File "/home/runner/work/WorldAtlas/WorldAtlas/scripts/run-geographic-check.py", line 106, in verify_trusted_checkout
2026-10-09T12:12:34.8763778Z ##[error]    raise ValueError('Trusted dependency metadata or evidence policy differs from baseline')
2026-10-09T12:12:34.8774469Z ValueError: Trusted dependency metadata or evidence policy differs from baseline
2026-10-09T12:12:34.8819471Z ##[error]Process completed with exit code 1.
2026-10-09T12:12:34.8901868Z ##[group]Run actions/upload-artifact@ea165f8d65b6e75b540449e92b4886f43607fa02
2026-10-09T12:12:34.8902474Z with:
2026-10-09T12:12:34.8902770Z   name: proposed-geography-1603-1
2026-10-09T12:12:34.8903046Z   path: geography-check.json
2026-10-09T12:12:34.8903294Z   retention-days: 30
2026-10-09T12:12:34.8903506Z   if-no-files-found: warn
2026-10-09T12:12:34.8903730Z   compression-level: 6
2026-10-09T12:12:34.8903936Z   overwrite: false
2026-10-09T12:12:34.8904143Z   include-hidden-files: false
2026-10-09T12:12:34.8904373Z env:
2026-10-09T12:12:34.8904617Z   pythonLocation: /opt/hostedtoolcache/Python/3.12.15/x64
2026-10-09T12:12:34.8905066Z   PKG_CONFIG_PATH: /opt/hostedtoolcache/Python/3.12.15/x64/lib/pkgconfig
2026-10-09T12:12:34.8905911Z   Python_ROOT_DIR: /opt/hostedtoolcache/Python/3.12.15/x64
2026-10-09T12:12:34.8906348Z   Python2_ROOT_DIR: /opt/hostedtoolcache/Python/3.12.15/x64
2026-10-09T12:12:34.8906740Z   Python3_ROOT_DIR: /opt/hostedtoolcache/Python/3.12.15/x64
2026-10-09T12:12:34.8907161Z   LD_LIBRARY_PATH: /opt/hostedtoolcache/Python/3.12.15/x64/lib
2026-10-09T12:12:34.8907489Z ##[endgroup]
2026-10-09T12:12:35.0572308Z (node:2930) [DEP0040] DeprecationWarning: The `punycode` module is deprecated. Please use a userland alternative instead.
2026-10-09T12:12:35.0573675Z (Use `node --trace-deprecation ...` to show where the warning was created)
2026-10-09T12:12:35.0604618Z ##[warning]No files were found with the provided path: geography-check.json. No artifacts will be uploaded.
2026-10-09T12:12:35.0840036Z Post job cleanup.
2026-10-09T12:12:35.1748848Z [command]/usr/bin/git version
2026-10-09T12:12:35.1793508Z git version 2.55.0
2026-10-09T12:12:35.1838626Z Temporarily overriding HOME='/home/runner/work/_temp/a574198b-ae14-486a-b44f-2d605cef2ff0' before making global git config changes
2026-10-09T12:12:35.1840517Z Adding repository directory to the temporary git global config as a safe directory
2026-10-09T12:12:35.1845142Z [command]/usr/bin/git config --global --add safe.directory /home/runner/work/WorldAtlas/WorldAtlas
2026-10-09T12:12:35.1881154Z Removing SSH command configuration
2026-10-09T12:12:35.1889876Z [command]/usr/bin/git config --local --name-only --get-regexp core\.sshCommand
2026-10-09T12:12:35.1936697Z [command]/usr/bin/git submodule foreach --recursive sh -c "git config --local --name-only --get-regexp 'core\.sshCommand' && git config --local --unset-all 'core.sshCommand' || :"
2026-10-09T12:12:35.2208489Z Removing HTTP extra header
2026-10-09T12:12:35.2213790Z [command]/usr/bin/git config --local --name-only --get-regexp http\.https\:\/\/github\.com\/\.extraheader
2026-10-09T12:12:35.2250919Z [command]/usr/bin/git submodule foreach --recursive sh -c "git config --local --name-only --get-regexp 'http\.https\:\/\/github\.com\/\.extraheader' && git config --local --unset-all 'http.https://github.com/.extraheader' || :"
2026-10-09T12:12:35.2523993Z Removing includeIf entries pointing to credentials config files
2026-10-09T12:12:35.2532259Z [command]/usr/bin/git config --local --name-only --get-regexp ^includeIf\.gitdir:
2026-10-09T12:12:35.2572406Z [command]/usr/bin/git submodule foreach --recursive git config --local --show-origin --name-only --get-regexp remote.origin.url
2026-10-09T12:12:35.2991298Z Cleaning up orphan processes
2026-10-09T12:12:35.3266805Z ##[warning]Node.js 20 is deprecated. The following actions target Node.js 20 but are being forced to run on Node.js 24: actions/setup-python@a26af69be951a213d495a4c3e4e4022e16d87065, actions/upload-artifact@ea165f8d65b6e75b540449e92b4886f43607fa02. For more information see: https://github.blog/changelog/2025-09-19-deprecation-of-node-20-on-github-actions-runners/
