✔ actual immutable entry rejects owner loss/reassignment with rawworld geometry unchanged (13739.05125ms)
✔ missing native selection, dishonest row partition and unsupported additive hook fail closed (961.207417ms)
✔ changed actual asset body cannot hide behind an unchanged manifest descriptor (517.148625ms)
✔ full stable owner identity detects coherent index relabel and boundary-sized gaps (0.208208ms)
✔ full ledger comparison retains zero-cell primitives and rejects coherent omission/source drift (0.300209ms)
✔ aggregate admission rejects before any actual body read (0.129083ms)
✔ complete bootstrap admission precedes runtime opens and trusted code reads (0.6145ms)
✔ missing original proof object uses only the exact whole same-path retained receipt (697.170584ms)
✔ manifest-bound immutable native transport restores full cross-fragment original members (676.166833ms)
✔ actual selected entry compares typed whole native bank against ordinary predecessor (1297.289125ms)
✔ selected continuous source consumes exact encoded override and rejects incomplete or stale maps (4256.439042ms)
✔ explicit v2 authority conservation permits append but preserves every original zero-cell primitive (1.358208ms)
✔ whole original rule custody derives actual issued preimage and refuses rebinding before selection (1771.461792ms)
✔ cold selected continuous operands preserve complete neighbors and original loss/overlap comparisons (17128.969583ms)
✔ renewed immutable artifact entry binds complete catalogue and independent authority (1257.834541ms)
✔ registered 533-role authority derives complete custody without raising actual read caps (3185.679375ms)
ℹ tests 16
ℹ suites 0
ℹ pass 16
ℹ fail 0
ℹ cancelled 0
ℹ skipped 0
ℹ todo 0
ℹ duration_ms 45564.300542
