✔ only staging-test shards prepare the immutable migration derivative (18.962417ms)
✔ two reviewed PRs sharing a base integrate serially without changing authored head (4.682625ms)
✔ conflicts and non-conflicting changes to reviewed bytes require intervention (0.479583ms)
✔ stale merge object and truncated inventories fail closed (0.557167ms)
✔ stale head or review and expired ownership prohibit integration (0.331458ms)
✔ failed or skipped candidate tests never merge an open PR (0.28325ms)
✔ base advances before or during final validation are retryable without branch updates (0.184125ms)
✔ latest failed or pending check replaces old success (0.105583ms)
✔ workflow separates untrusted candidate tests from write credentials and serializes the lifecycle (0.314917ms)
✔ commit status changing during final review prevents the merge (0.301042ms)
✔ trusted profile uses focused invariants only for isolated evidence and docs (0.153084ms)
✔ parallel full-regression shards cover each unit file once and focused profile retains core gates (34.576791ms)
✔ prepare pins successful exact-tree run; skipped candidate job merges only after final proof reread (1.53125ms)
✔ failed proof reread and stale main prevent merge despite prior accepted proof (1.126583ms)
✔ successful rerun after preparation invalidates the pinned attempt and refuses merge (0.513792ms)
✔ late candidate fetch replaces initial stale metadata without branch writes (0.261958ms)
✔ stale parents and unavailable candidates converge with revalidated authority (0.5185ms)
✔ permanently stale candidates are bounded and retain exact IDs before tree work (0.3015ms)
✔ candidate polling stops at its deadline even before exhausting attempts (0.185334ms)
✔ head/body changes and conflicts during refresh fail without integration or writes (0.892917ms)
✔ main and evidence vintage advances are not silently adopted while refreshing (0.254333ms)
✔ claim/check/review and issue authority is rechecked after waiting (0.903375ms)
✔ only candidate-object 404 is refreshable; access failures stop immediately (0.401458ms)
✔ post-wait main advance retains old expected and new observed base diagnostics (0.231667ms)
✔ post-convergence head change retains the new head in rejection diagnostics (0.202292ms)
✔ persistent automatic lag falls back to exact owned candidate without editing authored branches (0.799375ms)
✔ isolated conflict or wrong parents is rejected and only the owned ref is deleted (0.213959ms)
✔ fallback retains reviewed-byte and post-wait authority guards and cleans rejected candidates (0.886167ms)
✔ cleanup refuses another request, main/worker refs and changed owned refs (0.139625ms)
✔ failed cleanup retains its exact resource for inspection without hiding rejection (0.430375ms)
✔ isolated candidate follows the existing final tests/main/head merge guards (1.305167ms)
✔ unconfirmed ref creation identifies the resource without deleting a possible collision (0.232042ms)
✔ merged head cleanup deletes only confirmed unchanged same-repository unused worker heads (0.484208ms)
✔ unmerged, wrong head, fork, default, protected, advanced and shared heads are retained (0.592084ms)
✔ head cleanup checks paginated open PRs and fails conservatively on unknown identities or API failures (0.746583ms)
✔ successful integration records cleanup separately, including deletion failure and replay (1.368958ms)
✔ cleanup stops on time or inventory call budget without starting deletion after pending (0.543458ms)
✔ fresh geography success is required even when application proof is reusable (2.284708ms)
✔ fresh geography success is recorded against exact combined commits (0.273125ms)
✔ green geography job cannot merge without its authenticated exact-combined report (0.336125ms)
✔ raw unresolved findings cannot be relabeled as a successful geography check (0.156708ms)
✔ trusted geography outputs bind attempted artifact digest through the privileged merge job (0.297459ms)
✔ known stale tested base or head rejects before expensive evidence/tree inspection (0.433334ms)
✔ candidate waiting rechecks changed claim/check/review/head after caching immutable evidence (1.09075ms)
✔ worker-merge.yml: actual geographic checkout imports its complete trusted closure (256.254375ms)
✔ merge-integration-checks.yml: actual geographic checkout imports its complete trusted closure (163.412834ms)
✔ negative control: old geographic sparse tree omits mandatory coordinator bodies (122.211292ms)
✔ issue-claims.yml: actual sparse declarations include trusted module dependencies (120.307459ms)
✔ worker-merge.yml: actual sparse declarations include trusted module dependencies (619.653416ms)
✔ merge-integration-checks.yml: actual sparse declarations include trusted module dependencies (938.7395ms)
✔ queue-readiness-audit.yml: actual sparse declarations include trusted module dependencies (119.871584ms)
✔ merge-scheduler.yml: actual sparse declarations include trusted module dependencies (249.70575ms)
✔ negative control: old scripts-only tree cannot load relocated regional gate (110.651ms)
✔ sparse candidate still detects changes and rename sources outside the working tree (296.97525ms)
✔ merge-integration-checks.yml: immutable normal routes build Cloudflare and retain the separate Site gate (174.059209ms)
✔ worker-merge.yml: immutable normal routes build Cloudflare and retain the separate Site gate (118.823292ms)
ℹ tests 56
ℹ suites 0
ℹ pass 56
ℹ fail 0
ℹ cancelled 0
ℹ skipped 0
ℹ todo 0
ℹ duration_ms 3346.932375
